Archive member included because of file (symbol)

../proj_final_bsp/\libhal_bsp.a(alt_main.o)
                              ../proj_final_bsp//obj/HAL/src/crt0.o (alt_main)
../proj_final_bsp/\libhal_bsp.a(alt_usleep.o)
                              obj/default/hello_world.o (usleep)
../proj_final_bsp/\libhal_bsp.a(alt_sys_init.o)
                              ../proj_final_bsp/\libhal_bsp.a(alt_main.o) (alt_irq_init)
../proj_final_bsp/\libhal_bsp.a(altera_avalon_cfi_flash.o)
                              ../proj_final_bsp/\libhal_bsp.a(alt_sys_init.o) (alt_flash_cfi_init)
../proj_final_bsp/\libhal_bsp.a(altera_avalon_cfi_flash_table.o)
                              ../proj_final_bsp/\libhal_bsp.a(altera_avalon_cfi_flash.o) (alt_set_flash_width_func)
../proj_final_bsp/\libhal_bsp.a(altera_avalon_epcs_flash_controller.o)
                              ../proj_final_bsp/\libhal_bsp.a(alt_sys_init.o) (alt_epcs_flash_init)
../proj_final_bsp/\libhal_bsp.a(altera_avalon_jtag_uart_fd.o)
                              ../proj_final_bsp/\libhal_bsp.a(alt_sys_init.o) (altera_avalon_jtag_uart_read_fd)
../proj_final_bsp/\libhal_bsp.a(altera_avalon_jtag_uart_init.o)
                              ../proj_final_bsp/\libhal_bsp.a(alt_sys_init.o) (altera_avalon_jtag_uart_init)
../proj_final_bsp/\libhal_bsp.a(altera_avalon_jtag_uart_ioctl.o)
                              ../proj_final_bsp/\libhal_bsp.a(altera_avalon_jtag_uart_fd.o) (altera_avalon_jtag_uart_ioctl)
../proj_final_bsp/\libhal_bsp.a(altera_avalon_jtag_uart_read.o)
                              ../proj_final_bsp/\libhal_bsp.a(altera_avalon_jtag_uart_fd.o) (altera_avalon_jtag_uart_read)
../proj_final_bsp/\libhal_bsp.a(altera_avalon_jtag_uart_write.o)
                              ../proj_final_bsp/\libhal_bsp.a(altera_avalon_jtag_uart_fd.o) (altera_avalon_jtag_uart_write)
../proj_final_bsp/\libhal_bsp.a(altera_avalon_lcd_16207.o)
                              ../proj_final_bsp/\libhal_bsp.a(alt_sys_init.o) (altera_avalon_lcd_16207_init)
../proj_final_bsp/\libhal_bsp.a(altera_avalon_lcd_16207_fd.o)
                              ../proj_final_bsp/\libhal_bsp.a(alt_sys_init.o) (altera_avalon_lcd_16207_write_fd)
../proj_final_bsp/\libhal_bsp.a(altera_avalon_timer_sc.o)
                              ../proj_final_bsp/\libhal_bsp.a(alt_sys_init.o) (alt_avalon_timer_sc_init)
../proj_final_bsp/\libhal_bsp.a(altera_avalon_uart_fd.o)
                              ../proj_final_bsp/\libhal_bsp.a(alt_sys_init.o) (altera_avalon_uart_read_fd)
../proj_final_bsp/\libhal_bsp.a(altera_avalon_uart_init.o)
                              ../proj_final_bsp/\libhal_bsp.a(alt_sys_init.o) (altera_avalon_uart_init)
../proj_final_bsp/\libhal_bsp.a(altera_avalon_uart_read.o)
                              ../proj_final_bsp/\libhal_bsp.a(altera_avalon_uart_fd.o) (altera_avalon_uart_read)
../proj_final_bsp/\libhal_bsp.a(altera_avalon_uart_write.o)
                              ../proj_final_bsp/\libhal_bsp.a(altera_avalon_uart_fd.o) (altera_avalon_uart_write)
../proj_final_bsp/\libhal_bsp.a(epcs_commands.o)
                              ../proj_final_bsp/\libhal_bsp.a(altera_avalon_epcs_flash_controller.o) (epcs_sector_erase)
../proj_final_bsp/\libhal_bsp.a(alt_alarm_start.o)
                              ../proj_final_bsp/\libhal_bsp.a(altera_avalon_jtag_uart_init.o) (alt_alarm_start)
../proj_final_bsp/\libhal_bsp.a(alt_busy_sleep.o)
                              ../proj_final_bsp/\libhal_bsp.a(alt_usleep.o) (alt_busy_sleep)
../proj_final_bsp/\libhal_bsp.a(alt_close.o)
                              ../proj_final_bsp/\libhal_bsp.a(alt_main.o) (close)
../proj_final_bsp/\libhal_bsp.a(alt_dcache_flush.o)
                              ../proj_final_bsp/\libhal_bsp.a(altera_avalon_cfi_flash.o) (alt_dcache_flush)
../proj_final_bsp/\libhal_bsp.a(alt_dev.o)
                              ../proj_final_bsp/\libhal_bsp.a(alt_sys_init.o) (alt_dev_list)
../proj_final_bsp/\libhal_bsp.a(alt_dev_llist_insert.o)
                              ../proj_final_bsp/\libhal_bsp.a(alt_sys_init.o) (alt_dev_llist_insert)
../proj_final_bsp/\libhal_bsp.a(alt_do_ctors.o)
                              ../proj_final_bsp/\libhal_bsp.a(alt_main.o) (_do_ctors)
../proj_final_bsp/\libhal_bsp.a(alt_do_dtors.o)
                              ../proj_final_bsp/\libhal_bsp.a(alt_main.o) (_do_dtors)
../proj_final_bsp/\libhal_bsp.a(alt_errno.o)
                              ../proj_final_bsp/\libhal_bsp.a(altera_avalon_uart_read.o) (alt_errno)
../proj_final_bsp/\libhal_bsp.a(alt_flash_dev.o)
                              ../proj_final_bsp/\libhal_bsp.a(altera_avalon_cfi_flash.o) (alt_flash_dev_list)
../proj_final_bsp/\libhal_bsp.a(alt_iic.o)
                              ../proj_final_bsp/\libhal_bsp.a(altera_avalon_jtag_uart_init.o) (alt_ic_isr_register)
../proj_final_bsp/\libhal_bsp.a(alt_iic_isr_register.o)
                              ../proj_final_bsp/\libhal_bsp.a(alt_iic.o) (alt_iic_isr_register)
[...]
Memory Configuration

Name             Origin             Length             Attributes
sdram_0_BEFORE_EXCEPTION 0x00800000         0x00000020
sdram_0          0x00800020         0x007fffe0
reset            0x01400000         0x00000020
cfi_flash_0      0x01400020         0x003fffe0
sram_0           0x01a00000         0x00080000
epcs_controller  0x01a81800         0x00000800
*default*        0x00000000         0xffffffff

Linker script and memory map

LOAD ../proj_final_bsp//obj/HAL/src/crt0.o
LOAD obj/default/hello_world.o
LOAD c:/altera/13.0sp1/nios2eds/bin/gnu/h-i686-mingw32/bin/../lib/gcc/nios2-elf/4.1.2/../../../../nios2-elf/lib\libstdc++.a
LOAD c:/altera/13.0sp1/nios2eds/bin/gnu/h-i686-mingw32/bin/../lib/gcc/nios2-elf/4.1.2/../../../../nios2-elf/lib\libm.a
LOAD c:/altera/13.0sp1/nios2eds/bin/gnu/h-i686-mingw32/bin/../lib/gcc/nios2-elf/4.1.2\libgcc.a
START GROUP
LOAD c:/altera/13.0sp1/nios2eds/bin/gnu/h-i686-mingw32/bin/../lib/gcc/nios2-elf/4.1.2/../../../../nios2-elf/lib\libc.a
LOAD c:/altera/13.0sp1/nios2eds/bin/gnu/h-i686-mingw32/bin/../lib/gcc/nios2-elf/4.1.2\libgcc.a
LOAD ../proj_final_bsp/\libhal_bsp.a
END GROUP
LOAD c:/altera/13.0sp1/nios2eds/bin/gnu/h-i686-mingw32/bin/../lib/gcc/nios2-elf/4.1.2\libgcc.a
                0x00800000                __alt_mem_sdram_0 = 0x800000
                0x01400000                __alt_mem_cfi_flash_0 = 0x1400000
                0x01a00000                __alt_mem_sram_0 = 0x1a00000
                0x01a81800                __alt_mem_epcs_controller = 0x1a81800

.entry          0x01400000        0x0
 *(.entry)
 .entry         0x01400000        0x0 ../proj_final_bsp//obj/HAL/src/crt0.o
                0x01400000                __reset

.exceptions     0x00800020      0x194
                0x00800020                PROVIDE (__ram_exceptions_start, ABSOLUTE (.))
                0x00800020                . = ALIGN (0x20)
 *(.irq)
 *(.exceptions.entry.label)
 .exceptions.entry.label
                0x00800020        0x0 ../proj_final_bsp/\libhal_bsp.a(alt_irq_entry.o)
                0x00800020                alt_irq_entry
 .exceptions.entry.label
                0x00800020        0x0 ../proj_final_bsp/\libhal_bsp.a(alt_exception_entry.o)
                0x00800020                alt_exception
 *(.exceptions.entry.user)
 *(.exceptions.entry)
 .exceptions.entry
                0x00800020       0x54 ../proj_final_bsp/\libhal_bsp.a(alt_exception_entry.o)
 *(.exceptions.irqtest.user)
 *(.exceptions.irqtest)
 .exceptions.irqtest
                0x00800074       0x10 ../proj_final_bsp/\libhal_bsp.a(alt_irq_entry.o)
 *(.exceptions.irqhandler.user)
 *(.exceptions.irqhandler)
 .exceptions.irqhandler
                0x00800084        0x4 ../proj_final_bsp/\libhal_bsp.a(alt_irq_entry.o)
 *(.exceptions.irqreturn.user)
 *(.exceptions.irqreturn)
 .exceptions.irqreturn
                0x00800088        0x4 ../proj_final_bsp/\libhal_bsp.a(alt_irq_entry.o)
 *(.exceptions.notirq.label)
 .exceptions.notirq.label
                0x0080008c        0x0 ../proj_final_bsp/\libhal_bsp.a(alt_irq_entry.o)
 *(.exceptions.notirq.user)
 *(.exceptions.notirq)
 .exceptions.notirq
                0x0080008c        0x8 ../proj_final_bsp/\libhal_bsp.a(alt_exception_entry.o)
 *(.exceptions.soft.user)
 *(.exceptions.soft)
 *(.exceptions.unknown.user)
 *(.exceptions.unknown)
 .exceptions.unknown
                0x00800094        0x4 ../proj_final_bsp/\libhal_bsp.a(alt_exception_entry.o)
 *(.exceptions.exit.label)
 .exceptions.exit.label
                0x00800098        0x0 ../proj_final_bsp/\libhal_bsp.a(alt_irq_entry.o)
 .exceptions.exit.label
                0x00800098        0x0 ../proj_final_bsp/\libhal_bsp.a(alt_exception_entry.o)
 *(.exceptions.exit.user)
 *(.exceptions.exit)
 .exceptions.exit
                0x00800098       0x54 ../proj_final_bsp/\libhal_bsp.a(alt_exception_entry.o)
 *(.exceptions)
 .exceptions    0x008000ec       0xc8 ../proj_final_bsp/\libhal_bsp.a(alt_irq_handler.o)
                0x008000ec                alt_irq_handler
                0x008001b4                PROVIDE (__ram_exceptions_end, ABSOLUTE (.))
                0x00800020                PROVIDE (__flash_exceptions_start, LOADADDR (.exceptions))

.text           0x008001b4     0x7a44
                0x008001b4                PROVIDE (stext, ABSOLUTE (.))
 *(.interp)
 *(.hash)
 *(.dynsym)
 *(.dynstr)
 *(.gnu.version)
 *(.gnu.version_d)
 *(.gnu.version_r)
 *(.rel.init)
 *(.rela.init)
 *(.rel.text .rel.text.* .rel.gnu.linkonce.t.*)
 *(.rela.text .rela.text.* .rela.gnu.linkonce.t.*)
 *(.rel.fini)
 *(.rela.fini)
 *(.rel.rodata .rel.rodata.* .rel.gnu.linkonce.r.*)
 *(.rela.rodata .rela.rodata.* .rela.gnu.linkonce.r.*)
 *(.rel.data .rel.data.* .rel.gnu.linkonce.d.*)
 *(.rela.data .rela.data.* .rela.gnu.linkonce.d.*)
 *(.rel.tdata .rel.tdata.* .rel.gnu.linkonce.td.*)
 *(.rela.tdata .rela.tdata.* .rela.gnu.linkonce.td.*)
 *(.rel.tbss .rel.tbss.* .rel.gnu.linkonce.tb.*)
 *(.rela.tbss .rela.tbss.* .rela.gnu.linkonce.tb.*)
 *(.rel.ctors)
 *(.rela.ctors)
 *(.rel.dtors)
 *(.rela.dtors)
 *(.rel.got)
 *(.rela.got)
 *(.rel.sdata .rel.sdata.* .rel.gnu.linkonce.s.*)
 *(.rela.sdata .rela.sdata.* .rela.gnu.linkonce.s.*)
 *(.rel.sbss .rel.sbss.* .rel.gnu.linkonce.sb.*)
 *(.rela.sbss .rela.sbss.* .rela.gnu.linkonce.sb.*)
 *(.rel.sdata2 .rel.sdata2.* .rel.gnu.linkonce.s2.*)
 *(.rela.sdata2 .rela.sdata2.* .rela.gnu.linkonce.s2.*)
 *(.rel.sbss2 .rel.sbss2.* .rel.gnu.linkonce.sb2.*)
 *(.rela.sbss2 .rela.sbss2.* .rela.gnu.linkonce.sb2.*)
 *(.rel.bss .rel.bss.* .rel.gnu.linkonce.b.*)
 *(.rela.bss .rela.bss.* .rela.gnu.linkonce.b.*)
 *(.rel.plt)
 *(.rela.plt)
 *(.rel.dyn)
 *(.init)
 *(.plt)
 *(.text .stub .text.* .gnu.linkonce.t.*)
 .text          0x008001b4       0x48 ../proj_final_bsp//obj/HAL/src/crt0.o
                0x008001b4                _start
 .text          0x008001fc       0xe0 obj/default/hello_world.o
                0x008001fc                main
 .text          0x008002dc       0x6c ../proj_final_bsp/\libhal_bsp.a(alt_main.o)
                0x008002dc                alt_main
 .text          0x00800348       0x30 ../proj_final_bsp/\libhal_bsp.a(alt_usleep.o)
                0x00800348                usleep
 .text          0x00800378      0x118 ../proj_final_bsp/\libhal_bsp.a(alt_sys_init.o)
                0x00800378                alt_irq_init
                0x008003ac                alt_sys_init
 .text          0x00800490      0x8c8 ../proj_final_bsp/\libhal_bsp.a(altera_avalon_cfi_flash.o)
                0x00800490                alt_flash_cfi_init
                0x00800564                alt_flash_cfi_write
                0x00800824                alt_flash_cfi_get_info
                0x008008b4                alt_flash_cfi_read
                0x0080091c                alt_write_value_to_flash
                0x00800a80                alt_flash_program_block
 .text          0x00800d58     0x14a8 ../proj_final_bsp/\libhal_bsp.a(altera_avalon_cfi_flash_table.o)
                0x00800d58                alt_read_query_entry_8bit
                0x00800d98                alt_read_query_entry_16bit
                0x00800ddc                alt_read_query_entry_32bit
                0x00800e24                alt_write_flash_command_8bit_device_8bit_mode
                0x00800e60                alt_write_flash_command_16bit_device_8bit_mode
                0x00800edc                alt_write_flash_command_32bit_device_8bit_mode
                0x00800f24                alt_write_flash_command_16bit_device_16bit_mode
                0x00800f68                alt_write_flash_command_32bit_device_16bit_mode
                0x00800fb0                alt_write_flash_command_32bit_device_32bit_mode
                0x00800ff8                alt_write_native_8bit
                0x0080102c                alt_write_native_16bit
                0x00801060                alt_write_native_32bit
                0x00801090                alt_set_flash_width_func
                0x00801270                alt_set_flash_algorithm_func
                0x00801398                alt_read_cfi_table
                0x00801978                alt_read_cfi_width
                0x00802124                alt_check_primary_table
 .text          0x00802200      0x9e4 ../proj_final_bsp/\libhal_bsp.a(altera_avalon_epcs_flash_controller.o)
                0x00802200                alt_epcs_flash_init
                0x0080261c                alt_epcs_flash_write
                0x0080289c                alt_epcs_flash_get_info
                0x0080292c                alt_epcs_flash_erase_block
                0x00802a30                alt_epcs_flash_write_block
                0x00802b4c                alt_epcs_flash_read
 .text          0x00802be4      0x148 ../proj_final_bsp/\libhal_bsp.a(altera_avalon_jtag_uart_fd.o)
                0x00802be4                altera_avalon_jtag_uart_read_fd
                0x00802c3c                altera_avalon_jtag_uart_write_fd
                0x00802c94                altera_avalon_jtag_uart_close_fd
                0x00802cdc                altera_avalon_jtag_uart_ioctl_fd
 .text          0x00802d2c      0x40c ../proj_final_bsp/\libhal_bsp.a(altera_avalon_jtag_uart_init.o)
                0x00802d2c                altera_avalon_jtag_uart_init
                0x008030c4                altera_avalon_jtag_uart_close
 .text          0x00803138       0xf4 ../proj_final_bsp/\libhal_bsp.a(altera_avalon_jtag_uart_ioctl.o)
                0x00803138                altera_avalon_jtag_uart_ioctl
 .text          0x0080322c      0x224 ../proj_final_bsp/\libhal_bsp.a(altera_avalon_jtag_uart_read.o)
                0x0080322c                altera_avalon_jtag_uart_read
 .text          0x00803450      0x240 ../proj_final_bsp/\libhal_bsp.a(altera_avalon_jtag_uart_write.o)
                0x00803450                altera_avalon_jtag_uart_write
 .text          0x00803690      0xee8 ../proj_final_bsp/\libhal_bsp.a(altera_avalon_lcd_16207.o)
                0x00803e64                altera_avalon_lcd_16207_write
                0x0080443c                altera_avalon_lcd_16207_init
 .text          0x00804578       0x58 ../proj_final_bsp/\libhal_bsp.a(altera_avalon_lcd_16207_fd.o)
                0x00804578                altera_avalon_lcd_16207_write_fd
 .text          0x008045d0      0x100 ../proj_final_bsp/\libhal_bsp.a(altera_avalon_timer_sc.o)
                0x00804640                alt_avalon_timer_sc_init
 .text          0x008046d0       0xf8 ../proj_final_bsp/\libhal_bsp.a(altera_avalon_uart_fd.o)
                0x008046d0                altera_avalon_uart_read_fd
                0x00804728                altera_avalon_uart_write_fd
                0x00804780                altera_avalon_uart_close_fd
 .text          0x008047c8      0x400 ../proj_final_bsp/\libhal_bsp.a(altera_avalon_uart_init.o)
                0x008047c8                altera_avalon_uart_init
                0x00804b68                altera_avalon_uart_close
 .text          0x00804bc8      0x290 ../proj_final_bsp/\libhal_bsp.a(altera_avalon_uart_read.o)
                0x00804bc8                altera_avalon_uart_read
 .text          0x00804e58      0x228 ../proj_final_bsp/\libhal_bsp.a(altera_avalon_uart_write.o)
                0x00804e58                altera_avalon_uart_write
 .text          0x00805080      0x6d4 ../proj_final_bsp/\libhal_bsp.a(epcs_commands.o)
                0x00805080                epcs_read_status_register
                0x008050e0                epcs_sector_erase
                0x00805248                epcs_read_buffer
                0x00805394                epcs_write_enable
                0x008053e4                epcs_write_status_register
                0x00805448                epcs_write_buffer
                0x008055b8                epcs_read_electronic_signature
                0x00805624                epcs_read_device_id
                0x008056a4                epcs_enter_4_bytes_mode
                0x008056fc                epcs_exit_4_bytes_mode
 .text          0x00805754      0x154 ../proj_final_bsp/\libhal_bsp.a(alt_alarm_start.o)
                0x00805754                alt_alarm_start
 .text          0x008058a8      0x14c ../proj_final_bsp/\libhal_bsp.a(alt_busy_sleep.o)
                0x008058a8                alt_busy_sleep
 .text          0x008059f4      0x15c ../proj_final_bsp/\libhal_bsp.a(alt_close.o)
                0x008059f4                close
 .text          0x00805b50       0x78 ../proj_final_bsp/\libhal_bsp.a(alt_dcache_flush.o)
                0x00805b50                alt_dcache_flush
 .text          0x00805bc8       0x2c ../proj_final_bsp/\libhal_bsp.a(alt_dev.o)
 .text          0x00805bf4      0x114 ../proj_final_bsp/\libhal_bsp.a(alt_dev_llist_insert.o)
                0x00805bf4                alt_dev_llist_insert
 .text          0x00805d08       0x64 ../proj_final_bsp/\libhal_bsp.a(alt_do_ctors.o)
                0x00805d08                _do_ctors
 .text          0x00805d6c       0x64 ../proj_final_bsp/\libhal_bsp.a(alt_do_dtors.o)
                0x00805d6c                _do_dtors
 .text          0x00805dd0        0x0 ../proj_final_bsp/\libhal_bsp.a(alt_errno.o)
 .text          0x00805dd0       0xd0 ../proj_final_bsp/\libhal_bsp.a(alt_flash_dev.o)
                0x00805dd0                alt_flash_open_dev
                0x00805e4c                alt_flash_close_dev
 .text          0x00805ea0      0x1d4 ../proj_final_bsp/\libhal_bsp.a(alt_iic.o)
                0x00805ea0                alt_ic_isr_register
                0x00805ef0                alt_ic_irq_enable
                0x00805f8c                alt_ic_irq_disable
                0x0080602c                alt_ic_irq_enabled
 .text          0x00806074       0xf8 ../proj_final_bsp/\libhal_bsp.a(alt_iic_isr_register.o)
                0x00806074                alt_iic_isr_register
 .text          0x0080616c      0x13c ../proj_final_bsp/\libhal_bsp.a(alt_io_redirect.o)
                0x00806230                alt_io_redirect
 .text          0x008062a8        0x0 ../proj_final_bsp/\libhal_bsp.a(alt_irq_entry.o)
 .text          0x008062a8        0x0 ../proj_final_bsp/\libhal_bsp.a(alt_irq_handler.o)
 .text          0x008062a8        0x0 ../proj_final_bsp/\libhal_bsp.a(alt_irq_vars.o)
 .text          0x008062a8      0x2c4 ../proj_final_bsp/\libhal_bsp.a(alt_open.o)
                0x00806384                open
 .text          0x0080656c       0x60 ../proj_final_bsp/\libhal_bsp.a(alt_release_fd.o)
                0x0080656c                alt_release_fd
 .text          0x008065cc      0x1a4 ../proj_final_bsp/\libhal_bsp.a(alt_tick.o)
                0x008065cc                alt_alarm_stop
                0x00806664                alt_tick
 .text          0x00806770       0x20 ../proj_final_bsp/\libhal_bsp.a(altera_nios2_qsys_irq.o)
                0x00806770                altera_nios2_qsys_irq_init
 .text          0x00806790      0x460 ../proj_final_bsp/\libhal_bsp.a(altera_avalon_cfi_flash_amd.o)
                0x00806790                alt_program_amd
                0x008067f8                alt_erase_block_amd
 .text          0x00806bf0      0x460 ../proj_final_bsp/\libhal_bsp.a(altera_avalon_cfi_flash_intel.o)
                0x00806bf0                alt_program_intel
                0x00806c74                alt_erase_block_intel
 .text          0x00807050      0x238 ../proj_final_bsp/\libhal_bsp.a(altera_avalon_spi.o)
                0x00807050                alt_avalon_spi_command
 .text          0x00807288        0x0 ../proj_final_bsp/\libhal_bsp.a(alt_exception_entry.o)
 .text          0x00807288       0x94 ../proj_final_bsp/\libhal_bsp.a(alt_find_dev.o)
                0x00807288                alt_find_dev
 .text          0x0080731c      0x120 ../proj_final_bsp/\libhal_bsp.a(alt_find_file.o)
                0x0080731c                alt_find_file
 .text          0x0080743c       0xb8 ../proj_final_bsp/\libhal_bsp.a(alt_get_fd.o)
                0x0080743c                alt_get_fd
 .text          0x008074f4       0x14 c:/altera/13.0sp1/nios2eds/bin/gnu/h-i686-mingw32/bin/../lib/gcc/nios2-elf/4.1.2/../../../../nios2-elf/lib\libc.a(lib_a-atexit.o)
                0x008074f4                atexit
 .text          0x00807508        0x0 c:/altera/13.0sp1/nios2eds/bin/gnu/h-i686-mingw32/bin/../lib/gcc/nios2-elf/4.1.2/../../../../nios2-elf/lib\libc.a(lib_a-ctype_.o)
 .text          0x00807508       0x38 c:/altera/13.0sp1/nios2eds/bin/gnu/h-i686-mingw32/bin/../lib/gcc/nios2-elf/4.1.2/../../../../nios2-elf/lib\libc.a(lib_a-exit.o)
                0x00807508                exit
 .text          0x00807540        0x0 c:/altera/13.0sp1/nios2eds/bin/gnu/h-i686-mingw32/bin/../lib/gcc/nios2-elf/4.1.2/../../../../nios2-elf/lib\libc.a(lib_a-impure.o)
 .text          0x00807540        0x0 c:/altera/13.0sp1/nios2eds/bin/gnu/h-i686-mingw32/bin/../lib/gcc/nios2-elf/4.1.2/../../../../nios2-elf/lib\libc.a(lib_a-int_errno.o)
 .text          0x00807540       0x74 c:/altera/13.0sp1/nios2eds/bin/gnu/h-i686-mingw32/bin/../lib/gcc/nios2-elf/4.1.2/../../../../nios2-elf/lib\libc.a(lib_a-memcmp.o)
                0x00807540                memcmp
 .text          0x008075b4       0xa0 c:/altera/13.0sp1/nios2eds/bin/gnu/h-i686-mingw32/bin/../lib/gcc/nios2-elf/4.1.2/../../../../nios2-elf/lib\libc.a(lib_a-memcpy.o)
                0x008075b4                memcpy
 .text          0x00807654       0x98 c:/altera/13.0sp1/nios2eds/bin/gnu/h-i686-mingw32/bin/../lib/gcc/nios2-elf/4.1.2/../../../../nios2-elf/lib\libc.a(lib_a-memset.o)
                0x00807654                memset
 .text          0x008076ec       0x74 c:/altera/13.0sp1/nios2eds/bin/gnu/h-i686-mingw32/bin/../lib/gcc/nios2-elf/4.1.2/../../../../nios2-elf/lib\libc.a(lib_a-strlen.o)
                0x008076ec                strlen
 .text          0x00807760      0x134 c:/altera/13.0sp1/nios2eds/bin/gnu/h-i686-mingw32/bin/../lib/gcc/nios2-elf/4.1.2/../../../../nios2-elf/lib\libc.a(lib_a-__atexit.o)
                0x00807760                __register_exitproc
 .text          0x00807894      0x1b4 c:/altera/13.0sp1/nios2eds/bin/gnu/h-i686-mingw32/bin/../lib/gcc/nios2-elf/4.1.2/../../../../nios2-elf/lib\libc.a(lib_a-__call_atexit.o)
                0x00807898                __call_exitprocs
 .text          0x00807a48      0x14c c:/altera/13.0sp1/nios2eds/bin/gnu/h-i686-mingw32/bin/../lib/gcc/nios2-elf/4.1.2\libgcc.a(lib2-divmod.o)
                0x00807ac4                __divsi3
                0x00807b24                __modsi3
                0x00807b84                __udivsi3
                0x00807b8c                __umodsi3
 .text          0x00807b94       0x60 ../proj_final_bsp/\libhal_bsp.a(alt_exit.o)
                0x00807bd4                _exit
 *(.gnu.warning.*)
 *(.fini)
                0x00807bf4                PROVIDE (__etext, ABSOLUTE (.))
                0x00807bf4                PROVIDE (_etext, ABSOLUTE (.))
                0x00807bf4                PROVIDE (etext, ABSOLUTE (.))
 *(.eh_frame_hdr)
                0x00807bf4                . = ALIGN (0x4)
                0x00807bf4                PROVIDE (__preinit_array_start, ABSOLUTE (.))
 *(.preinit_array)
                0x00807bf4                PROVIDE (__preinit_array_end, ABSOLUTE (.))
                0x00807bf4                PROVIDE (__init_array_start, ABSOLUTE (.))
 *(.init_array)
                0x00807bf4                PROVIDE (__init_array_end, ABSOLUTE (.))
                0x00807bf4                PROVIDE (__fini_array_start, ABSOLUTE (.))
 *(.fini_array)
                0x00807bf4                PROVIDE (__fini_array_end, ABSOLUTE (.))
 *(.eh_frame)
 *(.gcc_except_table)
 *(.dynamic)
                0x00807bf4                PROVIDE (__CTOR_LIST__, ABSOLUTE (.))
 *(.ctors)
 *(SORT(.ctors.*))
 .ctors.65535   0x00807bf4        0x4 c:/altera/13.0sp1/nios2eds/bin/gnu/h-i686-mingw32/bin/../lib/gcc/nios2-elf/4.1.2/../../../../nios2-elf/lib\libc.a(lib_a-__call_atexit.o)
                0x00807bf8                PROVIDE (__CTOR_END__, ABSOLUTE (.))
                0x00807bf8                PROVIDE (__DTOR_LIST__, ABSOLUTE (.))
 *(.dtors)
 *(SORT(.dtors.*))
                0x00807bf8                PROVIDE (__DTOR_END__, ABSOLUTE (.))
 *(.jcr)
                0x00807bf8                . = ALIGN (0x4)

.rodata         0x00807bf8      0x308
                0x00807bf8                PROVIDE (__ram_rodata_start, ABSOLUTE (.))
                0x00807bf8                . = ALIGN (0x4)
 *(.rodata .rodata.* .gnu.linkonce.r.*)
 .rodata        0x00807bf8       0x14 ../proj_final_bsp/\libhal_bsp.a(alt_main.o)
 .rodata        0x00807c0c       0x60 ../proj_final_bsp/\libhal_bsp.a(alt_sys_init.o)
 .rodata        0x00807c6c        0xc ../proj_final_bsp/\libhal_bsp.a(alt_dev.o)
 .rodata        0x00807c78      0x281 c:/altera/13.0sp1/nios2eds/bin/gnu/h-i686-mingw32/bin/../lib/gcc/nios2-elf/4.1.2/../../../../nios2-elf/lib\libc.a(lib_a-ctype_.o)
                0x00807c78                _ctype_
 *fill*         0x00807ef9        0x3 00
 .rodata.str1.4
                0x00807efc        0x4 c:/altera/13.0sp1/nios2eds/bin/gnu/h-i686-mingw32/bin/../lib/gcc/nios2-elf/4.1.2/../../../../nios2-elf/lib\libc.a(lib_a-impure.o)
 *(.rodata1)
                0x00807f00                . = ALIGN (0x4)
                0x00807f00                PROVIDE (__ram_rodata_end, ABSOLUTE (.))
                0x00807bf8                PROVIDE (__flash_rodata_start, LOADADDR (.rodata))

.rwdata         0x00807f00     0x19c8
                0x00807f00                PROVIDE (__ram_rwdata_start, ABSOLUTE (.))
                0x00807f00                . = ALIGN (0x4)
 *(.got.plt)
 *(.got)
 *(.data1)
 *(.data .data.* .gnu.linkonce.d.*)
 .data          0x00807f00        0x0 ../proj_final_bsp//obj/HAL/src/crt0.o
 .data          0x00807f00        0x0 obj/default/hello_world.o
 .data          0x00807f00        0x0 ../proj_final_bsp/\libhal_bsp.a(alt_main.o)
 .data          0x00807f00        0x0 ../proj_final_bsp/\libhal_bsp.a(alt_usleep.o)
 .data          0x00807f00     0x13e4 ../proj_final_bsp/\libhal_bsp.a(alt_sys_init.o)
 .data          0x008092e4        0x0 ../proj_final_bsp/\libhal_bsp.a(altera_avalon_cfi_flash.o)
 .data          0x008092e4        0x0 ../proj_final_bsp/\libhal_bsp.a(altera_avalon_cfi_flash_table.o)
 .data          0x008092e4        0x0 ../proj_final_bsp/\libhal_bsp.a(altera_avalon_epcs_flash_controller.o)
 .data          0x008092e4        0x0 ../proj_final_bsp/\libhal_bsp.a(altera_avalon_jtag_uart_fd.o)
 .data          0x008092e4        0x0 ../proj_final_bsp/\libhal_bsp.a(altera_avalon_jtag_uart_init.o)
 .data          0x008092e4        0x0 ../proj_final_bsp/\libhal_bsp.a(altera_avalon_jtag_uart_ioctl.o)
 .data          0x008092e4        0x0 ../proj_final_bsp/\libhal_bsp.a(altera_avalon_jtag_uart_read.o)
 .data          0x008092e4        0x0 ../proj_final_bsp/\libhal_bsp.a(altera_avalon_jtag_uart_write.o)
 .data          0x008092e4        0x0 ../proj_final_bsp/\libhal_bsp.a(altera_avalon_lcd_16207.o)
 .data          0x008092e4        0x0 ../proj_final_bsp/\libhal_bsp.a(altera_avalon_lcd_16207_fd.o)
 .data          0x008092e4        0x0 ../proj_final_bsp/\libhal_bsp.a(altera_avalon_timer_sc.o)
 .data          0x008092e4        0x0 ../proj_final_bsp/\libhal_bsp.a(altera_avalon_uart_fd.o)
 .data          0x008092e4        0x0 ../proj_final_bsp/\libhal_bsp.a(altera_avalon_uart_init.o)
 .data          0x008092e4        0x0 ../proj_final_bsp/\libhal_bsp.a(altera_avalon_uart_read.o)
 .data          0x008092e4        0x0 ../proj_final_bsp/\libhal_bsp.a(altera_avalon_uart_write.o)
 .data          0x008092e4        0x0 ../proj_final_bsp/\libhal_bsp.a(epcs_commands.o)
 .data          0x008092e4        0x0 ../proj_final_bsp/\libhal_bsp.a(alt_alarm_start.o)
 .data          0x008092e4        0x0 ../proj_final_bsp/\libhal_bsp.a(alt_busy_sleep.o)
 .data          0x008092e4        0x0 ../proj_final_bsp/\libhal_bsp.a(alt_close.o)
 .data          0x008092e4        0x0 ../proj_final_bsp/\libhal_bsp.a(alt_dcache_flush.o)
 .data          0x008092e4      0x1a8 ../proj_final_bsp/\libhal_bsp.a(alt_dev.o)
                0x008092e4                alt_dev_null
                0x0080930c                alt_fd_list
 .data          0x0080948c        0x0 ../proj_final_bsp/\libhal_bsp.a(alt_dev_llist_insert.o)
 .data          0x0080948c        0x0 ../proj_final_bsp/\libhal_bsp.a(alt_do_ctors.o)
 .data          0x0080948c        0x0 ../proj_final_bsp/\libhal_bsp.a(alt_do_dtors.o)
 .data          0x0080948c        0x0 ../proj_final_bsp/\libhal_bsp.a(alt_errno.o)
 .data          0x0080948c        0x0 ../proj_final_bsp/\libhal_bsp.a(alt_flash_dev.o)
 .data          0x0080948c        0x0 ../proj_final_bsp/\libhal_bsp.a(alt_iic.o)
 .data          0x0080948c        0x0 ../proj_final_bsp/\libhal_bsp.a(alt_iic_isr_register.o)
 .data          0x0080948c        0x0 ../proj_final_bsp/\libhal_bsp.a(alt_io_redirect.o)
 .data          0x0080948c        0x0 ../proj_final_bsp/\libhal_bsp.a(alt_irq_entry.o)
 .data          0x0080948c        0x0 ../proj_final_bsp/\libhal_bsp.a(alt_irq_handler.o)
 .data          0x0080948c        0x0 ../proj_final_bsp/\libhal_bsp.a(alt_irq_vars.o)
 .data          0x0080948c        0x0 ../proj_final_bsp/\libhal_bsp.a(alt_open.o)
 .data          0x0080948c        0x0 ../proj_final_bsp/\libhal_bsp.a(alt_release_fd.o)
 .data          0x0080948c        0x0 ../proj_final_bsp/\libhal_bsp.a(alt_tick.o)
 .data          0x0080948c        0x0 ../proj_final_bsp/\libhal_bsp.a(altera_nios2_qsys_irq.o)
 .data          0x0080948c        0x0 ../proj_final_bsp/\libhal_bsp.a(altera_avalon_cfi_flash_amd.o)
 .data          0x0080948c        0x0 ../proj_final_bsp/\libhal_bsp.a(altera_avalon_cfi_flash_intel.o)
 .data          0x0080948c        0x0 ../proj_final_bsp/\libhal_bsp.a(altera_avalon_spi.o)
 .data          0x0080948c        0x0 ../proj_final_bsp/\libhal_bsp.a(alt_exception_entry.o)
 .data          0x0080948c        0x0 ../proj_final_bsp/\libhal_bsp.a(alt_find_dev.o)
 .data          0x0080948c        0x0 ../proj_final_bsp/\libhal_bsp.a(alt_find_file.o)
 .data          0x0080948c        0x0 ../proj_final_bsp/\libhal_bsp.a(alt_get_fd.o)
 .data          0x0080948c        0x0 c:/altera/13.0sp1/nios2eds/bin/gnu/h-i686-mingw32/bin/../lib/gcc/nios2-elf/4.1.2/../../../../nios2-elf/lib\libc.a(lib_a-atexit.o)
 .data          0x0080948c        0x0 c:/altera/13.0sp1/nios2eds/bin/gnu/h-i686-mingw32/bin/../lib/gcc/nios2-elf/4.1.2/../../../../nios2-elf/lib\libc.a(lib_a-ctype_.o)
 .data          0x0080948c        0x0 c:/altera/13.0sp1/nios2eds/bin/gnu/h-i686-mingw32/bin/../lib/gcc/nios2-elf/4.1.2/../../../../nios2-elf/lib\libc.a(lib_a-exit.o)
 .data          0x0080948c      0x400 c:/altera/13.0sp1/nios2eds/bin/gnu/h-i686-mingw32/bin/../lib/gcc/nios2-elf/4.1.2/../../../../nios2-elf/lib\libc.a(lib_a-impure.o)
 .data          0x0080988c        0x0 c:/altera/13.0sp1/nios2eds/bin/gnu/h-i686-mingw32/bin/../lib/gcc/nios2-elf/4.1.2/../../../../nios2-elf/lib\libc.a(lib_a-int_errno.o)
 .data          0x0080988c        0x0 c:/altera/13.0sp1/nios2eds/bin/gnu/h-i686-mingw32/bin/../lib/gcc/nios2-elf/4.1.2/../../../../nios2-elf/lib\libc.a(lib_a-memcmp.o)
 .data          0x0080988c        0x0 c:/altera/13.0sp1/nios2eds/bin/gnu/h-i686-mingw32/bin/../lib/gcc/nios2-elf/4.1.2/../../../../nios2-elf/lib\libc.a(lib_a-memcpy.o)
 .data          0x0080988c        0x0 c:/altera/13.0sp1/nios2eds/bin/gnu/h-i686-mingw32/bin/../lib/gcc/nios2-elf/4.1.2/../../../../nios2-elf/lib\libc.a(lib_a-memset.o)
 .data          0x0080988c        0x0 c:/altera/13.0sp1/nios2eds/bin/gnu/h-i686-mingw32/bin/../lib/gcc/nios2-elf/4.1.2/../../../../nios2-elf/lib\libc.a(lib_a-strlen.o)
 .data          0x0080988c        0x0 c:/altera/13.0sp1/nios2eds/bin/gnu/h-i686-mingw32/bin/../lib/gcc/nios2-elf/4.1.2/../../../../nios2-elf/lib\libc.a(lib_a-__atexit.o)
 .data          0x0080988c        0x0 c:/altera/13.0sp1/nios2eds/bin/gnu/h-i686-mingw32/bin/../lib/gcc/nios2-elf/4.1.2/../../../../nios2-elf/lib\libc.a(lib_a-__call_atexit.o)
 .data          0x0080988c        0x0 c:/altera/13.0sp1/nios2eds/bin/gnu/h-i686-mingw32/bin/../lib/gcc/nios2-elf/4.1.2\libgcc.a(lib2-divmod.o)
 .data          0x0080988c        0x0 ../proj_final_bsp/\libhal_bsp.a(alt_exit.o)
                0x0081188c                _gp = ABSOLUTE ((. + 0x8000))
                0x0081188c                PROVIDE (gp, _gp)
 *(.rwdata .rwdata.*)
 *(.sdata .sdata.* .gnu.linkonce.s.*)
 .sdata         0x0080988c        0x4 ../proj_final_bsp/\libhal_bsp.a(altera_avalon_lcd_16207.o)
 .sdata         0x00809890       0x14 ../proj_final_bsp/\libhal_bsp.a(alt_dev.o)
                0x00809890                alt_fs_list
                0x00809898                alt_dev_list
                0x008098a0                alt_max_fd
 .sdata         0x008098a4        0x4 ../proj_final_bsp/\libhal_bsp.a(alt_errno.o)
                0x008098a4                alt_errno
 .sdata         0x008098a8        0x8 ../proj_final_bsp/\libhal_bsp.a(alt_flash_dev.o)
                0x008098a8                alt_flash_dev_list
 .sdata         0x008098b0        0x4 ../proj_final_bsp/\libhal_bsp.a(alt_irq_vars.o)
                0x008098b0                alt_priority_mask
 .sdata         0x008098b4        0x8 ../proj_final_bsp/\libhal_bsp.a(alt_tick.o)
                0x008098b4                alt_alarm_list
 .sdata         0x008098bc        0x4 c:/altera/13.0sp1/nios2eds/bin/gnu/h-i686-mingw32/bin/../lib/gcc/nios2-elf/4.1.2/../../../../nios2-elf/lib\libc.a(lib_a-ctype_.o)
                0x008098bc                __ctype_ptr
 .sdata         0x008098c0        0x8 c:/altera/13.0sp1/nios2eds/bin/gnu/h-i686-mingw32/bin/../lib/gcc/nios2-elf/4.1.2/../../../../nios2-elf/lib\libc.a(lib_a-impure.o)
                0x008098c0                _impure_ptr
                0x008098c4                _global_impure_ptr
 *(.sdata2 .sdata2.* .gnu.linkonce.s2.*)
                0x008098c8                . = ALIGN (0x4)
                0x008098c8                _edata = ABSOLUTE (.)
                0x008098c8                PROVIDE (edata, ABSOLUTE (.))
                0x008098c8                PROVIDE (__ram_rwdata_end, ABSOLUTE (.))
                0x00807f00                PROVIDE (__flash_rwdata_start, LOADADDR (.rwdata))

.bss            0x008098c8      0x2ac
                0x008098c8                __bss_start = ABSOLUTE (.)
                0x008098c8                PROVIDE (__sbss_start, ABSOLUTE (.))
                0x008098c8                PROVIDE (___sbss_start, ABSOLUTE (.))
 *(.dynsbss)
 *(.sbss .sbss.* .gnu.linkonce.sb.*)
 .sbss          0x008098c8        0xc ../proj_final_bsp/\libhal_bsp.a(alt_main.o)
                0x008098c8                alt_argc
                0x008098cc                alt_argv
                0x008098d0                alt_envp
 .sbss          0x008098d4        0x4 ../proj_final_bsp/\libhal_bsp.a(alt_irq_vars.o)
                0x008098d4                alt_irq_active
 .sbss          0x008098d8        0x8 ../proj_final_bsp/\libhal_bsp.a(alt_tick.o)
                0x008098d8                _alt_tick_rate
                0x008098dc                _alt_nticks
 .sbss          0x008098e0        0x4 c:/altera/13.0sp1/nios2eds/bin/gnu/h-i686-mingw32/bin/../lib/gcc/nios2-elf/4.1.2/../../../../nios2-elf/lib\libc.a(lib_a-int_errno.o)
                0x008098e0                errno
 *(.sbss2 .sbss2.* .gnu.linkonce.sb2.*)
 *(.scommon)
                0x008098e4                PROVIDE (__sbss_end, ABSOLUTE (.))
                0x008098e4                PROVIDE (___sbss_end, ABSOLUTE (.))
 *(.dynbss)
 *(.bss .bss.* .gnu.linkonce.b.*)
 .bss           0x008098e4        0x0 ../proj_final_bsp//obj/HAL/src/crt0.o
 .bss           0x008098e4        0x0 obj/default/hello_world.o
 .bss           0x008098e4        0x0 ../proj_final_bsp/\libhal_bsp.a(alt_main.o)
 .bss           0x008098e4        0x0 ../proj_final_bsp/\libhal_bsp.a(alt_usleep.o)
 .bss           0x008098e4        0x0 ../proj_final_bsp/\libhal_bsp.a(alt_sys_init.o)
 .bss           0x008098e4        0x0 ../proj_final_bsp/\libhal_bsp.a(altera_avalon_cfi_flash.o)
 .bss           0x008098e4        0x0 ../proj_final_bsp/\libhal_bsp.a(altera_avalon_cfi_flash_table.o)
 .bss           0x008098e4        0x0 ../proj_final_bsp/\libhal_bsp.a(altera_avalon_epcs_flash_controller.o)
 .bss           0x008098e4        0x0 ../proj_final_bsp/\libhal_bsp.a(altera_avalon_jtag_uart_fd.o)
 .bss           0x008098e4        0x0 ../proj_final_bsp/\libhal_bsp.a(altera_avalon_jtag_uart_init.o)
 .bss           0x008098e4        0x0 ../proj_final_bsp/\libhal_bsp.a(altera_avalon_jtag_uart_ioctl.o)
 .bss           0x008098e4        0x0 ../proj_final_bsp/\libhal_bsp.a(altera_avalon_jtag_uart_read.o)
 .bss           0x008098e4        0x0 ../proj_final_bsp/\libhal_bsp.a(altera_avalon_jtag_uart_write.o)
 .bss           0x008098e4        0x0 ../proj_final_bsp/\libhal_bsp.a(altera_avalon_lcd_16207.o)
 .bss           0x008098e4        0x0 ../proj_final_bsp/\libhal_bsp.a(altera_avalon_lcd_16207_fd.o)
 .bss           0x008098e4        0x0 ../proj_final_bsp/\libhal_bsp.a(altera_avalon_timer_sc.o)
 .bss           0x008098e4        0x0 ../proj_final_bsp/\libhal_bsp.a(altera_avalon_uart_fd.o)
 .bss           0x008098e4        0x0 ../proj_final_bsp/\libhal_bsp.a(altera_avalon_uart_init.o)
 .bss           0x008098e4        0x0 ../proj_final_bsp/\libhal_bsp.a(altera_avalon_uart_read.o)
 .bss           0x008098e4        0x0 ../proj_final_bsp/\libhal_bsp.a(altera_avalon_uart_write.o)
 .bss           0x008098e4        0x0 ../proj_final_bsp/\libhal_bsp.a(epcs_commands.o)
 .bss           0x008098e4        0x0 ../proj_final_bsp/\libhal_bsp.a(alt_alarm_start.o)
 .bss           0x008098e4        0x0 ../proj_final_bsp/\libhal_bsp.a(alt_busy_sleep.o)
 .bss           0x008098e4        0x0 ../proj_final_bsp/\libhal_bsp.a(alt_close.o)
 .bss           0x008098e4        0x0 ../proj_final_bsp/\libhal_bsp.a(alt_dcache_flush.o)
 .bss           0x008098e4        0x0 ../proj_final_bsp/\libhal_bsp.a(alt_dev.o)
 .bss           0x008098e4        0x0 ../proj_final_bsp/\libhal_bsp.a(alt_dev_llist_insert.o)
 .bss           0x008098e4        0x0 ../proj_final_bsp/\libhal_bsp.a(alt_do_ctors.o)
 .bss           0x008098e4        0x0 ../proj_final_bsp/\libhal_bsp.a(alt_do_dtors.o)
 .bss           0x008098e4        0x0 ../proj_final_bsp/\libhal_bsp.a(alt_errno.o)
 .bss           0x008098e4        0x0 ../proj_final_bsp/\libhal_bsp.a(alt_flash_dev.o)
 .bss           0x008098e4        0x0 ../proj_final_bsp/\libhal_bsp.a(alt_iic.o)
 .bss           0x008098e4        0x0 ../proj_final_bsp/\libhal_bsp.a(alt_iic_isr_register.o)
 .bss           0x008098e4        0x0 ../proj_final_bsp/\libhal_bsp.a(alt_io_redirect.o)
 .bss           0x008098e4        0x0 ../proj_final_bsp/\libhal_bsp.a(alt_irq_entry.o)
 .bss           0x008098e4        0x0 ../proj_final_bsp/\libhal_bsp.a(alt_irq_handler.o)
 .bss           0x008098e4        0x0 ../proj_final_bsp/\libhal_bsp.a(alt_irq_vars.o)
 .bss           0x008098e4        0x0 ../proj_final_bsp/\libhal_bsp.a(alt_open.o)
 .bss           0x008098e4        0x0 ../proj_final_bsp/\libhal_bsp.a(alt_release_fd.o)
 .bss           0x008098e4        0x0 ../proj_final_bsp/\libhal_bsp.a(alt_tick.o)
 .bss           0x008098e4        0x0 ../proj_final_bsp/\libhal_bsp.a(altera_nios2_qsys_irq.o)
 .bss           0x008098e4        0x0 ../proj_final_bsp/\libhal_bsp.a(altera_avalon_cfi_flash_amd.o)
 .bss           0x008098e4        0x0 ../proj_final_bsp/\libhal_bsp.a(altera_avalon_cfi_flash_intel.o)
 .bss           0x008098e4        0x0 ../proj_final_bsp/\libhal_bsp.a(altera_avalon_spi.o)
 .bss           0x008098e4        0x0 ../proj_final_bsp/\libhal_bsp.a(alt_exception_entry.o)
 .bss           0x008098e4        0x0 ../proj_final_bsp/\libhal_bsp.a(alt_find_dev.o)
 .bss           0x008098e4        0x0 ../proj_final_bsp/\libhal_bsp.a(alt_find_file.o)
 .bss           0x008098e4        0x0 ../proj_final_bsp/\libhal_bsp.a(alt_get_fd.o)
 .bss           0x008098e4        0x0 c:/altera/13.0sp1/nios2eds/bin/gnu/h-i686-mingw32/bin/../lib/gcc/nios2-elf/4.1.2/../../../../nios2-elf/lib\libc.a(lib_a-atexit.o)
 .bss           0x008098e4        0x0 c:/altera/13.0sp1/nios2eds/bin/gnu/h-i686-mingw32/bin/../lib/gcc/nios2-elf/4.1.2/../../../../nios2-elf/lib\libc.a(lib_a-ctype_.o)
 .bss           0x008098e4        0x0 c:/altera/13.0sp1/nios2eds/bin/gnu/h-i686-mingw32/bin/../lib/gcc/nios2-elf/4.1.2/../../../../nios2-elf/lib\libc.a(lib_a-exit.o)
 .bss           0x008098e4        0x0 c:/altera/13.0sp1/nios2eds/bin/gnu/h-i686-mingw32/bin/../lib/gcc/nios2-elf/4.1.2/../../../../nios2-elf/lib\libc.a(lib_a-impure.o)
 .bss           0x008098e4        0x0 c:/altera/13.0sp1/nios2eds/bin/gnu/h-i686-mingw32/bin/../lib/gcc/nios2-elf/4.1.2/../../../../nios2-elf/lib\libc.a(lib_a-int_errno.o)
 .bss           0x008098e4        0x0 c:/altera/13.0sp1/nios2eds/bin/gnu/h-i686-mingw32/bin/../lib/gcc/nios2-elf/4.1.2/../../../../nios2-elf/lib\libc.a(lib_a-memcmp.o)
 .bss           0x008098e4        0x0 c:/altera/13.0sp1/nios2eds/bin/gnu/h-i686-mingw32/bin/../lib/gcc/nios2-elf/4.1.2/../../../../nios2-elf/lib\libc.a(lib_a-memcpy.o)
 .bss           0x008098e4        0x0 c:/altera/13.0sp1/nios2eds/bin/gnu/h-i686-mingw32/bin/../lib/gcc/nios2-elf/4.1.2/../../../../nios2-elf/lib\libc.a(lib_a-memset.o)
 .bss           0x008098e4        0x0 c:/altera/13.0sp1/nios2eds/bin/gnu/h-i686-mingw32/bin/../lib/gcc/nios2-elf/4.1.2/../../../../nios2-elf/lib\libc.a(lib_a-strlen.o)
 .bss           0x008098e4        0x0 c:/altera/13.0sp1/nios2eds/bin/gnu/h-i686-mingw32/bin/../lib/gcc/nios2-elf/4.1.2/../../../../nios2-elf/lib\libc.a(lib_a-__atexit.o)
 .bss           0x008098e4        0x0 c:/altera/13.0sp1/nios2eds/bin/gnu/h-i686-mingw32/bin/../lib/gcc/nios2-elf/4.1.2/../../../../nios2-elf/lib\libc.a(lib_a-__call_atexit.o)
 .bss           0x008098e4        0x0 c:/altera/13.0sp1/nios2eds/bin/gnu/h-i686-mingw32/bin/../lib/gcc/nios2-elf/4.1.2\libgcc.a(lib2-divmod.o)
 .bss           0x008098e4        0x0 ../proj_final_bsp/\libhal_bsp.a(alt_exit.o)
 *(COMMON)
 COMMON         0x008098e4      0x100 ../proj_final_bsp/\libhal_bsp.a(alt_irq_handler.o)
                0x008098e4                alt_irq
 COMMON         0x008099e4      0x190 c:/altera/13.0sp1/nios2eds/bin/gnu/h-i686-mingw32/bin/../lib/gcc/nios2-elf/4.1.2/../../../../nios2-elf/lib\libc.a(lib_a-atexit.o)
                0x008099e4                _atexit0
                0x00809b74                . = ALIGN (0x4)
                0x00809b74                __bss_end = ABSOLUTE (.)

.sdram_0        0x00809b74        0x0
                0x00809b74                PROVIDE (_alt_partition_sdram_0_start, ABSOLUTE (.))
 *(.sdram_0. sdram_0.*)
                0x00809b74                . = ALIGN (0x4)
                0x00809b74                PROVIDE (_alt_partition_sdram_0_end, ABSOLUTE (.))
                0x00809b74                _end = ABSOLUTE (.)
                0x00809b74                end = ABSOLUTE (.)
                0x00809b74                __alt_stack_base = ABSOLUTE (.)
                0x00809b74                PROVIDE (_alt_partition_sdram_0_load_addr, LOADADDR (.sdram_0))

.cfi_flash_0    0x01400020        0x0
                0x01400020                PROVIDE (_alt_partition_cfi_flash_0_start, ABSOLUTE (.))
 *(.cfi_flash_0. cfi_flash_0.*)
                0x01400020                . = ALIGN (0x4)
                0x01400020                PROVIDE (_alt_partition_cfi_flash_0_end, ABSOLUTE (.))
                0x01400020                PROVIDE (_alt_partition_cfi_flash_0_load_addr, LOADADDR (.cfi_flash_0))

.sram_0         0x01a00000        0x0
                0x01a00000                PROVIDE (_alt_partition_sram_0_start, ABSOLUTE (.))
 *(.sram_0. sram_0.*)
                0x01a00000                . = ALIGN (0x4)
                0x01a00000                PROVIDE (_alt_partition_sram_0_end, ABSOLUTE (.))
                0x01a00000                PROVIDE (_alt_partition_sram_0_load_addr, LOADADDR (.sram_0))

.epcs_controller
                0x01a81800        0x0
                0x01a81800                PROVIDE (_alt_partition_epcs_controller_start, ABSOLUTE (.))
 *(.epcs_controller. epcs_controller.*)
                0x01a81800                . = ALIGN (0x4)
                0x01a81800                PROVIDE (_alt_partition_epcs_controller_end, ABSOLUTE (.))
                0x01a81800                PROVIDE (_alt_partition_epcs_controller_load_addr, LOADADDR (.epcs_controller))

.stab
 *(.stab)

.stabstr
 *(.stabstr)

.stab.excl
 *(.stab.excl)

.stab.exclstr
 *(.stab.exclstr)

.stab.index
 *(.stab.index)

.stab.indexstr
 *(.stab.indexstr)

.comment        0x00000000       0x26
 *(.comment)
 .comment       0x00000000       0x26 obj/default/hello_world.o
                                 0x27 (size before relaxing)
 .comment       0x00000000       0x27 ../proj_final_bsp/\libhal_bsp.a(alt_main.o)
 .comment       0x00000000       0x27 ../proj_final_bsp/\libhal_bsp.a(alt_usleep.o)
 .comment       0x00000000       0x27 ../proj_final_bsp/\libhal_bsp.a(alt_sys_init.o)
 .comment       0x00000000       0x27 ../proj_final_bsp/\libhal_bsp.a(altera_avalon_cfi_flash.o)
 .comment       0x00000000       0x27 ../proj_final_bsp/\libhal_bsp.a(altera_avalon_cfi_flash_table.o)
 .comment       0x00000000       0x27 ../proj_final_bsp/\libhal_bsp.a(altera_avalon_epcs_flash_controller.o)
 .comment       0x00000000       0x27 ../proj_final_bsp/\libhal_bsp.a(altera_avalon_jtag_uart_fd.o)
 .comment       0x00000000       0x27 ../proj_final_bsp/\libhal_bsp.a(altera_avalon_jtag_uart_init.o)
 .comment       0x00000000       0x27 ../proj_final_bsp/\libhal_bsp.a(altera_avalon_jtag_uart_ioctl.o)
 .comment       0x00000000       0x27 ../proj_final_bsp/\libhal_bsp.a(altera_avalon_jtag_uart_read.o)
 .comment       0x00000000       0x27 ../proj_final_bsp/\libhal_bsp.a(altera_avalon_jtag_uart_write.o)
 .comment       0x00000000       0x27 ../proj_final_bsp/\libhal_bsp.a(altera_avalon_lcd_16207.o)
 .comment       0x00000000       0x27 ../proj_final_bsp/\libhal_bsp.a(altera_avalon_lcd_16207_fd.o)
 .comment       0x00000000       0x27 ../proj_final_bsp/\libhal_bsp.a(altera_avalon_timer_sc.o)
 .comment       0x00000000       0x27 ../proj_final_bsp/\libhal_bsp.a(altera_avalon_uart_fd.o)
 .comment       0x00000000       0x27 ../proj_final_bsp/\libhal_bsp.a(altera_avalon_uart_init.o)
 .comment       0x00000000       0x27 ../proj_final_bsp/\libhal_bsp.a(altera_avalon_uart_read.o)
 .comment       0x00000000       0x27 ../proj_final_bsp/\libhal_bsp.a(altera_avalon_uart_write.o)
 .comment       0x00000000       0x27 ../proj_final_bsp/\libhal_bsp.a(epcs_commands.o)
 .comment       0x00000000       0x27 ../proj_final_bsp/\libhal_bsp.a(alt_alarm_start.o)
 .comment       0x00000000       0x27 ../proj_final_bsp/\libhal_bsp.a(alt_busy_sleep.o)
 .comment       0x00000000       0x27 ../proj_final_bsp/\libhal_bsp.a(alt_close.o)
 .comment       0x00000000       0x27 ../proj_final_bsp/\libhal_bsp.a(alt_dcache_flush.o)
 .comment       0x00000000       0x27 ../proj_final_bsp/\libhal_bsp.a(alt_dev.o)
 .comment       0x00000000       0x27 ../proj_final_bsp/\libhal_bsp.a(alt_dev_llist_insert.o)
 .comment       0x00000000       0x27 ../proj_final_bsp/\libhal_bsp.a(alt_do_ctors.o)
 .comment       0x00000000       0x27 ../proj_final_bsp/\libhal_bsp.a(alt_do_dtors.o)
 .comment       0x00000000       0x27 ../proj_final_bsp/\libhal_bsp.a(alt_errno.o)
 .comment       0x00000000       0x27 ../proj_final_bsp/\libhal_bsp.a(alt_flash_dev.o)
 .comment       0x00000000       0x27 ../proj_final_bsp/\libhal_bsp.a(alt_iic.o)
 .comment       0x00000000       0x27 ../proj_final_bsp/\libhal_bsp.a(alt_iic_isr_register.o)
 .comment       0x00000000       0x27 ../proj_final_bsp/\libhal_bsp.a(alt_io_redirect.o)
 .comment       0x00000000       0x27 ../proj_final_bsp/\libhal_bsp.a(alt_irq_handler.o)
 .comment       0x00000000       0x27 ../proj_final_bsp/\libhal_bsp.a(alt_irq_vars.o)
 .comment       0x00000000       0x27 ../proj_final_bsp/\libhal_bsp.a(alt_open.o)
 .comment       0x00000000       0x27 ../proj_final_bsp/\libhal_bsp.a(alt_release_fd.o)
 .comment       0x00000000       0x27 ../proj_final_bsp/\libhal_bsp.a(alt_tick.o)
 .comment       0x00000000       0x27 ../proj_final_bsp/\libhal_bsp.a(altera_nios2_qsys_irq.o)
 .comment       0x00000000       0x27 ../proj_final_bsp/\libhal_bsp.a(altera_avalon_cfi_flash_amd.o)
 .comment       0x00000000       0x27 ../proj_final_bsp/\libhal_bsp.a(altera_avalon_cfi_flash_intel.o)
 .comment       0x00000000       0x27 ../proj_final_bsp/\libhal_bsp.a(altera_avalon_spi.o)
 .comment       0x00000000       0x27 ../proj_final_bsp/\libhal_bsp.a(alt_find_dev.o)
 .comment       0x00000000       0x27 ../proj_final_bsp/\libhal_bsp.a(alt_find_file.o)
 .comment       0x00000000       0x27 ../proj_final_bsp/\libhal_bsp.a(alt_get_fd.o)
 .comment       0x00000000       0x27 c:/altera/13.0sp1/nios2eds/bin/gnu/h-i686-mingw32/bin/../lib/gcc/nios2-elf/4.1.2/../../../../nios2-elf/lib\libc.a(lib_a-atexit.o)
 .comment       0x00000000       0x27 c:/altera/13.0sp1/nios2eds/bin/gnu/h-i686-mingw32/bin/../lib/gcc/nios2-elf/4.1.2/../../../../nios2-elf/lib\libc.a(lib_a-ctype_.o)
 .comment       0x00000000       0x27 c:/altera/13.0sp1/nios2eds/bin/gnu/h-i686-mingw32/bin/../lib/gcc/nios2-elf/4.1.2/../../../../nios2-elf/lib\libc.a(lib_a-exit.o)
 .comment       0x00000000       0x27 c:/altera/13.0sp1/nios2eds/bin/gnu/h-i686-mingw32/bin/../lib/gcc/nios2-elf/4.1.2/../../../../nios2-elf/lib\libc.a(lib_a-impure.o)
 .comment       0x00000000       0x27 c:/altera/13.0sp1/nios2eds/bin/gnu/h-i686-mingw32/bin/../lib/gcc/nios2-elf/4.1.2/../../../../nios2-elf/lib\libc.a(lib_a-int_errno.o)
 .comment       0x00000000       0x27 c:/altera/13.0sp1/nios2eds/bin/gnu/h-i686-mingw32/bin/../lib/gcc/nios2-elf/4.1.2/../../../../nios2-elf/lib\libc.a(lib_a-memcmp.o)
 .comment       0x00000000       0x27 c:/altera/13.0sp1/nios2eds/bin/gnu/h-i686-mingw32/bin/../lib/gcc/nios2-elf/4.1.2/../../../../nios2-elf/lib\libc.a(lib_a-memcpy.o)
 .comment       0x00000000       0x27 c:/altera/13.0sp1/nios2eds/bin/gnu/h-i686-mingw32/bin/../lib/gcc/nios2-elf/4.1.2/../../../../nios2-elf/lib\libc.a(lib_a-memset.o)
 .comment       0x00000000       0x27 c:/altera/13.0sp1/nios2eds/bin/gnu/h-i686-mingw32/bin/../lib/gcc/nios2-elf/4.1.2/../../../../nios2-elf/lib\libc.a(lib_a-strlen.o)
 .comment       0x00000000       0x27 c:/altera/13.0sp1/nios2eds/bin/gnu/h-i686-mingw32/bin/../lib/gcc/nios2-elf/4.1.2/../../../../nios2-elf/lib\libc.a(lib_a-__atexit.o)
 .comment       0x00000000       0x27 c:/altera/13.0sp1/nios2eds/bin/gnu/h-i686-mingw32/bin/../lib/gcc/nios2-elf/4.1.2/../../../../nios2-elf/lib\libc.a(lib_a-__call_atexit.o)
 .comment       0x00000000       0x27 c:/altera/13.0sp1/nios2eds/bin/gnu/h-i686-mingw32/bin/../lib/gcc/nios2-elf/4.1.2\libgcc.a(lib2-divmod.o)
 .comment       0x00000000       0x27 ../proj_final_bsp/\libhal_bsp.a(alt_exit.o)

.debug
 *(.debug)

.line
 *(.line)

.debug_srcinfo
 *(.debug_srcinfo)

.debug_sfnames
 *(.debug_sfnames)

.debug_aranges  0x00000000      0x730
 *(.debug_aranges)
 .debug_aranges
                0x00000000       0x20 ../proj_final_bsp//obj/HAL/src/crt0.o
 .debug_aranges
                0x00000020       0x20 obj/default/hello_world.o
 .debug_aranges
                0x00000040       0x20 ../proj_final_bsp/\libhal_bsp.a(alt_main.o)
 .debug_aranges
                0x00000060       0x20 ../proj_final_bsp/\libhal_bsp.a(alt_usleep.o)
 .debug_aranges
                0x00000080       0x20 ../proj_final_bsp/\libhal_bsp.a(alt_sys_init.o)
 .debug_aranges
                0x000000a0       0x20 ../proj_final_bsp/\libhal_bsp.a(altera_avalon_cfi_flash.o)
 .debug_aranges
                0x000000c0       0x20 ../proj_final_bsp/\libhal_bsp.a(altera_avalon_cfi_flash_table.o)
 .debug_aranges
                0x000000e0       0x20 ../proj_final_bsp/\libhal_bsp.a(altera_avalon_epcs_flash_controller.o)
 .debug_aranges
                0x00000100       0x20 ../proj_final_bsp/\libhal_bsp.a(altera_avalon_jtag_uart_fd.o)
 .debug_aranges
                0x00000120       0x20 ../proj_final_bsp/\libhal_bsp.a(altera_avalon_jtag_uart_init.o)
 .debug_aranges
                0x00000140       0x20 ../proj_final_bsp/\libhal_bsp.a(altera_avalon_jtag_uart_ioctl.o)
 .debug_aranges
                0x00000160       0x20 ../proj_final_bsp/\libhal_bsp.a(altera_avalon_jtag_uart_read.o)
 .debug_aranges
                0x00000180       0x20 ../proj_final_bsp/\libhal_bsp.a(altera_avalon_jtag_uart_write.o)
 .debug_aranges
                0x000001a0       0x20 ../proj_final_bsp/\libhal_bsp.a(altera_avalon_lcd_16207.o)
 .debug_aranges
                0x000001c0       0x20 ../proj_final_bsp/\libhal_bsp.a(altera_avalon_lcd_16207_fd.o)
 .debug_aranges
                0x000001e0       0x20 ../proj_final_bsp/\libhal_bsp.a(altera_avalon_timer_sc.o)
 .debug_aranges
                0x00000200       0x20 ../proj_final_bsp/\libhal_bsp.a(altera_avalon_uart_fd.o)
 .debug_aranges
                0x00000220       0x20 ../proj_final_bsp/\libhal_bsp.a(altera_avalon_uart_init.o)
 .debug_aranges
                0x00000240       0x20 ../proj_final_bsp/\libhal_bsp.a(altera_avalon_uart_read.o)
 .debug_aranges
                0x00000260       0x20 ../proj_final_bsp/\libhal_bsp.a(altera_avalon_uart_write.o)
 .debug_aranges
                0x00000280       0x20 ../proj_final_bsp/\libhal_bsp.a(epcs_commands.o)
 .debug_aranges
                0x000002a0       0x20 ../proj_final_bsp/\libhal_bsp.a(alt_alarm_start.o)
 .debug_aranges
                0x000002c0       0x20 ../proj_final_bsp/\libhal_bsp.a(alt_busy_sleep.o)
 .debug_aranges
                0x000002e0       0x20 ../proj_final_bsp/\libhal_bsp.a(alt_close.o)
 .debug_aranges
                0x00000300       0x20 ../proj_final_bsp/\libhal_bsp.a(alt_dcache_flush.o)
 .debug_aranges
                0x00000320       0x20 ../proj_final_bsp/\libhal_bsp.a(alt_dev.o)
 .debug_aranges
                0x00000340       0x20 ../proj_final_bsp/\libhal_bsp.a(alt_dev_llist_insert.o)
 .debug_aranges
                0x00000360       0x20 ../proj_final_bsp/\libhal_bsp.a(alt_do_ctors.o)
 .debug_aranges
                0x00000380       0x20 ../proj_final_bsp/\libhal_bsp.a(alt_do_dtors.o)
 .debug_aranges
                0x000003a0       0x20 ../proj_final_bsp/\libhal_bsp.a(alt_flash_dev.o)
 .debug_aranges
                0x000003c0       0x20 ../proj_final_bsp/\libhal_bsp.a(alt_iic.o)
 .debug_aranges
                0x000003e0       0x20 ../proj_final_bsp/\libhal_bsp.a(alt_iic_isr_register.o)
 .debug_aranges
                0x00000400       0x20 ../proj_final_bsp/\libhal_bsp.a(alt_io_redirect.o)
 .debug_aranges
                0x00000420       0x30 ../proj_final_bsp/\libhal_bsp.a(alt_irq_entry.o)
 .debug_aranges
                0x00000450       0x28 ../proj_final_bsp/\libhal_bsp.a(alt_irq_handler.o)
 .debug_aranges
                0x00000478       0x20 ../proj_final_bsp/\libhal_bsp.a(alt_open.o)
 .debug_aranges
                0x00000498       0x20 ../proj_final_bsp/\libhal_bsp.a(alt_release_fd.o)
 .debug_aranges
                0x000004b8       0x20 ../proj_final_bsp/\libhal_bsp.a(alt_tick.o)
 .debug_aranges
                0x000004d8       0x20 ../proj_final_bsp/\libhal_bsp.a(altera_nios2_qsys_irq.o)
 .debug_aranges
                0x000004f8       0x20 ../proj_final_bsp/\libhal_bsp.a(altera_avalon_cfi_flash_amd.o)
 .debug_aranges
                0x00000518       0x20 ../proj_final_bsp/\libhal_bsp.a(altera_avalon_cfi_flash_intel.o)
 .debug_aranges
                0x00000538       0x20 ../proj_final_bsp/\libhal_bsp.a(altera_avalon_spi.o)
 .debug_aranges
                0x00000558       0x38 ../proj_final_bsp/\libhal_bsp.a(alt_exception_entry.o)
 .debug_aranges
                0x00000590       0x20 ../proj_final_bsp/\libhal_bsp.a(alt_find_dev.o)
 .debug_aranges
                0x000005b0       0x20 ../proj_final_bsp/\libhal_bsp.a(alt_find_file.o)
 .debug_aranges
                0x000005d0       0x20 ../proj_final_bsp/\libhal_bsp.a(alt_get_fd.o)
 .debug_aranges
                0x000005f0       0x20 c:/altera/13.0sp1/nios2eds/bin/gnu/h-i686-mingw32/bin/../lib/gcc/nios2-elf/4.1.2/../../../../nios2-elf/lib\libc.a(lib_a-atexit.o)
 .debug_aranges
                0x00000610       0x20 c:/altera/13.0sp1/nios2eds/bin/gnu/h-i686-mingw32/bin/../lib/gcc/nios2-elf/4.1.2/../../../../nios2-elf/lib\libc.a(lib_a-exit.o)
 .debug_aranges
                0x00000630       0x20 c:/altera/13.0sp1/nios2eds/bin/gnu/h-i686-mingw32/bin/../lib/gcc/nios2-elf/4.1.2/../../../../nios2-elf/lib\libc.a(lib_a-memcmp.o)
 .debug_aranges
                0x00000650       0x20 c:/altera/13.0sp1/nios2eds/bin/gnu/h-i686-mingw32/bin/../lib/gcc/nios2-elf/4.1.2/../../../../nios2-elf/lib\libc.a(lib_a-memcpy.o)
 .debug_aranges
                0x00000670       0x20 c:/altera/13.0sp1/nios2eds/bin/gnu/h-i686-mingw32/bin/../lib/gcc/nios2-elf/4.1.2/../../../../nios2-elf/lib\libc.a(lib_a-memset.o)
 .debug_aranges
                0x00000690       0x20 c:/altera/13.0sp1/nios2eds/bin/gnu/h-i686-mingw32/bin/../lib/gcc/nios2-elf/4.1.2/../../../../nios2-elf/lib\libc.a(lib_a-strlen.o)
 .debug_aranges
                0x000006b0       0x20 c:/altera/13.0sp1/nios2eds/bin/gnu/h-i686-mingw32/bin/../lib/gcc/nios2-elf/4.1.2/../../../../nios2-elf/lib\libc.a(lib_a-__atexit.o)
 .debug_aranges
                0x000006d0       0x20 c:/altera/13.0sp1/nios2eds/bin/gnu/h-i686-mingw32/bin/../lib/gcc/nios2-elf/4.1.2/../../../../nios2-elf/lib\libc.a(lib_a-__call_atexit.o)
 .debug_aranges
                0x000006f0       0x20 c:/altera/13.0sp1/nios2eds/bin/gnu/h-i686-mingw32/bin/../lib/gcc/nios2-elf/4.1.2\libgcc.a(lib2-divmod.o)
 .debug_aranges
                0x00000710       0x20 ../proj_final_bsp/\libhal_bsp.a(alt_exit.o)

.debug_pubnames
                0x00000000      0xfed
 *(.debug_pubnames)
 .debug_pubnames
                0x00000000       0x1b obj/default/hello_world.o
 .debug_pubnames
                0x0000001b       0x46 ../proj_final_bsp/\libhal_bsp.a(alt_main.o)
 .debug_pubnames
                0x00000061       0x1d ../proj_final_bsp/\libhal_bsp.a(alt_usleep.o)
 .debug_pubnames
                0x0000007e       0x34 ../proj_final_bsp/\libhal_bsp.a(alt_sys_init.o)
 .debug_pubnames
                0x000000b2       0xac ../proj_final_bsp/\libhal_bsp.a(altera_avalon_cfi_flash.o)
 .debug_pubnames
                0x0000015e      0x27a ../proj_final_bsp/\libhal_bsp.a(altera_avalon_cfi_flash_table.o)
 .debug_pubnames
                0x000003d8       0xb5 ../proj_final_bsp/\libhal_bsp.a(altera_avalon_epcs_flash_controller.o)
 .debug_pubnames
                0x0000048d       0xa5 ../proj_final_bsp/\libhal_bsp.a(altera_avalon_jtag_uart_fd.o)
 .debug_pubnames
                0x00000532       0x55 ../proj_final_bsp/\libhal_bsp.a(altera_avalon_jtag_uart_init.o)
 .debug_pubnames
                0x00000587       0x34 ../proj_final_bsp/\libhal_bsp.a(altera_avalon_jtag_uart_ioctl.o)
 .debug_pubnames
                0x000005bb       0x33 ../proj_final_bsp/\libhal_bsp.a(altera_avalon_jtag_uart_read.o)
 .debug_pubnames
                0x000005ee       0x34 ../proj_final_bsp/\libhal_bsp.a(altera_avalon_jtag_uart_write.o)
 .debug_pubnames
                0x00000622       0x55 ../proj_final_bsp/\libhal_bsp.a(altera_avalon_lcd_16207.o)
 .debug_pubnames
                0x00000677       0x37 ../proj_final_bsp/\libhal_bsp.a(altera_avalon_lcd_16207_fd.o)
 .debug_pubnames
                0x000006ae       0x2f ../proj_final_bsp/\libhal_bsp.a(altera_avalon_timer_sc.o)
 .debug_pubnames
                0x000006dd       0x71 ../proj_final_bsp/\libhal_bsp.a(altera_avalon_uart_fd.o)
 .debug_pubnames
                0x0000074e       0x4b ../proj_final_bsp/\libhal_bsp.a(altera_avalon_uart_init.o)
 .debug_pubnames
                0x00000799       0x2e ../proj_final_bsp/\libhal_bsp.a(altera_avalon_uart_read.o)
 .debug_pubnames
                0x000007c7       0x2f ../proj_final_bsp/\libhal_bsp.a(altera_avalon_uart_write.o)
 .debug_pubnames
                0x000007f6      0x118 ../proj_final_bsp/\libhal_bsp.a(epcs_commands.o)
 .debug_pubnames
                0x0000090e       0x26 ../proj_final_bsp/\libhal_bsp.a(alt_alarm_start.o)
 .debug_pubnames
                0x00000934       0x25 ../proj_final_bsp/\libhal_bsp.a(alt_busy_sleep.o)
 .debug_pubnames
                0x00000959       0x1c ../proj_final_bsp/\libhal_bsp.a(alt_close.o)
 .debug_pubnames
                0x00000975       0x27 ../proj_final_bsp/\libhal_bsp.a(alt_dcache_flush.o)
 .debug_pubnames
                0x0000099c       0x63 ../proj_final_bsp/\libhal_bsp.a(alt_dev.o)
 .debug_pubnames
                0x000009ff       0x2b ../proj_final_bsp/\libhal_bsp.a(alt_dev_llist_insert.o)
 .debug_pubnames
                0x00000a2a       0x20 ../proj_final_bsp/\libhal_bsp.a(alt_do_ctors.o)
 .debug_pubnames
                0x00000a4a       0x20 ../proj_final_bsp/\libhal_bsp.a(alt_do_dtors.o)
 .debug_pubnames
                0x00000a6a       0x20 ../proj_final_bsp/\libhal_bsp.a(alt_errno.o)
 .debug_pubnames
                0x00000a8a       0x58 ../proj_final_bsp/\libhal_bsp.a(alt_flash_dev.o)
 .debug_pubnames
                0x00000ae2       0x6e ../proj_final_bsp/\libhal_bsp.a(alt_iic.o)
 .debug_pubnames
                0x00000b50       0x2b ../proj_final_bsp/\libhal_bsp.a(alt_iic_isr_register.o)
 .debug_pubnames
                0x00000b7b       0x26 ../proj_final_bsp/\libhal_bsp.a(alt_io_redirect.o)
 .debug_pubnames
                0x00000ba1       0x32 ../proj_final_bsp/\libhal_bsp.a(alt_irq_handler.o)
 .debug_pubnames
                0x00000bd3       0x3b ../proj_final_bsp/\libhal_bsp.a(alt_irq_vars.o)
 .debug_pubnames
                0x00000c0e       0x1b ../proj_final_bsp/\libhal_bsp.a(alt_open.o)
 .debug_pubnames
                0x00000c29       0x25 ../proj_final_bsp/\libhal_bsp.a(alt_release_fd.o)
 .debug_pubnames
                0x00000c4e       0x68 ../proj_final_bsp/\libhal_bsp.a(alt_tick.o)
 .debug_pubnames
                0x00000cb6       0x31 ../proj_final_bsp/\libhal_bsp.a(altera_nios2_qsys_irq.o)
 .debug_pubnames
                0x00000ce7       0x3e ../proj_final_bsp/\libhal_bsp.a(altera_avalon_cfi_flash_amd.o)
 .debug_pubnames
                0x00000d25       0x42 ../proj_final_bsp/\libhal_bsp.a(altera_avalon_cfi_flash_intel.o)
 .debug_pubnames
                0x00000d67       0x2d ../proj_final_bsp/\libhal_bsp.a(altera_avalon_spi.o)
 .debug_pubnames
                0x00000d94       0x23 ../proj_final_bsp/\libhal_bsp.a(alt_find_dev.o)
 .debug_pubnames
                0x00000db7       0x24 ../proj_final_bsp/\libhal_bsp.a(alt_find_file.o)
 .debug_pubnames
                0x00000ddb       0x21 ../proj_final_bsp/\libhal_bsp.a(alt_get_fd.o)
 .debug_pubnames
                0x00000dfc       0x2a c:/altera/13.0sp1/nios2eds/bin/gnu/h-i686-mingw32/bin/../lib/gcc/nios2-elf/4.1.2/../../../../nios2-elf/lib\libc.a(lib_a-atexit.o)
 .debug_pubnames
                0x00000e26       0x2e c:/altera/13.0sp1/nios2eds/bin/gnu/h-i686-mingw32/bin/../lib/gcc/nios2-elf/4.1.2/../../../../nios2-elf/lib\libc.a(lib_a-ctype_.o)
 .debug_pubnames
                0x00000e54       0x1b c:/altera/13.0sp1/nios2eds/bin/gnu/h-i686-mingw32/bin/../lib/gcc/nios2-elf/4.1.2/../../../../nios2-elf/lib\libc.a(lib_a-exit.o)
 .debug_pubnames
                0x00000e6f       0x39 c:/altera/13.0sp1/nios2eds/bin/gnu/h-i686-mingw32/bin/../lib/gcc/nios2-elf/4.1.2/../../../../nios2-elf/lib\libc.a(lib_a-impure.o)
 .debug_pubnames
                0x00000ea8       0x1c c:/altera/13.0sp1/nios2eds/bin/gnu/h-i686-mingw32/bin/../lib/gcc/nios2-elf/4.1.2/../../../../nios2-elf/lib\libc.a(lib_a-int_errno.o)
 .debug_pubnames
                0x00000ec4       0x1d c:/altera/13.0sp1/nios2eds/bin/gnu/h-i686-mingw32/bin/../lib/gcc/nios2-elf/4.1.2/../../../../nios2-elf/lib\libc.a(lib_a-memcmp.o)
 .debug_pubnames
                0x00000ee1       0x1d c:/altera/13.0sp1/nios2eds/bin/gnu/h-i686-mingw32/bin/../lib/gcc/nios2-elf/4.1.2/../../../../nios2-elf/lib\libc.a(lib_a-memcpy.o)
 .debug_pubnames
                0x00000efe       0x1d c:/altera/13.0sp1/nios2eds/bin/gnu/h-i686-mingw32/bin/../lib/gcc/nios2-elf/4.1.2/../../../../nios2-elf/lib\libc.a(lib_a-memset.o)
 .debug_pubnames
                0x00000f1b       0x1d c:/altera/13.0sp1/nios2eds/bin/gnu/h-i686-mingw32/bin/../lib/gcc/nios2-elf/4.1.2/../../../../nios2-elf/lib\libc.a(lib_a-strlen.o)
 .debug_pubnames
                0x00000f38       0x2a c:/altera/13.0sp1/nios2eds/bin/gnu/h-i686-mingw32/bin/../lib/gcc/nios2-elf/4.1.2/../../../../nios2-elf/lib\libc.a(lib_a-__atexit.o)
 .debug_pubnames
                0x00000f62       0x27 c:/altera/13.0sp1/nios2eds/bin/gnu/h-i686-mingw32/bin/../lib/gcc/nios2-elf/4.1.2/../../../../nios2-elf/lib\libc.a(lib_a-__call_atexit.o)
 .debug_pubnames
                0x00000f89       0x48 c:/altera/13.0sp1/nios2eds/bin/gnu/h-i686-mingw32/bin/../lib/gcc/nios2-elf/4.1.2\libgcc.a(lib2-divmod.o)
 .debug_pubnames
                0x00000fd1       0x1c ../proj_final_bsp/\libhal_bsp.a(alt_exit.o)

.debug_info     0x00000000    0x1149a
 *(.debug_info .gnu.linkonce.wi.*)
 .debug_info    0x00000000       0x70 ../proj_final_bsp//obj/HAL/src/crt0.o
 .debug_info    0x00000070      0x144 obj/default/hello_world.o
 .debug_info    0x000001b4      0x216 ../proj_final_bsp/\libhal_bsp.a(alt_main.o)
 .debug_info    0x000003ca      0x159 ../proj_final_bsp/\libhal_bsp.a(alt_usleep.o)
 .debug_info    0x00000523     0x1069 ../proj_final_bsp/\libhal_bsp.a(alt_sys_init.o)
 .debug_info    0x0000158c      0xb3a ../proj_final_bsp/\libhal_bsp.a(altera_avalon_cfi_flash.o)
 .debug_info    0x000020c6      0xe26 ../proj_final_bsp/\libhal_bsp.a(altera_avalon_cfi_flash_table.o)
 .debug_info    0x00002eec      0xb9a ../proj_final_bsp/\libhal_bsp.a(altera_avalon_epcs_flash_controller.o)
 .debug_info    0x00003a86      0x7ca ../proj_final_bsp/\libhal_bsp.a(altera_avalon_jtag_uart_fd.o)
 .debug_info    0x00004250      0x5f2 ../proj_final_bsp/\libhal_bsp.a(altera_avalon_jtag_uart_init.o)
 .debug_info    0x00004842      0x434 ../proj_final_bsp/\libhal_bsp.a(altera_avalon_jtag_uart_ioctl.o)
 .debug_info    0x00004c76      0x537 ../proj_final_bsp/\libhal_bsp.a(altera_avalon_jtag_uart_read.o)
 .debug_info    0x000051ad      0x52f ../proj_final_bsp/\libhal_bsp.a(altera_avalon_jtag_uart_write.o)
 .debug_info    0x000056dc      0x8df ../proj_final_bsp/\libhal_bsp.a(altera_avalon_lcd_16207.o)
 .debug_info    0x00005fbb      0x703 ../proj_final_bsp/\libhal_bsp.a(altera_avalon_lcd_16207_fd.o)
 .debug_info    0x000066be      0x37c ../proj_final_bsp/\libhal_bsp.a(altera_avalon_timer_sc.o)
 .debug_info    0x00006a3a      0x62d ../proj_final_bsp/\libhal_bsp.a(altera_avalon_uart_fd.o)
 .debug_info    0x00007067      0x4ff ../proj_final_bsp/\libhal_bsp.a(altera_avalon_uart_init.o)
 .debug_info    0x00007566      0x4b3 ../proj_final_bsp/\libhal_bsp.a(altera_avalon_uart_read.o)
 .debug_info    0x00007a19      0x4b1 ../proj_final_bsp/\libhal_bsp.a(altera_avalon_uart_write.o)
 .debug_info    0x00007eca      0x62d ../proj_final_bsp/\libhal_bsp.a(epcs_commands.o)
 .debug_info    0x000084f7      0x433 ../proj_final_bsp/\libhal_bsp.a(alt_alarm_start.o)
 .debug_info    0x0000892a      0x19c ../proj_final_bsp/\libhal_bsp.a(alt_busy_sleep.o)
 .debug_info    0x00008ac6      0x458 ../proj_final_bsp/\libhal_bsp.a(alt_close.o)
 .debug_info    0x00008f1e      0x195 ../proj_final_bsp/\libhal_bsp.a(alt_dcache_flush.o)
 .debug_info    0x000090b3      0x670 ../proj_final_bsp/\libhal_bsp.a(alt_dev.o)
 .debug_info    0x00009723      0x2a8 ../proj_final_bsp/\libhal_bsp.a(alt_dev_llist_insert.o)
 .debug_info    0x000099cb      0x100 ../proj_final_bsp/\libhal_bsp.a(alt_do_ctors.o)
 .debug_info    0x00009acb       0xff ../proj_final_bsp/\libhal_bsp.a(alt_do_dtors.o)
 .debug_info    0x00009bca      0x155 ../proj_final_bsp/\libhal_bsp.a(alt_errno.o)
 .debug_info    0x00009d1f      0x58a ../proj_final_bsp/\libhal_bsp.a(alt_flash_dev.o)
 .debug_info    0x0000a2a9      0x484 ../proj_final_bsp/\libhal_bsp.a(alt_iic.o)
 .debug_info    0x0000a72d      0x305 ../proj_final_bsp/\libhal_bsp.a(alt_iic_isr_register.o)
 .debug_info    0x0000aa32      0x686 ../proj_final_bsp/\libhal_bsp.a(alt_io_redirect.o)
 .debug_info    0x0000b0b8       0x75 ../proj_final_bsp/\libhal_bsp.a(alt_irq_entry.o)
 .debug_info    0x0000b12d      0x266 ../proj_final_bsp/\libhal_bsp.a(alt_irq_handler.o)
 .debug_info    0x0000b393      0x158 ../proj_final_bsp/\libhal_bsp.a(alt_irq_vars.o)
 .debug_info    0x0000b4eb      0x516 ../proj_final_bsp/\libhal_bsp.a(alt_open.o)
 .debug_info    0x0000ba01      0x3e3 ../proj_final_bsp/\libhal_bsp.a(alt_release_fd.o)
 .debug_info    0x0000bde4      0x3ef ../proj_final_bsp/\libhal_bsp.a(alt_tick.o)
 .debug_info    0x0000c1d3      0x154 ../proj_final_bsp/\libhal_bsp.a(altera_nios2_qsys_irq.o)
 .debug_info    0x0000c327      0x8da ../proj_final_bsp/\libhal_bsp.a(altera_avalon_cfi_flash_amd.o)
 .debug_info    0x0000cc01      0x8d0 ../proj_final_bsp/\libhal_bsp.a(altera_avalon_cfi_flash_intel.o)
 .debug_info    0x0000d4d1      0x29a ../proj_final_bsp/\libhal_bsp.a(altera_avalon_spi.o)
 .debug_info    0x0000d76b       0x7b ../proj_final_bsp/\libhal_bsp.a(alt_exception_entry.o)
 .debug_info    0x0000d7e6      0x409 ../proj_final_bsp/\libhal_bsp.a(alt_find_dev.o)
 .debug_info    0x0000dbef      0x410 ../proj_final_bsp/\libhal_bsp.a(alt_find_file.o)
 .debug_info    0x0000dfff      0x451 ../proj_final_bsp/\libhal_bsp.a(alt_get_fd.o)
 .debug_info    0x0000e450      0x181 c:/altera/13.0sp1/nios2eds/bin/gnu/h-i686-mingw32/bin/../lib/gcc/nios2-elf/4.1.2/../../../../nios2-elf/lib\libc.a(lib_a-atexit.o)
 .debug_info    0x0000e5d1       0xa0 c:/altera/13.0sp1/nios2eds/bin/gnu/h-i686-mingw32/bin/../lib/gcc/nios2-elf/4.1.2/../../../../nios2-elf/lib\libc.a(lib_a-ctype_.o)
 .debug_info    0x0000e671      0x93f c:/altera/13.0sp1/nios2eds/bin/gnu/h-i686-mingw32/bin/../lib/gcc/nios2-elf/4.1.2/../../../../nios2-elf/lib\libc.a(lib_a-exit.o)
 .debug_info    0x0000efb0      0x93d c:/altera/13.0sp1/nios2eds/bin/gnu/h-i686-mingw32/bin/../lib/gcc/nios2-elf/4.1.2/../../../../nios2-elf/lib\libc.a(lib_a-impure.o)
 .debug_info    0x0000f8ed       0x8c c:/altera/13.0sp1/nios2eds/bin/gnu/h-i686-mingw32/bin/../lib/gcc/nios2-elf/4.1.2/../../../../nios2-elf/lib\libc.a(lib_a-int_errno.o)
 .debug_info    0x0000f979      0x115 c:/altera/13.0sp1/nios2eds/bin/gnu/h-i686-mingw32/bin/../lib/gcc/nios2-elf/4.1.2/../../../../nios2-elf/lib\libc.a(lib_a-memcmp.o)
 .debug_info    0x0000fa8e      0x106 c:/altera/13.0sp1/nios2eds/bin/gnu/h-i686-mingw32/bin/../lib/gcc/nios2-elf/4.1.2/../../../../nios2-elf/lib\libc.a(lib_a-memcpy.o)
 .debug_info    0x0000fb94      0x113 c:/altera/13.0sp1/nios2eds/bin/gnu/h-i686-mingw32/bin/../lib/gcc/nios2-elf/4.1.2/../../../../nios2-elf/lib\libc.a(lib_a-memset.o)
 .debug_info    0x0000fca7       0xdb c:/altera/13.0sp1/nios2eds/bin/gnu/h-i686-mingw32/bin/../lib/gcc/nios2-elf/4.1.2/../../../../nios2-elf/lib\libc.a(lib_a-strlen.o)
 .debug_info    0x0000fd82      0x99c c:/altera/13.0sp1/nios2eds/bin/gnu/h-i686-mingw32/bin/../lib/gcc/nios2-elf/4.1.2/../../../../nios2-elf/lib\libc.a(lib_a-__atexit.o)
 .debug_info    0x0001071e      0x9e2 c:/altera/13.0sp1/nios2eds/bin/gnu/h-i686-mingw32/bin/../lib/gcc/nios2-elf/4.1.2/../../../../nios2-elf/lib\libc.a(lib_a-__call_atexit.o)
 .debug_info    0x00011100      0x21c c:/altera/13.0sp1/nios2eds/bin/gnu/h-i686-mingw32/bin/../lib/gcc/nios2-elf/4.1.2\libgcc.a(lib2-divmod.o)
 .debug_info    0x0001131c      0x17e ../proj_final_bsp/\libhal_bsp.a(alt_exit.o)

.debug_abbrev   0x00000000     0x39b5
 *(.debug_abbrev)
 .debug_abbrev  0x00000000       0x14 ../proj_final_bsp//obj/HAL/src/crt0.o
 .debug_abbrev  0x00000014       0x4e obj/default/hello_world.o
 .debug_abbrev  0x00000062       0xb7 ../proj_final_bsp/\libhal_bsp.a(alt_main.o)
 .debug_abbrev  0x00000119       0x5d ../proj_final_bsp/\libhal_bsp.a(alt_usleep.o)
 .debug_abbrev  0x00000176      0x17d ../proj_final_bsp/\libhal_bsp.a(alt_sys_init.o)
 .debug_abbrev  0x000002f3      0x1bf ../proj_final_bsp/\libhal_bsp.a(altera_avalon_cfi_flash.o)
 .debug_abbrev  0x000004b2      0x185 ../proj_final_bsp/\libhal_bsp.a(altera_avalon_cfi_flash_table.o)
 .debug_abbrev  0x00000637      0x1bf ../proj_final_bsp/\libhal_bsp.a(altera_avalon_epcs_flash_controller.o)
 .debug_abbrev  0x000007f6       0xf7 ../proj_final_bsp/\libhal_bsp.a(altera_avalon_jtag_uart_fd.o)
 .debug_abbrev  0x000008ed      0x17c ../proj_final_bsp/\libhal_bsp.a(altera_avalon_jtag_uart_init.o)
 .debug_abbrev  0x00000a69       0xf0 ../proj_final_bsp/\libhal_bsp.a(altera_avalon_jtag_uart_ioctl.o)
 .debug_abbrev  0x00000b59      0x191 ../proj_final_bsp/\libhal_bsp.a(altera_avalon_jtag_uart_read.o)
 .debug_abbrev  0x00000cea      0x18d ../proj_final_bsp/\libhal_bsp.a(altera_avalon_jtag_uart_write.o)
 .debug_abbrev  0x00000e77      0x1c3 ../proj_final_bsp/\libhal_bsp.a(altera_avalon_lcd_16207.o)
 .debug_abbrev  0x0000103a      0x104 ../proj_final_bsp/\libhal_bsp.a(altera_avalon_lcd_16207_fd.o)
 .debug_abbrev  0x0000113e      0x137 ../proj_final_bsp/\libhal_bsp.a(altera_avalon_timer_sc.o)
 .debug_abbrev  0x00001275       0xe8 ../proj_final_bsp/\libhal_bsp.a(altera_avalon_uart_fd.o)
 .debug_abbrev  0x0000135d      0x148 ../proj_final_bsp/\libhal_bsp.a(altera_avalon_uart_init.o)
 .debug_abbrev  0x000014a5      0x174 ../proj_final_bsp/\libhal_bsp.a(altera_avalon_uart_read.o)
 .debug_abbrev  0x00001619      0x17b ../proj_final_bsp/\libhal_bsp.a(altera_avalon_uart_write.o)
 .debug_abbrev  0x00001794      0x145 ../proj_final_bsp/\libhal_bsp.a(epcs_commands.o)
 .debug_abbrev  0x000018d9      0x172 ../proj_final_bsp/\libhal_bsp.a(alt_alarm_start.o)
 .debug_abbrev  0x00001a4b       0x6c ../proj_final_bsp/\libhal_bsp.a(alt_busy_sleep.o)
 .debug_abbrev  0x00001ab7       0xfb ../proj_final_bsp/\libhal_bsp.a(alt_close.o)
 .debug_abbrev  0x00001bb2       0x7a ../proj_final_bsp/\libhal_bsp.a(alt_dcache_flush.o)
 .debug_abbrev  0x00001c2c       0xc7 ../proj_final_bsp/\libhal_bsp.a(alt_dev.o)
 .debug_abbrev  0x00001cf3       0xf6 ../proj_final_bsp/\libhal_bsp.a(alt_dev_llist_insert.o)
 .debug_abbrev  0x00001de9       0x76 ../proj_final_bsp/\libhal_bsp.a(alt_do_ctors.o)
 .debug_abbrev  0x00001e5f       0x76 ../proj_final_bsp/\libhal_bsp.a(alt_do_dtors.o)
 .debug_abbrev  0x00001ed5       0x5e ../proj_final_bsp/\libhal_bsp.a(alt_errno.o)
 .debug_abbrev  0x00001f33      0x121 ../proj_final_bsp/\libhal_bsp.a(alt_flash_dev.o)
 .debug_abbrev  0x00002054      0x134 ../proj_final_bsp/\libhal_bsp.a(alt_iic.o)
 .debug_abbrev  0x00002188      0x14e ../proj_final_bsp/\libhal_bsp.a(alt_iic_isr_register.o)
 .debug_abbrev  0x000022d6       0xf0 ../proj_final_bsp/\libhal_bsp.a(alt_io_redirect.o)
 .debug_abbrev  0x000023c6       0x12 ../proj_final_bsp/\libhal_bsp.a(alt_irq_entry.o)
 .debug_abbrev  0x000023d8      0x10c ../proj_final_bsp/\libhal_bsp.a(alt_irq_handler.o)
 .debug_abbrev  0x000024e4       0x44 ../proj_final_bsp/\libhal_bsp.a(alt_irq_vars.o)
 .debug_abbrev  0x00002528      0x112 ../proj_final_bsp/\libhal_bsp.a(alt_open.o)
 .debug_abbrev  0x0000263a       0xc1 ../proj_final_bsp/\libhal_bsp.a(alt_release_fd.o)
 .debug_abbrev  0x000026fb      0x150 ../proj_final_bsp/\libhal_bsp.a(alt_tick.o)
 .debug_abbrev  0x0000284b       0x3f ../proj_final_bsp/\libhal_bsp.a(altera_nios2_qsys_irq.o)
 .debug_abbrev  0x0000288a      0x14d ../proj_final_bsp/\libhal_bsp.a(altera_avalon_cfi_flash_amd.o)
 .debug_abbrev  0x000029d7      0x14d ../proj_final_bsp/\libhal_bsp.a(altera_avalon_cfi_flash_intel.o)
 .debug_abbrev  0x00002b24       0x7c ../proj_final_bsp/\libhal_bsp.a(altera_avalon_spi.o)
 .debug_abbrev  0x00002ba0       0x12 ../proj_final_bsp/\libhal_bsp.a(alt_exception_entry.o)
 .debug_abbrev  0x00002bb2       0xcf ../proj_final_bsp/\libhal_bsp.a(alt_find_dev.o)
 .debug_abbrev  0x00002c81       0xcf ../proj_final_bsp/\libhal_bsp.a(alt_find_file.o)
 .debug_abbrev  0x00002d50       0xfb ../proj_final_bsp/\libhal_bsp.a(alt_get_fd.o)
 .debug_abbrev  0x00002e4b       0xb7 c:/altera/13.0sp1/nios2eds/bin/gnu/h-i686-mingw32/bin/../lib/gcc/nios2-elf/4.1.2/../../../../nios2-elf/lib\libc.a(lib_a-atexit.o)
 .debug_abbrev  0x00002f02       0x61 c:/altera/13.0sp1/nios2eds/bin/gnu/h-i686-mingw32/bin/../lib/gcc/nios2-elf/4.1.2/../../../../nios2-elf/lib\libc.a(lib_a-ctype_.o)
 .debug_abbrev  0x00002f63      0x16e c:/altera/13.0sp1/nios2eds/bin/gnu/h-i686-mingw32/bin/../lib/gcc/nios2-elf/4.1.2/../../../../nios2-elf/lib\libc.a(lib_a-exit.o)
 .debug_abbrev  0x000030d1      0x157 c:/altera/13.0sp1/nios2eds/bin/gnu/h-i686-mingw32/bin/../lib/gcc/nios2-elf/4.1.2/../../../../nios2-elf/lib\libc.a(lib_a-impure.o)
 .debug_abbrev  0x00003228       0x3b c:/altera/13.0sp1/nios2eds/bin/gnu/h-i686-mingw32/bin/../lib/gcc/nios2-elf/4.1.2/../../../../nios2-elf/lib\libc.a(lib_a-int_errno.o)
 .debug_abbrev  0x00003263       0x7c c:/altera/13.0sp1/nios2eds/bin/gnu/h-i686-mingw32/bin/../lib/gcc/nios2-elf/4.1.2/../../../../nios2-elf/lib\libc.a(lib_a-memcmp.o)
 .debug_abbrev  0x000032df       0xb5 c:/altera/13.0sp1/nios2eds/bin/gnu/h-i686-mingw32/bin/../lib/gcc/nios2-elf/4.1.2/../../../../nios2-elf/lib\libc.a(lib_a-memcpy.o)
 .debug_abbrev  0x00003394       0xb8 c:/altera/13.0sp1/nios2eds/bin/gnu/h-i686-mingw32/bin/../lib/gcc/nios2-elf/4.1.2/../../../../nios2-elf/lib\libc.a(lib_a-memset.o)
 .debug_abbrev  0x0000344c       0x8b c:/altera/13.0sp1/nios2eds/bin/gnu/h-i686-mingw32/bin/../lib/gcc/nios2-elf/4.1.2/../../../../nios2-elf/lib\libc.a(lib_a-strlen.o)
 .debug_abbrev  0x000034d7      0x1ae c:/altera/13.0sp1/nios2eds/bin/gnu/h-i686-mingw32/bin/../lib/gcc/nios2-elf/4.1.2/../../../../nios2-elf/lib\libc.a(lib_a-__atexit.o)
 .debug_abbrev  0x00003685      0x1de c:/altera/13.0sp1/nios2eds/bin/gnu/h-i686-mingw32/bin/../lib/gcc/nios2-elf/4.1.2/../../../../nios2-elf/lib\libc.a(lib_a-__call_atexit.o)
 .debug_abbrev  0x00003863       0xe0 c:/altera/13.0sp1/nios2eds/bin/gnu/h-i686-mingw32/bin/../lib/gcc/nios2-elf/4.1.2\libgcc.a(lib2-divmod.o)
 .debug_abbrev  0x00003943       0x72 ../proj_final_bsp/\libhal_bsp.a(alt_exit.o)

.debug_line     0x00000000     0xa97a
 *(.debug_line)
 .debug_line    0x00000000       0x57 ../proj_final_bsp//obj/HAL/src/crt0.o
 .debug_line    0x00000057      0x27c obj/default/hello_world.o
 .debug_line    0x000002d3      0x2ca ../proj_final_bsp/\libhal_bsp.a(alt_main.o)
 .debug_line    0x0000059d      0x202 ../proj_final_bsp/\libhal_bsp.a(alt_usleep.o)
 .debug_line    0x0000079f      0x3d2 ../proj_final_bsp/\libhal_bsp.a(alt_sys_init.o)
 .debug_line    0x00000b71      0x573 ../proj_final_bsp/\libhal_bsp.a(altera_avalon_cfi_flash.o)
 .debug_line    0x000010e4      0x979 ../proj_final_bsp/\libhal_bsp.a(altera_avalon_cfi_flash_table.o)
 .debug_line    0x00001a5d      0x6ef ../proj_final_bsp/\libhal_bsp.a(altera_avalon_epcs_flash_controller.o)
 .debug_line    0x0000214c      0x217 ../proj_final_bsp/\libhal_bsp.a(altera_avalon_jtag_uart_fd.o)
 .debug_line    0x00002363      0x4ab ../proj_final_bsp/\libhal_bsp.a(altera_avalon_jtag_uart_init.o)
 .debug_line    0x0000280e      0x317 ../proj_final_bsp/\libhal_bsp.a(altera_avalon_jtag_uart_ioctl.o)
 .debug_line    0x00002b25      0x3f7 ../proj_final_bsp/\libhal_bsp.a(altera_avalon_jtag_uart_read.o)
 .debug_line    0x00002f1c      0x405 ../proj_final_bsp/\libhal_bsp.a(altera_avalon_jtag_uart_write.o)
 .debug_line    0x00003321      0x8c1 ../proj_final_bsp/\libhal_bsp.a(altera_avalon_lcd_16207.o)
 .debug_line    0x00003be2      0x1b7 ../proj_final_bsp/\libhal_bsp.a(altera_avalon_lcd_16207_fd.o)
 .debug_line    0x00003d99      0x2b3 ../proj_final_bsp/\libhal_bsp.a(altera_avalon_timer_sc.o)
 .debug_line    0x0000404c      0x1d2 ../proj_final_bsp/\libhal_bsp.a(altera_avalon_uart_fd.o)
 .debug_line    0x0000421e      0x492 ../proj_final_bsp/\libhal_bsp.a(altera_avalon_uart_init.o)
 .debug_line    0x000046b0      0x404 ../proj_final_bsp/\libhal_bsp.a(altera_avalon_uart_read.o)
 .debug_line    0x00004ab4      0x3e5 ../proj_final_bsp/\libhal_bsp.a(altera_avalon_uart_write.o)
 .debug_line    0x00004e99      0x408 ../proj_final_bsp/\libhal_bsp.a(epcs_commands.o)
 .debug_line    0x000052a1      0x2dc ../proj_final_bsp/\libhal_bsp.a(alt_alarm_start.o)
 .debug_line    0x0000557d      0x25c ../proj_final_bsp/\libhal_bsp.a(alt_busy_sleep.o)
 .debug_line    0x000057d9      0x299 ../proj_final_bsp/\libhal_bsp.a(alt_close.o)
 .debug_line    0x00005a72      0x1e1 ../proj_final_bsp/\libhal_bsp.a(alt_dcache_flush.o)
 .debug_line    0x00005c53      0x254 ../proj_final_bsp/\libhal_bsp.a(alt_dev.o)
 .debug_line    0x00005ea7      0x25a ../proj_final_bsp/\libhal_bsp.a(alt_dev_llist_insert.o)
 .debug_line    0x00006101       0x83 ../proj_final_bsp/\libhal_bsp.a(alt_do_ctors.o)
 .debug_line    0x00006184       0x83 ../proj_final_bsp/\libhal_bsp.a(alt_do_dtors.o)
 .debug_line    0x00006207      0x1aa ../proj_final_bsp/\libhal_bsp.a(alt_errno.o)
 .debug_line    0x000063b1      0x268 ../proj_final_bsp/\libhal_bsp.a(alt_flash_dev.o)
 .debug_line    0x00006619      0x2c8 ../proj_final_bsp/\libhal_bsp.a(alt_iic.o)
 .debug_line    0x000068e1      0x249 ../proj_final_bsp/\libhal_bsp.a(alt_iic_isr_register.o)
 .debug_line    0x00006b2a      0x2b4 ../proj_final_bsp/\libhal_bsp.a(alt_io_redirect.o)
 .debug_line    0x00006dde       0x6b ../proj_final_bsp/\libhal_bsp.a(alt_irq_entry.o)
 .debug_line    0x00006e49      0x248 ../proj_final_bsp/\libhal_bsp.a(alt_irq_handler.o)
 .debug_line    0x00007091       0x72 ../proj_final_bsp/\libhal_bsp.a(alt_irq_vars.o)
 .debug_line    0x00007103      0x2ff ../proj_final_bsp/\libhal_bsp.a(alt_open.o)
 .debug_line    0x00007402       0xed ../proj_final_bsp/\libhal_bsp.a(alt_release_fd.o)
 .debug_line    0x000074ef      0x2dc ../proj_final_bsp/\libhal_bsp.a(alt_tick.o)
 .debug_line    0x000077cb      0x1ce ../proj_final_bsp/\libhal_bsp.a(altera_nios2_qsys_irq.o)
 .debug_line    0x00007999      0x445 ../proj_final_bsp/\libhal_bsp.a(altera_avalon_cfi_flash_amd.o)
 .debug_line    0x00007dde      0x437 ../proj_final_bsp/\libhal_bsp.a(altera_avalon_cfi_flash_intel.o)
 .debug_line    0x00008215      0x1f2 ../proj_final_bsp/\libhal_bsp.a(altera_avalon_spi.o)
 .debug_line    0x00008407       0xab ../proj_final_bsp/\libhal_bsp.a(alt_exception_entry.o)
 .debug_line    0x000084b2      0x26b ../proj_final_bsp/\libhal_bsp.a(alt_find_dev.o)
 .debug_line    0x0000871d      0x27c ../proj_final_bsp/\libhal_bsp.a(alt_find_file.o)
 .debug_line    0x00008999      0x297 ../proj_final_bsp/\libhal_bsp.a(alt_get_fd.o)
 .debug_line    0x00008c30      0x200 c:/altera/13.0sp1/nios2eds/bin/gnu/h-i686-mingw32/bin/../lib/gcc/nios2-elf/4.1.2/../../../../nios2-elf/lib\libc.a(lib_a-atexit.o)
 .debug_line    0x00008e30       0x7e c:/altera/13.0sp1/nios2eds/bin/gnu/h-i686-mingw32/bin/../lib/gcc/nios2-elf/4.1.2/../../../../nios2-elf/lib\libc.a(lib_a-ctype_.o)
 .debug_line    0x00008eae      0x238 c:/altera/13.0sp1/nios2eds/bin/gnu/h-i686-mingw32/bin/../lib/gcc/nios2-elf/4.1.2/../../../../nios2-elf/lib\libc.a(lib_a-exit.o)
 .debug_line    0x000090e6      0x22d c:/altera/13.0sp1/nios2eds/bin/gnu/h-i686-mingw32/bin/../lib/gcc/nios2-elf/4.1.2/../../../../nios2-elf/lib\libc.a(lib_a-impure.o)
 .debug_line    0x00009313      0x1df c:/altera/13.0sp1/nios2eds/bin/gnu/h-i686-mingw32/bin/../lib/gcc/nios2-elf/4.1.2/../../../../nios2-elf/lib\libc.a(lib_a-int_errno.o)
 .debug_line    0x000094f2      0x29f c:/altera/13.0sp1/nios2eds/bin/gnu/h-i686-mingw32/bin/../lib/gcc/nios2-elf/4.1.2/../../../../nios2-elf/lib\libc.a(lib_a-memcmp.o)
 .debug_line    0x00009791      0x1ac c:/altera/13.0sp1/nios2eds/bin/gnu/h-i686-mingw32/bin/../lib/gcc/nios2-elf/4.1.2/../../../../nios2-elf/lib\libc.a(lib_a-memcpy.o)
 .debug_line    0x0000993d      0x301 c:/altera/13.0sp1/nios2eds/bin/gnu/h-i686-mingw32/bin/../lib/gcc/nios2-elf/4.1.2/../../../../nios2-elf/lib\libc.a(lib_a-memset.o)
 .debug_line    0x00009c3e      0x26d c:/altera/13.0sp1/nios2eds/bin/gnu/h-i686-mingw32/bin/../lib/gcc/nios2-elf/4.1.2/../../../../nios2-elf/lib\libc.a(lib_a-strlen.o)
 .debug_line    0x00009eab      0x313 c:/altera/13.0sp1/nios2eds/bin/gnu/h-i686-mingw32/bin/../lib/gcc/nios2-elf/4.1.2/../../../../nios2-elf/lib\libc.a(lib_a-__atexit.o)
 .debug_line    0x0000a1be      0x367 c:/altera/13.0sp1/nios2eds/bin/gnu/h-i686-mingw32/bin/../lib/gcc/nios2-elf/4.1.2/../../../../nios2-elf/lib\libc.a(lib_a-__call_atexit.o)
 .debug_line    0x0000a525      0x24f c:/altera/13.0sp1/nios2eds/bin/gnu/h-i686-mingw32/bin/../lib/gcc/nios2-elf/4.1.2\libgcc.a(lib2-divmod.o)
 .debug_line    0x0000a774      0x206 ../proj_final_bsp/\libhal_bsp.a(alt_exit.o)

.debug_frame    0x00000000     0x12a4
 *(.debug_frame)
 .debug_frame   0x00000000       0x2c obj/default/hello_world.o
 .debug_frame   0x0000002c       0x2c ../proj_final_bsp/\libhal_bsp.a(alt_main.o)
 .debug_frame   0x00000058       0x2c ../proj_final_bsp/\libhal_bsp.a(alt_usleep.o)
 .debug_frame   0x00000084       0x64 ../proj_final_bsp/\libhal_bsp.a(alt_sys_init.o)
 .debug_frame   0x000000e8       0xd4 ../proj_final_bsp/\libhal_bsp.a(altera_avalon_cfi_flash.o)
 .debug_frame   0x000001bc      0x210 ../proj_final_bsp/\libhal_bsp.a(altera_avalon_cfi_flash_table.o)
 .debug_frame   0x000003cc      0x128 ../proj_final_bsp/\libhal_bsp.a(altera_avalon_epcs_flash_controller.o)
 .debug_frame   0x000004f4       0x80 ../proj_final_bsp/\libhal_bsp.a(altera_avalon_jtag_uart_fd.o)
 .debug_frame   0x00000574       0x80 ../proj_final_bsp/\libhal_bsp.a(altera_avalon_jtag_uart_init.o)
 .debug_frame   0x000005f4       0x2c ../proj_final_bsp/\libhal_bsp.a(altera_avalon_jtag_uart_ioctl.o)
 .debug_frame   0x00000620       0x2c ../proj_final_bsp/\libhal_bsp.a(altera_avalon_jtag_uart_read.o)
 .debug_frame   0x0000064c       0x2c ../proj_final_bsp/\libhal_bsp.a(altera_avalon_jtag_uart_write.o)
 .debug_frame   0x00000678      0x114 ../proj_final_bsp/\libhal_bsp.a(altera_avalon_lcd_16207.o)
 .debug_frame   0x0000078c       0x2c ../proj_final_bsp/\libhal_bsp.a(altera_avalon_lcd_16207_fd.o)
 .debug_frame   0x000007b8       0x48 ../proj_final_bsp/\libhal_bsp.a(altera_avalon_timer_sc.o)
 .debug_frame   0x00000800       0x64 ../proj_final_bsp/\libhal_bsp.a(altera_avalon_uart_fd.o)
 .debug_frame   0x00000864       0x9c ../proj_final_bsp/\libhal_bsp.a(altera_avalon_uart_init.o)
 .debug_frame   0x00000900       0x48 ../proj_final_bsp/\libhal_bsp.a(altera_avalon_uart_read.o)
 .debug_frame   0x00000948       0x48 ../proj_final_bsp/\libhal_bsp.a(altera_avalon_uart_write.o)
 .debug_frame   0x00000990      0x160 ../proj_final_bsp/\libhal_bsp.a(epcs_commands.o)
 .debug_frame   0x00000af0       0x2c ../proj_final_bsp/\libhal_bsp.a(alt_alarm_start.o)
 .debug_frame   0x00000b1c       0x2c ../proj_final_bsp/\libhal_bsp.a(alt_busy_sleep.o)
 .debug_frame   0x00000b48       0x48 ../proj_final_bsp/\libhal_bsp.a(alt_close.o)
 .debug_frame   0x00000b90       0x2c ../proj_final_bsp/\libhal_bsp.a(alt_dcache_flush.o)
 .debug_frame   0x00000bbc       0x2c ../proj_final_bsp/\libhal_bsp.a(alt_dev.o)
 .debug_frame   0x00000be8       0x48 ../proj_final_bsp/\libhal_bsp.a(alt_dev_llist_insert.o)
 .debug_frame   0x00000c30       0x2c ../proj_final_bsp/\libhal_bsp.a(alt_do_ctors.o)
 .debug_frame   0x00000c5c       0x2c ../proj_final_bsp/\libhal_bsp.a(alt_do_dtors.o)
 .debug_frame   0x00000c88       0x48 ../proj_final_bsp/\libhal_bsp.a(alt_flash_dev.o)
 .debug_frame   0x00000cd0       0x80 ../proj_final_bsp/\libhal_bsp.a(alt_iic.o)
 .debug_frame   0x00000d50       0x2c ../proj_final_bsp/\libhal_bsp.a(alt_iic_isr_register.o)
 .debug_frame   0x00000d7c       0x48 ../proj_final_bsp/\libhal_bsp.a(alt_io_redirect.o)
 .debug_frame   0x00000dc4       0x2c ../proj_final_bsp/\libhal_bsp.a(alt_irq_handler.o)
 .debug_frame   0x00000df0       0x64 ../proj_final_bsp/\libhal_bsp.a(alt_open.o)
 .debug_frame   0x00000e54       0x2c ../proj_final_bsp/\libhal_bsp.a(alt_release_fd.o)
 .debug_frame   0x00000e80       0x48 ../proj_final_bsp/\libhal_bsp.a(alt_tick.o)
 .debug_frame   0x00000ec8       0x2c ../proj_final_bsp/\libhal_bsp.a(altera_nios2_qsys_irq.o)
 .debug_frame   0x00000ef4       0x80 ../proj_final_bsp/\libhal_bsp.a(altera_avalon_cfi_flash_amd.o)
 .debug_frame   0x00000f74       0x80 ../proj_final_bsp/\libhal_bsp.a(altera_avalon_cfi_flash_intel.o)
 .debug_frame   0x00000ff4       0x2c ../proj_final_bsp/\libhal_bsp.a(altera_avalon_spi.o)
 .debug_frame   0x00001020       0x2c ../proj_final_bsp/\libhal_bsp.a(alt_find_dev.o)
 .debug_frame   0x0000104c       0x2c ../proj_final_bsp/\libhal_bsp.a(alt_find_file.o)
 .debug_frame   0x00001078       0x2c ../proj_final_bsp/\libhal_bsp.a(alt_get_fd.o)
 .debug_frame   0x000010a4       0x20 c:/altera/13.0sp1/nios2eds/bin/gnu/h-i686-mingw32/bin/../lib/gcc/nios2-elf/4.1.2/../../../../nios2-elf/lib\libc.a(lib_a-atexit.o)
 .debug_frame   0x000010c4       0x28 c:/altera/13.0sp1/nios2eds/bin/gnu/h-i686-mingw32/bin/../lib/gcc/nios2-elf/4.1.2/../../../../nios2-elf/lib\libc.a(lib_a-exit.o)
 .debug_frame   0x000010ec       0x20 c:/altera/13.0sp1/nios2eds/bin/gnu/h-i686-mingw32/bin/../lib/gcc/nios2-elf/4.1.2/../../../../nios2-elf/lib\libc.a(lib_a-memcmp.o)
 .debug_frame   0x0000110c       0x20 c:/altera/13.0sp1/nios2eds/bin/gnu/h-i686-mingw32/bin/../lib/gcc/nios2-elf/4.1.2/../../../../nios2-elf/lib\libc.a(lib_a-memcpy.o)
 .debug_frame   0x0000112c       0x20 c:/altera/13.0sp1/nios2eds/bin/gnu/h-i686-mingw32/bin/../lib/gcc/nios2-elf/4.1.2/../../../../nios2-elf/lib\libc.a(lib_a-memset.o)
 .debug_frame   0x0000114c       0x20 c:/altera/13.0sp1/nios2eds/bin/gnu/h-i686-mingw32/bin/../lib/gcc/nios2-elf/4.1.2/../../../../nios2-elf/lib\libc.a(lib_a-strlen.o)
 .debug_frame   0x0000116c       0x34 c:/altera/13.0sp1/nios2eds/bin/gnu/h-i686-mingw32/bin/../lib/gcc/nios2-elf/4.1.2/../../../../nios2-elf/lib\libc.a(lib_a-__atexit.o)
 .debug_frame   0x000011a0       0x4c c:/altera/13.0sp1/nios2eds/bin/gnu/h-i686-mingw32/bin/../lib/gcc/nios2-elf/4.1.2/../../../../nios2-elf/lib\libc.a(lib_a-__call_atexit.o)
 .debug_frame   0x000011ec       0x70 c:/altera/13.0sp1/nios2eds/bin/gnu/h-i686-mingw32/bin/../lib/gcc/nios2-elf/4.1.2\libgcc.a(lib2-divmod.o)
 .debug_frame   0x0000125c       0x48 ../proj_final_bsp/\libhal_bsp.a(alt_exit.o)

.debug_str      0x00000000     0x107e
 *(.debug_str)
 .debug_str     0x00000000       0x12 obj/default/hello_world.o
 .debug_str     0x00000012       0x12 ../proj_final_bsp/\libhal_bsp.a(alt_main.o)
 .debug_str     0x00000024       0x12 ../proj_final_bsp/\libhal_bsp.a(alt_usleep.o)
 .debug_str     0x00000036       0x52 ../proj_final_bsp/\libhal_bsp.a(alt_sys_init.o)
 .debug_str     0x00000088       0x82 ../proj_final_bsp/\libhal_bsp.a(altera_avalon_cfi_flash.o)
 .debug_str     0x0000010a       0x6d ../proj_final_bsp/\libhal_bsp.a(altera_avalon_cfi_flash_table.o)
 .debug_str     0x00000177       0x90 ../proj_final_bsp/\libhal_bsp.a(altera_avalon_epcs_flash_controller.o)
 .debug_str     0x00000207       0x12 ../proj_final_bsp/\libhal_bsp.a(altera_avalon_jtag_uart_fd.o)
 .debug_str     0x00000219       0x1a ../proj_final_bsp/\libhal_bsp.a(altera_avalon_jtag_uart_init.o)
 .debug_str     0x00000233       0x12 ../proj_final_bsp/\libhal_bsp.a(altera_avalon_jtag_uart_ioctl.o)
 .debug_str     0x00000245       0x1a ../proj_final_bsp/\libhal_bsp.a(altera_avalon_jtag_uart_read.o)
 .debug_str     0x0000025f       0x1a ../proj_final_bsp/\libhal_bsp.a(altera_avalon_jtag_uart_write.o)
 .debug_str     0x00000279       0x25 ../proj_final_bsp/\libhal_bsp.a(altera_avalon_lcd_16207.o)
 .debug_str     0x0000029e       0x12 ../proj_final_bsp/\libhal_bsp.a(altera_avalon_lcd_16207_fd.o)
 .debug_str     0x000002b0       0x12 ../proj_final_bsp/\libhal_bsp.a(altera_avalon_timer_sc.o)
 .debug_str     0x000002c2       0x12 ../proj_final_bsp/\libhal_bsp.a(altera_avalon_uart_fd.o)
 .debug_str     0x000002d4       0x19 ../proj_final_bsp/\libhal_bsp.a(altera_avalon_uart_init.o)
 .debug_str     0x000002ed       0x1a ../proj_final_bsp/\libhal_bsp.a(altera_avalon_uart_read.o)
 .debug_str     0x00000307       0x1a ../proj_final_bsp/\libhal_bsp.a(altera_avalon_uart_write.o)
 .debug_str     0x00000321       0x2e ../proj_final_bsp/\libhal_bsp.a(epcs_commands.o)
 .debug_str     0x0000034f       0x23 ../proj_final_bsp/\libhal_bsp.a(alt_alarm_start.o)
 .debug_str     0x00000372       0x12 ../proj_final_bsp/\libhal_bsp.a(alt_busy_sleep.o)
 .debug_str     0x00000384       0x12 ../proj_final_bsp/\libhal_bsp.a(alt_close.o)
 .debug_str     0x00000396       0x12 ../proj_final_bsp/\libhal_bsp.a(alt_dcache_flush.o)
 .debug_str     0x000003a8       0x12 ../proj_final_bsp/\libhal_bsp.a(alt_dev.o)
 .debug_str     0x000003ba       0x12 ../proj_final_bsp/\libhal_bsp.a(alt_dev_llist_insert.o)
 .debug_str     0x000003cc       0x12 ../proj_final_bsp/\libhal_bsp.a(alt_errno.o)
 .debug_str     0x000003de       0x2d ../proj_final_bsp/\libhal_bsp.a(alt_flash_dev.o)
 .debug_str     0x0000040b       0x18 ../proj_final_bsp/\libhal_bsp.a(alt_iic.o)
 .debug_str     0x00000423       0x1a ../proj_final_bsp/\libhal_bsp.a(alt_iic_isr_register.o)
 .debug_str     0x0000043d       0x12 ../proj_final_bsp/\libhal_bsp.a(alt_io_redirect.o)
 .debug_str     0x0000044f       0x12 ../proj_final_bsp/\libhal_bsp.a(alt_irq_handler.o)
 .debug_str     0x00000461       0x12 ../proj_final_bsp/\libhal_bsp.a(alt_open.o)
 .debug_str     0x00000473       0x1a ../proj_final_bsp/\libhal_bsp.a(alt_tick.o)
 .debug_str     0x0000048d       0x12 ../proj_final_bsp/\libhal_bsp.a(altera_nios2_qsys_irq.o)
 .debug_str     0x0000049f       0x76 ../proj_final_bsp/\libhal_bsp.a(altera_avalon_cfi_flash_amd.o)
 .debug_str     0x00000515       0x7d ../proj_final_bsp/\libhal_bsp.a(altera_avalon_cfi_flash_intel.o)
 .debug_str     0x00000592       0x12 ../proj_final_bsp/\libhal_bsp.a(alt_find_dev.o)
 .debug_str     0x000005a4       0x12 ../proj_final_bsp/\libhal_bsp.a(alt_find_file.o)
 .debug_str     0x000005b6       0x12 ../proj_final_bsp/\libhal_bsp.a(alt_get_fd.o)
 .debug_str     0x000005c8      0x179 c:/altera/13.0sp1/nios2eds/bin/gnu/h-i686-mingw32/bin/../lib/gcc/nios2-elf/4.1.2/../../../../nios2-elf/lib\libc.a(lib_a-atexit.o)
                                0x1bf (size before relaxing)
 .debug_str     0x00000741       0xe2 c:/altera/13.0sp1/nios2eds/bin/gnu/h-i686-mingw32/bin/../lib/gcc/nios2-elf/4.1.2/../../../../nios2-elf/lib\libc.a(lib_a-ctype_.o)
                                0x105 (size before relaxing)
 .debug_str     0x00000823      0x384 c:/altera/13.0sp1/nios2eds/bin/gnu/h-i686-mingw32/bin/../lib/gcc/nios2-elf/4.1.2/../../../../nios2-elf/lib\libc.a(lib_a-exit.o)
                                0x50c (size before relaxing)
 .debug_str     0x00000ba7       0xd1 c:/altera/13.0sp1/nios2eds/bin/gnu/h-i686-mingw32/bin/../lib/gcc/nios2-elf/4.1.2/../../../../nios2-elf/lib\libc.a(lib_a-impure.o)
                                0x51a (size before relaxing)
 .debug_str     0x00000c78       0x3d c:/altera/13.0sp1/nios2eds/bin/gnu/h-i686-mingw32/bin/../lib/gcc/nios2-elf/4.1.2/../../../../nios2-elf/lib\libc.a(lib_a-int_errno.o)
                                0x163 (size before relaxing)
 .debug_str     0x00000cb5       0xd5 c:/altera/13.0sp1/nios2eds/bin/gnu/h-i686-mingw32/bin/../lib/gcc/nios2-elf/4.1.2/../../../../nios2-elf/lib\libc.a(lib_a-memcmp.o)
                                0x16a (size before relaxing)
 .debug_str     0x00000d8a       0x69 c:/altera/13.0sp1/nios2eds/bin/gnu/h-i686-mingw32/bin/../lib/gcc/nios2-elf/4.1.2/../../../../nios2-elf/lib\libc.a(lib_a-memcpy.o)
                                0x128 (size before relaxing)
 .debug_str     0x00000df3       0x56 c:/altera/13.0sp1/nios2eds/bin/gnu/h-i686-mingw32/bin/../lib/gcc/nios2-elf/4.1.2/../../../../nios2-elf/lib\libc.a(lib_a-memset.o)
                                0x17e (size before relaxing)
 .debug_str     0x00000e49       0x42 c:/altera/13.0sp1/nios2eds/bin/gnu/h-i686-mingw32/bin/../lib/gcc/nios2-elf/4.1.2/../../../../nios2-elf/lib\libc.a(lib_a-strlen.o)
                                0x17d (size before relaxing)
 .debug_str     0x00000e8b       0x51 c:/altera/13.0sp1/nios2eds/bin/gnu/h-i686-mingw32/bin/../lib/gcc/nios2-elf/4.1.2/../../../../nios2-elf/lib\libc.a(lib_a-__atexit.o)
                                0x524 (size before relaxing)
 .debug_str     0x00000edc       0x7b c:/altera/13.0sp1/nios2eds/bin/gnu/h-i686-mingw32/bin/../lib/gcc/nios2-elf/4.1.2/../../../../nios2-elf/lib\libc.a(lib_a-__call_atexit.o)
                                0x54e (size before relaxing)
 .debug_str     0x00000f57      0x10b c:/altera/13.0sp1/nios2eds/bin/gnu/h-i686-mingw32/bin/../lib/gcc/nios2-elf/4.1.2\libgcc.a(lib2-divmod.o)
                                0x1b4 (size before relaxing)
 .debug_str     0x00001062       0x1c ../proj_final_bsp/\libhal_bsp.a(alt_exit.o)

.debug_loc      0x00000000     0x1d81
 *(.debug_loc)
 .debug_loc     0x00000000       0x2b obj/default/hello_world.o
 .debug_loc     0x0000002b       0x2b ../proj_final_bsp/\libhal_bsp.a(alt_main.o)
 .debug_loc     0x00000056       0x2b ../proj_final_bsp/\libhal_bsp.a(alt_usleep.o)
 .debug_loc     0x00000081       0x81 ../proj_final_bsp/\libhal_bsp.a(alt_sys_init.o)
 .debug_loc     0x00000102      0x12e ../proj_final_bsp/\libhal_bsp.a(altera_avalon_cfi_flash.o)
 .debug_loc     0x00000230      0x306 ../proj_final_bsp/\libhal_bsp.a(altera_avalon_cfi_flash_table.o)
 .debug_loc     0x00000536      0x1af ../proj_final_bsp/\libhal_bsp.a(altera_avalon_epcs_flash_controller.o)
 .debug_loc     0x000006e5       0xac ../proj_final_bsp/\libhal_bsp.a(altera_avalon_jtag_uart_fd.o)
 .debug_loc     0x00000791       0xac ../proj_final_bsp/\libhal_bsp.a(altera_avalon_jtag_uart_init.o)
 .debug_loc     0x0000083d       0x2b ../proj_final_bsp/\libhal_bsp.a(altera_avalon_jtag_uart_ioctl.o)
 .debug_loc     0x00000868       0x2b ../proj_final_bsp/\libhal_bsp.a(altera_avalon_jtag_uart_read.o)
 .debug_loc     0x00000893       0x2b ../proj_final_bsp/\libhal_bsp.a(altera_avalon_jtag_uart_write.o)
 .debug_loc     0x000008be      0x183 ../proj_final_bsp/\libhal_bsp.a(altera_avalon_lcd_16207.o)
 .debug_loc     0x00000a41       0x2b ../proj_final_bsp/\libhal_bsp.a(altera_avalon_lcd_16207_fd.o)
 .debug_loc     0x00000a6c       0x56 ../proj_final_bsp/\libhal_bsp.a(altera_avalon_timer_sc.o)
 .debug_loc     0x00000ac2       0x81 ../proj_final_bsp/\libhal_bsp.a(altera_avalon_uart_fd.o)
 .debug_loc     0x00000b43       0xd7 ../proj_final_bsp/\libhal_bsp.a(altera_avalon_uart_init.o)
 .debug_loc     0x00000c1a       0x57 ../proj_final_bsp/\libhal_bsp.a(altera_avalon_uart_read.o)
 .debug_loc     0x00000c71       0x56 ../proj_final_bsp/\libhal_bsp.a(altera_avalon_uart_write.o)
 .debug_loc     0x00000cc7      0x204 ../proj_final_bsp/\libhal_bsp.a(epcs_commands.o)
 .debug_loc     0x00000ecb       0x2b ../proj_final_bsp/\libhal_bsp.a(alt_alarm_start.o)
 .debug_loc     0x00000ef6       0x2b ../proj_final_bsp/\libhal_bsp.a(alt_busy_sleep.o)