Archive member included because of file (symbol)

c:/altera/13.0sp1/nios2eds/bin/gnu/h-i686-mingw32/bin/../lib/gcc/nios2-elf/4.1.2/../../../../nios2-elf/lib\libsmallc.a(lib_a-printf.o)
                              obj/default/hello_world_small.o (printf)
c:/altera/13.0sp1/nios2eds/bin/gnu/h-i686-mingw32/bin/../lib/gcc/nios2-elf/4.1.2/../../../../nios2-elf/lib\libsmallc.a(lib_a-vfprintf.o)
                              c:/altera/13.0sp1/nios2eds/bin/gnu/h-i686-mingw32/bin/../lib/gcc/nios2-elf/4.1.2/../../../../nios2-elf/lib\libsmallc.a(lib_a-printf.o) (___vfprintf_internal_r)
c:/altera/13.0sp1/nios2eds/bin/gnu/h-i686-mingw32/bin/../lib/gcc/nios2-elf/4.1.2/../../../../nios2-elf/lib\libsmallc.a(lib_a-fvwrite_small_dev.o)
                              c:/altera/13.0sp1/nios2eds/bin/gnu/h-i686-mingw32/bin/../lib/gcc/nios2-elf/4.1.2/../../../../nios2-elf/lib\libsmallc.a(lib_a-printf.o) (__sfvwrite_small_dev)
c:/altera/13.0sp1/nios2eds/bin/gnu/h-i686-mingw32/bin/../lib/gcc/nios2-elf/4.1.2/../../../../nios2-elf/lib\libsmallc.a(lib_a-impure.o)
                              c:/altera/13.0sp1/nios2eds/bin/gnu/h-i686-mingw32/bin/../lib/gcc/nios2-elf/4.1.2/../../../../nios2-elf/lib\libsmallc.a(lib_a-printf.o) (_impure_ptr)
c:/altera/13.0sp1/nios2eds/bin/gnu/h-i686-mingw32/bin/../lib/gcc/nios2-elf/4.1.2/../../../../nios2-elf/lib\libsmallc.a(lib_a-strlen.o)
                              c:/altera/13.0sp1/nios2eds/bin/gnu/h-i686-mingw32/bin/../lib/gcc/nios2-elf/4.1.2/../../../../nios2-elf/lib\libsmallc.a(lib_a-vfprintf.o) (strlen)
c:/altera/13.0sp1/nios2eds/bin/gnu/h-i686-mingw32/bin/../lib/gcc/nios2-elf/4.1.2/../../../../nios2-elf/lib\libsmallc.a(lib_a-writer.o)
                              c:/altera/13.0sp1/nios2eds/bin/gnu/h-i686-mingw32/bin/../lib/gcc/nios2-elf/4.1.2/../../../../nios2-elf/lib\libsmallc.a(lib_a-fvwrite_small_dev.o) (_write_r)
c:/altera/13.0sp1/nios2eds/bin/gnu/h-i686-mingw32/bin/../lib/gcc/nios2-elf/4.1.2/../../../../nios2-elf/lib\libsmallc.a(lib_a-int_errno.o)
                              c:/altera/13.0sp1/nios2eds/bin/gnu/h-i686-mingw32/bin/../lib/gcc/nios2-elf/4.1.2/../../../../nios2-elf/lib\libsmallc.a(lib_a-writer.o) (errno)
c:/altera/13.0sp1/nios2eds/bin/gnu/h-i686-mingw32/bin/../lib/gcc/nios2-elf/4.1.2\libgcc.a(lib2-divmod.o)
                              c:/altera/13.0sp1/nios2eds/bin/gnu/h-i686-mingw32/bin/../lib/gcc/nios2-elf/4.1.2/../../../../nios2-elf/lib\libsmallc.a(lib_a-vfprintf.o) (__udivsi3)
../11_bsp/\libhal_bsp.a(alt_main.o)
                              ../11_bsp//obj/HAL/src/crt0.o (alt_main)
../11_bsp/\libhal_bsp.a(alt_write.o)
                              c:/altera/13.0sp1/nios2eds/bin/gnu/h-i686-mingw32/bin/../lib/gcc/nios2-elf/4.1.2/../../../../nios2-elf/lib\libsmallc.a(lib_a-writer.o) (write)
../11_bsp/\libhal_bsp.a(alt_sys_init.o)
                              ../11_bsp/\libhal_bsp.a(alt_main.o) (alt_sys_init)
../11_bsp/\libhal_bsp.a(altera_avalon_jtag_uart_write.o)
                              ../11_bsp/\libhal_bsp.a(alt_write.o) (altera_avalon_jtag_uart_write)
../11_bsp/\libhal_bsp.a(alt_errno.o)
                              ../11_bsp/\libhal_bsp.a(alt_write.o) (alt_errno)
../11_bsp/\libhal_bsp.a(altera_nios2_qsys_irq.o)
                              ../11_bsp/\libhal_bsp.a(alt_sys_init.o) (altera_nios2_qsys_irq_init)

Allocating common symbols
Common symbol       size              file

errno               0x4               c:/altera/13.0sp1/nios2eds/bin/gnu/h-i686-mingw32/bin/../lib/gcc/nios2-elf/4.1.2/../../../../nios2-elf/lib\libsmallc.a(lib_a-int_errno.o)
i                   0x4               obj/default/hello_world_small.o

Memory Configuration

Name             Origin             Length             Attributes
sdram_0_BEFORE_EXCEPTION 0x00800000         0x00000020
sdram_0          0x00800020         0x007fffe0
reset            0x01400000         0x00000020
cfi_flash_0      0x01400020         0x003fffe0
sram_0           0x01a00000         0x00080000
epcs_controller  0x01a81800         0x00000800
*default*        0x00000000         0xffffffff

Linker script and memory map

LOAD ../11_bsp//obj/HAL/src/crt0.o
                0x01400000                exit = _exit
LOAD obj/default/hello_world_small.o
LOAD c:/altera/13.0sp1/nios2eds/bin/gnu/h-i686-mingw32/bin/../lib/gcc/nios2-elf/4.1.2/../../../../nios2-elf/lib\libstdc++.a
LOAD c:/altera/13.0sp1/nios2eds/bin/gnu/h-i686-mingw32/bin/../lib/gcc/nios2-elf/4.1.2/../../../../nios2-elf/lib\libm.a
LOAD c:/altera/13.0sp1/nios2eds/bin/gnu/h-i686-mingw32/bin/../lib/gcc/nios2-elf/4.1.2\libgcc.a
START GROUP
LOAD c:/altera/13.0sp1/nios2eds/bin/gnu/h-i686-mingw32/bin/../lib/gcc/nios2-elf/4.1.2/../../../../nios2-elf/lib\libsmallc.a
LOAD c:/altera/13.0sp1/nios2eds/bin/gnu/h-i686-mingw32/bin/../lib/gcc/nios2-elf/4.1.2\libgcc.a
LOAD ../11_bsp/\libhal_bsp.a
END GROUP
LOAD c:/altera/13.0sp1/nios2eds/bin/gnu/h-i686-mingw32/bin/../lib/gcc/nios2-elf/4.1.2\libgcc.a
                0x00800000                __alt_mem_sdram_0 = 0x800000
                0x01400000                __alt_mem_cfi_flash_0 = 0x1400000
                0x01a00000                __alt_mem_sram_0 = 0x1a00000
                0x01a81800                __alt_mem_epcs_controller = 0x1a81800

.entry          0x01400000        0x0
 *(.entry)
 .entry         0x01400000        0x0 ../11_bsp//obj/HAL/src/crt0.o
                0x01400000                _exit
                0x01400000                __reset

.exceptions     0x00800020        0x0
                0x00800020                PROVIDE (__ram_exceptions_start, ABSOLUTE (.))
                0x00800020                . = ALIGN (0x20)
 *(.irq)
 *(.exceptions.entry.label)
 *(.exceptions.entry.user)
 *(.exceptions.entry)
 *(.exceptions.irqtest.user)
 *(.exceptions.irqtest)
 *(.exceptions.irqhandler.user)
 *(.exceptions.irqhandler)
 *(.exceptions.irqreturn.user)
 *(.exceptions.irqreturn)
 *(.exceptions.notirq.label)
 *(.exceptions.notirq.user)
 *(.exceptions.notirq)
 *(.exceptions.soft.user)
 *(.exceptions.soft)
 *(.exceptions.unknown.user)
 *(.exceptions.unknown)
 *(.exceptions.exit.label)
 *(.exceptions.exit.user)
 *(.exceptions.exit)
 *(.exceptions)
                0x00800020                PROVIDE (__ram_exceptions_end, ABSOLUTE (.))
                0x00800020                PROVIDE (__flash_exceptions_start, LOADADDR (.exceptions))

.text           0x00800020      0xc08
                0x00800020                PROVIDE (stext, ABSOLUTE (.))
 *(.interp)
 *(.hash)
 *(.dynsym)
 *(.dynstr)
 *(.gnu.version)
 *(.gnu.version_d)
 *(.gnu.version_r)
 *(.rel.init)
 *(.rela.init)
 *(.rel.text .rel.text.* .rel.gnu.linkonce.t.*)
 *(.rela.text .rela.text.* .rela.gnu.linkonce.t.*)
 *(.rel.fini)
 *(.rela.fini)
 *(.rel.rodata .rel.rodata.* .rel.gnu.linkonce.r.*)
 *(.rela.rodata .rela.rodata.* .rela.gnu.linkonce.r.*)
 *(.rel.data .rel.data.* .rel.gnu.linkonce.d.*)
 *(.rela.data .rela.data.* .rela.gnu.linkonce.d.*)
 *(.rel.tdata .rel.tdata.* .rel.gnu.linkonce.td.*)
 *(.rela.tdata .rela.tdata.* .rela.gnu.linkonce.td.*)
 *(.rel.tbss .rel.tbss.* .rel.gnu.linkonce.tb.*)
 *(.rela.tbss .rela.tbss.* .rela.gnu.linkonce.tb.*)
 *(.rel.ctors)
 *(.rela.ctors)
 *(.rel.dtors)
 *(.rela.dtors)
 *(.rel.got)
 *(.rela.got)
 *(.rel.sdata .rel.sdata.* .rel.gnu.linkonce.s.*)
 *(.rela.sdata .rela.sdata.* .rela.gnu.linkonce.s.*)
 *(.rel.sbss .rel.sbss.* .rel.gnu.linkonce.sb.*)
 *(.rela.sbss .rela.sbss.* .rela.gnu.linkonce.sb.*)
 *(.rel.sdata2 .rel.sdata2.* .rel.gnu.linkonce.s2.*)
 *(.rela.sdata2 .rela.sdata2.* .rela.gnu.linkonce.s2.*)
 *(.rel.sbss2 .rel.sbss2.* .rel.gnu.linkonce.sb2.*)
 *(.rela.sbss2 .rela.sbss2.* .rela.gnu.linkonce.sb2.*)
 *(.rel.bss .rel.bss.* .rel.gnu.linkonce.b.*)
 *(.rela.bss .rela.bss.* .rela.gnu.linkonce.b.*)
 *(.rel.plt)
 *(.rela.plt)
 *(.rel.dyn)
 *(.init)
 *(.plt)
 *(.text .stub .text.* .gnu.linkonce.t.*)
 .text          0x00800020       0x48 ../11_bsp//obj/HAL/src/crt0.o
                0x00800020                _start
 .text          0x00800068       0xb0 obj/default/hello_world_small.o
                0x00800068                main
 .text          0x00800118       0x98 c:/altera/13.0sp1/nios2eds/bin/gnu/h-i686-mingw32/bin/../lib/gcc/nios2-elf/4.1.2/../../../../nios2-elf/lib\libsmallc.a(lib_a-printf.o)
                0x00800118                printf
                0x0080016c                _printf_r
 .text          0x008001b0      0x6d4 c:/altera/13.0sp1/nios2eds/bin/gnu/h-i686-mingw32/bin/../lib/gcc/nios2-elf/4.1.2/../../../../nios2-elf/lib\libsmallc.a(lib_a-vfprintf.o)
                0x00800230                ___vfprintf_internal_r
                0x00800860                __vfprintf_internal
 .text          0x00800884       0xbc c:/altera/13.0sp1/nios2eds/bin/gnu/h-i686-mingw32/bin/../lib/gcc/nios2-elf/4.1.2/../../../../nios2-elf/lib\libsmallc.a(lib_a-fvwrite_small_dev.o)
                0x00800884                __sfvwrite_small_dev
 .text          0x00800940        0x0 c:/altera/13.0sp1/nios2eds/bin/gnu/h-i686-mingw32/bin/../lib/gcc/nios2-elf/4.1.2/../../../../nios2-elf/lib\libsmallc.a(lib_a-impure.o)
 .text          0x00800940       0x20 c:/altera/13.0sp1/nios2eds/bin/gnu/h-i686-mingw32/bin/../lib/gcc/nios2-elf/4.1.2/../../../../nios2-elf/lib\libsmallc.a(lib_a-strlen.o)
                0x00800940                strlen
 .text          0x00800960       0x78 c:/altera/13.0sp1/nios2eds/bin/gnu/h-i686-mingw32/bin/../lib/gcc/nios2-elf/4.1.2/../../../../nios2-elf/lib\libsmallc.a(lib_a-writer.o)
                0x00800960                _write_r
 .text          0x008009d8        0x0 c:/altera/13.0sp1/nios2eds/bin/gnu/h-i686-mingw32/bin/../lib/gcc/nios2-elf/4.1.2/../../../../nios2-elf/lib\libsmallc.a(lib_a-int_errno.o)
 .text          0x008009d8      0x14c c:/altera/13.0sp1/nios2eds/bin/gnu/h-i686-mingw32/bin/../lib/gcc/nios2-elf/4.1.2\libgcc.a(lib2-divmod.o)
                0x00800a54                __divsi3
                0x00800ab4                __modsi3
                0x00800b14                __udivsi3
                0x00800b1c                __umodsi3
 .text          0x00800b24       0x2c ../11_bsp/\libhal_bsp.a(alt_main.o)
                0x00800b24                alt_main
 .text          0x00800b50       0x78 ../11_bsp/\libhal_bsp.a(alt_write.o)
                0x00800b50                write
 .text          0x00800bc8       0x24 ../11_bsp/\libhal_bsp.a(alt_sys_init.o)
                0x00800bc8                alt_sys_init
                0x00800bcc                alt_irq_init
 .text          0x00800bec       0x34 ../11_bsp/\libhal_bsp.a(altera_avalon_jtag_uart_write.o)
                0x00800bec                altera_avalon_jtag_uart_write
 .text          0x00800c20        0x0 ../11_bsp/\libhal_bsp.a(alt_errno.o)
 .text          0x00800c20        0x8 ../11_bsp/\libhal_bsp.a(altera_nios2_qsys_irq.o)
                0x00800c20                altera_nios2_qsys_irq_init
 *(.gnu.warning.*)
 *(.fini)
                0x00800c28                PROVIDE (__etext, ABSOLUTE (.))
                0x00800c28                PROVIDE (_etext, ABSOLUTE (.))
                0x00800c28                PROVIDE (etext, ABSOLUTE (.))
 *(.eh_frame_hdr)
                0x00800c28                . = ALIGN (0x4)
                0x00800c28                PROVIDE (__preinit_array_start, ABSOLUTE (.))
 *(.preinit_array)
                0x00800c28                PROVIDE (__preinit_array_end, ABSOLUTE (.))
                0x00800c28                PROVIDE (__init_array_start, ABSOLUTE (.))
 *(.init_array)
                0x00800c28                PROVIDE (__init_array_end, ABSOLUTE (.))
                0x00800c28                PROVIDE (__fini_array_start, ABSOLUTE (.))
 *(.fini_array)
                0x00800c28                PROVIDE (__fini_array_end, ABSOLUTE (.))
 *(.eh_frame)
 *(.gcc_except_table)
 *(.dynamic)
                0x00800c28                PROVIDE (__CTOR_LIST__, ABSOLUTE (.))
 *(.ctors)
 *(SORT(.ctors.*))
                0x00800c28                PROVIDE (__CTOR_END__, ABSOLUTE (.))
                0x00800c28                PROVIDE (__DTOR_LIST__, ABSOLUTE (.))
 *(.dtors)
 *(SORT(.dtors.*))
                0x00800c28                PROVIDE (__DTOR_END__, ABSOLUTE (.))
 *(.jcr)
                0x00800c28                . = ALIGN (0x4)

.rodata         0x00800c28        0x8
                0x00800c28                PROVIDE (__ram_rodata_start, ABSOLUTE (.))
                0x00800c28                . = ALIGN (0x4)
 *(.rodata .rodata.* .gnu.linkonce.r.*)
 .rodata.str1.4
                0x00800c28        0x8 obj/default/hello_world_small.o
 *(.rodata1)
                0x00800c30                . = ALIGN (0x4)
                0x00800c30                PROVIDE (__ram_rodata_end, ABSOLUTE (.))
                0x00800c28                PROVIDE (__flash_rodata_start, LOADADDR (.rodata))

.rwdata         0x00800c30       0xf4
                0x00800c30                PROVIDE (__ram_rwdata_start, ABSOLUTE (.))
                0x00800c30                . = ALIGN (0x4)
 *(.got.plt)
 *(.got)
 *(.data1)
 *(.data .data.* .gnu.linkonce.d.*)
 .data          0x00800c30        0x0 ../11_bsp//obj/HAL/src/crt0.o
 .data          0x00800c30        0x0 obj/default/hello_world_small.o
 .data          0x00800c30        0x0 c:/altera/13.0sp1/nios2eds/bin/gnu/h-i686-mingw32/bin/../lib/gcc/nios2-elf/4.1.2/../../../../nios2-elf/lib\libsmallc.a(lib_a-printf.o)
 .data          0x00800c30        0x0 c:/altera/13.0sp1/nios2eds/bin/gnu/h-i686-mingw32/bin/../lib/gcc/nios2-elf/4.1.2/../../../../nios2-elf/lib\libsmallc.a(lib_a-vfprintf.o)
 .data          0x00800c30        0x0 c:/altera/13.0sp1/nios2eds/bin/gnu/h-i686-mingw32/bin/../lib/gcc/nios2-elf/4.1.2/../../../../nios2-elf/lib\libsmallc.a(lib_a-fvwrite_small_dev.o)
 .data          0x00800c30       0xe0 c:/altera/13.0sp1/nios2eds/bin/gnu/h-i686-mingw32/bin/../lib/gcc/nios2-elf/4.1.2/../../../../nios2-elf/lib\libsmallc.a(lib_a-impure.o)
 .data          0x00800d10        0x0 c:/altera/13.0sp1/nios2eds/bin/gnu/h-i686-mingw32/bin/../lib/gcc/nios2-elf/4.1.2/../../../../nios2-elf/lib\libsmallc.a(lib_a-strlen.o)
 .data          0x00800d10        0x0 c:/altera/13.0sp1/nios2eds/bin/gnu/h-i686-mingw32/bin/../lib/gcc/nios2-elf/4.1.2/../../../../nios2-elf/lib\libsmallc.a(lib_a-writer.o)
 .data          0x00800d10        0x0 c:/altera/13.0sp1/nios2eds/bin/gnu/h-i686-mingw32/bin/../lib/gcc/nios2-elf/4.1.2/../../../../nios2-elf/lib\libsmallc.a(lib_a-int_errno.o)
 .data          0x00800d10        0x0 c:/altera/13.0sp1/nios2eds/bin/gnu/h-i686-mingw32/bin/../lib/gcc/nios2-elf/4.1.2\libgcc.a(lib2-divmod.o)
 .data          0x00800d10        0x0 ../11_bsp/\libhal_bsp.a(alt_main.o)
 .data          0x00800d10        0x0 ../11_bsp/\libhal_bsp.a(alt_write.o)
 .data          0x00800d10        0x0 ../11_bsp/\libhal_bsp.a(alt_sys_init.o)
 .data          0x00800d10        0x0 ../11_bsp/\libhal_bsp.a(altera_avalon_jtag_uart_write.o)
 .data          0x00800d10        0x0 ../11_bsp/\libhal_bsp.a(alt_errno.o)
 .data          0x00800d10        0x0 ../11_bsp/\libhal_bsp.a(altera_nios2_qsys_irq.o)
                0x00808d10                _gp = ABSOLUTE ((. + 0x8000))
                0x00808d10                PROVIDE (gp, _gp)
 *(.rwdata .rwdata.*)
 *(.sdata .sdata.* .gnu.linkonce.s.*)
 .sdata         0x00800d10        0x8 c:/altera/13.0sp1/nios2eds/bin/gnu/h-i686-mingw32/bin/../lib/gcc/nios2-elf/4.1.2/../../../../nios2-elf/lib\libsmallc.a(lib_a-impure.o)
                0x00800d10                _impure_ptr
                0x00800d14                _global_impure_ptr
 .sdata         0x00800d18        0x8 ../11_bsp/\libhal_bsp.a(alt_sys_init.o)
                0x00800d18                jtag_uart_0
                0x00800d1c                uart_0
 .sdata         0x00800d20        0x4 ../11_bsp/\libhal_bsp.a(alt_errno.o)
                0x00800d20                alt_errno
 *(.sdata2 .sdata2.* .gnu.linkonce.s2.*)
                0x00800d24                . = ALIGN (0x4)
                0x00800d24                _edata = ABSOLUTE (.)
                0x00800d24                PROVIDE (edata, ABSOLUTE (.))
                0x00800d24                PROVIDE (__ram_rwdata_end, ABSOLUTE (.))
                0x00800c30                PROVIDE (__flash_rwdata_start, LOADADDR (.rwdata))

.bss            0x00800d24       0x14
                0x00800d24                __bss_start = ABSOLUTE (.)
                0x00800d24                PROVIDE (__sbss_start, ABSOLUTE (.))
                0x00800d24                PROVIDE (___sbss_start, ABSOLUTE (.))
 *(.dynsbss)
 *(.sbss .sbss.* .gnu.linkonce.sb.*)
 .sbss          0x00800d24        0x4 obj/default/hello_world_small.o
                0x00800d24                i
 .sbss          0x00800d28        0x4 c:/altera/13.0sp1/nios2eds/bin/gnu/h-i686-mingw32/bin/../lib/gcc/nios2-elf/4.1.2/../../../../nios2-elf/lib\libsmallc.a(lib_a-int_errno.o)
                0x00800d28                errno
 .sbss          0x00800d2c        0xc ../11_bsp/\libhal_bsp.a(alt_main.o)
                0x00800d2c                alt_argc
                0x00800d30                alt_argv
                0x00800d34                alt_envp
 *(.sbss2 .sbss2.* .gnu.linkonce.sb2.*)
 *(.scommon)
                0x00800d38                PROVIDE (__sbss_end, ABSOLUTE (.))
                0x00800d38                PROVIDE (___sbss_end, ABSOLUTE (.))
 *(.dynbss)
 *(.bss .bss.* .gnu.linkonce.b.*)
 .bss           0x00800d38        0x0 ../11_bsp//obj/HAL/src/crt0.o
 .bss           0x00800d38        0x0 obj/default/hello_world_small.o
 .bss           0x00800d38        0x0 c:/altera/13.0sp1/nios2eds/bin/gnu/h-i686-mingw32/bin/../lib/gcc/nios2-elf/4.1.2/../../../../nios2-elf/lib\libsmallc.a(lib_a-printf.o)
 .bss           0x00800d38        0x0 c:/altera/13.0sp1/nios2eds/bin/gnu/h-i686-mingw32/bin/../lib/gcc/nios2-elf/4.1.2/../../../../nios2-elf/lib\libsmallc.a(lib_a-vfprintf.o)
 .bss           0x00800d38        0x0 c:/altera/13.0sp1/nios2eds/bin/gnu/h-i686-mingw32/bin/../lib/gcc/nios2-elf/4.1.2/../../../../nios2-elf/lib\libsmallc.a(lib_a-fvwrite_small_dev.o)
 .bss           0x00800d38        0x0 c:/altera/13.0sp1/nios2eds/bin/gnu/h-i686-mingw32/bin/../lib/gcc/nios2-elf/4.1.2/../../../../nios2-elf/lib\libsmallc.a(lib_a-impure.o)
 .bss           0x00800d38        0x0 c:/altera/13.0sp1/nios2eds/bin/gnu/h-i686-mingw32/bin/../lib/gcc/nios2-elf/4.1.2/../../../../nios2-elf/lib\libsmallc.a(lib_a-strlen.o)
 .bss           0x00800d38        0x0 c:/altera/13.0sp1/nios2eds/bin/gnu/h-i686-mingw32/bin/../lib/gcc/nios2-elf/4.1.2/../../../../nios2-elf/lib\libsmallc.a(lib_a-writer.o)
 .bss           0x00800d38        0x0 c:/altera/13.0sp1/nios2eds/bin/gnu/h-i686-mingw32/bin/../lib/gcc/nios2-elf/4.1.2/../../../../nios2-elf/lib\libsmallc.a(lib_a-int_errno.o)
 .bss           0x00800d38        0x0 c:/altera/13.0sp1/nios2eds/bin/gnu/h-i686-mingw32/bin/../lib/gcc/nios2-elf/4.1.2\libgcc.a(lib2-divmod.o)
 .bss           0x00800d38        0x0 ../11_bsp/\libhal_bsp.a(alt_main.o)
 .bss           0x00800d38        0x0 ../11_bsp/\libhal_bsp.a(alt_write.o)
 .bss           0x00800d38        0x0 ../11_bsp/\libhal_bsp.a(alt_sys_init.o)
 .bss           0x00800d38        0x0 ../11_bsp/\libhal_bsp.a(altera_avalon_jtag_uart_write.o)
 .bss           0x00800d38        0x0 ../11_bsp/\libhal_bsp.a(alt_errno.o)
 .bss           0x00800d38        0x0 ../11_bsp/\libhal_bsp.a(altera_nios2_qsys_irq.o)
 *(COMMON)
                0x00800d38                . = ALIGN (0x4)
                0x00800d38                __bss_end = ABSOLUTE (.)

.sdram_0        0x00800d38        0x0
                0x00800d38                PROVIDE (_alt_partition_sdram_0_start, ABSOLUTE (.))
 *(.sdram_0. sdram_0.*)
                0x00800d38                . = ALIGN (0x4)
                0x00800d38                PROVIDE (_alt_partition_sdram_0_end, ABSOLUTE (.))
                0x00800d38                _end = ABSOLUTE (.)
                0x00800d38                end = ABSOLUTE (.)
                0x00800d38                __alt_stack_base = ABSOLUTE (.)
                0x00800d38                PROVIDE (_alt_partition_sdram_0_load_addr, LOADADDR (.sdram_0))

.cfi_flash_0    0x01400020        0x0
                0x01400020                PROVIDE (_alt_partition_cfi_flash_0_start, ABSOLUTE (.))
 *(.cfi_flash_0. cfi_flash_0.*)
                0x01400020                . = ALIGN (0x4)
                0x01400020                PROVIDE (_alt_partition_cfi_flash_0_end, ABSOLUTE (.))
                0x01400020                PROVIDE (_alt_partition_cfi_flash_0_load_addr, LOADADDR (.cfi_flash_0))

.sram_0         0x01a00000        0x0
                0x01a00000                PROVIDE (_alt_partition_sram_0_start, ABSOLUTE (.))
 *(.sram_0. sram_0.*)
                0x01a00000                . = ALIGN (0x4)
                0x01a00000                PROVIDE (_alt_partition_sram_0_end, ABSOLUTE (.))
                0x01a00000                PROVIDE (_alt_partition_sram_0_load_addr, LOADADDR (.sram_0))

.epcs_controller
                0x01a81800        0x0
                0x01a81800                PROVIDE (_alt_partition_epcs_controller_start, ABSOLUTE (.))
 *(.epcs_controller. epcs_controller.*)
                0x01a81800                . = ALIGN (0x4)
                0x01a81800                PROVIDE (_alt_partition_epcs_controller_end, ABSOLUTE (.))
                0x01a81800                PROVIDE (_alt_partition_epcs_controller_load_addr, LOADADDR (.epcs_controller))

.stab
 *(.stab)

.stabstr
 *(.stabstr)

.stab.excl
 *(.stab.excl)

.stab.exclstr
 *(.stab.exclstr)

.stab.index
 *(.stab.index)

.stab.indexstr
 *(.stab.indexstr)

.comment        0x00000000       0x26
 *(.comment)
 .comment       0x00000000       0x26 obj/default/hello_world_small.o
                                 0x27 (size before relaxing)
 .comment       0x00000000       0x27 c:/altera/13.0sp1/nios2eds/bin/gnu/h-i686-mingw32/bin/../lib/gcc/nios2-elf/4.1.2/../../../../nios2-elf/lib\libsmallc.a(lib_a-printf.o)
 .comment       0x00000000       0x27 c:/altera/13.0sp1/nios2eds/bin/gnu/h-i686-mingw32/bin/../lib/gcc/nios2-elf/4.1.2/../../../../nios2-elf/lib\libsmallc.a(lib_a-vfprintf.o)
 .comment       0x00000000       0x27 c:/altera/13.0sp1/nios2eds/bin/gnu/h-i686-mingw32/bin/../lib/gcc/nios2-elf/4.1.2/../../../../nios2-elf/lib\libsmallc.a(lib_a-fvwrite_small_dev.o)
 .comment       0x00000000       0x27 c:/altera/13.0sp1/nios2eds/bin/gnu/h-i686-mingw32/bin/../lib/gcc/nios2-elf/4.1.2/../../../../nios2-elf/lib\libsmallc.a(lib_a-impure.o)
 .comment       0x00000000       0x27 c:/altera/13.0sp1/nios2eds/bin/gnu/h-i686-mingw32/bin/../lib/gcc/nios2-elf/4.1.2/../../../../nios2-elf/lib\libsmallc.a(lib_a-strlen.o)
 .comment       0x00000000       0x27 c:/altera/13.0sp1/nios2eds/bin/gnu/h-i686-mingw32/bin/../lib/gcc/nios2-elf/4.1.2/../../../../nios2-elf/lib\libsmallc.a(lib_a-writer.o)
 .comment       0x00000000       0x27 c:/altera/13.0sp1/nios2eds/bin/gnu/h-i686-mingw32/bin/../lib/gcc/nios2-elf/4.1.2/../../../../nios2-elf/lib\libsmallc.a(lib_a-int_errno.o)
 .comment       0x00000000       0x27 c:/altera/13.0sp1/nios2eds/bin/gnu/h-i686-mingw32/bin/../lib/gcc/nios2-elf/4.1.2\libgcc.a(lib2-divmod.o)
 .comment       0x00000000       0x27 ../11_bsp/\libhal_bsp.a(alt_main.o)
 .comment       0x00000000       0x27 ../11_bsp/\libhal_bsp.a(alt_write.o)
 .comment       0x00000000       0x27 ../11_bsp/\libhal_bsp.a(alt_sys_init.o)
 .comment       0x00000000       0x27 ../11_bsp/\libhal_bsp.a(altera_avalon_jtag_uart_write.o)
 .comment       0x00000000       0x27 ../11_bsp/\libhal_bsp.a(alt_errno.o)
 .comment       0x00000000       0x27 ../11_bsp/\libhal_bsp.a(altera_nios2_qsys_irq.o)

.debug
 *(.debug)

.line
 *(.line)

.debug_srcinfo
 *(.debug_srcinfo)

.debug_sfnames
 *(.debug_sfnames)

.debug_aranges  0x00000000      0x1a0
 *(.debug_aranges)
 .debug_aranges
                0x00000000       0x20 ../11_bsp//obj/HAL/src/crt0.o
 .debug_aranges
                0x00000020       0x20 obj/default/hello_world_small.o
 .debug_aranges
                0x00000040       0x20 c:/altera/13.0sp1/nios2eds/bin/gnu/h-i686-mingw32/bin/../lib/gcc/nios2-elf/4.1.2/../../../../nios2-elf/lib\libsmallc.a(lib_a-printf.o)
 .debug_aranges
                0x00000060       0x20 c:/altera/13.0sp1/nios2eds/bin/gnu/h-i686-mingw32/bin/../lib/gcc/nios2-elf/4.1.2/../../../../nios2-elf/lib\libsmallc.a(lib_a-vfprintf.o)
 .debug_aranges
                0x00000080       0x20 c:/altera/13.0sp1/nios2eds/bin/gnu/h-i686-mingw32/bin/../lib/gcc/nios2-elf/4.1.2/../../../../nios2-elf/lib\libsmallc.a(lib_a-fvwrite_small_dev.o)
 .debug_aranges
                0x000000a0       0x20 c:/altera/13.0sp1/nios2eds/bin/gnu/h-i686-mingw32/bin/../lib/gcc/nios2-elf/4.1.2/../../../../nios2-elf/lib\libsmallc.a(lib_a-strlen.o)
 .debug_aranges
                0x000000c0       0x20 c:/altera/13.0sp1/nios2eds/bin/gnu/h-i686-mingw32/bin/../lib/gcc/nios2-elf/4.1.2/../../../../nios2-elf/lib\libsmallc.a(lib_a-writer.o)
 .debug_aranges
                0x000000e0       0x20 c:/altera/13.0sp1/nios2eds/bin/gnu/h-i686-mingw32/bin/../lib/gcc/nios2-elf/4.1.2\libgcc.a(lib2-divmod.o)
 .debug_aranges
                0x00000100       0x20 ../11_bsp/\libhal_bsp.a(alt_main.o)
 .debug_aranges
                0x00000120       0x20 ../11_bsp/\libhal_bsp.a(alt_write.o)
 .debug_aranges
                0x00000140       0x20 ../11_bsp/\libhal_bsp.a(alt_sys_init.o)
 .debug_aranges
                0x00000160       0x20 ../11_bsp/\libhal_bsp.a(altera_avalon_jtag_uart_write.o)
 .debug_aranges
                0x00000180       0x20 ../11_bsp/\libhal_bsp.a(altera_nios2_qsys_irq.o)

.debug_pubnames
                0x00000000      0x2cb
 *(.debug_pubnames)
 .debug_pubnames
                0x00000000       0x21 obj/default/hello_world_small.o
 .debug_pubnames
                0x00000021       0x2b c:/altera/13.0sp1/nios2eds/bin/gnu/h-i686-mingw32/bin/../lib/gcc/nios2-elf/4.1.2/../../../../nios2-elf/lib\libsmallc.a(lib_a-printf.o)
 .debug_pubnames
                0x0000004c       0x45 c:/altera/13.0sp1/nios2eds/bin/gnu/h-i686-mingw32/bin/../lib/gcc/nios2-elf/4.1.2/../../../../nios2-elf/lib\libsmallc.a(lib_a-vfprintf.o)
 .debug_pubnames
                0x00000091       0x2b c:/altera/13.0sp1/nios2eds/bin/gnu/h-i686-mingw32/bin/../lib/gcc/nios2-elf/4.1.2/../../../../nios2-elf/lib\libsmallc.a(lib_a-fvwrite_small_dev.o)
 .debug_pubnames
                0x000000bc       0x39 c:/altera/13.0sp1/nios2eds/bin/gnu/h-i686-mingw32/bin/../lib/gcc/nios2-elf/4.1.2/../../../../nios2-elf/lib\libsmallc.a(lib_a-impure.o)
 .debug_pubnames
                0x000000f5       0x1d c:/altera/13.0sp1/nios2eds/bin/gnu/h-i686-mingw32/bin/../lib/gcc/nios2-elf/4.1.2/../../../../nios2-elf/lib\libsmallc.a(lib_a-strlen.o)
 .debug_pubnames
                0x00000112       0x1f c:/altera/13.0sp1/nios2eds/bin/gnu/h-i686-mingw32/bin/../lib/gcc/nios2-elf/4.1.2/../../../../nios2-elf/lib\libsmallc.a(lib_a-writer.o)
 .debug_pubnames
                0x00000131       0x1c c:/altera/13.0sp1/nios2eds/bin/gnu/h-i686-mingw32/bin/../lib/gcc/nios2-elf/4.1.2/../../../../nios2-elf/lib\libsmallc.a(lib_a-int_errno.o)
 .debug_pubnames
                0x0000014d       0x48 c:/altera/13.0sp1/nios2eds/bin/gnu/h-i686-mingw32/bin/../lib/gcc/nios2-elf/4.1.2\libgcc.a(lib2-divmod.o)
 .debug_pubnames
                0x00000195       0x46 ../11_bsp/\libhal_bsp.a(alt_main.o)
 .debug_pubnames
                0x000001db       0x1c ../11_bsp/\libhal_bsp.a(alt_write.o)
 .debug_pubnames
                0x000001f7       0x4f ../11_bsp/\libhal_bsp.a(alt_sys_init.o)
 .debug_pubnames
                0x00000246       0x34 ../11_bsp/\libhal_bsp.a(altera_avalon_jtag_uart_write.o)
 .debug_pubnames
                0x0000027a       0x20 ../11_bsp/\libhal_bsp.a(alt_errno.o)
 .debug_pubnames
                0x0000029a       0x31 ../11_bsp/\libhal_bsp.a(altera_nios2_qsys_irq.o)

.debug_info     0x00000000     0x2f84
 *(.debug_info .gnu.linkonce.wi.*)
 .debug_info    0x00000000       0x68 ../11_bsp//obj/HAL/src/crt0.o
 .debug_info    0x00000068       0xa2 obj/default/hello_world_small.o
 .debug_info    0x0000010a      0x6c8 c:/altera/13.0sp1/nios2eds/bin/gnu/h-i686-mingw32/bin/../lib/gcc/nios2-elf/4.1.2/../../../../nios2-elf/lib\libsmallc.a(lib_a-printf.o)
 .debug_info    0x000007d2      0x9b5 c:/altera/13.0sp1/nios2eds/bin/gnu/h-i686-mingw32/bin/../lib/gcc/nios2-elf/4.1.2/../../../../nios2-elf/lib\libsmallc.a(lib_a-vfprintf.o)
 .debug_info    0x00001187      0x68e c:/altera/13.0sp1/nios2eds/bin/gnu/h-i686-mingw32/bin/../lib/gcc/nios2-elf/4.1.2/../../../../nios2-elf/lib\libsmallc.a(lib_a-fvwrite_small_dev.o)
 .debug_info    0x00001815      0x636 c:/altera/13.0sp1/nios2eds/bin/gnu/h-i686-mingw32/bin/../lib/gcc/nios2-elf/4.1.2/../../../../nios2-elf/lib\libsmallc.a(lib_a-impure.o)
 .debug_info    0x00001e4b       0xc2 c:/altera/13.0sp1/nios2eds/bin/gnu/h-i686-mingw32/bin/../lib/gcc/nios2-elf/4.1.2/../../../../nios2-elf/lib\libsmallc.a(lib_a-strlen.o)
 .debug_info    0x00001f0d      0x68c c:/altera/13.0sp1/nios2eds/bin/gnu/h-i686-mingw32/bin/../lib/gcc/nios2-elf/4.1.2/../../../../nios2-elf/lib\libsmallc.a(lib_a-writer.o)
 .debug_info    0x00002599       0x8c c:/altera/13.0sp1/nios2eds/bin/gnu/h-i686-mingw32/bin/../lib/gcc/nios2-elf/4.1.2/../../../../nios2-elf/lib\libsmallc.a(lib_a-int_errno.o)
 .debug_info    0x00002625      0x21c c:/altera/13.0sp1/nios2eds/bin/gnu/h-i686-mingw32/bin/../lib/gcc/nios2-elf/4.1.2\libgcc.a(lib2-divmod.o)
 .debug_info    0x00002841      0x125 ../11_bsp/\libhal_bsp.a(alt_main.o)
 .debug_info    0x00002966      0x179 ../11_bsp/\libhal_bsp.a(alt_write.o)
 .debug_info    0x00002adf      0x1de ../11_bsp/\libhal_bsp.a(alt_sys_init.o)
 .debug_info    0x00002cbd      0x18f ../11_bsp/\libhal_bsp.a(altera_avalon_jtag_uart_write.o)
 .debug_info    0x00002e4c       0xab ../11_bsp/\libhal_bsp.a(alt_errno.o)
 .debug_info    0x00002ef7       0x8d ../11_bsp/\libhal_bsp.a(altera_nios2_qsys_irq.o)

.debug_abbrev   0x00000000      0xdf3
 *(.debug_abbrev)
 .debug_abbrev  0x00000000       0x14 ../11_bsp//obj/HAL/src/crt0.o
 .debug_abbrev  0x00000014       0x50 obj/default/hello_world_small.o
 .debug_abbrev  0x00000064      0x179 c:/altera/13.0sp1/nios2eds/bin/gnu/h-i686-mingw32/bin/../lib/gcc/nios2-elf/4.1.2/../../../../nios2-elf/lib\libsmallc.a(lib_a-printf.o)
 .debug_abbrev  0x000001dd      0x263 c:/altera/13.0sp1/nios2eds/bin/gnu/h-i686-mingw32/bin/../lib/gcc/nios2-elf/4.1.2/../../../../nios2-elf/lib\libsmallc.a(lib_a-vfprintf.o)
 .debug_abbrev  0x00000440      0x179 c:/altera/13.0sp1/nios2eds/bin/gnu/h-i686-mingw32/bin/../lib/gcc/nios2-elf/4.1.2/../../../../nios2-elf/lib\libsmallc.a(lib_a-fvwrite_small_dev.o)
 .debug_abbrev  0x000005b9      0x13f c:/altera/13.0sp1/nios2eds/bin/gnu/h-i686-mingw32/bin/../lib/gcc/nios2-elf/4.1.2/../../../../nios2-elf/lib\libsmallc.a(lib_a-impure.o)
 .debug_abbrev  0x000006f8       0x7a c:/altera/13.0sp1/nios2eds/bin/gnu/h-i686-mingw32/bin/../lib/gcc/nios2-elf/4.1.2/../../../../nios2-elf/lib\libsmallc.a(lib_a-strlen.o)
 .debug_abbrev  0x00000772      0x16c c:/altera/13.0sp1/nios2eds/bin/gnu/h-i686-mingw32/bin/../lib/gcc/nios2-elf/4.1.2/../../../../nios2-elf/lib\libsmallc.a(lib_a-writer.o)
 .debug_abbrev  0x000008de       0x3b c:/altera/13.0sp1/nios2eds/bin/gnu/h-i686-mingw32/bin/../lib/gcc/nios2-elf/4.1.2/../../../../nios2-elf/lib\libsmallc.a(lib_a-int_errno.o)
 .debug_abbrev  0x00000919       0xe0 c:/altera/13.0sp1/nios2eds/bin/gnu/h-i686-mingw32/bin/../lib/gcc/nios2-elf/4.1.2\libgcc.a(lib2-divmod.o)
 .debug_abbrev  0x000009f9       0xa6 ../11_bsp/\libhal_bsp.a(alt_main.o)
 .debug_abbrev  0x00000a9f       0xdd ../11_bsp/\libhal_bsp.a(alt_write.o)
 .debug_abbrev  0x00000b7c       0xea ../11_bsp/\libhal_bsp.a(alt_sys_init.o)
 .debug_abbrev  0x00000c66       0xf0 ../11_bsp/\libhal_bsp.a(altera_avalon_jtag_uart_write.o)
 .debug_abbrev  0x00000d56       0x5e ../11_bsp/\libhal_bsp.a(alt_errno.o)
 .debug_abbrev  0x00000db4       0x3f ../11_bsp/\libhal_bsp.a(altera_nios2_qsys_irq.o)

.debug_line     0x00000000     0x291b
 *(.debug_line)
 .debug_line    0x00000000       0x57 ../11_bsp//obj/HAL/src/crt0.o
 .debug_line    0x00000057      0x292 obj/default/hello_world_small.o
 .debug_line    0x000002e9      0x2bb c:/altera/13.0sp1/nios2eds/bin/gnu/h-i686-mingw32/bin/../lib/gcc/nios2-elf/4.1.2/../../../../nios2-elf/lib\libsmallc.a(lib_a-printf.o)
 .debug_line    0x000005a4      0x62c c:/altera/13.0sp1/nios2eds/bin/gnu/h-i686-mingw32/bin/../lib/gcc/nios2-elf/4.1.2/../../../../nios2-elf/lib\libsmallc.a(lib_a-vfprintf.o)
 .debug_line    0x00000bd0      0x2a6 c:/altera/13.0sp1/nios2eds/bin/gnu/h-i686-mingw32/bin/../lib/gcc/nios2-elf/4.1.2/../../../../nios2-elf/lib\libsmallc.a(lib_a-fvwrite_small_dev.o)
 .debug_line    0x00000e76      0x22d c:/altera/13.0sp1/nios2eds/bin/gnu/h-i686-mingw32/bin/../lib/gcc/nios2-elf/4.1.2/../../../../nios2-elf/lib\libsmallc.a(lib_a-impure.o)
 .debug_line    0x000010a3      0x24d c:/altera/13.0sp1/nios2eds/bin/gnu/h-i686-mingw32/bin/../lib/gcc/nios2-elf/4.1.2/../../../../nios2-elf/lib\libsmallc.a(lib_a-strlen.o)
 .debug_line    0x000012f0      0x29a c:/altera/13.0sp1/nios2eds/bin/gnu/h-i686-mingw32/bin/../lib/gcc/nios2-elf/4.1.2/../../../../nios2-elf/lib\libsmallc.a(lib_a-writer.o)
 .debug_line    0x0000158a      0x1df c:/altera/13.0sp1/nios2eds/bin/gnu/h-i686-mingw32/bin/../lib/gcc/nios2-elf/4.1.2/../../../../nios2-elf/lib\libsmallc.a(lib_a-int_errno.o)
 .debug_line    0x00001769      0x24f c:/altera/13.0sp1/nios2eds/bin/gnu/h-i686-mingw32/bin/../lib/gcc/nios2-elf/4.1.2\libgcc.a(lib2-divmod.o)
 .debug_line    0x000019b8      0x2c2 ../11_bsp/\libhal_bsp.a(alt_main.o)
 .debug_line    0x00001c7a      0x2ab ../11_bsp/\libhal_bsp.a(alt_write.o)
 .debug_line    0x00001f25      0x38a ../11_bsp/\libhal_bsp.a(alt_sys_init.o)
 .debug_line    0x000022af      0x2f4 ../11_bsp/\libhal_bsp.a(altera_avalon_jtag_uart_write.o)
 .debug_line    0x000025a3      0x1aa ../11_bsp/\libhal_bsp.a(alt_errno.o)
 .debug_line    0x0000274d      0x1ce ../11_bsp/\libhal_bsp.a(altera_nios2_qsys_irq.o)

.debug_frame    0x00000000      0x280
 *(.debug_frame)
 .debug_frame   0x00000000       0x28 obj/default/hello_world_small.o
 .debug_frame   0x00000028       0x40 c:/altera/13.0sp1/nios2eds/bin/gnu/h-i686-mingw32/bin/../lib/gcc/nios2-elf/4.1.2/../../../../nios2-elf/lib\libsmallc.a(lib_a-printf.o)
 .debug_frame   0x00000068       0x64 c:/altera/13.0sp1/nios2eds/bin/gnu/h-i686-mingw32/bin/../lib/gcc/nios2-elf/4.1.2/../../../../nios2-elf/lib\libsmallc.a(lib_a-vfprintf.o)
 .debug_frame   0x000000cc       0x30 c:/altera/13.0sp1/nios2eds/bin/gnu/h-i686-mingw32/bin/../lib/gcc/nios2-elf/4.1.2/../../../../nios2-elf/lib\libsmallc.a(lib_a-fvwrite_small_dev.o)
 .debug_frame   0x000000fc       0x20 c:/altera/13.0sp1/nios2eds/bin/gnu/h-i686-mingw32/bin/../lib/gcc/nios2-elf/4.1.2/../../../../nios2-elf/lib\libsmallc.a(lib_a-strlen.o)
 .debug_frame   0x0000011c       0x2c c:/altera/13.0sp1/nios2eds/bin/gnu/h-i686-mingw32/bin/../lib/gcc/nios2-elf/4.1.2/../../../../nios2-elf/lib\libsmallc.a(lib_a-writer.o)
 .debug_frame   0x00000148       0x70 c:/altera/13.0sp1/nios2eds/bin/gnu/h-i686-mingw32/bin/../lib/gcc/nios2-elf/4.1.2\libgcc.a(lib2-divmod.o)
 .debug_frame   0x000001b8       0x28 ../11_bsp/\libhal_bsp.a(alt_main.o)
 .debug_frame   0x000001e0       0x28 ../11_bsp/\libhal_bsp.a(alt_write.o)
 .debug_frame   0x00000208       0x38 ../11_bsp/\libhal_bsp.a(alt_sys_init.o)
 .debug_frame   0x00000240       0x20 ../11_bsp/\libhal_bsp.a(altera_avalon_jtag_uart_write.o)
 .debug_frame   0x00000260       0x20 ../11_bsp/\libhal_bsp.a(altera_nios2_qsys_irq.o)

.debug_str      0x00000000      0xbf3
 *(.debug_str)
 .debug_str     0x00000000       0x9f obj/default/hello_world_small.o
                                 0xdd (size before relaxing)
 .debug_str     0x0000009f      0x395 c:/altera/13.0sp1/nios2eds/bin/gnu/h-i686-mingw32/bin/../lib/gcc/nios2-elf/4.1.2/../../../../nios2-elf/lib\libsmallc.a(lib_a-printf.o)
                                0x458 (size before relaxing)
 .debug_str     0x00000434      0x15f c:/altera/13.0sp1/nios2eds/bin/gnu/h-i686-mingw32/bin/../lib/gcc/nios2-elf/4.1.2/../../../../nios2-elf/lib\libsmallc.a(lib_a-vfprintf.o)
                                0x5a1 (size before relaxing)
 .debug_str     0x00000593       0x6d c:/altera/13.0sp1/nios2eds/bin/gnu/h-i686-mingw32/bin/../lib/gcc/nios2-elf/4.1.2/../../../../nios2-elf/lib\libsmallc.a(lib_a-fvwrite_small_dev.o)
                                0x45c (size before relaxing)
 .debug_str     0x00000600       0xea c:/altera/13.0sp1/nios2eds/bin/gnu/h-i686-mingw32/bin/../lib/gcc/nios2-elf/4.1.2/../../../../nios2-elf/lib\libsmallc.a(lib_a-impure.o)
                                0x44f (size before relaxing)
 .debug_str     0x000006ea       0xda c:/altera/13.0sp1/nios2eds/bin/gnu/h-i686-mingw32/bin/../lib/gcc/nios2-elf/4.1.2/../../../../nios2-elf/lib\libsmallc.a(lib_a-strlen.o)
                                0x176 (size before relaxing)
 .debug_str     0x000007c4       0x4c c:/altera/13.0sp1/nios2eds/bin/gnu/h-i686-mingw32/bin/../lib/gcc/nios2-elf/4.1.2/../../../../nios2-elf/lib\libsmallc.a(lib_a-writer.o)
                                0x443 (size before relaxing)
 .debug_str     0x00000810       0x3d c:/altera/13.0sp1/nios2eds/bin/gnu/h-i686-mingw32/bin/../lib/gcc/nios2-elf/4.1.2/../../../../nios2-elf/lib\libsmallc.a(lib_a-int_errno.o)
                                0x169 (size before relaxing)
 .debug_str     0x0000084d      0x10b c:/altera/13.0sp1/nios2eds/bin/gnu/h-i686-mingw32/bin/../lib/gcc/nios2-elf/4.1.2\libgcc.a(lib2-divmod.o)
                                0x1b4 (size before relaxing)
 .debug_str     0x00000958       0xa3 ../11_bsp/\libhal_bsp.a(alt_main.o)
                                0x13d (size before relaxing)
 .debug_str     0x000009fb       0x58 ../11_bsp/\libhal_bsp.a(alt_write.o)
                                0x169 (size before relaxing)
 .debug_str     0x00000a53      0x107 ../11_bsp/\libhal_bsp.a(alt_sys_init.o)
                                0x238 (size before relaxing)
 .debug_str     0x00000b5a       0x4a ../11_bsp/\libhal_bsp.a(altera_avalon_jtag_uart_write.o)
                                0x1b5 (size before relaxing)
 .debug_str     0x00000ba4       0x14 ../11_bsp/\libhal_bsp.a(alt_errno.o)
                                 0xec (size before relaxing)
 .debug_str     0x00000bb8       0x3b ../11_bsp/\libhal_bsp.a(altera_nios2_qsys_irq.o)
                                0x103 (size before relaxing)

.debug_loc      0x00000000      0xd19
 *(.debug_loc)
 .debug_loc     0x00000000       0x1f obj/default/hello_world_small.o
 .debug_loc     0x0000001f       0x8d c:/altera/13.0sp1/nios2eds/bin/gnu/h-i686-mingw32/bin/../lib/gcc/nios2-elf/4.1.2/../../../../nios2-elf/lib\libsmallc.a(lib_a-printf.o)
 .debug_loc     0x000000ac      0x773 c:/altera/13.0sp1/nios2eds/bin/gnu/h-i686-mingw32/bin/../lib/gcc/nios2-elf/4.1.2/../../../../nios2-elf/lib\libsmallc.a(lib_a-vfprintf.o)
 .debug_loc     0x0000081f      0x162 c:/altera/13.0sp1/nios2eds/bin/gnu/h-i686-mingw32/bin/../lib/gcc/nios2-elf/4.1.2/../../../../nios2-elf/lib\libsmallc.a(lib_a-fvwrite_small_dev.o)
 .debug_loc     0x00000981       0x1e c:/altera/13.0sp1/nios2eds/bin/gnu/h-i686-mingw32/bin/../lib/gcc/nios2-elf/4.1.2/../../../../nios2-elf/lib\libsmallc.a(lib_a-strlen.o)
 .debug_loc     0x0000099f       0x97 c:/altera/13.0sp1/nios2eds/bin/gnu/h-i686-mingw32/bin/../lib/gcc/nios2-elf/4.1.2/../../../../nios2-elf/lib\libsmallc.a(lib_a-writer.o)
 .debug_loc     0x00000a36      0x1d2 c:/altera/13.0sp1/nios2eds/bin/gnu/h-i686-mingw32/bin/../lib/gcc/nios2-elf/4.1.2\libgcc.a(lib2-divmod.o)
 .debug_loc     0x00000c08       0x1f ../11_bsp/\libhal_bsp.a(alt_main.o)
 .debug_loc     0x00000c27       0x9a ../11_bsp/\libhal_bsp.a(alt_write.o)
 .debug_loc     0x00000cc1       0x32 ../11_bsp/\libhal_bsp.a(alt_sys_init.o)
 .debug_loc     0x00000cf3       0x26 ../11_bsp/\libhal_bsp.a(altera_avalon_jtag_uart_write.o)

.debug_macinfo
 *(.debug_macinfo)

.debug_weaknames
 *(.debug_weaknames)

.debug_funcnames
 *(.debug_funcnames)

.debug_typenames
 *(.debug_typenames)

.debug_varnames
 *(.debug_varnames)

.debug_alt_sim_info
                0x00000000       0x20
 *(.debug_alt_sim_info)
 .debug_alt_sim_info
                0x00000000       0x20 ../11_bsp//obj/HAL/src/crt0.o
                0x01000000                __alt_data_end = 0x1000000
                0x01000000                PROVIDE (__alt_stack_pointer, __alt_data_end)
                0x00800d38                PROVIDE (__alt_stack_limit, __alt_stack_base)
                0x00800d38                PROVIDE (__alt_heap_start, end)
                0x01000000                PROVIDE (__alt_heap_limit, 0x1000000)
OUTPUT(11.elf elf32-littlenios2)

.debug_ranges   0x00000000      0x140
 .debug_ranges  0x00000000      0x140 c:/altera/13.0sp1/nios2eds/bin/gnu/h-i686-mingw32/bin/../lib/gcc/nios2-elf/4.1.2/../../../../nios2-elf/lib\libsmallc.a(lib_a-vfprintf.o)
