Archive member included because of file (symbol)

d:/altera/13.0sp1/nios2eds/bin/gnu/h-i686-mingw32/bin/../lib/gcc/nios2-elf/4.1.2\libgcc.a(_fixunsdfsi.o)
                              obj/default/dm9000a.o (__fixunsdfsi)
d:/altera/13.0sp1/nios2eds/bin/gnu/h-i686-mingw32/bin/../lib/gcc/nios2-elf/4.1.2\libgcc.a(_addsub_df.o)
                              d:/altera/13.0sp1/nios2eds/bin/gnu/h-i686-mingw32/bin/../lib/gcc/nios2-elf/4.1.2\libgcc.a(_fixunsdfsi.o) (__subdf3)
d:/altera/13.0sp1/nios2eds/bin/gnu/h-i686-mingw32/bin/../lib/gcc/nios2-elf/4.1.2\libgcc.a(_mul_df.o)
                              obj/default/dm9000a.o (__muldf3)
d:/altera/13.0sp1/nios2eds/bin/gnu/h-i686-mingw32/bin/../lib/gcc/nios2-elf/4.1.2\libgcc.a(_ge_df.o)
                              d:/altera/13.0sp1/nios2eds/bin/gnu/h-i686-mingw32/bin/../lib/gcc/nios2-elf/4.1.2\libgcc.a(_fixunsdfsi.o) (__gedf2)
d:/altera/13.0sp1/nios2eds/bin/gnu/h-i686-mingw32/bin/../lib/gcc/nios2-elf/4.1.2\libgcc.a(_df_to_si.o)
                              d:/altera/13.0sp1/nios2eds/bin/gnu/h-i686-mingw32/bin/../lib/gcc/nios2-elf/4.1.2\libgcc.a(_fixunsdfsi.o) (__fixdfsi)
d:/altera/13.0sp1/nios2eds/bin/gnu/h-i686-mingw32/bin/../lib/gcc/nios2-elf/4.1.2\libgcc.a(_thenan_df.o)
                              d:/altera/13.0sp1/nios2eds/bin/gnu/h-i686-mingw32/bin/../lib/gcc/nios2-elf/4.1.2\libgcc.a(_addsub_df.o) (__thenan_df)
d:/altera/13.0sp1/nios2eds/bin/gnu/h-i686-mingw32/bin/../lib/gcc/nios2-elf/4.1.2\libgcc.a(_usi_to_df.o)
                              obj/default/dm9000a.o (__floatunsidf)
d:/altera/13.0sp1/nios2eds/bin/gnu/h-i686-mingw32/bin/../lib/gcc/nios2-elf/4.1.2\libgcc.a(_muldi3.o)
                              d:/altera/13.0sp1/nios2eds/bin/gnu/h-i686-mingw32/bin/../lib/gcc/nios2-elf/4.1.2\libgcc.a(_mul_df.o) (__muldi3)
d:/altera/13.0sp1/nios2eds/bin/gnu/h-i686-mingw32/bin/../lib/gcc/nios2-elf/4.1.2\libgcc.a(_clzsi2.o)
                              d:/altera/13.0sp1/nios2eds/bin/gnu/h-i686-mingw32/bin/../lib/gcc/nios2-elf/4.1.2\libgcc.a(_usi_to_df.o) (__clzsi2)
d:/altera/13.0sp1/nios2eds/bin/gnu/h-i686-mingw32/bin/../lib/gcc/nios2-elf/4.1.2\libgcc.a(_pack_df.o)
                              d:/altera/13.0sp1/nios2eds/bin/gnu/h-i686-mingw32/bin/../lib/gcc/nios2-elf/4.1.2\libgcc.a(_addsub_df.o) (__pack_d)
d:/altera/13.0sp1/nios2eds/bin/gnu/h-i686-mingw32/bin/../lib/gcc/nios2-elf/4.1.2\libgcc.a(_unpack_df.o)
                              d:/altera/13.0sp1/nios2eds/bin/gnu/h-i686-mingw32/bin/../lib/gcc/nios2-elf/4.1.2\libgcc.a(_addsub_df.o) (__unpack_d)
d:/altera/13.0sp1/nios2eds/bin/gnu/h-i686-mingw32/bin/../lib/gcc/nios2-elf/4.1.2\libgcc.a(_fpcmp_parts_df.o)
                              d:/altera/13.0sp1/nios2eds/bin/gnu/h-i686-mingw32/bin/../lib/gcc/nios2-elf/4.1.2\libgcc.a(_ge_df.o) (__fpcmp_parts_d)
d:/altera/13.0sp1/nios2eds/bin/gnu/h-i686-mingw32/bin/../lib/gcc/nios2-elf/4.1.2\libgcc.a(_clz.o)
                              d:/altera/13.0sp1/nios2eds/bin/gnu/h-i686-mingw32/bin/../lib/gcc/nios2-elf/4.1.2\libgcc.a(_clzsi2.o) (__clz_tab)
d:/altera/13.0sp1/nios2eds/bin/gnu/h-i686-mingw32/bin/../lib/gcc/nios2-elf/4.1.2/../../../../nios2-elf/lib\libc.a(lib_a-atoi.o)
                              obj/default/iniche_init.o (atoi)
d:/altera/13.0sp1/nios2eds/bin/gnu/h-i686-mingw32/bin/../lib/gcc/nios2-elf/4.1.2/../../../../nios2-elf/lib\libc.a(lib_a-ctype_.o)
                              obj/default/network_utilities.o (__ctype_ptr)
d:/altera/13.0sp1/nios2eds/bin/gnu/h-i686-mingw32/bin/../lib/gcc/nios2-elf/4.1.2/../../../../nios2-elf/lib\libc.a(lib_a-errno.o)
                              obj/default/iniche_init.o (__errno)
d:/altera/13.0sp1/nios2eds/bin/gnu/h-i686-mingw32/bin/../lib/gcc/nios2-elf/4.1.2/../../../../nios2-elf/lib\libc.a(lib_a-exit.o)
                              obj/default/iniche_init.o (exit)
d:/altera/13.0sp1/nios2eds/bin/gnu/h-i686-mingw32/bin/../lib/gcc/nios2-elf/4.1.2/../../../../nios2-elf/lib\libc.a(lib_a-fprintf.o)
                              obj/default/alt_error_handler.o (fprintf)
d:/altera/13.0sp1/nios2eds/bin/gnu/h-i686-mingw32/bin/../lib/gcc/nios2-elf/4.1.2/../../../../nios2-elf/lib\libc.a(lib_a-fwrite.o)
                              obj/default/alt_error_handler.o (fwrite)
d:/altera/13.0sp1/nios2eds/bin/gnu/h-i686-mingw32/bin/../lib/gcc/nios2-elf/4.1.2/../../../../nios2-elf/lib\libc.a(lib_a-getc.o)
                              obj/default/network_utilities.o (getc)
d:/altera/13.0sp1/nios2eds/bin/gnu/h-i686-mingw32/bin/../lib/gcc/nios2-elf/4.1.2/../../../../nios2-elf/lib\libc.a(lib_a-impure.o)
                              obj/default/alt_error_handler.o (_impure_ptr)
d:/altera/13.0sp1/nios2eds/bin/gnu/h-i686-mingw32/bin/../lib/gcc/nios2-elf/4.1.2/../../../../nios2-elf/lib\libc.a(lib_a-memcpy.o)
                              obj/default/simple_socket_server.o (memcpy)
d:/altera/13.0sp1/nios2eds/bin/gnu/h-i686-mingw32/bin/../lib/gcc/nios2-elf/4.1.2/../../../../nios2-elf/lib\libc.a(lib_a-memmove.o)
[...]
Memory Configuration

Name             Origin             Length             Attributes
sdram_0_BEFORE_EXCEPTION 0x00800000         0x00000020
sdram_0          0x00800020         0x007fffe0
reset            0x01400000         0x00000020
cfi_flash_0      0x01400020         0x003fffe0
sram_0           0x01a00000         0x00080000
epcs_controller  0x01a81800         0x00000800
*default*        0x00000000         0xffffffff

Linker script and memory map

LOAD ../projeto_final_bsp//obj/HAL/src/crt0.o
LOAD obj/default/LCD.o
LOAD obj/default/SSS_DE2_115.o
LOAD obj/default/alt_error_handler.o
LOAD obj/default/dm9000a.o
LOAD obj/default/iniche_init.o
LOAD obj/default/led.o
LOAD obj/default/network_utilities.o
LOAD obj/default/simple_socket_server.o
LOAD obj/default/tse_my_system.o
LOAD d:/altera/13.0sp1/nios2eds/bin/gnu/h-i686-mingw32/bin/../lib/gcc/nios2-elf/4.1.2/../../../../nios2-elf/lib\libstdc++.a
LOAD d:/altera/13.0sp1/nios2eds/bin/gnu/h-i686-mingw32/bin/../lib/gcc/nios2-elf/4.1.2/../../../../nios2-elf/lib\libm.a
LOAD d:/altera/13.0sp1/nios2eds/bin/gnu/h-i686-mingw32/bin/../lib/gcc/nios2-elf/4.1.2\libgcc.a
START GROUP
LOAD d:/altera/13.0sp1/nios2eds/bin/gnu/h-i686-mingw32/bin/../lib/gcc/nios2-elf/4.1.2/../../../../nios2-elf/lib\libc.a
LOAD d:/altera/13.0sp1/nios2eds/bin/gnu/h-i686-mingw32/bin/../lib/gcc/nios2-elf/4.1.2\libgcc.a
LOAD ../projeto_final_bsp/\libucosii_bsp.a
END GROUP
LOAD d:/altera/13.0sp1/nios2eds/bin/gnu/h-i686-mingw32/bin/../lib/gcc/nios2-elf/4.1.2\libgcc.a
                0x00800000                __alt_mem_sdram_0 = 0x800000
                0x01400000                __alt_mem_cfi_flash_0 = 0x1400000
                0x01a00000                __alt_mem_sram_0 = 0x1a00000
                0x01a81800                __alt_mem_epcs_controller = 0x1a81800

.entry          0x01400000        0x0
 *(.entry)
 .entry         0x01400000        0x0 ../projeto_final_bsp//obj/HAL/src/crt0.o
                0x01400000                __reset

.exceptions     0x00800020      0x19c
                0x00800020                PROVIDE (__ram_exceptions_start, ABSOLUTE (.))
                0x00800020                . = ALIGN (0x20)
 *(.irq)
 *(.exceptions.entry.label)
 .exceptions.entry.label
                0x00800020        0x0 ../projeto_final_bsp/\libucosii_bsp.a(alt_irq_entry.o)
                0x00800020                alt_irq_entry
 .exceptions.entry.label
                0x00800020        0x0 ../projeto_final_bsp/\libucosii_bsp.a(alt_exception_entry.o)
                0x00800020                alt_exception
 *(.exceptions.entry.user)
 *(.exceptions.entry)
 .exceptions.entry
                0x00800020       0x54 ../projeto_final_bsp/\libucosii_bsp.a(alt_exception_entry.o)
 *(.exceptions.irqtest.user)
 *(.exceptions.irqtest)
 .exceptions.irqtest
                0x00800074       0x10 ../projeto_final_bsp/\libucosii_bsp.a(alt_irq_entry.o)
 *(.exceptions.irqhandler.user)
 *(.exceptions.irqhandler)
 .exceptions.irqhandler
                0x00800084        0x4 ../projeto_final_bsp/\libucosii_bsp.a(alt_irq_entry.o)
 *(.exceptions.irqreturn.user)
 *(.exceptions.irqreturn)
 .exceptions.irqreturn
                0x00800088        0x4 ../projeto_final_bsp/\libucosii_bsp.a(alt_irq_entry.o)
 *(.exceptions.notirq.label)
 .exceptions.notirq.label
                0x0080008c        0x0 ../projeto_final_bsp/\libucosii_bsp.a(alt_irq_entry.o)
 *(.exceptions.notirq.user)
 *(.exceptions.notirq)
 .exceptions.notirq
                0x0080008c        0x8 ../projeto_final_bsp/\libucosii_bsp.a(alt_exception_entry.o)
 *(.exceptions.soft.user)
 *(.exceptions.soft)
 *(.exceptions.unknown.user)
 *(.exceptions.unknown)
 .exceptions.unknown
                0x00800094        0x4 ../projeto_final_bsp/\libucosii_bsp.a(alt_exception_entry.o)
 *(.exceptions.exit.label)
 .exceptions.exit.label
                0x00800098        0x0 ../projeto_final_bsp/\libucosii_bsp.a(alt_irq_entry.o)
 .exceptions.exit.label
                0x00800098        0x0 ../projeto_final_bsp/\libucosii_bsp.a(alt_exception_entry.o)
 *(.exceptions.exit.user)
 *(.exceptions.exit)
 .exceptions.exit
                0x00800098       0x54 ../projeto_final_bsp/\libucosii_bsp.a(alt_exception_entry.o)
 *(.exceptions)
 .exceptions    0x008000ec       0xd0 ../projeto_final_bsp/\libucosii_bsp.a(alt_irq_handler.o)
                0x008000ec                alt_irq_handler
                0x008001bc                PROVIDE (__ram_exceptions_end, ABSOLUTE (.))
                0x00800020                PROVIDE (__flash_exceptions_start, LOADADDR (.exceptions))

.text           0x008001bc    0x4728c
                0x008001bc                PROVIDE (stext, ABSOLUTE (.))
 *(.interp)
 *(.hash)
 *(.dynsym)
 *(.dynstr)
 *(.gnu.version)
 *(.gnu.version_d)
 *(.gnu.version_r)
 *(.rel.init)
 *(.rela.init)
 *(.rel.text .rel.text.* .rel.gnu.linkonce.t.*)
 *(.rela.text .rela.text.* .rela.gnu.linkonce.t.*)
 *(.rel.fini)
 *(.rela.fini)
 *(.rel.rodata .rel.rodata.* .rel.gnu.linkonce.r.*)
 *(.rela.rodata .rela.rodata.* .rela.gnu.linkonce.r.*)
 *(.rel.data .rel.data.* .rel.gnu.linkonce.d.*)
 *(.rela.data .rela.data.* .rela.gnu.linkonce.d.*)
 *(.rel.tdata .rel.tdata.* .rel.gnu.linkonce.td.*)
 *(.rela.tdata .rela.tdata.* .rela.gnu.linkonce.td.*)
 *(.rel.tbss .rel.tbss.* .rel.gnu.linkonce.tb.*)
 *(.rela.tbss .rela.tbss.* .rela.gnu.linkonce.tb.*)
 *(.rel.ctors)
 *(.rela.ctors)
 *(.rel.dtors)
 *(.rela.dtors)
 *(.rel.got)
 *(.rela.got)
 *(.rel.sdata .rel.sdata.* .rel.gnu.linkonce.s.*)
 *(.rela.sdata .rela.sdata.* .rela.gnu.linkonce.s.*)
 *(.rel.sbss .rel.sbss.* .rel.gnu.linkonce.sb.*)
 *(.rela.sbss .rela.sbss.* .rela.gnu.linkonce.sb.*)
 *(.rel.sdata2 .rel.sdata2.* .rel.gnu.linkonce.s2.*)
 *(.rela.sdata2 .rela.sdata2.* .rela.gnu.linkonce.s2.*)
 *(.rel.sbss2 .rel.sbss2.* .rel.gnu.linkonce.sb2.*)
 *(.rela.sbss2 .rela.sbss2.* .rela.gnu.linkonce.sb2.*)
 *(.rel.bss .rel.bss.* .rel.gnu.linkonce.b.*)
 *(.rela.bss .rela.bss.* .rela.gnu.linkonce.b.*)
 *(.rel.plt)
 *(.rela.plt)
 *(.rel.dyn)
 *(.init)
 *(.plt)
 *(.text .stub .text.* .gnu.linkonce.t.*)
 .text          0x008001bc       0x48 ../projeto_final_bsp//obj/HAL/src/crt0.o
                0x008001bc                _start
 .text          0x00800204      0x31c obj/default/LCD.o
                0x00800204                LCD_Init
                0x008002a0                LCD_Show_Text
                0x00800328                LCD_Line2
                0x00800364                LCD_Line1
                0x008003a0                LCD_Clear
                0x008003dc                LCD_Test
 .text          0x00800520      0x2ec obj/default/SSS_DE2_115.o
                0x00800520                get_DE2_115_mac_addr
                0x008006c8                FindLastFlashSectorOffset
 .text          0x0080080c      0xba8 obj/default/alt_error_handler.o
                0x0080080c                alt_uCOSIIErrorHandler
                0x00800e30                alt_NetworkErrorHandler
                0x008010c8                alt_SSSErrorHandler
 .text          0x008013b4      0xe48 obj/default/dm9000a.o
                0x008013b4                dm9000a_iow
                0x00801408                dm9000a_ior
                0x00801454                phy_write
                0x008014f0                dm9000a_reset
                0x008016b4                TransmitPacket
                0x008017d0                prep_dm9000a
                0x008019ec                dm9000a_init
                0x00801e3c                dm9Ka_isr_wrap
                0x00801e7c                dm9ka_init
                0x00801f74                dm9ka_close
                0x00802084                dm9ka_stats
                0x008020e0                dm9ka_pkt_send
 .text          0x008021fc      0xe20 obj/default/iniche_init.o
                0x008021fc                u_mctest_init
                0x0080222c                u_mctest_run
                0x008028e4                SSSInitialTask
                0x00802f20                main
 .text          0x0080301c      0x324 obj/default/led.o
                0x0080301c                led_bit_toggle
                0x008030e8                LED7SegLightshowTask
                0x0080315c                LEDManagementTask
 .text          0x00803340      0x73c obj/default/network_utilities.o
                0x00803340                get_mac_addr
                0x00803398                get_ip_addr
                0x00803404                get_serial_number
                0x008035e0                generate_and_store_mac_addr
                0x008037ac                generate_mac_addr
                0x008038e8                get_board_mac_addr
 .text          0x00803a7c      0x9f8 obj/default/simple_socket_server.o
                0x00803a7c                SSSCreateOSDataStructs
                0x00803b24                SSSCreateTasks
                0x00803be8                sss_reset_connection
                0x00803c58                sss_send_menu
                0x00803de8                sss_handle_accept
                0x00803ea8                sss_exec_command
                0x0080401c                sss_handle_receive
                0x00804208                SSSSimpleSocketServerTask
 .text          0x00804474        0x0 obj/default/tse_my_system.o
 .text          0x00804474       0xa4 d:/altera/13.0sp1/nios2eds/bin/gnu/h-i686-mingw32/bin/../lib/gcc/nios2-elf/4.1.2\libgcc.a(_fixunsdfsi.o)
                0x00804474                __fixunsdfsi
 .text          0x00804518      0x504 d:/altera/13.0sp1/nios2eds/bin/gnu/h-i686-mingw32/bin/../lib/gcc/nios2-elf/4.1.2\libgcc.a(_addsub_df.o)
                0x00804928                __subdf3
                0x008049a8                __adddf3
 .text          0x00804a1c      0x3c4 d:/altera/13.0sp1/nios2eds/bin/gnu/h-i686-mingw32/bin/../lib/gcc/nios2-elf/4.1.2\libgcc.a(_mul_df.o)
                0x00804a1c                __muldf3
 .text          0x00804de0       0x88 d:/altera/13.0sp1/nios2eds/bin/gnu/h-i686-mingw32/bin/../lib/gcc/nios2-elf/4.1.2\libgcc.a(_ge_df.o)
                0x00804de0                __gedf2
 .text          0x00804e68       0xd8 d:/altera/13.0sp1/nios2eds/bin/gnu/h-i686-mingw32/bin/../lib/gcc/nios2-elf/4.1.2\libgcc.a(_df_to_si.o)
                0x00804e68                __fixdfsi
 .text          0x00804f40        0x0 d:/altera/13.0sp1/nios2eds/bin/gnu/h-i686-mingw32/bin/../lib/gcc/nios2-elf/4.1.2\libgcc.a(_thenan_df.o)
 .text          0x00804f40      0x194 d:/altera/13.0sp1/nios2eds/bin/gnu/h-i686-mingw32/bin/../lib/gcc/nios2-elf/4.1.2\libgcc.a(_usi_to_df.o)
                0x00804f40                __floatunsidf
 .text          0x008050d4       0x98 d:/altera/13.0sp1/nios2eds/bin/gnu/h-i686-mingw32/bin/../lib/gcc/nios2-elf/4.1.2\libgcc.a(_muldi3.o)
                0x008050d4                __muldi3
 .text          0x0080516c       0x80 d:/altera/13.0sp1/nios2eds/bin/gnu/h-i686-mingw32/bin/../lib/gcc/nios2-elf/4.1.2\libgcc.a(_clzsi2.o)
                0x0080516c                __clzsi2
 .text          0x008051ec      0x314 d:/altera/13.0sp1/nios2eds/bin/gnu/h-i686-mingw32/bin/../lib/gcc/nios2-elf/4.1.2\libgcc.a(_pack_df.o)
                0x008051ec                __pack_d
 .text          0x00805500      0x138 d:/altera/13.0sp1/nios2eds/bin/gnu/h-i686-mingw32/bin/../lib/gcc/nios2-elf/4.1.2\libgcc.a(_unpack_df.o)
                0x00805500                __unpack_d
 .text          0x00805638       0xc8 d:/altera/13.0sp1/nios2eds/bin/gnu/h-i686-mingw32/bin/../lib/gcc/nios2-elf/4.1.2\libgcc.a(_fpcmp_parts_df.o)
                0x00805638                __fpcmp_parts_d
 .text          0x00805700        0x0 d:/altera/13.0sp1/nios2eds/bin/gnu/h-i686-mingw32/bin/../lib/gcc/nios2-elf/4.1.2\libgcc.a(_clz.o)
 .text          0x00805700       0x18 d:/altera/13.0sp1/nios2eds/bin/gnu/h-i686-mingw32/bin/../lib/gcc/nios2-elf/4.1.2/../../../../nios2-elf/lib\libc.a(lib_a-atoi.o)
                0x00805700                _atoi_r
                0x0080570c                atoi
 .text          0x00805718        0x0 d:/altera/13.0sp1/nios2eds/bin/gnu/h-i686-mingw32/bin/../lib/gcc/nios2-elf/4.1.2/../../../../nios2-elf/lib\libc.a(lib_a-ctype_.o)
 .text          0x00805718       0x10 d:/altera/13.0sp1/nios2eds/bin/gnu/h-i686-mingw32/bin/../lib/gcc/nios2-elf/4.1.2/../../../../nios2-elf/lib\libc.a(lib_a-errno.o)
                0x00805718                __errno
 .text          0x00805728       0x38 d:/altera/13.0sp1/nios2eds/bin/gnu/h-i686-mingw32/bin/../lib/gcc/nios2-elf/4.1.2/../../../../nios2-elf/lib\libc.a(lib_a-exit.o)
                0x00805728                exit
 .text          0x00805760       0x60 d:/altera/13.0sp1/nios2eds/bin/gnu/h-i686-mingw32/bin/../lib/gcc/nios2-elf/4.1.2/../../../../nios2-elf/lib\libc.a(lib_a-fprintf.o)
                0x00805760                fprintf
                0x0080578c                _fprintf_r
 .text          0x008057c0       0xdc d:/altera/13.0sp1/nios2eds/bin/gnu/h-i686-mingw32/bin/../lib/gcc/nios2-elf/4.1.2/../../../../nios2-elf/lib\libc.a(lib_a-fwrite.o)
                0x008057c0                _fwrite_r
                0x0080585c                fwrite
 .text          0x0080589c      0x128 d:/altera/13.0sp1/nios2eds/bin/gnu/h-i686-mingw32/bin/../lib/gcc/nios2-elf/4.1.2/../../../../nios2-elf/lib\libc.a(lib_a-getc.o)
                0x0080589c                getc
                0x00805934                _getc_r
 .text          0x008059c4        0x0 d:/altera/13.0sp1/nios2eds/bin/gnu/h-i686-mingw32/bin/../lib/gcc/nios2-elf/4.1.2/../../../../nios2-elf/lib\libc.a(lib_a-impure.o)
 .text          0x008059c4       0xa0 d:/altera/13.0sp1/nios2eds/bin/gnu/h-i686-mingw32/bin/../lib/gcc/nios2-elf/4.1.2/../../../../nios2-elf/lib\libc.a(lib_a-memcpy.o)
                0x008059c4                memcpy
 .text          0x00805a64       0xe0 d:/altera/13.0sp1/nios2eds/bin/gnu/h-i686-mingw32/bin/../lib/gcc/nios2-elf/4.1.2/../../../../nios2-elf/lib\libc.a(lib_a-memmove.o)
                0x00805a64                memmove
 .text          0x00805b44       0x98 d:/altera/13.0sp1/nios2eds/bin/gnu/h-i686-mingw32/bin/../lib/gcc/nios2-elf/4.1.2/../../../../nios2-elf/lib\libc.a(lib_a-memset.o)
                0x00805b44                memset
 .text          0x00805bdc       0x80 d:/altera/13.0sp1/nios2eds/bin/gnu/h-i686-mingw32/bin/../lib/gcc/nios2-elf/4.1.2/../../../../nios2-elf/lib\libc.a(lib_a-perror.o)
                0x00805bdc                _perror_r
                0x00805c48                perror
 .text          0x00805c5c       0x78 d:/altera/13.0sp1/nios2eds/bin/gnu/h-i686-mingw32/bin/../lib/gcc/nios2-elf/4.1.2/../../../../nios2-elf/lib\libc.a(lib_a-printf.o)
                0x00805c5c                printf
                0x00805ca0                _printf_r
 .text          0x00805cd4      0x1ec d:/altera/13.0sp1/nios2eds/bin/gnu/h-i686-mingw32/bin/../lib/gcc/nios2-elf/4.1.2/../../../../nios2-elf/lib\libc.a(lib_a-putc.o)
                0x00805cd4                putc
                0x00805dd8                _putc_r
 .text          0x00805ec0       0x24 d:/altera/13.0sp1/nios2eds/bin/gnu/h-i686-mingw32/bin/../lib/gcc/nios2-elf/4.1.2/../../../../nios2-elf/lib\libc.a(lib_a-putchar.o)
                0x00805ec0                putchar
                0x00805edc                _putchar_r
 .text          0x00805ee4       0xb4 d:/altera/13.0sp1/nios2eds/bin/gnu/h-i686-mingw32/bin/../lib/gcc/nios2-elf/4.1.2/../../../../nios2-elf/lib\libc.a(lib_a-puts.o)
                0x00805ee4                _puts_r
                0x00805f84                puts
 .text          0x00805f98       0x60 d:/altera/13.0sp1/nios2eds/bin/gnu/h-i686-mingw32/bin/../lib/gcc/nios2-elf/4.1.2/../../../../nios2-elf/lib\libc.a(lib_a-rget.o)
                0x00805f98                __srget_r
                0x00805fe4                __srget
 .text          0x00805ff8      0x170 d:/altera/13.0sp1/nios2eds/bin/gnu/h-i686-mingw32/bin/../lib/gcc/nios2-elf/4.1.2/../../../../nios2-elf/lib\libc.a(lib_a-snprintf.o)
                0x00805ff8                snprintf
                0x008060b4                _snprintf_r
 .text          0x00806168       0xd4 d:/altera/13.0sp1/nios2eds/bin/gnu/h-i686-mingw32/bin/../lib/gcc/nios2-elf/4.1.2/../../../../nios2-elf/lib\libc.a(lib_a-sprintf.o)
                0x00806168                sprintf
                0x008061dc                _sprintf_r
 .text          0x0080623c       0xe0 d:/altera/13.0sp1/nios2eds/bin/gnu/h-i686-mingw32/bin/../lib/gcc/nios2-elf/4.1.2/../../../../nios2-elf/lib\libc.a(lib_a-strchr.o)
                0x0080623c                strchr
 .text          0x0080631c       0xbc d:/altera/13.0sp1/nios2eds/bin/gnu/h-i686-mingw32/bin/../lib/gcc/nios2-elf/4.1.2/../../../../nios2-elf/lib\libc.a(lib_a-strcmp.o)
                0x0080631c                strcmp
 .text          0x008063d8      0x674 d:/altera/13.0sp1/nios2eds/bin/gnu/h-i686-mingw32/bin/../lib/gcc/nios2-elf/4.1.2/../../../../nios2-elf/lib\libc.a(lib_a-strerror.o)
                0x008063d8                strerror
 .text          0x00806a4c       0x74 d:/altera/13.0sp1/nios2eds/bin/gnu/h-i686-mingw32/bin/../lib/gcc/nios2-elf/4.1.2/../../../../nios2-elf/lib\libc.a(lib_a-strlen.o)
                0x00806a4c                strlen
 .text          0x00806ac0       0x18 d:/altera/13.0sp1/nios2eds/bin/gnu/h-i686-mingw32/bin/../lib/gcc/nios2-elf/4.1.2/../../../../nios2-elf/lib\libc.a(lib_a-strtok.o)
                0x00806ac0                strtok
 .text          0x00806ad8       0xac d:/altera/13.0sp1/nios2eds/bin/gnu/h-i686-mingw32/bin/../lib/gcc/nios2-elf/4.1.2/../../../../nios2-elf/lib\libc.a(lib_a-strtok_r.o)
                0x00806ad8                __strtok_r
                0x00806b7c                strtok_r
 .text          0x00806b84      0x268 d:/altera/13.0sp1/nios2eds/bin/gnu/h-i686-mingw32/bin/../lib/gcc/nios2-elf/4.1.2/../../../../nios2-elf/lib\libc.a(lib_a-strtol.o)
                0x00806b84                _strtol_r
                0x00806dc8                strtol
 .text          0x00806dec        0x8 d:/altera/13.0sp1/nios2eds/bin/gnu/h-i686-mingw32/bin/../lib/gcc/nios2-elf/4.1.2/../../../../nios2-elf/lib\libc.a(lib_a-u_strerr.o)
                0x00806dec                _user_strerror
 .text          0x00806df4     0x1f28 d:/altera/13.0sp1/nios2eds/bin/gnu/h-i686-mingw32/bin/../lib/gcc/nios2-elf/4.1.2/../../../../nios2-elf/lib\libc.a(lib_a-vfprintf.o)
                0x00806e4c                ___vfprintf_internal_r
                0x00808cf8                __vfprintf_internal
 .text          0x00808d1c      0x14c d:/altera/13.0sp1/nios2eds/bin/gnu/h-i686-mingw32/bin/../lib/gcc/nios2-elf/4.1.2/../../../../nios2-elf/lib\libc.a(lib_a-wbuf.o)
                0x00808d1c                __swbuf_r
                0x00808e4c                __swbuf
 .text          0x00808e68      0x13c d:/altera/13.0sp1/nios2eds/bin/gnu/h-i686-mingw32/bin/../lib/gcc/nios2-elf/4.1.2/../../../../nios2-elf/lib\libc.a(lib_a-wsetup.o)
                0x00808e68                __swsetup_r
 .text          0x00808fa4      0x1b4 d:/altera/13.0sp1/nios2eds/bin/gnu/h-i686-mingw32/bin/../lib/gcc/nios2-elf/4.1.2/../../../../nios2-elf/lib\libc.a(lib_a-__call_atexit.o)
                0x00808fa8                __call_exitprocs
 .text          0x00809158     0x17cc d:/altera/13.0sp1/nios2eds/bin/gnu/h-i686-mingw32/bin/../lib/gcc/nios2-elf/4.1.2/../../../../nios2-elf/lib\libc.a(lib_a-dtoa.o)
                0x00809370                _dtoa_r
 .text          0x0080a924      0x230 d:/altera/13.0sp1/nios2eds/bin/gnu/h-i686-mingw32/bin/../lib/gcc/nios2-elf/4.1.2/../../../../nios2-elf/lib\libc.a(lib_a-fflush.o)
                0x0080a924                _fflush_r
                0x0080ab20                fflush
 .text          0x0080ab54      0x2c0 d:/altera/13.0sp1/nios2eds/bin/gnu/h-i686-mingw32/bin/../lib/gcc/nios2-elf/4.1.2/../../../../nios2-elf/lib\libc.a(lib_a-findfp.o)
                0x0080abac                __sfp_lock_acquire
                0x0080abb0                __sfp_lock_release
                0x0080abb4                __sinit_lock_acquire
                0x0080abb8                __sinit_lock_release
                0x0080abbc                __sinit
                0x0080ac70                __fp_unlock_all
                0x0080ac88                __fp_lock_all
                0x0080aca0                _cleanup_r
                0x0080acac                _cleanup
                0x0080acbc                __sfmoreglue
                0x0080ad24                __sfp
 .text          0x0080ae14       0xbc d:/altera/13.0sp1/nios2eds/bin/gnu/h-i686-mingw32/bin/../lib/gcc/nios2-elf/4.1.2/../../../../nios2-elf/lib\libc.a(lib_a-fputc.o)
                0x0080ae14                fputc
                0x0080ae78                _fputc_r
 .text          0x0080aed0       0x90 d:/altera/13.0sp1/nios2eds/bin/gnu/h-i686-mingw32/bin/../lib/gcc/nios2-elf/4.1.2/../../../../nios2-elf/lib\libc.a(lib_a-fputs.o)
                0x0080aed0                _fputs_r
                0x0080af44                fputs
 .text          0x0080af60      0x440 d:/altera/13.0sp1/nios2eds/bin/gnu/h-i686-mingw32/bin/../lib/gcc/nios2-elf/4.1.2/../../../../nios2-elf/lib\libc.a(lib_a-freer.o)
                0x0080af60                _malloc_trim_r
                0x0080b08c                _free_r
 .text          0x0080b3a0      0x49c d:/altera/13.0sp1/nios2eds/bin/gnu/h-i686-mingw32/bin/../lib/gcc/nios2-elf/4.1.2/../../../../nios2-elf/lib\libc.a(lib_a-fvwrite.o)
                0x0080b3a0                __sfvwrite_r
 .text          0x0080b83c      0x180 d:/altera/13.0sp1/nios2eds/bin/gnu/h-i686-mingw32/bin/../lib/gcc/nios2-elf/4.1.2/../../../../nios2-elf/lib\libc.a(lib_a-fwalk.o)
                0x0080b83c                _fwalk_reent
                0x0080b904                _fwalk
 .text          0x0080b9bc       0xc4 d:/altera/13.0sp1/nios2eds/bin/gnu/h-i686-mingw32/bin/../lib/gcc/nios2-elf/4.1.2/../../../../nios2-elf/lib\libc.a(lib_a-locale.o)
                0x0080b9bc                __locale_charset
                0x0080b9c4                _localeconv_r
                0x0080b9d0                localeconv
                0x0080b9e0                _setlocale_r
                0x0080ba64                setlocale
 .text          0x0080ba80      0x194 d:/altera/13.0sp1/nios2eds/bin/gnu/h-i686-mingw32/bin/../lib/gcc/nios2-elf/4.1.2/../../../../nios2-elf/lib\libc.a(lib_a-makebuf.o)
                0x0080ba80                __smakebuf_r
 .text          0x0080bc14      0x740 d:/altera/13.0sp1/nios2eds/bin/gnu/h-i686-mingw32/bin/../lib/gcc/nios2-elf/4.1.2/../../../../nios2-elf/lib\libc.a(lib_a-mallocr.o)
                0x0080bc14                _malloc_r
 .text          0x0080c354       0xe4 d:/altera/13.0sp1/nios2eds/bin/gnu/h-i686-mingw32/bin/../lib/gcc/nios2-elf/4.1.2/../../../../nios2-elf/lib\libc.a(lib_a-memchr.o)
                0x0080c354                memchr
 .text          0x0080c438      0xff4 d:/altera/13.0sp1/nios2eds/bin/gnu/h-i686-mingw32/bin/../lib/gcc/nios2-elf/4.1.2/../../../../nios2-elf/lib\libc.a(lib_a-mprec.o)
                0x0080c438                _Bfree
                0x0080c460                __hi0bits
                0x0080c4d0                __lo0bits
                0x0080c594                __mcmp
                0x0080c5f4                __ulp
                0x0080c674                __b2d
                0x0080c794                __ratio
                0x0080c844                _mprec_log10
                0x0080c8d8                __copybits
                0x0080c930                __any_on
                0x0080c9b8                _Balloc
                0x0080ca74                __d2b
                0x0080cbf0                __mdiff
                0x0080cd7c                __lshift
                0x0080cec8                __multiply
                0x0080d0b0                __i2b
                0x0080d0ec                __multadd
                0x0080d1ec                __pow5mult
                0x0080d30c                __s2b
 .text          0x0080d42c      0x5f4 d:/altera/13.0sp1/nios2eds/bin/gnu/h-i686-mingw32/bin/../lib/gcc/nios2-elf/4.1.2/../../../../nios2-elf/lib\libc.a(lib_a-reallocr.o)
                0x0080d42c                _realloc_r
 .text          0x0080da20      0x1e0 d:/altera/13.0sp1/nios2eds/bin/gnu/h-i686-mingw32/bin/../lib/gcc/nios2-elf/4.1.2/../../../../nios2-elf/lib\libc.a(lib_a-refill.o)
                0x0080da20                __srefill_r
 .text          0x0080dc00       0x40 d:/altera/13.0sp1/nios2eds/bin/gnu/h-i686-mingw32/bin/../lib/gcc/nios2-elf/4.1.2/../../../../nios2-elf/lib\libc.a(lib_a-s_isinfd.o)
                0x0080dc00                __isinfd
 .text          0x0080dc40       0x30 d:/altera/13.0sp1/nios2eds/bin/gnu/h-i686-mingw32/bin/../lib/gcc/nios2-elf/4.1.2/../../../../nios2-elf/lib\libc.a(lib_a-s_isnand.o)
                0x0080dc40                __isnand
 .text          0x0080dc70       0x70 d:/altera/13.0sp1/nios2eds/bin/gnu/h-i686-mingw32/bin/../lib/gcc/nios2-elf/4.1.2/../../../../nios2-elf/lib\libc.a(lib_a-sbrkr.o)
                0x0080dc70                _sbrk_r
 .text          0x0080dce0      0x14c d:/altera/13.0sp1/nios2eds/bin/gnu/h-i686-mingw32/bin/../lib/gcc/nios2-elf/4.1.2/../../../../nios2-elf/lib\libc.a(lib_a-stdio.o)
                0x0080dce0                __sclose
                0x0080dce8                __sseek
                0x0080dd50                __swrite
                0x0080ddcc                __sread
 .text          0x0080de2c       0x78 d:/altera/13.0sp1/nios2eds/bin/gnu/h-i686-mingw32/bin/../lib/gcc/nios2-elf/4.1.2/../../../../nios2-elf/lib\libc.a(lib_a-writer.o)
                0x0080de2c                _write_r
 .text          0x0080dea4       0xb4 d:/altera/13.0sp1/nios2eds/bin/gnu/h-i686-mingw32/bin/../lib/gcc/nios2-elf/4.1.2/../../../../nios2-elf/lib\libc.a(lib_a-callocr.o)
                0x0080dea4                _calloc_r
 .text          0x0080df58       0x70 d:/altera/13.0sp1/nios2eds/bin/gnu/h-i686-mingw32/bin/../lib/gcc/nios2-elf/4.1.2/../../../../nios2-elf/lib\libc.a(lib_a-closer.o)
                0x0080df58                _close_r
 .text          0x0080dfc8      0x124 d:/altera/13.0sp1/nios2eds/bin/gnu/h-i686-mingw32/bin/../lib/gcc/nios2-elf/4.1.2/../../../../nios2-elf/lib\libc.a(lib_a-fclose.o)
                0x0080dfc8                _fclose_r
                0x0080e0d8                fclose
 .text          0x0080e0ec       0x74 d:/altera/13.0sp1/nios2eds/bin/gnu/h-i686-mingw32/bin/../lib/gcc/nios2-elf/4.1.2/../../../../nios2-elf/lib\libc.a(lib_a-fstatr.o)
                0x0080e0ec                _fstat_r
 .text          0x0080e160        0x0 d:/altera/13.0sp1/nios2eds/bin/gnu/h-i686-mingw32/bin/../lib/gcc/nios2-elf/4.1.2/../../../../nios2-elf/lib\libc.a(lib_a-int_errno.o)
 .text          0x0080e160       0x70 d:/altera/13.0sp1/nios2eds/bin/gnu/h-i686-mingw32/bin/../lib/gcc/nios2-elf/4.1.2/../../../../nios2-elf/lib\libc.a(lib_a-isattyr.o)
                0x0080e160                _isatty_r
 .text          0x0080e1d0       0x78 d:/altera/13.0sp1/nios2eds/bin/gnu/h-i686-mingw32/bin/../lib/gcc/nios2-elf/4.1.2/../../../../nios2-elf/lib\libc.a(lib_a-lseekr.o)
                0x0080e1d0                _lseek_r
 .text          0x0080e248       0x78 d:/altera/13.0sp1/nios2eds/bin/gnu/h-i686-mingw32/bin/../lib/gcc/nios2-elf/4.1.2/../../../../nios2-elf/lib\libc.a(lib_a-readr.o)
                0x0080e248                _read_r
 .text          0x0080e2c0      0x5dc d:/altera/13.0sp1/nios2eds/bin/gnu/h-i686-mingw32/bin/../lib/gcc/nios2-elf/4.1.2\libgcc.a(_udivdi3.o)
                0x0080e2c0                __udivdi3
 .text          0x0080e89c      0x5b0 d:/altera/13.0sp1/nios2eds/bin/gnu/h-i686-mingw32/bin/../lib/gcc/nios2-elf/4.1.2\libgcc.a(_umoddi3.o)
                0x0080e89c                __umoddi3
 .text          0x0080ee4c      0x258 d:/altera/13.0sp1/nios2eds/bin/gnu/h-i686-mingw32/bin/../lib/gcc/nios2-elf/4.1.2\libgcc.a(_div_df.o)
                0x0080ee4c                __divdf3
 .text          0x0080f0a4       0x88 d:/altera/13.0sp1/nios2eds/bin/gnu/h-i686-mingw32/bin/../lib/gcc/nios2-elf/4.1.2\libgcc.a(_eq_df.o)
                0x0080f0a4                __eqdf2
 .text          0x0080f12c       0x88 d:/altera/13.0sp1/nios2eds/bin/gnu/h-i686-mingw32/bin/../lib/gcc/nios2-elf/4.1.2\libgcc.a(_ne_df.o)
                0x0080f12c                __nedf2
 .text          0x0080f1b4       0x88 d:/altera/13.0sp1/nios2eds/bin/gnu/h-i686-mingw32/bin/../lib/gcc/nios2-elf/4.1.2\libgcc.a(_gt_df.o)
                0x0080f1b4                __gtdf2
 .text          0x0080f23c       0x88 d:/altera/13.0sp1/nios2eds/bin/gnu/h-i686-mingw32/bin/../lib/gcc/nios2-elf/4.1.2\libgcc.a(_lt_df.o)
                0x0080f23c                __ltdf2
 .text          0x0080f2c4       0xf8 d:/altera/13.0sp1/nios2eds/bin/gnu/h-i686-mingw32/bin/../lib/gcc/nios2-elf/4.1.2\libgcc.a(_si_to_df.o)
                0x0080f2c4                __floatsidf
 .text          0x0080f3bc      0x14c d:/altera/13.0sp1/nios2eds/bin/gnu/h-i686-mingw32/bin/../lib/gcc/nios2-elf/4.1.2\libgcc.a(lib2-divmod.o)
                0x0080f438                __divsi3
                0x0080f498                __modsi3
                0x0080f4f8                __udivsi3
                0x0080f500                __umodsi3
 .text          0x0080f508       0x6c ../projeto_final_bsp/\libucosii_bsp.a(alt_exit.o)
                0x0080f548                _exit
 .text          0x0080f574       0xd0 ../projeto_final_bsp/\libucosii_bsp.a(alt_flash_dev.o)
                0x0080f574                alt_flash_open_dev
                0x0080f5f0                alt_flash_close_dev
 .text          0x0080f644      0x134 ../projeto_final_bsp/\libucosii_bsp.a(alt_fstat.o)
                0x0080f644                fstat
 .text          0x0080f778      0x1c0 ../projeto_final_bsp/\libucosii_bsp.a(alt_irq_register.o)
                0x0080f778                alt_irq_register
 .text          0x0080f938        0x0 ../projeto_final_bsp/\libucosii_bsp.a(alt_irq_vars.o)
 .text          0x0080f938      0x120 ../projeto_final_bsp/\libucosii_bsp.a(alt_isatty.o)
                0x0080f938                isatty
 .text          0x0080fa58      0x150 ../projeto_final_bsp/\libucosii_bsp.a(alt_lseek.o)
                0x0080fa58                lseek
 .text          0x0080fba8       0xc8 ../projeto_final_bsp/\libucosii_bsp.a(alt_main.o)
                0x0080fba8                alt_main
 .text          0x0080fc70       0xbc ../projeto_final_bsp/\libucosii_bsp.a(alt_sbrk.o)
                0x0080fc70                sbrk
 .text          0x0080fd2c      0x118 ../projeto_final_bsp/\libucosii_bsp.a(alt_usleep.o)
                0x0080fd2c                usleep
 .text          0x0080fe44      0x108 ../projeto_final_bsp/\libucosii_bsp.a(alt_env_lock.o)
                0x0080fe44                __env_lock
                0x0080fef0                __env_unlock
 .text          0x0080ff4c      0x1d8 ../projeto_final_bsp/\libucosii_bsp.a(alt_malloc_lock.o)
                0x0080ff4c                __malloc_lock
                0x00810054                __malloc_unlock
 .text          0x00810124     0x2128 ../projeto_final_bsp/\libucosii_bsp.a(os_core.o)
                0x00810124                OSEventNameGet
                0x00810254                OSEventNameSet
                0x00810398                OSEventPendMulti
                0x00810a4c                OSInit
                0x00810aa0                OSIntEnter
                0x00810b1c                OSIntExit
                0x00810c1c                OSSchedLock
                0x00810ca8                OSSchedUnlock
                0x00810d8c                OSStart
                0x00810dfc                OSStatInit
                0x00810ea8                OSTimeTick
                0x008110e8                OSVersion
                0x00811108                OS_Dummy
                0x00811124                OS_EventTaskRdy
                0x008112b8                OS_EventTaskWait
                0x008113c8                OS_EventTaskWaitMulti
                0x0081151c                OS_EventTaskRemove
                0x008115d4                OS_EventTaskRemoveMulti
                0x008116d8                OS_EventWaitListInit
                0x00811aa4                OS_MemClr
                0x00811af8                OS_MemCopy
                0x00811b64                OS_Sched
                0x00811ca8                OS_StrCopy
                0x00811d28                OS_StrLen
                0x00811d80                OS_TaskIdle
                0x00811ddc                OS_TaskStat
                0x00811ea4                OS_TaskStatStkChk
                0x00811f6c                OS_TCBInit
 .text          0x0081224c      0x18c ../projeto_final_bsp/\libucosii_bsp.a(os_dbg.o)
                0x0081224c                OSDebugInit
 .text          0x008123d8     0x193c ../projeto_final_bsp/\libucosii_bsp.a(os_flag.o)
                0x008123d8                OSFlagAccept
                0x0081270c                OSFlagCreate
                0x00812848                OSFlagDel
                0x00812af0                OSFlagNameGet
                0x00812c34                OSFlagNameSet
                0x00812d88                OSFlagPend
                0x008133cc                OSFlagPendGetFlagsRdy
                0x00813434                OSFlagPost
                0x008137dc                OSFlagQuery
                0x00813a74                OS_FlagInit
                0x00813c68                OS_FlagUnlink
 .text          0x00813d14      0x808 ../projeto_final_bsp/\libucosii_bsp.a(os_mem.o)
                0x00813d14                OSMemCreate
                0x00813f30                OSMemGet
                0x00814034                OSMemNameGet
                0x00814140                OSMemNameSet
                0x00814260                OSMemPut
                0x00814350                OSMemQuery
                0x0081444c                OS_MemInit
 .text          0x0081451c     0x1334 ../projeto_final_bsp/\libucosii_bsp.a(os_q.o)
                0x0081451c                OSQAccept
                0x00814670                OSQCreate
                0x00814884                OSQDel
                0x00814b84                OSQFlush
                0x00814c4c                OSQPend
                0x00814f6c                OSQPendAbort
                0x008150e8                OSQPost
                0x00815268                OSQPostFront
                0x008153f0                OSQPostOpt
                0x00815624                OSQQuery
                0x008157a4                OS_QInit
 .text          0x00815850      0xbc8 ../projeto_final_bsp/\libucosii_bsp.a(os_sem.o)
                0x00815850                OSSemAccept
                0x00815910                OSSemCreate
                0x00815a24                OSSemDel
                0x00815cc4                OSSemPend
                0x00815f40                OSSemPendAbort
                0x008160bc                OSSemPost
                0x008161e4                OSSemQuery
                0x00816314                OSSemSet
 .text          0x00816418     0x1a40 ../projeto_final_bsp/\libucosii_bsp.a(os_task.o)
                0x00816418                OSTaskChangePrio
                0x0081698c                OSTaskCreate
                0x00816b60                OSTaskCreateExt
                0x00816d60                OSTaskDel
                0x0081716c                OSTaskDelReq
                0x008172dc                OSTaskNameGet
                0x00817494                OSTaskNameSet
                0x00817658                OSTaskResume
                0x00817870                OSTaskStkChk
                0x00817a6c                OSTaskSuspend
                0x00817c98                OSTaskQuery
                0x00817ddc                OS_TaskStkClr
 .text          0x00817e58      0x670 ../projeto_final_bsp/\libucosii_bsp.a(os_time.o)
                0x00817e58                OSTimeDly
                0x00817fa4                OSTimeDlyHMSM
                0x008181f0                OSTimeDlyResume
                0x00818400                OSTimeGet
                0x00818464                OSTimeSet
 .text          0x008184c8      0x118 ../projeto_final_bsp/\libucosii_bsp.a(alt_sys_init.o)
                0x008184c8                alt_irq_init
                0x008184fc                alt_sys_init
 .text          0x008185e0      0x8c8 ../projeto_final_bsp/\libucosii_bsp.a(altera_avalon_cfi_flash.o)
                0x008185e0                alt_flash_cfi_init
                0x008186b4                alt_flash_cfi_write
                0x00818974                alt_flash_cfi_get_info
                0x00818a04                alt_flash_cfi_read
                0x00818a6c                alt_write_value_to_flash
                0x00818bd0                alt_flash_program_block
 .text          0x00818ea8     0x14a8 ../projeto_final_bsp/\libucosii_bsp.a(altera_avalon_cfi_flash_table.o)
                0x00818ea8                alt_read_query_entry_8bit
                0x00818ee8                alt_read_query_entry_16bit
                0x00818f2c                alt_read_query_entry_32bit
                0x00818f74                alt_write_flash_command_8bit_device_8bit_mode
                0x00818fb0                alt_write_flash_command_16bit_device_8bit_mode
                0x0081902c                alt_write_flash_command_32bit_device_8bit_mode
                0x00819074                alt_write_flash_command_16bit_device_16bit_mode
                0x008190b8                alt_write_flash_command_32bit_device_16bit_mode
                0x00819100                alt_write_flash_command_32bit_device_32bit_mode
                0x00819148                alt_write_native_8bit
                0x0081917c                alt_write_native_16bit
                0x008191b0                alt_write_native_32bit
                0x008191e0                alt_set_flash_width_func
                0x008193c0                alt_set_flash_algorithm_func
                0x008194e8                alt_read_cfi_table
                0x00819ac8                alt_read_cfi_width
                0x0081a274                alt_check_primary_table
 .text          0x0081a350      0x9e4 ../projeto_final_bsp/\libucosii_bsp.a(altera_avalon_epcs_flash_controller.o)
                0x0081a350                alt_epcs_flash_init
                0x0081a76c                alt_epcs_flash_write
                0x0081a9ec                alt_epcs_flash_get_info
                0x0081aa7c                alt_epcs_flash_erase_block
                0x0081ab80                alt_epcs_flash_write_block
                0x0081ac9c                alt_epcs_flash_read
 .text          0x0081ad34      0x148 ../projeto_final_bsp/\libucosii_bsp.a(altera_avalon_jtag_uart_fd.o)
                0x0081ad34                altera_avalon_jtag_uart_read_fd
                0x0081ad8c                altera_avalon_jtag_uart_write_fd
                0x0081ade4                altera_avalon_jtag_uart_close_fd
                0x0081ae2c                altera_avalon_jtag_uart_ioctl_fd
 .text          0x0081ae7c      0x584 ../projeto_final_bsp/\libucosii_bsp.a(altera_avalon_jtag_uart_init.o)
                0x0081ae7c                altera_avalon_jtag_uart_init
                0x0081b38c                altera_avalon_jtag_uart_close
 .text          0x0081b400       0xf4 ../projeto_final_bsp/\libucosii_bsp.a(altera_avalon_jtag_uart_ioctl.o)
                0x0081b400                altera_avalon_jtag_uart_ioctl
 .text          0x0081b4f4      0x2c0 ../projeto_final_bsp/\libucosii_bsp.a(altera_avalon_jtag_uart_read.o)
                0x0081b4f4                altera_avalon_jtag_uart_read
 .text          0x0081b7b4      0x2dc ../projeto_final_bsp/\libucosii_bsp.a(altera_avalon_jtag_uart_write.o)
                0x0081b7b4                altera_avalon_jtag_uart_write
 .text          0x0081ba90      0xf3c ../projeto_final_bsp/\libucosii_bsp.a(altera_avalon_lcd_16207.o)
                0x0081c264                altera_avalon_lcd_16207_write
                0x0081c868                altera_avalon_lcd_16207_init
 .text          0x0081c9cc       0x58 ../projeto_final_bsp/\libucosii_bsp.a(altera_avalon_lcd_16207_fd.o)
                0x0081c9cc                altera_avalon_lcd_16207_write_fd
 .text          0x0081ca24      0x100 ../projeto_final_bsp/\libucosii_bsp.a(altera_avalon_timer_sc.o)
                0x0081ca94                alt_avalon_timer_sc_init
 .text          0x0081cb24       0xf8 ../projeto_final_bsp/\libucosii_bsp.a(altera_avalon_uart_fd.o)
                0x0081cb24                altera_avalon_uart_read_fd
                0x0081cb7c                altera_avalon_uart_write_fd
                0x0081cbd4                altera_avalon_uart_close_fd
 .text          0x0081cc1c      0x57c ../projeto_final_bsp/\libucosii_bsp.a(altera_avalon_uart_init.o)
                0x0081cc1c                altera_avalon_uart_init
                0x0081d138                altera_avalon_uart_close
 .text          0x0081d198      0x310 ../projeto_final_bsp/\libucosii_bsp.a(altera_avalon_uart_read.o)
                0x0081d198                altera_avalon_uart_read
 .text          0x0081d4a8      0x2a8 ../projeto_final_bsp/\libucosii_bsp.a(altera_avalon_uart_write.o)
                0x0081d4a8                altera_avalon_uart_write
 .text          0x0081d750      0x6d4 ../projeto_final_bsp/\libucosii_bsp.a(epcs_commands.o)
                0x0081d750                epcs_read_status_register
                0x0081d7b0                epcs_sector_erase
                0x0081d918                epcs_read_buffer
                0x0081da64                epcs_write_enable
                0x0081dab4                epcs_write_status_register
                0x0081db18                epcs_write_buffer
                0x0081dc88                epcs_read_electronic_signature
                0x0081dcf4                epcs_read_device_id
                0x0081dd74                epcs_enter_4_bytes_mode
                0x0081ddcc                epcs_exit_4_bytes_mode
 .text          0x0081de24       0x54 ../projeto_final_bsp/\libucosii_bsp.a(alt_iniche_close.o)
                0x0081de24                close
 .text          0x0081de78      0x144 ../projeto_final_bsp/\libucosii_bsp.a(alt_iniche_dev.o)
                0x0081de78                iniche_devices_init
 .text          0x0081dfbc       0x78 ../projeto_final_bsp/\libucosii_bsp.a(alt_iniche_read.o)
                0x0081dfbc                read
 .text          0x0081e034       0x70 ../projeto_final_bsp/\libucosii_bsp.a(alt_iniche_write.o)
                0x0081e034                write
 .text          0x0081e0a4      0xedc ../projeto_final_bsp/\libucosii_bsp.a(ipnet.o)
                0x0081e0a4                Netinit
                0x0081e6f0                fixup_subnet_mask
                0x0081e850                netclose
                0x0081e938                pktdemux
                0x0081ed0c                c_older
                0x0081eddc                ip2mac
 .text          0x0081ef80      0x4b0 ../projeto_final_bsp/\libucosii_bsp.a(ipstart.o)
                0x0081ef80                ip_startup
                0x0081f264                exit_hook
                0x0081f2d0                ip_exit
                0x0081f3a0                if_netnumber
 .text          0x0081f430     0x10e8 ../projeto_final_bsp/\libucosii_bsp.a(igmp_cmn.o)
                0x0081f430                igmp_init
                0x0081f520                igmp_input
                0x0081f618                igmp_fasttimo
                0x0081f84c                igmp_send
                0x0081faf4                igmp_joingroup
                0x0081fd60                igmp_leavegroup
                0x0081fddc                igmp_validate
                0x00820138                igmp_print_stats
 .text          0x00820518      0xbc8 ../projeto_final_bsp/\libucosii_bsp.a(bsdsock.o)
                0x00820518                bsd_accept
                0x00820650                bsd_getpeername
                0x0082077c                bsd_getsockname
                0x008208a8                bsd_i_sockoptlen
                0x00820a60                bsd_getsockopt
                0x00820b80                bsd_ioctl
                0x00820c84                bsd_inet_ntoa
                0x00820cb4                bsd_recvfrom
                0x00820e14                bsd_select
                0x00820ff4                bsd_setsockopt
 .text          0x008210e0      0x118 ../projeto_final_bsp/\libucosii_bsp.a(cksum.o)
                0x008210e0                ccksum
                0x00821190                cksum
 .text          0x008211f8      0xa9c ../projeto_final_bsp/\libucosii_bsp.a(in_utils.o)
                0x008211f8                do_trap
                0x00821224                nextarg
                0x008212a0                hexdump
                0x008213e8                print_ipad
                0x0082145c                print_uptime
                0x00821588                panic
                0x008215cc                print_eth
                0x00821730                uslash
                0x008217b0                ns_printf
                0x00821934                std_out
                0x00821978                con_page
                0x00821a68                parse_args
 .text          0x00821c94      0x1c8 ../projeto_final_bsp/\libucosii_bsp.a(netmain.o)
                0x00821c94                netmain
                0x00821d88                tk_netmain
                0x00821e10                tk_nettick
 .text          0x00821e5c      0x810 ../projeto_final_bsp/\libucosii_bsp.a(parseip.o)
                0x00821e5c                parse_ipad
                0x00822178                inet_addr
                0x008221e0                hextoa
                0x00822250                inet_pton
                0x008222fc                inet_ntop
                0x00822388                print46_addr
                0x008223e8                inet46_addr
                0x008224ac                inet_setport
                0x00822520                convert_ip
 .text          0x0082266c      0x5e8 ../projeto_final_bsp/\libucosii_bsp.a(tk_crnos.o)
                0x0082266c                TK_OSTimeDly
                0x00822698                TK_OSTaskResume
                0x00822708                tcp_sleep
                0x008228a8                tcp_wakeup
                0x008229ac                TK_OSTaskQuery
                0x00822a20                tk_yield
                0x00822a4c                tk_stats
 .text          0x00822c54     0x3294 ../projeto_final_bsp/\libucosii_bsp.a(dhcpclnt.o)
                0x00822c54                dhc_get_srv_ipaddr
                0x00822ce4                dhc_init
                0x00822da0                dhc_set_callback
                0x00822de4                dhc_upcall
                0x00823614                dhc_buildheader
                0x00823830                dhc_discover
                0x00823d48                dhc_rx_offer
                0x00823e4c                dhc_request
                0x00824988                dhc_setip
                0x00824c08                dhc_resetip
                0x00824cec                dhc_decline
                0x00824ed0                dhc_extract_opts
                0x0082518c                dhc_second
                0x00825a7c                dhc_halt
                0x00825b04                dhc_reclaim
                0x00825cd4                dhc_state_init
                0x00825d34                dhc_alldone
                0x00825dc4                dhc_ifacedone
                0x00825e38                dhc_set_state
 .text          0x00825ee8       0xcc ../projeto_final_bsp/\libucosii_bsp.a(dhcputil.o)
                0x00825ee8                find_opt
 .text          0x00825fb4      0x79c ../projeto_final_bsp/\libucosii_bsp.a(pktalloc.o)
                0x00825fb4                pk_init
                0x00826244                pk_alloc
                0x00826320                pk_validate
                0x008265d8                pk_free
                0x00826684                pk_get_max_intrsafe_buf_len
                0x008266a4                dump_buf_estats
 .text          0x00826750      0x288 ../projeto_final_bsp/\libucosii_bsp.a(q.o)
                0x00826750                getq
                0x00826818                putq
                0x008268c8                qdel
 .text          0x008269d8      0x31c ../projeto_final_bsp/\libucosii_bsp.a(udp_open.o)
                0x008269d8                udp_open
                0x00826c10                udp_close
 .text          0x00826cf4      0x194 ../projeto_final_bsp/\libucosii_bsp.a(asm_cksum.o)
                0x00826cf4                asm_cksum
 .text          0x00826e88      0x2e4 ../projeto_final_bsp/\libucosii_bsp.a(brdutils.o)
                0x00826e88                dtrap
                0x00826eb8                kbhit
                0x00826f64                getch
                0x00826fc4                clock_init
                0x00827000                clock_c
                0x0082701c                cticks_hook
                0x008270cc                irq_Mask
                0x00827128                irq_Unmask
 .text          0x0082716c      0x488 ../projeto_final_bsp/\libucosii_bsp.a(osportco.o)
                0x0082716c                LOCK_NET_RESOURCE
                0x0082722c                UNLOCK_NET_RESOURCE
                0x008272b4                TK_NEWTASK
                0x008274c8                wait_app_sem
                0x0082757c                post_app_sem
 .text          0x008275f4      0x568 ../projeto_final_bsp/\libucosii_bsp.a(targnios.o)
                0x008275f4                alt_iniche_init
                0x00827810                pre_task_setup
                0x00827884                post_task_setup
                0x008278a4                prep_armintcp
                0x008278dc                calloc2
                0x00827910                npalloc
                0x00827a04                npfree
                0x00827abc                ncpalloc
                0x00827b10                ncpfree
 .text          0x00827b5c     0x19b8 ../projeto_final_bsp/\libucosii_bsp.a(nptcp.o)
                0x00827b5c                pffindtype
                0x00827bfc                pffindproto
                0x00827ccc                m_getnbuf
                0x00827e74                m_free
                0x00827fa8                m_freem
                0x00827fec                m_copy
                0x00828310                m_adj
                0x008284e0                mbuf_len
                0x00828538                dtom
                0x008285e0                remque
                0x00828650                insque
                0x008286cc                nptcp_init
                0x008287f0                tcp_rcv
                0x008289dc                ip_output
                0x00828fd4                in_broadcast
                0x00829014                np_stripoptions
                0x008290fc                so_icmpdu
                0x00829454                tcp_tick
 .text          0x00829514      0xa2c ../projeto_final_bsp/\libucosii_bsp.a(rawsock.o)
                0x00829514                rawip_lookup
                0x00829584                rawip_soinput
                0x00829758                rawip_usrreq
 .text          0x00829f40     0x17fc ../projeto_final_bsp/\libucosii_bsp.a(sockcall.o)
                0x00829f40                DOMAIN_CHECK
                0x00829f8c                t_socket
                0x0082a01c                t_bind
                0x0082a198                t_listen
                0x0082a27c                t_accept
                0x0082a514                t_connect
                0x0082a7bc                t_getpeername
                0x0082a800                t_getsockname
                0x0082aa40                t_setsockopt
                0x0082ac1c                t_getsockopt
                0x0082adc0                t_recv
                0x0082aeb0                t_recvfrom
                0x0082b000                t_sendto
                0x0082b22c                t_send
                0x0082b454                t_shutdown
                0x0082b538                t_socketclose
                0x0082b6a0                t_errno
 .text          0x0082b73c     0x23ec ../projeto_final_bsp/\libucosii_bsp.a(socket.o)
                0x0082b73c                socreate
                0x0082b908                sobind
                0x0082b964                solisten
                0x0082ba54                sofree
                0x0082bb84                soclose
                0x0082bef0                soabort
                0x0082bf40                soaccept
                0x0082bfdc                soconnect
                0x0082c0b0                sodisconnect
                0x0082c150                sosend
                0x0082c758                soreceive
                0x0082cf3c                soshutdown
                0x0082cfe4                sorflush
                0x0082d0e4                sosetopt
                0x0082d5a4                sogetopt
                0x0082dae4                sohasoutofband
 .text          0x0082db28     0x1318 ../projeto_final_bsp/\libucosii_bsp.a(socket2.o)
                0x0082db28                soisconnecting
                0x0082db94                soisconnected
                0x0082dc90                soisdisconnecting
                0x0082dd1c                soisdisconnected
                0x0082ddd8                sonewconn
                0x0082dff4                soqinsque
                0x0082e0a0                soqremque
                0x0082e1c0                socantsendmore
                0x0082e210                socantrcvmore
                0x0082e260                sbselqueue
                0x0082e298                sbwait
                0x0082e300                sbwakeup
                0x0082e39c                soreserve
                0x0082e41c                sbreserve
                0x0082e47c                sbrelease
                0x0082e4c4                sbappend
                0x0082e56c                sbappendrecord
                0x0082e64c                sbappendaddr
                0x0082e854                sbcompress
                0x0082ea3c                sbflush
                0x0082eacc                sbdrop
                0x0082ec9c                sbdropend
                0x0082edac                sbdroprecord
 .text          0x0082ee40      0x914 ../projeto_final_bsp/\libucosii_bsp.a(soselect.o)
                0x0082ee40                t_select
                0x0082f060                sock_selscan
                0x0082f1b8                sock_select
                0x0082f3cc                in_pcbnotify
                0x0082f498                tcp_notify
                0x0082f500                ifd_clr
                0x0082f5f0                ifd_set
                0x0082f664                ifd_isset
                0x0082f6e4                ifd_get
 .text          0x0082f754     0x3020 ../projeto_final_bsp/\libucosii_bsp.a(tcp_in.o)
                0x0082f754                tcp_reass
                0x0082fb5c                tcp_input
                0x008320b0                tcp_dooptions
                0x00832240                tcp_pulloutofband
                0x0083236c                tcp_xmit_timer
                0x00832610                ip4_tcpmss
                0x00832658                tcp_mss
 .text          0x00832774     0x1360 ../projeto_final_bsp/\libucosii_bsp.a(tcp_out.o)
                0x00832774                tcp_output
                0x008338f0                tcp_setpersist
 .text          0x00833ad4      0x9e8 ../projeto_final_bsp/\libucosii_bsp.a(tcp_subr.o)
                0x00833ad4                tcp_init
                0x00833b2c                tcp_template
                0x00833c44                tcp_respond
                0x008340cc                tcp_newtcpcb
                0x008341e4                tcp_drop
                0x00834290                tcp_close
                0x00834378                tcp_quench
                0x008343c4                tcp_putseq
                0x00834444                tcp_getseq
 .text          0x008344bc      0x798 ../projeto_final_bsp/\libucosii_bsp.a(tcp_timr.o)
                0x008344bc                tcp_slowtimo
                0x0083475c                tcp_canceltimers
                0x008347b8                tcp_timers
 .text          0x00834c54      0x9ec ../projeto_final_bsp/\libucosii_bsp.a(tcp_usr.o)
                0x00834c54                tcp_usrreq
                0x00835358                tcp_attach
                0x0083548c                tcp_disconnect
                0x00835560                tcp_usrclosed
 .text          0x00835640       0x4c ../projeto_final_bsp/\libucosii_bsp.a(tcpport.o)
                0x00835640                tcpinit
 .text          0x0083568c      0xd20 ../projeto_final_bsp/\libucosii_bsp.a(udpsock.o)
                0x0083568c                udp_lookup
                0x008356fc                udp_soinput
                0x008358b4                udp_usrreq
                0x00835b38                udp4_sockbind
                0x00835e74                udp4_socksend
                0x00836250                udp4_sockaddr
 .text          0x008363ac      0x154 ../projeto_final_bsp/\libucosii_bsp.a(alt_alarm_start.o)
                0x008363ac                alt_alarm_start
 .text          0x00836500      0x14c ../projeto_final_bsp/\libucosii_bsp.a(alt_busy_sleep.o)
                0x00836500                alt_busy_sleep
 .text          0x0083664c      0x15c ../projeto_final_bsp/\libucosii_bsp.a(alt_close.o)
                0x0083664c                alt_close
 .text          0x008367a8       0x78 ../projeto_final_bsp/\libucosii_bsp.a(alt_dcache_flush.o)
                0x008367a8                alt_dcache_flush
 .text          0x00836820       0x2c ../projeto_final_bsp/\libucosii_bsp.a(alt_dev.o)
 .text          0x0083684c      0x114 ../projeto_final_bsp/\libucosii_bsp.a(alt_dev_llist_insert.o)
                0x0083684c                alt_dev_llist_insert
 .text          0x00836960       0x64 ../projeto_final_bsp/\libucosii_bsp.a(alt_do_ctors.o)
                0x00836960                _do_ctors
 .text          0x008369c4       0x64 ../projeto_final_bsp/\libucosii_bsp.a(alt_do_dtors.o)
                0x008369c4                _do_dtors
 .text          0x00836a28        0x0 ../projeto_final_bsp/\libucosii_bsp.a(alt_errno.o)
 .text          0x00836a28       0x94 ../projeto_final_bsp/\libucosii_bsp.a(alt_find_dev.o)
                0x00836a28                alt_find_dev
 .text          0x00836abc      0x1d4 ../projeto_final_bsp/\libucosii_bsp.a(alt_iic.o)
                0x00836abc                alt_ic_isr_register
                0x00836b0c                alt_ic_irq_enable
                0x00836ba8                alt_ic_irq_disable
                0x00836c48                alt_ic_irq_enabled
 .text          0x00836c90       0xf8 ../projeto_final_bsp/\libucosii_bsp.a(alt_iic_isr_register.o)
                0x00836c90                alt_iic_isr_register
 .text          0x00836d88      0x13c ../projeto_final_bsp/\libucosii_bsp.a(alt_io_redirect.o)
                0x00836e4c                alt_io_redirect
 .text          0x00836ec4        0x0 ../projeto_final_bsp/\libucosii_bsp.a(alt_irq_entry.o)
 .text          0x00836ec4        0x0 ../projeto_final_bsp/\libucosii_bsp.a(alt_irq_handler.o)
 .text          0x00836ec4      0x2c4 ../projeto_final_bsp/\libucosii_bsp.a(alt_open.o)
                0x00836fa0                open
 .text          0x00837188      0x180 ../projeto_final_bsp/\libucosii_bsp.a(alt_read.o)
                0x00837188                alt_read
 .text          0x00837308       0x60 ../projeto_final_bsp/\libucosii_bsp.a(alt_release_fd.o)
                0x00837308                alt_release_fd
 .text          0x00837368       0x38 ../projeto_final_bsp/\libucosii_bsp.a(alt_remap_cached.o)
                0x00837368                alt_remap_cached
 .text          0x008373a0       0x40 ../projeto_final_bsp/\libucosii_bsp.a(alt_remap_uncached.o)
                0x008373a0                alt_remap_uncached
 .text          0x008373e0      0x1a8 ../projeto_final_bsp/\libucosii_bsp.a(alt_tick.o)
                0x008373e0                alt_alarm_stop
                0x00837478                alt_tick
 .text          0x00837588      0x180 ../projeto_final_bsp/\libucosii_bsp.a(alt_write.o)
                0x00837588                alt_write
 .text          0x00837708       0x20 ../projeto_final_bsp/\libucosii_bsp.a(altera_nios2_qsys_irq.o)
                0x00837708                altera_nios2_qsys_irq_init
 .text          0x00837728       0xd0 ../projeto_final_bsp/\libucosii_bsp.a(os_cpu_a.o)
                0x00837728                OSCtxSw
                0x00837728                OSIntCtxSw
                0x008377b4                OSStartHighRdy
                0x008377d4                OSStartTsk
 .text          0x008377f8      0x424 ../projeto_final_bsp/\libucosii_bsp.a(os_cpu_c.o)
                0x008377f8                OSTaskStkInit
                0x00837b08                OSTaskCreateHook
                0x00837b28                OSTaskDelHook
                0x00837b48                OSTaskSwHook
                0x00837b64                OSTaskStatHook
                0x00837b80                OSTimeTickHook
                0x00837ba8                OSInitHookBegin
                0x00837bc4                OSInitHookEnd
                0x00837be0                OSTaskIdleHook
                0x00837bfc                OSTCBInitHook
 .text          0x00837c1c      0x460 ../projeto_final_bsp/\libucosii_bsp.a(altera_avalon_cfi_flash_amd.o)
                0x00837c1c                alt_program_amd
                0x00837c84                alt_erase_block_amd
 .text          0x0083807c      0x460 ../projeto_final_bsp/\libucosii_bsp.a(altera_avalon_cfi_flash_intel.o)
                0x0083807c                alt_program_intel
                0x00838100                alt_erase_block_intel
 .text          0x008384dc      0x238 ../projeto_final_bsp/\libucosii_bsp.a(altera_avalon_spi.o)
                0x008384dc                alt_avalon_spi_command
 .text          0x00838714      0x444 ../projeto_final_bsp/\libucosii_bsp.a(allports.o)
                0x00838714                netmain_init
                0x00838810                icmp_port_du
                0x00838898                station_state
                0x008389fc                sysuptime
                0x00838a90                packet_check
                0x00838adc                mcastlist
                0x00838b00                prep_modules
 .text          0x00838b58      0x580 ../projeto_final_bsp/\libucosii_bsp.a(timeouts.o)
                0x00838b58                inet_timer
                0x00838e58                in_timerset
                0x00839030                in_timerkill
 .text          0x008390d8       0xa4 ../projeto_final_bsp/\libucosii_bsp.a(tk_misc.o)
                0x008390d8                create_apptasks
                0x008390fc                task_stats
 .text          0x0083917c       0xb0 ../projeto_final_bsp/\libucosii_bsp.a(alt_iniche_fcntl.o)
                0x0083917c                fcntl
 .text          0x0083922c     0x15b0 ../projeto_final_bsp/\libucosii_bsp.a(et_arp.o)
                0x0083922c                etainit
                0x00839280                et_send
                0x008393fc                arp_free_pending
                0x00839484                arp_send_pending
                0x008394f8                send_arp
                0x00839990                find_oldest_arp
                0x00839b8c                make_arp_entry
                0x00839ca0                arpReply
                0x00839f34                arprcv
                0x0083a194                send_via_arp
                0x0083a364                cb_arpent_tmo
                0x0083a510                grat_arp
 .text          0x0083a7dc      0x298 ../projeto_final_bsp/\libucosii_bsp.a(iface.o)
                0x0083a7dc                if_getbynum
                0x0083a860                isbcast
                0x0083a940                reg_type
                0x0083a9dc                if_killsocks
 .text          0x0083aa74     0x22a4 ../projeto_final_bsp/\libucosii_bsp.a(ip.o)
                0x0083aa74                ip_init
                0x0083ab70                ip_bldhead
                0x0083ad14                ip_write_internal
                0x0083b494                ip_write
                0x0083b6dc                ip_write2
                0x0083ba8c                ip_raw_write
                0x0083bb64                ip_fragment_lc
                0x0083bfec                ip_fragment
                0x0083c610                ip_mymach
                0x0083c6bc                ip_dump
                0x0083c974                iproute
                0x0083cbe0                ip_copypkt
 .text          0x0083cd18     0x1e08 ../projeto_final_bsp/\libucosii_bsp.a(ip_reasm.o)
                0x0083cd18                ip_reasm_match_frag_with_ire
                0x0083cde8                ip_reasm_determine_type_of_frag
                0x0083ced4                ip_reasm_check_mem_useage
                0x0083cf6c                ip_reasm_incr_mem_useage
                0x0083d014                ip_reasm_decr_mem_useage
                0x0083d0b4                ip_reasm_process_first_fragment
                0x0083d394                ip_reassm
                0x0083d434                ip_reasm_compute_overlap
                0x0083d9c4                ip_reasm_process_subsequent_fragments
                0x0083df58                ip_reasm_find_ire
                0x0083dfbc                ip_reasm_copy_queued_fragments_into_reassy_buffer
                0x0083e318                ip_reasm_process_timer_tick
                0x0083e438                ip_reasm_delete_ire
                0x0083e600                ip_reasm_mark_compact_rfq
                0x0083e748                ipr_stats
                0x0083eacc                ip_reasm_send_icmp_timex
 .text          0x0083eb20      0xe3c ../projeto_final_bsp/\libucosii_bsp.a(ipdemux.o)
                0x0083eb20                ip_rcv
                0x0083ef20                ip_rcv_phase2
                0x0083f52c                ip_demux
 .text          0x0083f95c      0x2f0 ../projeto_final_bsp/\libucosii_bsp.a(ipmc.o)
                0x0083f95c                in_addmulti
                0x0083fac4                in_delmulti
                0x0083fbdc                lookup_mcast
 .text          0x0083fc4c       0xe4 ../projeto_final_bsp/\libucosii_bsp.a(ipport.o)
                0x0083fc4c                prep_ifaces
                0x0083fce0                netexit
                0x0083fd08                evtmap_setup
 .text          0x0083fd30      0x550 ../projeto_final_bsp/\libucosii_bsp.a(ipraw.o)
                0x0083fd30                ip_raw_open
                0x0083fe20                ip_raw_close
                0x0083fee0                ip_raw_input
                0x00840118                ip_raw_alloc
                0x008401e4                ip_raw_free
                0x00840224                ip_raw_maxalloc
 .text          0x00840280      0x6f0 ../projeto_final_bsp/\libucosii_bsp.a(iproute.o)
                0x00840280                rt_lookup
                0x00840404                add_route
                0x0084082c                del_route
 .text          0x00840970      0xe3c ../projeto_final_bsp/\libucosii_bsp.a(udp.o)
                0x00840970                udpdemux
                0x008411c8                udp_send
                0x00841480                udpswap
                0x008415b0                udp_socket
                0x00841680                udp_alloc
                0x00841740                udp_maxalloc
                0x0084176c                udp_free
 .text          0x008417ac      0x2e8 ../projeto_final_bsp/\libucosii_bsp.a(igmp.o)
                0x008417ac                igmpv1_input
 .text          0x00841a94      0x7c0 ../projeto_final_bsp/\libucosii_bsp.a(igmp2.o)
                0x00841a94                igmpv2_input
                0x00841bf4                igmpv2_process_report
                0x00841d40                igmpv2_process_query
                0x00841f8c                igmpv2_chk_set_timer
                0x008420e4                igmpv2_chk4_rtr_alert_opt
 .text          0x00842254      0x8fc ../projeto_final_bsp/\libucosii_bsp.a(ipopt.o)
                0x00842254                IPADDR_TO_NETP
                0x0084239c                ip_setmoptions
                0x0084298c                ip_getmoptions
                0x00842acc                ip_freemoptions
 .text          0x00842b50      0x3d0 ../projeto_final_bsp/\libucosii_bsp.a(dhcsetup.o)
                0x00842b50                dhc_setup
                0x00842e1c                dhc_main_ipset
 .text          0x00842f20      0x40c ../projeto_final_bsp/\libucosii_bsp.a(memdev.o)
                0x00842f20                init_memdev
                0x00842f98                md_fopen
                0x00842fc0                md_fclose
                0x00842fe0                md_fread
                0x00843160                md_fwrite
                0x008431e0                md_fseek
                0x0084320c                md_ftell
                0x00843230                md_fgetc
                0x00843308                md_unlink
 .text          0x0084332c      0x1cc ../projeto_final_bsp/\libucosii_bsp.a(tcpcksum.o)
                0x0084332c                tcp_cksum
 .text          0x008434f8      0x900 ../projeto_final_bsp/\libucosii_bsp.a(in_pcb.o)
                0x008434f8                in_pcballoc
                0x0084358c                in_pcbdetach
                0x008435e0                in_pcbbind
                0x00843834                in_pcbconnect
                0x00843a44                in_pcbdisconnect
                0x00843aa4                in_setsockaddr
                0x00843b20                in_setpeeraddr
                0x00843b9c                in_pcblookup
 .text          0x00843df8     0x1a74 ../projeto_final_bsp/\libucosii_bsp.a(vfsfiles.o)
                0x00843df8                set_vfopen_error
                0x00843e20                get_vfopen_error
                0x00843e40                vf_alloc_and_link_vop
                0x00843ebc                vf_alloc_buffer
                0x00843f94                vf_free_buffer
                0x00843fe4                vfopen_locked
                0x0084434c                vfopen
                0x0084439c                vfclose_locked
                0x00844544                vfclose
                0x00844584                vfflush
                0x008445cc                vfgets
                0x008446b0                vfeof
                0x00844708                vunlink_flag_open_files
                0x00844764                vunlink
                0x00844984                vfread
                0x00844b30                vfwrite_locked
                0x00844f18                vfwrite
                0x00844f78                vfseek
                0x008450f4                vftell
                0x00845228                vgetc_locked
                0x00845348                vgetc
                0x00845390                vfslookup_locked
                0x008454c8                vfslookup
                0x00845510                strippath
                0x008456f8                isvfile_locked
                0x0084575c                isvfile
                0x008457a4                vferror
                0x00845810                vclearerr
 .text          0x0084586c       0x24 ../projeto_final_bsp/\libucosii_bsp.a(vfsport.o)
                0x0084586c                prep_vfs
 .text          0x00845890        0x0 ../projeto_final_bsp/\libucosii_bsp.a(alt_exception_entry.o)
 .text          0x00845890      0x1b4 ../projeto_final_bsp/\libucosii_bsp.a(alt_fcntl.o)
                0x00845890                alt_fcntl
 .text          0x00845a44      0x120 ../projeto_final_bsp/\libucosii_bsp.a(alt_find_file.o)
                0x00845a44                alt_find_file
 .text          0x00845b64       0xf4 ../projeto_final_bsp/\libucosii_bsp.a(alt_get_fd.o)
                0x00845b64                alt_get_fd
 .text          0x00845c58     0x130c ../projeto_final_bsp/\libucosii_bsp.a(icmp.o)
                0x00845c58                icmprcv
                0x0084688c                icmp_destun
                0x00846bdc                icmp_timex
                0x00846f10                icmp_du
 .text          0x00846f64       0x14 d:/altera/13.0sp1/nios2eds/bin/gnu/h-i686-mingw32/bin/../lib/gcc/nios2-elf/4.1.2/../../../../nios2-elf/lib\libc.a(lib_a-atexit.o)
                0x00846f64                atexit
 .text          0x00846f78       0x1c d:/altera/13.0sp1/nios2eds/bin/gnu/h-i686-mingw32/bin/../lib/gcc/nios2-elf/4.1.2/../../../../nios2-elf/lib\libc.a(lib_a-calloc.o)
                0x00846f78                calloc
 .text          0x00846f94       0x28 d:/altera/13.0sp1/nios2eds/bin/gnu/h-i686-mingw32/bin/../lib/gcc/nios2-elf/4.1.2/../../../../nios2-elf/lib\libc.a(lib_a-malloc.o)
                0x00846f94                free
                0x00846fa8                malloc
 .text          0x00846fbc       0x74 d:/altera/13.0sp1/nios2eds/bin/gnu/h-i686-mingw32/bin/../lib/gcc/nios2-elf/4.1.2/../../../../nios2-elf/lib\libc.a(lib_a-memcmp.o)
                0x00846fbc                memcmp
 .text          0x00847030       0x8c d:/altera/13.0sp1/nios2eds/bin/gnu/h-i686-mingw32/bin/../lib/gcc/nios2-elf/4.1.2/../../../../nios2-elf/lib\libc.a(lib_a-strcpy.o)
                0x00847030                strcpy
 .text          0x008470bc       0xf0 d:/altera/13.0sp1/nios2eds/bin/gnu/h-i686-mingw32/bin/../lib/gcc/nios2-elf/4.1.2/../../../../nios2-elf/lib\libc.a(lib_a-strncmp.o)
                0x008470bc                strncmp
 .text          0x008471ac       0xbc d:/altera/13.0sp1/nios2eds/bin/gnu/h-i686-mingw32/bin/../lib/gcc/nios2-elf/4.1.2/../../../../nios2-elf/lib\libc.a(lib_a-strncpy.o)
                0x008471ac                strncpy
 .text          0x00847268       0x34 d:/altera/13.0sp1/nios2eds/bin/gnu/h-i686-mingw32/bin/../lib/gcc/nios2-elf/4.1.2/../../../../nios2-elf/lib\libc.a(lib_a-vprintf.o)
                0x00847268                _vprintf_r
                0x0084727c                vprintf
 .text          0x0084729c       0x74 d:/altera/13.0sp1/nios2eds/bin/gnu/h-i686-mingw32/bin/../lib/gcc/nios2-elf/4.1.2/../../../../nios2-elf/lib\libc.a(lib_a-vsprintf.o)
                0x0084729c                _vsprintf_r
                0x008472ec                vsprintf
 .text          0x00847310      0x134 d:/altera/13.0sp1/nios2eds/bin/gnu/h-i686-mingw32/bin/../lib/gcc/nios2-elf/4.1.2/../../../../nios2-elf/lib\libc.a(lib_a-__atexit.o)
                0x00847310                __register_exitproc
 *(.gnu.warning.*)
 *(.fini)
                0x00847444                PROVIDE (__etext, ABSOLUTE (.))
                0x00847444                PROVIDE (_etext, ABSOLUTE (.))
                0x00847444                PROVIDE (etext, ABSOLUTE (.))
 *(.eh_frame_hdr)
                0x00847444                . = ALIGN (0x4)
                0x00847444                PROVIDE (__preinit_array_start, ABSOLUTE (.))
 *(.preinit_array)
                0x00847444                PROVIDE (__preinit_array_end, ABSOLUTE (.))
                0x00847444                PROVIDE (__init_array_start, ABSOLUTE (.))
 *(.init_array)
                0x00847444                PROVIDE (__init_array_end, ABSOLUTE (.))
                0x00847444                PROVIDE (__fini_array_start, ABSOLUTE (.))
 *(.fini_array)
                0x00847444                PROVIDE (__fini_array_end, ABSOLUTE (.))
 *(.eh_frame)
 *(.gcc_except_table)
 *(.dynamic)
                0x00847444                PROVIDE (__CTOR_LIST__, ABSOLUTE (.))
 *(.ctors)
 *(SORT(.ctors.*))
 .ctors.65535   0x00847444        0x4 d:/altera/13.0sp1/nios2eds/bin/gnu/h-i686-mingw32/bin/../lib/gcc/nios2-elf/4.1.2/../../../../nios2-elf/lib\libc.a(lib_a-__call_atexit.o)
                0x00847448                PROVIDE (__CTOR_END__, ABSOLUTE (.))
                0x00847448                PROVIDE (__DTOR_LIST__, ABSOLUTE (.))
 *(.dtors)
 *(SORT(.dtors.*))
                0x00847448                PROVIDE (__DTOR_END__, ABSOLUTE (.))
 *(.jcr)
                0x00847448                . = ALIGN (0x4)

.rodata         0x00847448     0x431c
                0x00847448                PROVIDE (__ram_rodata_start, ABSOLUTE (.))
                0x00847448                . = ALIGN (0x4)
 *(.rodata .rodata.* .gnu.linkonce.r.*)
 .rodata        0x00847448       0x60 obj/default/LCD.o
 .rodata        0x008474a8       0xa8 obj/default/SSS_DE2_115.o
 .rodata        0x00847550      0xba4 obj/default/alt_error_handler.o
 .rodata        0x008480f4       0x64 obj/default/dm9000a.o
 .rodata        0x00848158      0x4d0 obj/default/iniche_init.o
 .rodata        0x00848628      0x234 obj/default/network_utilities.o
 .rodata        0x0084885c      0x2e0 obj/default/simple_socket_server.o
 .rodata        0x00848b3c       0x14 d:/altera/13.0sp1/nios2eds/bin/gnu/h-i686-mingw32/bin/../lib/gcc/nios2-elf/4.1.2\libgcc.a(_thenan_df.o)
                0x00848b3c                __thenan_df
 .rodata        0x00848b50      0x100 d:/altera/13.0sp1/nios2eds/bin/gnu/h-i686-mingw32/bin/../lib/gcc/nios2-elf/4.1.2\libgcc.a(_clz.o)
                0x00848b50                __clz_tab
 .rodata        0x00848c50      0x281 d:/altera/13.0sp1/nios2eds/bin/gnu/h-i686-mingw32/bin/../lib/gcc/nios2-elf/4.1.2/../../../../nios2-elf/lib\libc.a(lib_a-ctype_.o)
                0x00848c50                _ctype_
 *fill*         0x00848ed1        0x3 00
 .rodata.str1.4
                0x00848ed4        0x2 d:/altera/13.0sp1/nios2eds/bin/gnu/h-i686-mingw32/bin/../lib/gcc/nios2-elf/4.1.2/../../../../nios2-elf/lib\libc.a(lib_a-impure.o)
                                  0x4 (size before relaxing)
 *fill*         0x00848ed6        0x2 00
 .rodata.str1.4
                0x00848ed8        0x3 d:/altera/13.0sp1/nios2eds/bin/gnu/h-i686-mingw32/bin/../lib/gcc/nios2-elf/4.1.2/../../../../nios2-elf/lib\libc.a(lib_a-perror.o)
                                  0x4 (size before relaxing)
 *fill*         0x00848edb        0x1 00
 .rodata.str1.4
                0x00848edc        0x2 d:/altera/13.0sp1/nios2eds/bin/gnu/h-i686-mingw32/bin/../lib/gcc/nios2-elf/4.1.2/../../../../nios2-elf/lib\libc.a(lib_a-puts.o)
                                  0x4 (size before relaxing)
 *fill*         0x00848ede        0x2 00
 .rodata.str1.4
                0x00848ee0      0x7a2 d:/altera/13.0sp1/nios2eds/bin/gnu/h-i686-mingw32/bin/../lib/gcc/nios2-elf/4.1.2/../../../../nios2-elf/lib\libc.a(lib_a-strerror.o)
                                0x7a8 (size before relaxing)
 *fill*         0x00849682        0x2 00
 .rodata.str1.4
                0x00849684       0x5e d:/altera/13.0sp1/nios2eds/bin/gnu/h-i686-mingw32/bin/../lib/gcc/nios2-elf/4.1.2/../../../../nios2-elf/lib\libc.a(lib_a-vfprintf.o)
                                 0x60 (size before relaxing)
 .rodata        0x008496e2       0x20 d:/altera/13.0sp1/nios2eds/bin/gnu/h-i686-mingw32/bin/../lib/gcc/nios2-elf/4.1.2/../../../../nios2-elf/lib\libc.a(lib_a-vfprintf.o)
 *fill*         0x00849702        0x2 00
 .rodata.str1.4
                0x00849704       0x10 d:/altera/13.0sp1/nios2eds/bin/gnu/h-i686-mingw32/bin/../lib/gcc/nios2-elf/4.1.2/../../../../nios2-elf/lib\libc.a(lib_a-dtoa.o)
                                 0x14 (size before relaxing)
 .rodata.str1.4
                0x00849714       0x10 d:/altera/13.0sp1/nios2eds/bin/gnu/h-i686-mingw32/bin/../lib/gcc/nios2-elf/4.1.2/../../../../nios2-elf/lib\libc.a(lib_a-locale.o)
                                 0x18 (size before relaxing)
 .rodata        0x00849724       0x30 d:/altera/13.0sp1/nios2eds/bin/gnu/h-i686-mingw32/bin/../lib/gcc/nios2-elf/4.1.2/../../../../nios2-elf/lib\libc.a(lib_a-locale.o)
 .rodata        0x00849754      0x124 d:/altera/13.0sp1/nios2eds/bin/gnu/h-i686-mingw32/bin/../lib/gcc/nios2-elf/4.1.2/../../../../nios2-elf/lib\libc.a(lib_a-mprec.o)
                0x00849754                __mprec_tens
                0x0084981c                __mprec_bigtens
                0x00849844                __mprec_tinytens
 .rodata        0x00849878       0x14 ../projeto_final_bsp/\libucosii_bsp.a(alt_main.o)
 .rodata        0x0084988c      0x120 ../projeto_final_bsp/\libucosii_bsp.a(os_core.o)
                0x0084988c                OSUnMapTbl
 .rodata        0x008499ac       0x60 ../projeto_final_bsp/\libucosii_bsp.a(alt_sys_init.o)
 .rodata        0x00849a0c       0xd8 ../projeto_final_bsp/\libucosii_bsp.a(ipnet.o)
 .rodata        0x00849ae4       0xec ../projeto_final_bsp/\libucosii_bsp.a(ipstart.o)
 .rodata        0x00849bd0      0x54c ../projeto_final_bsp/\libucosii_bsp.a(igmp_cmn.o)
 .rodata        0x0084a11c       0xb8 ../projeto_final_bsp/\libucosii_bsp.a(in_utils.o)
 .rodata        0x0084a1d4       0x34 ../projeto_final_bsp/\libucosii_bsp.a(netmain.o)
 .rodata        0x0084a208       0x94 ../projeto_final_bsp/\libucosii_bsp.a(parseip.o)
 .rodata        0x0084a29c      0x1a8 ../projeto_final_bsp/\libucosii_bsp.a(tk_crnos.o)
 .rodata        0x0084a444        0x8 ../projeto_final_bsp/\libucosii_bsp.a(dhcpclnt.o)
 .rodata        0x0084a44c      0x118 ../projeto_final_bsp/\libucosii_bsp.a(pktalloc.o)
 .rodata        0x0084a564       0x84 ../projeto_final_bsp/\libucosii_bsp.a(udp_open.o)
 .rodata        0x0084a5e8       0x2c ../projeto_final_bsp/\libucosii_bsp.a(brdutils.o)
 .rodata        0x0084a614      0x26c ../projeto_final_bsp/\libucosii_bsp.a(osportco.o)
 .rodata        0x0084a880       0xa0 ../projeto_final_bsp/\libucosii_bsp.a(targnios.o)
 .rodata        0x0084a920       0x90 ../projeto_final_bsp/\libucosii_bsp.a(nptcp.o)
 .rodata        0x0084a9b0        0x8 ../projeto_final_bsp/\libucosii_bsp.a(sockcall.o)
 .rodata        0x0084a9b8       0x50 ../projeto_final_bsp/\libucosii_bsp.a(socket.o)
 .rodata        0x0084aa08       0x40 ../projeto_final_bsp/\libucosii_bsp.a(socket2.o)
 .rodata        0x0084aa48       0x20 ../projeto_final_bsp/\libucosii_bsp.a(tcp_in.o)
 .rodata        0x0084aa68       0x40 ../projeto_final_bsp/\libucosii_bsp.a(tcp_out.o)
 .rodata        0x0084aaa8       0x24 ../projeto_final_bsp/\libucosii_bsp.a(tcp_subr.o)
 .rodata        0x0084aacc       0x2c ../projeto_final_bsp/\libucosii_bsp.a(tcp_usr.o)
 .rodata        0x0084aaf8        0xc ../projeto_final_bsp/\libucosii_bsp.a(alt_dev.o)
 .rodata        0x0084ab04        0x4 ../projeto_final_bsp/\libucosii_bsp.a(os_cpu_c.o)
 .rodata        0x0084ab08      0x1d4 ../projeto_final_bsp/\libucosii_bsp.a(allports.o)
 .rodata        0x0084acdc       0x34 ../projeto_final_bsp/\libucosii_bsp.a(tk_misc.o)
 .rodata        0x0084ad10       0x44 ../projeto_final_bsp/\libucosii_bsp.a(et_arp.o)
 .rodata        0x0084ad54      0x1dc ../projeto_final_bsp/\libucosii_bsp.a(ip.o)
 .rodata        0x0084af30      0x158 ../projeto_final_bsp/\libucosii_bsp.a(ip_reasm.o)
 .rodata        0x0084b088      0x120 ../projeto_final_bsp/\libucosii_bsp.a(ipdemux.o)
 .rodata        0x0084b1a8       0x34 ../projeto_final_bsp/\libucosii_bsp.a(ipport.o)
 .rodata        0x0084b1dc       0x24 ../projeto_final_bsp/\libucosii_bsp.a(ipraw.o)
 .rodata        0x0084b200       0x38 ../projeto_final_bsp/\libucosii_bsp.a(iproute.o)
 .rodata        0x0084b238       0xe8 ../projeto_final_bsp/\libucosii_bsp.a(udp.o)
 .rodata        0x0084b320       0xf8 ../projeto_final_bsp/\libucosii_bsp.a(dhcsetup.o)
 .rodata        0x0084b418       0x34 ../projeto_final_bsp/\libucosii_bsp.a(vfsfiles.o)
 .rodata        0x0084b44c      0x318 ../projeto_final_bsp/\libucosii_bsp.a(icmp.o)
 *(.rodata1)
                0x0084b764                . = ALIGN (0x4)
                0x0084b764                PROVIDE (__ram_rodata_end, ABSOLUTE (.))
                0x00847448                PROVIDE (__flash_rodata_start, LOADADDR (.rodata))

.rwdata         0x0084b764     0x213c
                0x0084b764                PROVIDE (__ram_rwdata_start, ABSOLUTE (.))
                0x0084b764                . = ALIGN (0x4)
 *(.got.plt)
 *(.got)
 *(.data1)
 *(.data .data.* .gnu.linkonce.d.*)
 .data          0x0084b764        0x0 ../projeto_final_bsp//obj/HAL/src/crt0.o
 .data          0x0084b764        0x0 obj/default/LCD.o
 .data          0x0084b764        0x0 obj/default/SSS_DE2_115.o
 .data          0x0084b764        0x0 obj/default/alt_error_handler.o
 .data          0x0084b764        0x0 obj/default/dm9000a.o
 .data          0x0084b764       0x18 obj/default/iniche_init.o
                0x0084b764                ssstask
 .data          0x0084b77c        0x0 obj/default/led.o
 .data          0x0084b77c        0x0 obj/default/network_utilities.o
 .data          0x0084b77c        0x0 obj/default/simple_socket_server.o
 .data          0x0084b77c        0x0 obj/default/tse_my_system.o
 .data          0x0084b77c        0x0 d:/altera/13.0sp1/nios2eds/bin/gnu/h-i686-mingw32/bin/../lib/gcc/nios2-elf/4.1.2\libgcc.a(_fixunsdfsi.o)
 .data          0x0084b77c        0x0 d:/altera/13.0sp1/nios2eds/bin/gnu/h-i686-mingw32/bin/../lib/gcc/nios2-elf/4.1.2\libgcc.a(_addsub_df.o)
 .data          0x0084b77c        0x0 d:/altera/13.0sp1/nios2eds/bin/gnu/h-i686-mingw32/bin/../lib/gcc/nios2-elf/4.1.2\libgcc.a(_mul_df.o)
 .data          0x0084b77c        0x0 d:/altera/13.0sp1/nios2eds/bin/gnu/h-i686-mingw32/bin/../lib/gcc/nios2-elf/4.1.2\libgcc.a(_ge_df.o)
 .data          0x0084b77c        0x0 d:/altera/13.0sp1/nios2eds/bin/gnu/h-i686-mingw32/bin/../lib/gcc/nios2-elf/4.1.2\libgcc.a(_df_to_si.o)
 .data          0x0084b77c        0x0 d:/altera/13.0sp1/nios2eds/bin/gnu/h-i686-mingw32/bin/../lib/gcc/nios2-elf/4.1.2\libgcc.a(_thenan_df.o)
 .data          0x0084b77c        0x0 d:/altera/13.0sp1/nios2eds/bin/gnu/h-i686-mingw32/bin/../lib/gcc/nios2-elf/4.1.2\libgcc.a(_usi_to_df.o)
 .data          0x0084b77c        0x0 d:/altera/13.0sp1/nios2eds/bin/gnu/h-i686-mingw32/bin/../lib/gcc/nios2-elf/4.1.2\libgcc.a(_muldi3.o)
 .data          0x0084b77c        0x0 d:/altera/13.0sp1/nios2eds/bin/gnu/h-i686-mingw32/bin/../lib/gcc/nios2-elf/4.1.2\libgcc.a(_clzsi2.o)
 .data          0x0084b77c        0x0 d:/altera/13.0sp1/nios2eds/bin/gnu/h-i686-mingw32/bin/../lib/gcc/nios2-elf/4.1.2\libgcc.a(_pack_df.o)
 .data          0x0084b77c        0x0 d:/altera/13.0sp1/nios2eds/bin/gnu/h-i686-mingw32/bin/../lib/gcc/nios2-elf/4.1.2\libgcc.a(_unpack_df.o)
 .data          0x0084b77c        0x0 d:/altera/13.0sp1/nios2eds/bin/gnu/h-i686-mingw32/bin/../lib/gcc/nios2-elf/4.1.2\libgcc.a(_fpcmp_parts_df.o)
 .data          0x0084b77c        0x0 d:/altera/13.0sp1/nios2eds/bin/gnu/h-i686-mingw32/bin/../lib/gcc/nios2-elf/4.1.2\libgcc.a(_clz.o)
 .data          0x0084b77c        0x0 d:/altera/13.0sp1/nios2eds/bin/gnu/h-i686-mingw32/bin/../lib/gcc/nios2-elf/4.1.2/../../../../nios2-elf/lib\libc.a(lib_a-atoi.o)
 .data          0x0084b77c        0x0 d:/altera/13.0sp1/nios2eds/bin/gnu/h-i686-mingw32/bin/../lib/gcc/nios2-elf/4.1.2/../../../../nios2-elf/lib\libc.a(lib_a-ctype_.o)
 .data          0x0084b77c        0x0 d:/altera/13.0sp1/nios2eds/bin/gnu/h-i686-mingw32/bin/../lib/gcc/nios2-elf/4.1.2/../../../../nios2-elf/lib\libc.a(lib_a-errno.o)
 .data          0x0084b77c        0x0 d:/altera/13.0sp1/nios2eds/bin/gnu/h-i686-mingw32/bin/../lib/gcc/nios2-elf/4.1.2/../../../../nios2-elf/lib\libc.a(lib_a-exit.o)
 .data          0x0084b77c        0x0 d:/altera/13.0sp1/nios2eds/bin/gnu/h-i686-mingw32/bin/../lib/gcc/nios2-elf/4.1.2/../../../../nios2-elf/lib\libc.a(lib_a-fprintf.o)
 .data          0x0084b77c        0x0 d:/altera/13.0sp1/nios2eds/bin/gnu/h-i686-mingw32/bin/../lib/gcc/nios2-elf/4.1.2/../../../../nios2-elf/lib\libc.a(lib_a-fwrite.o)
 .data          0x0084b77c        0x0 d:/altera/13.0sp1/nios2eds/bin/gnu/h-i686-mingw32/bin/../lib/gcc/nios2-elf/4.1.2/../../../../nios2-elf/lib\libc.a(lib_a-getc.o)
 .data          0x0084b77c      0x400 d:/altera/13.0sp1/nios2eds/bin/gnu/h-i686-mingw32/bin/../lib/gcc/nios2-elf/4.1.2/../../../../nios2-elf/lib\libc.a(lib_a-impure.o)
 .data          0x0084bb7c        0x0 d:/altera/13.0sp1/nios2eds/bin/gnu/h-i686-mingw32/bin/../lib/gcc/nios2-elf/4.1.2/../../../../nios2-elf/lib\libc.a(lib_a-memcpy.o)
 .data          0x0084bb7c        0x0 d:/altera/13.0sp1/nios2eds/bin/gnu/h-i686-mingw32/bin/../lib/gcc/nios2-elf/4.1.2/../../../../nios2-elf/lib\libc.a(lib_a-memmove.o)
 .data          0x0084bb7c        0x0 d:/altera/13.0sp1/nios2eds/bin/gnu/h-i686-mingw32/bin/../lib/gcc/nios2-elf/4.1.2/../../../../nios2-elf/lib\libc.a(lib_a-memset.o)
 .data          0x0084bb7c        0x0 d:/altera/13.0sp1/nios2eds/bin/gnu/h-i686-mingw32/bin/../lib/gcc/nios2-elf/4.1.2/../../../../nios2-elf/lib\libc.a(lib_a-perror.o)
 .data          0x0084bb7c        0x0 d:/altera/13.0sp1/nios2eds/bin/gnu/h-i686-mingw32/bin/../lib/gcc/nios2-elf/4.1.2/../../../../nios2-elf/lib\libc.a(lib_a-printf.o)
 .data          0x0084bb7c        0x0 d:/altera/13.0sp1/nios2eds/bin/gnu/h-i686-mingw32/bin/../lib/gcc/nios2-elf/4.1.2/../../../../nios2-elf/lib\libc.a(lib_a-putc.o)
 .data          0x0084bb7c        0x0 d:/altera/13.0sp1/nios2eds/bin/gnu/h-i686-mingw32/bin/../lib/gcc/nios2-elf/4.1.2/../../../../nios2-elf/lib\libc.a(lib_a-putchar.o)
 .data          0x0084bb7c        0x0 d:/altera/13.0sp1/nios2eds/bin/gnu/h-i686-mingw32/bin/../lib/gcc/nios2-elf/4.1.2/../../../../nios2-elf/lib\libc.a(lib_a-puts.o)
 .data          0x0084bb7c        0x0 d:/altera/13.0sp1/nios2eds/bin/gnu/h-i686-mingw32/bin/../lib/gcc/nios2-elf/4.1.2/../../../../nios2-elf/lib\libc.a(lib_a-rget.o)
 .data          0x0084bb7c        0x0 d:/altera/13.0sp1/nios2eds/bin/gnu/h-i686-mingw32/bin/../lib/gcc/nios2-elf/4.1.2/../../../../nios2-elf/lib\libc.a(lib_a-snprintf.o)
 .data          0x0084bb7c        0x0 d:/altera/13.0sp1/nios2eds/bin/gnu/h-i686-mingw32/bin/../lib/gcc/nios2-elf/4.1.2/../../../../nios2-elf/lib\libc.a(lib_a-sprintf.o)
 .data          0x0084bb7c        0x0 d:/altera/13.0sp1/nios2eds/bin/gnu/h-i686-mingw32/bin/../lib/gcc/nios2-elf/4.1.2/../../../../nios2-elf/lib\libc.a(lib_a-strchr.o)
 .data          0x0084bb7c        0x0 d:/altera/13.0sp1/nios2eds/bin/gnu/h-i686-mingw32/bin/../lib/gcc/nios2-elf/4.1.2/../../../../nios2-elf/lib\libc.a(lib_a-strcmp.o)
 .data          0x0084bb7c        0x0 d:/altera/13.0sp1/nios2eds/bin/gnu/h-i686-mingw32/bin/../lib/gcc/nios2-elf/4.1.2/../../../../nios2-elf/lib\libc.a(lib_a-strerror.o)
 .data          0x0084bb7c        0x0 d:/altera/13.0sp1/nios2eds/bin/gnu/h-i686-mingw32/bin/../lib/gcc/nios2-elf/4.1.2/../../../../nios2-elf/lib\libc.a(lib_a-strlen.o)
 .data          0x0084bb7c        0x0 d:/altera/13.0sp1/nios2eds/bin/gnu/h-i686-mingw32/bin/../lib/gcc/nios2-elf/4.1.2/../../../../nios2-elf/lib\libc.a(lib_a-strtok.o)
 .data          0x0084bb7c        0x0 d:/altera/13.0sp1/nios2eds/bin/gnu/h-i686-mingw32/bin/../lib/gcc/nios2-elf/4.1.2/../../../../nios2-elf/lib\libc.a(lib_a-strtok_r.o)
 .data          0x0084bb7c        0x0 d:/altera/13.0sp1/nios2eds/bin/gnu/h-i686-mingw32/bin/../lib/gcc/nios2-elf/4.1.2/../../../../nios2-elf/lib\libc.a(lib_a-strtol.o)
 .data          0x0084bb7c        0x0 d:/altera/13.0sp1/nios2eds/bin/gnu/h-i686-mingw32/bin/../lib/gcc/nios2-elf/4.1.2/../../../../nios2-elf/lib\libc.a(lib_a-u_strerr.o)
 .data          0x0084bb7c        0x0 d:/altera/13.0sp1/nios2eds/bin/gnu/h-i686-mingw32/bin/../lib/gcc/nios2-elf/4.1.2/../../../../nios2-elf/lib\libc.a(lib_a-vfprintf.o)
 .data          0x0084bb7c        0x0 d:/altera/13.0sp1/nios2eds/bin/gnu/h-i686-mingw32/bin/../lib/gcc/nios2-elf/4.1.2/../../../../nios2-elf/lib\libc.a(lib_a-wbuf.o)
 .data          0x0084bb7c        0x0 d:/altera/13.0sp1/nios2eds/bin/gnu/h-i686-mingw32/bin/../lib/gcc/nios2-elf/4.1.2/../../../../nios2-elf/lib\libc.a(lib_a-wsetup.o)
 .data          0x0084bb7c        0x0 d:/altera/13.0sp1/nios2eds/bin/gnu/h-i686-mingw32/bin/../lib/gcc/nios2-elf/4.1.2/../../../../nios2-elf/lib\libc.a(lib_a-__call_atexit.o)
 .data          0x0084bb7c        0x0 d:/altera/13.0sp1/nios2eds/bin/gnu/h-i686-mingw32/bin/../lib/gcc/nios2-elf/4.1.2/../../../../nios2-elf/lib\libc.a(lib_a-dtoa.o)
 .data          0x0084bb7c        0x0 d:/altera/13.0sp1/nios2eds/bin/gnu/h-i686-mingw32/bin/../lib/gcc/nios2-elf/4.1.2/../../../../nios2-elf/lib\libc.a(lib_a-fflush.o)
 .data          0x0084bb7c        0x0 d:/altera/13.0sp1/nios2eds/bin/gnu/h-i686-mingw32/bin/../lib/gcc/nios2-elf/4.1.2/../../../../nios2-elf/lib\libc.a(lib_a-findfp.o)
 .data          0x0084bb7c        0x0 d:/altera/13.0sp1/nios2eds/bin/gnu/h-i686-mingw32/bin/../lib/gcc/nios2-elf/4.1.2/../../../../nios2-elf/lib\libc.a(lib_a-fputc.o)
 .data          0x0084bb7c        0x0 d:/altera/13.0sp1/nios2eds/bin/gnu/h-i686-mingw32/bin/../lib/gcc/nios2-elf/4.1.2/../../../../nios2-elf/lib\libc.a(lib_a-fputs.o)
 .data          0x0084bb7c        0x0 d:/altera/13.0sp1/nios2eds/bin/gnu/h-i686-mingw32/bin/../lib/gcc/nios2-elf/4.1.2/../../../../nios2-elf/lib\libc.a(lib_a-freer.o)
 .data          0x0084bb7c        0x0 d:/altera/13.0sp1/nios2eds/bin/gnu/h-i686-mingw32/bin/../lib/gcc/nios2-elf/4.1.2/../../../../nios2-elf/lib\libc.a(lib_a-fvwrite.o)
 .data          0x0084bb7c        0x0 d:/altera/13.0sp1/nios2eds/bin/gnu/h-i686-mingw32/bin/../lib/gcc/nios2-elf/4.1.2/../../../../nios2-elf/lib\libc.a(lib_a-fwalk.o)
 .data          0x0084bb7c        0xc d:/altera/13.0sp1/nios2eds/bin/gnu/h-i686-mingw32/bin/../lib/gcc/nios2-elf/4.1.2/../../../../nios2-elf/lib\libc.a(lib_a-locale.o)
                0x0084bb7c                __lc_ctype
 .data          0x0084bb88        0x0 d:/altera/13.0sp1/nios2eds/bin/gnu/h-i686-mingw32/bin/../lib/gcc/nios2-elf/4.1.2/../../../../nios2-elf/lib\libc.a(lib_a-makebuf.o)