Archive member included because of file (symbol)

../testled_bsp/\libhal_bsp.a(alt_main.o)
                              ../testled_bsp//obj/HAL/src/crt0.o (alt_main)
../testled_bsp/\libhal_bsp.a(alt_sys_init.o)
                              ../testled_bsp/\libhal_bsp.a(alt_main.o) (alt_irq_init)
../testled_bsp/\libhal_bsp.a(altera_avalon_jtag_uart_fd.o)
                              ../testled_bsp/\libhal_bsp.a(alt_sys_init.o) (altera_avalon_jtag_uart_read_fd)
../testled_bsp/\libhal_bsp.a(altera_avalon_jtag_uart_read.o)
                              ../testled_bsp/\libhal_bsp.a(altera_avalon_jtag_uart_fd.o) (altera_avalon_jtag_uart_read)
../testled_bsp/\libhal_bsp.a(altera_avalon_jtag_uart_write.o)
                              ../testled_bsp/\libhal_bsp.a(altera_avalon_jtag_uart_fd.o) (altera_avalon_jtag_uart_write)
../testled_bsp/\libhal_bsp.a(altera_avalon_timer_sc.o)
                              ../testled_bsp/\libhal_bsp.a(alt_sys_init.o) (alt_avalon_timer_sc_init)
../testled_bsp/\libhal_bsp.a(altera_avalon_uart_fd.o)
                              ../testled_bsp/\libhal_bsp.a(alt_sys_init.o) (altera_avalon_uart_read_fd)
../testled_bsp/\libhal_bsp.a(altera_avalon_uart_read.o)
                              ../testled_bsp/\libhal_bsp.a(altera_avalon_uart_fd.o) (altera_avalon_uart_read)
../testled_bsp/\libhal_bsp.a(altera_avalon_uart_write.o)
                              ../testled_bsp/\libhal_bsp.a(altera_avalon_uart_fd.o) (altera_avalon_uart_write)
../testled_bsp/\libhal_bsp.a(alt_dev.o)
                              ../testled_bsp/\libhal_bsp.a(alt_sys_init.o) (alt_dev_list)
../testled_bsp/\libhal_bsp.a(alt_dev_llist_insert.o)
                              ../testled_bsp/\libhal_bsp.a(alt_sys_init.o) (alt_dev_llist_insert)
../testled_bsp/\libhal_bsp.a(alt_errno.o)
                              ../testled_bsp/\libhal_bsp.a(altera_avalon_uart_read.o) (alt_errno)
../testled_bsp/\libhal_bsp.a(alt_iic.o)
                              ../testled_bsp/\libhal_bsp.a(altera_avalon_timer_sc.o) (alt_ic_isr_register)
../testled_bsp/\libhal_bsp.a(alt_iic_isr_register.o)
                              ../testled_bsp/\libhal_bsp.a(alt_iic.o) (alt_iic_isr_register)
../testled_bsp/\libhal_bsp.a(alt_io_redirect.o)
                              ../testled_bsp/\libhal_bsp.a(alt_main.o) (alt_io_redirect)
../testled_bsp/\libhal_bsp.a(alt_irq_entry.o)
                              ../testled_bsp/\libhal_bsp.a(alt_iic_isr_register.o) (alt_irq_entry)
../testled_bsp/\libhal_bsp.a(alt_irq_handler.o)
                              ../testled_bsp/\libhal_bsp.a(alt_iic_isr_register.o) (alt_irq_handler)
../testled_bsp/\libhal_bsp.a(alt_irq_vars.o)
                              ../testled_bsp/\libhal_bsp.a(alt_iic.o) (alt_irq_active)
../testled_bsp/\libhal_bsp.a(alt_open.o)
                              ../testled_bsp/\libhal_bsp.a(alt_io_redirect.o) (open)
../testled_bsp/\libhal_bsp.a(alt_release_fd.o)
                              ../testled_bsp/\libhal_bsp.a(alt_io_redirect.o) (alt_release_fd)
../testled_bsp/\libhal_bsp.a(alt_tick.o)
                              ../testled_bsp/\libhal_bsp.a(altera_avalon_timer_sc.o) (_alt_tick_rate)
../testled_bsp/\libhal_bsp.a(altera_nios2_qsys_irq.o)
                              ../testled_bsp/\libhal_bsp.a(alt_sys_init.o) (altera_nios2_qsys_irq_init)
../testled_bsp/\libhal_bsp.a(alt_exception_entry.o)
                              ../testled_bsp/\libhal_bsp.a(alt_irq_entry.o) (alt_exception)
../testled_bsp/\libhal_bsp.a(alt_find_dev.o)
                              ../testled_bsp/\libhal_bsp.a(alt_open.o) (alt_find_dev)
../testled_bsp/\libhal_bsp.a(alt_find_file.o)
                              ../testled_bsp/\libhal_bsp.a(alt_open.o) (alt_find_file)
../testled_bsp/\libhal_bsp.a(alt_get_fd.o)
                              ../testled_bsp/\libhal_bsp.a(alt_open.o) (alt_get_fd)
d:/altera/13.0sp1/nios2eds/bin/gnu/h-i686-mingw32/bin/../lib/gcc/nios2-elf/4.1.2/../../../../nios2-elf/lib\libsmallc.a(lib_a-int_errno.o)
                              ../testled_bsp/\libhal_bsp.a(altera_avalon_uart_read.o) (errno)
d:/altera/13.0sp1/nios2eds/bin/gnu/h-i686-mingw32/bin/../lib/gcc/nios2-elf/4.1.2/../../../../nios2-elf/lib\libsmallc.a(lib_a-memcmp.o)
                              ../testled_bsp/\libhal_bsp.a(alt_find_dev.o) (memcmp)
d:/altera/13.0sp1/nios2eds/bin/gnu/h-i686-mingw32/bin/../lib/gcc/nios2-elf/4.1.2/../../../../nios2-elf/lib\libsmallc.a(lib_a-strlen.o)
                              ../testled_bsp/\libhal_bsp.a(alt_find_dev.o) (strlen)

Allocating common symbols
Common symbol       size              file

alt_irq             0x100             ../testled_bsp/\libhal_bsp.a(alt_irq_handler.o)
errno               0x4               d:/altera/13.0sp1/nios2eds/bin/gnu/h-i686-mingw32/bin/../lib/gcc/nios2-elf/4.1.2/../../../../nios2-elf/lib\libsmallc.a(lib_a-int_errno.o)

Memory Configuration

Name             Origin             Length             Attributes
sdram_0_BEFORE_EXCEPTION 0x00800000         0x00000020
sdram_0          0x00800020         0x007fffe0
reset            0x01400000         0x00000020
cfi_flash_0      0x01400020         0x003fffe0
sram_0           0x01a00000         0x00080000
epcs_controller  0x01a81800         0x00000800
*default*        0x00000000         0xffffffff

Linker script and memory map

LOAD ../testled_bsp//obj/HAL/src/crt0.o
                0x0140001c                exit = _exit
LOAD obj/default/hello_world.o
LOAD d:/altera/13.0sp1/nios2eds/bin/gnu/h-i686-mingw32/bin/../lib/gcc/nios2-elf/4.1.2/../../../../nios2-elf/lib\libstdc++.a
LOAD d:/altera/13.0sp1/nios2eds/bin/gnu/h-i686-mingw32/bin/../lib/gcc/nios2-elf/4.1.2/../../../../nios2-elf/lib\libm.a
LOAD d:/altera/13.0sp1/nios2eds/bin/gnu/h-i686-mingw32/bin/../lib/gcc/nios2-elf/4.1.2\libgcc.a
START GROUP
LOAD d:/altera/13.0sp1/nios2eds/bin/gnu/h-i686-mingw32/bin/../lib/gcc/nios2-elf/4.1.2/../../../../nios2-elf/lib\libsmallc.a
LOAD d:/altera/13.0sp1/nios2eds/bin/gnu/h-i686-mingw32/bin/../lib/gcc/nios2-elf/4.1.2\libgcc.a
LOAD ../testled_bsp/\libhal_bsp.a
END GROUP
LOAD d:/altera/13.0sp1/nios2eds/bin/gnu/h-i686-mingw32/bin/../lib/gcc/nios2-elf/4.1.2\libgcc.a
                0x00800000                __alt_mem_sdram_0 = 0x800000
                0x01400000                __alt_mem_cfi_flash_0 = 0x1400000
                0x01a00000                __alt_mem_sram_0 = 0x1a00000
                0x01a81800                __alt_mem_epcs_controller = 0x1a81800

.entry          0x01400000       0x20
 *(.entry)
 .entry         0x01400000       0x20 ../testled_bsp//obj/HAL/src/crt0.o
                0x01400000                __reset
                0x0140001c                _exit

.exceptions     0x00800020      0x194
                0x00800020                PROVIDE (__ram_exceptions_start, ABSOLUTE (.))
                0x00800020                . = ALIGN (0x20)
 *(.irq)
 *(.exceptions.entry.label)
 .exceptions.entry.label
                0x00800020        0x0 ../testled_bsp/\libhal_bsp.a(alt_irq_entry.o)
                0x00800020                alt_irq_entry
 .exceptions.entry.label
                0x00800020        0x0 ../testled_bsp/\libhal_bsp.a(alt_exception_entry.o)
                0x00800020                alt_exception
 *(.exceptions.entry.user)
 *(.exceptions.entry)
 .exceptions.entry
                0x00800020       0x54 ../testled_bsp/\libhal_bsp.a(alt_exception_entry.o)
 *(.exceptions.irqtest.user)
 *(.exceptions.irqtest)
 .exceptions.irqtest
                0x00800074       0x10 ../testled_bsp/\libhal_bsp.a(alt_irq_entry.o)
 *(.exceptions.irqhandler.user)
 *(.exceptions.irqhandler)
 .exceptions.irqhandler
                0x00800084        0x4 ../testled_bsp/\libhal_bsp.a(alt_irq_entry.o)
 *(.exceptions.irqreturn.user)
 *(.exceptions.irqreturn)
 .exceptions.irqreturn
                0x00800088        0x4 ../testled_bsp/\libhal_bsp.a(alt_irq_entry.o)
 *(.exceptions.notirq.label)
 .exceptions.notirq.label
                0x0080008c        0x0 ../testled_bsp/\libhal_bsp.a(alt_irq_entry.o)
 *(.exceptions.notirq.user)
 *(.exceptions.notirq)
 .exceptions.notirq
                0x0080008c        0x8 ../testled_bsp/\libhal_bsp.a(alt_exception_entry.o)
 *(.exceptions.soft.user)
 *(.exceptions.soft)
 *(.exceptions.unknown.user)
 *(.exceptions.unknown)
 .exceptions.unknown
                0x00800094        0x4 ../testled_bsp/\libhal_bsp.a(alt_exception_entry.o)
 *(.exceptions.exit.label)
 .exceptions.exit.label
                0x00800098        0x0 ../testled_bsp/\libhal_bsp.a(alt_irq_entry.o)
 .exceptions.exit.label
                0x00800098        0x0 ../testled_bsp/\libhal_bsp.a(alt_exception_entry.o)
 *(.exceptions.exit.user)
 *(.exceptions.exit)
 .exceptions.exit
                0x00800098       0x54 ../testled_bsp/\libhal_bsp.a(alt_exception_entry.o)
 *(.exceptions)
 .exceptions    0x008000ec       0xc8 ../testled_bsp/\libhal_bsp.a(alt_irq_handler.o)
                0x008000ec                alt_irq_handler
                0x008001b4                PROVIDE (__ram_exceptions_end, ABSOLUTE (.))
                0x00800020                PROVIDE (__flash_exceptions_start, LOADADDR (.exceptions))

.text           0x008001b4     0x1500
                0x008001b4                PROVIDE (stext, ABSOLUTE (.))
 *(.interp)
 *(.hash)
 *(.dynsym)
 *(.dynstr)
 *(.gnu.version)
 *(.gnu.version_d)
 *(.gnu.version_r)
 *(.rel.init)
 *(.rela.init)
 *(.rel.text .rel.text.* .rel.gnu.linkonce.t.*)
 *(.rela.text .rela.text.* .rela.gnu.linkonce.t.*)
 *(.rel.fini)
 *(.rela.fini)
 *(.rel.rodata .rel.rodata.* .rel.gnu.linkonce.r.*)
 *(.rela.rodata .rela.rodata.* .rela.gnu.linkonce.r.*)
 *(.rel.data .rel.data.* .rel.gnu.linkonce.d.*)
 *(.rela.data .rela.data.* .rela.gnu.linkonce.d.*)
 *(.rel.tdata .rel.tdata.* .rel.gnu.linkonce.td.*)
 *(.rela.tdata .rela.tdata.* .rela.gnu.linkonce.td.*)
 *(.rel.tbss .rel.tbss.* .rel.gnu.linkonce.tb.*)
 *(.rela.tbss .rela.tbss.* .rela.gnu.linkonce.tb.*)
 *(.rel.ctors)
 *(.rela.ctors)
 *(.rel.dtors)
 *(.rela.dtors)
 *(.rel.got)
 *(.rela.got)
 *(.rel.sdata .rel.sdata.* .rel.gnu.linkonce.s.*)
 *(.rela.sdata .rela.sdata.* .rela.gnu.linkonce.s.*)
 *(.rel.sbss .rel.sbss.* .rel.gnu.linkonce.sb.*)
 *(.rela.sbss .rela.sbss.* .rela.gnu.linkonce.sb.*)
 *(.rel.sdata2 .rel.sdata2.* .rel.gnu.linkonce.s2.*)
 *(.rela.sdata2 .rela.sdata2.* .rela.gnu.linkonce.s2.*)
 *(.rel.sbss2 .rel.sbss2.* .rel.gnu.linkonce.sb2.*)
 *(.rela.sbss2 .rela.sbss2.* .rela.gnu.linkonce.sb2.*)
 *(.rel.bss .rel.bss.* .rel.gnu.linkonce.b.*)
 *(.rela.bss .rela.bss.* .rela.gnu.linkonce.b.*)
 *(.rel.plt)
 *(.rela.plt)
 *(.rel.dyn)
 *(.init)
 *(.plt)
 *(.text .stub .text.* .gnu.linkonce.t.*)
 .text          0x008001b4       0x48 ../testled_bsp//obj/HAL/src/crt0.o
                0x008001b4                _start
 .text          0x008001fc       0x1c obj/default/hello_world.o
                0x008001fc                main
 .text          0x00800218       0x5c ../testled_bsp/\libhal_bsp.a(alt_main.o)
                0x00800218                alt_main
 .text          0x00800274       0xc0 ../testled_bsp/\libhal_bsp.a(alt_sys_init.o)
                0x00800274                alt_irq_init
                0x008002a8                alt_sys_init
 .text          0x00800334       0xb0 ../testled_bsp/\libhal_bsp.a(altera_avalon_jtag_uart_fd.o)
                0x00800334                altera_avalon_jtag_uart_read_fd
                0x0080038c                altera_avalon_jtag_uart_write_fd
 .text          0x008003e4      0x104 ../testled_bsp/\libhal_bsp.a(altera_avalon_jtag_uart_read.o)
                0x008003e4                altera_avalon_jtag_uart_read
 .text          0x008004e8       0xa4 ../testled_bsp/\libhal_bsp.a(altera_avalon_jtag_uart_write.o)
                0x008004e8                altera_avalon_jtag_uart_write
 .text          0x0080058c      0x100 ../testled_bsp/\libhal_bsp.a(altera_avalon_timer_sc.o)
                0x008005fc                alt_avalon_timer_sc_init
 .text          0x0080068c       0xb0 ../testled_bsp/\libhal_bsp.a(altera_avalon_uart_fd.o)
                0x0080068c                altera_avalon_uart_read_fd
                0x008006e4                altera_avalon_uart_write_fd
 .text          0x0080073c      0x130 ../testled_bsp/\libhal_bsp.a(altera_avalon_uart_read.o)
                0x0080073c                altera_avalon_uart_read
 .text          0x0080086c      0x150 ../testled_bsp/\libhal_bsp.a(altera_avalon_uart_write.o)
                0x0080086c                altera_avalon_uart_write
 .text          0x008009bc       0x2c ../testled_bsp/\libhal_bsp.a(alt_dev.o)
 .text          0x008009e8      0x114 ../testled_bsp/\libhal_bsp.a(alt_dev_llist_insert.o)
                0x008009e8                alt_dev_llist_insert
 .text          0x00800afc        0x0 ../testled_bsp/\libhal_bsp.a(alt_errno.o)
 .text          0x00800afc      0x1d4 ../testled_bsp/\libhal_bsp.a(alt_iic.o)
                0x00800afc                alt_ic_isr_register
                0x00800b4c                alt_ic_irq_enable
                0x00800be8                alt_ic_irq_disable
                0x00800c88                alt_ic_irq_enabled
 .text          0x00800cd0       0xf8 ../testled_bsp/\libhal_bsp.a(alt_iic_isr_register.o)
                0x00800cd0                alt_iic_isr_register
 .text          0x00800dc8      0x13c ../testled_bsp/\libhal_bsp.a(alt_io_redirect.o)
                0x00800e8c                alt_io_redirect
 .text          0x00800f04        0x0 ../testled_bsp/\libhal_bsp.a(alt_irq_entry.o)
 .text          0x00800f04        0x0 ../testled_bsp/\libhal_bsp.a(alt_irq_handler.o)
 .text          0x00800f04        0x0 ../testled_bsp/\libhal_bsp.a(alt_irq_vars.o)
 .text          0x00800f04      0x2c4 ../testled_bsp/\libhal_bsp.a(alt_open.o)
                0x00800fe0                open
 .text          0x008011c8       0x60 ../testled_bsp/\libhal_bsp.a(alt_release_fd.o)
                0x008011c8                alt_release_fd
 .text          0x00801228      0x1a4 ../testled_bsp/\libhal_bsp.a(alt_tick.o)
                0x00801228                alt_alarm_stop
                0x008012c0                alt_tick
 .text          0x008013cc       0x20 ../testled_bsp/\libhal_bsp.a(altera_nios2_qsys_irq.o)
                0x008013cc                altera_nios2_qsys_irq_init
 .text          0x008013ec        0x0 ../testled_bsp/\libhal_bsp.a(alt_exception_entry.o)
 .text          0x008013ec       0x94 ../testled_bsp/\libhal_bsp.a(alt_find_dev.o)
                0x008013ec                alt_find_dev
 .text          0x00801480      0x120 ../testled_bsp/\libhal_bsp.a(alt_find_file.o)
                0x00801480                alt_find_file
 .text          0x008015a0       0xb8 ../testled_bsp/\libhal_bsp.a(alt_get_fd.o)
                0x008015a0                alt_get_fd
 .text          0x00801658        0x0 d:/altera/13.0sp1/nios2eds/bin/gnu/h-i686-mingw32/bin/../lib/gcc/nios2-elf/4.1.2/../../../../nios2-elf/lib\libsmallc.a(lib_a-int_errno.o)
 .text          0x00801658       0x3c d:/altera/13.0sp1/nios2eds/bin/gnu/h-i686-mingw32/bin/../lib/gcc/nios2-elf/4.1.2/../../../../nios2-elf/lib\libsmallc.a(lib_a-memcmp.o)
                0x00801658                memcmp
 .text          0x00801694       0x20 d:/altera/13.0sp1/nios2eds/bin/gnu/h-i686-mingw32/bin/../lib/gcc/nios2-elf/4.1.2/../../../../nios2-elf/lib\libsmallc.a(lib_a-strlen.o)
                0x00801694                strlen
 *(.gnu.warning.*)
 *(.fini)
                0x008016b4                PROVIDE (__etext, ABSOLUTE (.))
                0x008016b4                PROVIDE (_etext, ABSOLUTE (.))
                0x008016b4                PROVIDE (etext, ABSOLUTE (.))
 *(.eh_frame_hdr)
                0x008016b4                . = ALIGN (0x4)
                0x008016b4                PROVIDE (__preinit_array_start, ABSOLUTE (.))
 *(.preinit_array)
                0x008016b4                PROVIDE (__preinit_array_end, ABSOLUTE (.))
                0x008016b4                PROVIDE (__init_array_start, ABSOLUTE (.))
 *(.init_array)
                0x008016b4                PROVIDE (__init_array_end, ABSOLUTE (.))
                0x008016b4                PROVIDE (__fini_array_start, ABSOLUTE (.))
 *(.fini_array)
                0x008016b4                PROVIDE (__fini_array_end, ABSOLUTE (.))
 *(.eh_frame)
 *(.gcc_except_table)
 *(.dynamic)
                0x008016b4                PROVIDE (__CTOR_LIST__, ABSOLUTE (.))
 *(.ctors)
 *(SORT(.ctors.*))
                0x008016b4                PROVIDE (__CTOR_END__, ABSOLUTE (.))
                0x008016b4                PROVIDE (__DTOR_LIST__, ABSOLUTE (.))
 *(.dtors)
 *(SORT(.dtors.*))
                0x008016b4                PROVIDE (__DTOR_END__, ABSOLUTE (.))
 *(.jcr)
                0x008016b4                . = ALIGN (0x4)

.rodata         0x008016b4       0x40
                0x008016b4                PROVIDE (__ram_rodata_start, ABSOLUTE (.))
                0x008016b4                . = ALIGN (0x4)
 *(.rodata .rodata.* .gnu.linkonce.r.*)
 .rodata        0x008016b4       0x14 ../testled_bsp/\libhal_bsp.a(alt_main.o)
 .rodata        0x008016c8       0x20 ../testled_bsp/\libhal_bsp.a(alt_sys_init.o)
 .rodata        0x008016e8        0xc ../testled_bsp/\libhal_bsp.a(alt_dev.o)
 *(.rodata1)
                0x008016f4                . = ALIGN (0x4)
                0x008016f4                PROVIDE (__ram_rodata_end, ABSOLUTE (.))
                0x008016b4                PROVIDE (__flash_rodata_start, LOADADDR (.rodata))

.rwdata         0x008016f4      0x224
                0x008016f4                PROVIDE (__ram_rwdata_start, ABSOLUTE (.))
                0x008016f4                . = ALIGN (0x4)
 *(.got.plt)
 *(.got)
 *(.data1)
 *(.data .data.* .gnu.linkonce.d.*)
 .data          0x008016f4        0x0 ../testled_bsp//obj/HAL/src/crt0.o
 .data          0x008016f4        0x0 obj/default/hello_world.o
 .data          0x008016f4        0x0 ../testled_bsp/\libhal_bsp.a(alt_main.o)
 .data          0x008016f4       0x58 ../testled_bsp/\libhal_bsp.a(alt_sys_init.o)
 .data          0x0080174c        0x0 ../testled_bsp/\libhal_bsp.a(altera_avalon_jtag_uart_fd.o)
 .data          0x0080174c        0x0 ../testled_bsp/\libhal_bsp.a(altera_avalon_jtag_uart_read.o)
 .data          0x0080174c        0x0 ../testled_bsp/\libhal_bsp.a(altera_avalon_jtag_uart_write.o)
 .data          0x0080174c        0x0 ../testled_bsp/\libhal_bsp.a(altera_avalon_timer_sc.o)
 .data          0x0080174c        0x0 ../testled_bsp/\libhal_bsp.a(altera_avalon_uart_fd.o)
 .data          0x0080174c        0x0 ../testled_bsp/\libhal_bsp.a(altera_avalon_uart_read.o)
 .data          0x0080174c        0x0 ../testled_bsp/\libhal_bsp.a(altera_avalon_uart_write.o)
 .data          0x0080174c      0x1a8 ../testled_bsp/\libhal_bsp.a(alt_dev.o)
                0x0080174c                alt_dev_null
                0x00801774                alt_fd_list
 .data          0x008018f4        0x0 ../testled_bsp/\libhal_bsp.a(alt_dev_llist_insert.o)
 .data          0x008018f4        0x0 ../testled_bsp/\libhal_bsp.a(alt_errno.o)
 .data          0x008018f4        0x0 ../testled_bsp/\libhal_bsp.a(alt_iic.o)
 .data          0x008018f4        0x0 ../testled_bsp/\libhal_bsp.a(alt_iic_isr_register.o)
 .data          0x008018f4        0x0 ../testled_bsp/\libhal_bsp.a(alt_io_redirect.o)
 .data          0x008018f4        0x0 ../testled_bsp/\libhal_bsp.a(alt_irq_entry.o)
 .data          0x008018f4        0x0 ../testled_bsp/\libhal_bsp.a(alt_irq_handler.o)
 .data          0x008018f4        0x0 ../testled_bsp/\libhal_bsp.a(alt_irq_vars.o)
 .data          0x008018f4        0x0 ../testled_bsp/\libhal_bsp.a(alt_open.o)
 .data          0x008018f4        0x0 ../testled_bsp/\libhal_bsp.a(alt_release_fd.o)
 .data          0x008018f4        0x0 ../testled_bsp/\libhal_bsp.a(alt_tick.o)
 .data          0x008018f4        0x0 ../testled_bsp/\libhal_bsp.a(altera_nios2_qsys_irq.o)
 .data          0x008018f4        0x0 ../testled_bsp/\libhal_bsp.a(alt_exception_entry.o)
 .data          0x008018f4        0x0 ../testled_bsp/\libhal_bsp.a(alt_find_dev.o)
 .data          0x008018f4        0x0 ../testled_bsp/\libhal_bsp.a(alt_find_file.o)
 .data          0x008018f4        0x0 ../testled_bsp/\libhal_bsp.a(alt_get_fd.o)
 .data          0x008018f4        0x0 d:/altera/13.0sp1/nios2eds/bin/gnu/h-i686-mingw32/bin/../lib/gcc/nios2-elf/4.1.2/../../../../nios2-elf/lib\libsmallc.a(lib_a-int_errno.o)
 .data          0x008018f4        0x0 d:/altera/13.0sp1/nios2eds/bin/gnu/h-i686-mingw32/bin/../lib/gcc/nios2-elf/4.1.2/../../../../nios2-elf/lib\libsmallc.a(lib_a-memcmp.o)
 .data          0x008018f4        0x0 d:/altera/13.0sp1/nios2eds/bin/gnu/h-i686-mingw32/bin/../lib/gcc/nios2-elf/4.1.2/../../../../nios2-elf/lib\libsmallc.a(lib_a-strlen.o)
                0x008098f4                _gp = ABSOLUTE ((. + 0x8000))
                0x008098f4                PROVIDE (gp, _gp)
 *(.rwdata .rwdata.*)
 *(.sdata .sdata.* .gnu.linkonce.s.*)
 .sdata         0x008018f4       0x14 ../testled_bsp/\libhal_bsp.a(alt_dev.o)
                0x008018f4                alt_fs_list
                0x008018fc                alt_dev_list
                0x00801904                alt_max_fd
 .sdata         0x00801908        0x4 ../testled_bsp/\libhal_bsp.a(alt_errno.o)
                0x00801908                alt_errno
 .sdata         0x0080190c        0x4 ../testled_bsp/\libhal_bsp.a(alt_irq_vars.o)
                0x0080190c                alt_priority_mask
 .sdata         0x00801910        0x8 ../testled_bsp/\libhal_bsp.a(alt_tick.o)
                0x00801910                alt_alarm_list
 *(.sdata2 .sdata2.* .gnu.linkonce.s2.*)
                0x00801918                . = ALIGN (0x4)
                0x00801918                _edata = ABSOLUTE (.)
                0x00801918                PROVIDE (edata, ABSOLUTE (.))
                0x00801918                PROVIDE (__ram_rwdata_end, ABSOLUTE (.))
                0x008016f4                PROVIDE (__flash_rwdata_start, LOADADDR (.rwdata))

.bss            0x00801918      0x11c
                0x00801918                __bss_start = ABSOLUTE (.)
                0x00801918                PROVIDE (__sbss_start, ABSOLUTE (.))
                0x00801918                PROVIDE (___sbss_start, ABSOLUTE (.))
 *(.dynsbss)
 *(.sbss .sbss.* .gnu.linkonce.sb.*)
 .sbss          0x00801918        0xc ../testled_bsp/\libhal_bsp.a(alt_main.o)
                0x00801918                alt_argc
                0x0080191c                alt_argv
                0x00801920                alt_envp
 .sbss          0x00801924        0x4 ../testled_bsp/\libhal_bsp.a(alt_irq_vars.o)
                0x00801924                alt_irq_active
 .sbss          0x00801928        0x8 ../testled_bsp/\libhal_bsp.a(alt_tick.o)
                0x00801928                _alt_tick_rate
                0x0080192c                _alt_nticks
 .sbss          0x00801930        0x4 d:/altera/13.0sp1/nios2eds/bin/gnu/h-i686-mingw32/bin/../lib/gcc/nios2-elf/4.1.2/../../../../nios2-elf/lib\libsmallc.a(lib_a-int_errno.o)
                0x00801930                errno
 *(.sbss2 .sbss2.* .gnu.linkonce.sb2.*)
 *(.scommon)
                0x00801934                PROVIDE (__sbss_end, ABSOLUTE (.))
                0x00801934                PROVIDE (___sbss_end, ABSOLUTE (.))
 *(.dynbss)
 *(.bss .bss.* .gnu.linkonce.b.*)
 .bss           0x00801934        0x0 ../testled_bsp//obj/HAL/src/crt0.o
 .bss           0x00801934        0x0 obj/default/hello_world.o
 .bss           0x00801934        0x0 ../testled_bsp/\libhal_bsp.a(alt_main.o)
 .bss           0x00801934        0x0 ../testled_bsp/\libhal_bsp.a(alt_sys_init.o)
 .bss           0x00801934        0x0 ../testled_bsp/\libhal_bsp.a(altera_avalon_jtag_uart_fd.o)
 .bss           0x00801934        0x0 ../testled_bsp/\libhal_bsp.a(altera_avalon_jtag_uart_read.o)
 .bss           0x00801934        0x0 ../testled_bsp/\libhal_bsp.a(altera_avalon_jtag_uart_write.o)
 .bss           0x00801934        0x0 ../testled_bsp/\libhal_bsp.a(altera_avalon_timer_sc.o)
 .bss           0x00801934        0x0 ../testled_bsp/\libhal_bsp.a(altera_avalon_uart_fd.o)
 .bss           0x00801934        0x0 ../testled_bsp/\libhal_bsp.a(altera_avalon_uart_read.o)
 .bss           0x00801934        0x0 ../testled_bsp/\libhal_bsp.a(altera_avalon_uart_write.o)
 .bss           0x00801934        0x0 ../testled_bsp/\libhal_bsp.a(alt_dev.o)
 .bss           0x00801934        0x0 ../testled_bsp/\libhal_bsp.a(alt_dev_llist_insert.o)
 .bss           0x00801934        0x0 ../testled_bsp/\libhal_bsp.a(alt_errno.o)
 .bss           0x00801934        0x0 ../testled_bsp/\libhal_bsp.a(alt_iic.o)
 .bss           0x00801934        0x0 ../testled_bsp/\libhal_bsp.a(alt_iic_isr_register.o)
 .bss           0x00801934        0x0 ../testled_bsp/\libhal_bsp.a(alt_io_redirect.o)
 .bss           0x00801934        0x0 ../testled_bsp/\libhal_bsp.a(alt_irq_entry.o)
 .bss           0x00801934        0x0 ../testled_bsp/\libhal_bsp.a(alt_irq_handler.o)
 .bss           0x00801934        0x0 ../testled_bsp/\libhal_bsp.a(alt_irq_vars.o)
 .bss           0x00801934        0x0 ../testled_bsp/\libhal_bsp.a(alt_open.o)
 .bss           0x00801934        0x0 ../testled_bsp/\libhal_bsp.a(alt_release_fd.o)
 .bss           0x00801934        0x0 ../testled_bsp/\libhal_bsp.a(alt_tick.o)
 .bss           0x00801934        0x0 ../testled_bsp/\libhal_bsp.a(altera_nios2_qsys_irq.o)
 .bss           0x00801934        0x0 ../testled_bsp/\libhal_bsp.a(alt_exception_entry.o)
 .bss           0x00801934        0x0 ../testled_bsp/\libhal_bsp.a(alt_find_dev.o)
 .bss           0x00801934        0x0 ../testled_bsp/\libhal_bsp.a(alt_find_file.o)
 .bss           0x00801934        0x0 ../testled_bsp/\libhal_bsp.a(alt_get_fd.o)
 .bss           0x00801934        0x0 d:/altera/13.0sp1/nios2eds/bin/gnu/h-i686-mingw32/bin/../lib/gcc/nios2-elf/4.1.2/../../../../nios2-elf/lib\libsmallc.a(lib_a-int_errno.o)
 .bss           0x00801934        0x0 d:/altera/13.0sp1/nios2eds/bin/gnu/h-i686-mingw32/bin/../lib/gcc/nios2-elf/4.1.2/../../../../nios2-elf/lib\libsmallc.a(lib_a-memcmp.o)
 .bss           0x00801934        0x0 d:/altera/13.0sp1/nios2eds/bin/gnu/h-i686-mingw32/bin/../lib/gcc/nios2-elf/4.1.2/../../../../nios2-elf/lib\libsmallc.a(lib_a-strlen.o)
 *(COMMON)
 COMMON         0x00801934      0x100 ../testled_bsp/\libhal_bsp.a(alt_irq_handler.o)
                0x00801934                alt_irq
                0x00801a34                . = ALIGN (0x4)
                0x00801a34                __bss_end = ABSOLUTE (.)

.sdram_0        0x00801a34        0x0
                0x00801a34                PROVIDE (_alt_partition_sdram_0_start, ABSOLUTE (.))
 *(.sdram_0. sdram_0.*)
                0x00801a34                . = ALIGN (0x4)
                0x00801a34                PROVIDE (_alt_partition_sdram_0_end, ABSOLUTE (.))
                0x00801a34                _end = ABSOLUTE (.)
                0x00801a34                end = ABSOLUTE (.)
                0x00801a34                __alt_stack_base = ABSOLUTE (.)
                0x00801a34                PROVIDE (_alt_partition_sdram_0_load_addr, LOADADDR (.sdram_0))

.cfi_flash_0    0x01400020        0x0
                0x01400020                PROVIDE (_alt_partition_cfi_flash_0_start, ABSOLUTE (.))
 *(.cfi_flash_0. cfi_flash_0.*)
                0x01400020                . = ALIGN (0x4)
                0x01400020                PROVIDE (_alt_partition_cfi_flash_0_end, ABSOLUTE (.))
                0x01400020                PROVIDE (_alt_partition_cfi_flash_0_load_addr, LOADADDR (.cfi_flash_0))

.sram_0         0x01a00000        0x0
                0x01a00000                PROVIDE (_alt_partition_sram_0_start, ABSOLUTE (.))
 *(.sram_0. sram_0.*)
                0x01a00000                . = ALIGN (0x4)
                0x01a00000                PROVIDE (_alt_partition_sram_0_end, ABSOLUTE (.))
                0x01a00000                PROVIDE (_alt_partition_sram_0_load_addr, LOADADDR (.sram_0))

.epcs_controller
                0x01a81800        0x0
                0x01a81800                PROVIDE (_alt_partition_epcs_controller_start, ABSOLUTE (.))
 *(.epcs_controller. epcs_controller.*)
                0x01a81800                . = ALIGN (0x4)
                0x01a81800                PROVIDE (_alt_partition_epcs_controller_end, ABSOLUTE (.))
                0x01a81800                PROVIDE (_alt_partition_epcs_controller_load_addr, LOADADDR (.epcs_controller))

.stab
 *(.stab)

.stabstr
 *(.stabstr)

.stab.excl
 *(.stab.excl)

.stab.exclstr
 *(.stab.exclstr)

.stab.index
 *(.stab.index)

.stab.indexstr
 *(.stab.indexstr)

.comment        0x00000000       0x26
 *(.comment)
 .comment       0x00000000       0x26 obj/default/hello_world.o
                                 0x27 (size before relaxing)
 .comment       0x00000000       0x27 ../testled_bsp/\libhal_bsp.a(alt_main.o)
 .comment       0x00000000       0x27 ../testled_bsp/\libhal_bsp.a(alt_sys_init.o)
 .comment       0x00000000       0x27 ../testled_bsp/\libhal_bsp.a(altera_avalon_jtag_uart_fd.o)
 .comment       0x00000000       0x27 ../testled_bsp/\libhal_bsp.a(altera_avalon_jtag_uart_read.o)
 .comment       0x00000000       0x27 ../testled_bsp/\libhal_bsp.a(altera_avalon_jtag_uart_write.o)
 .comment       0x00000000       0x27 ../testled_bsp/\libhal_bsp.a(altera_avalon_timer_sc.o)
 .comment       0x00000000       0x27 ../testled_bsp/\libhal_bsp.a(altera_avalon_uart_fd.o)
 .comment       0x00000000       0x27 ../testled_bsp/\libhal_bsp.a(altera_avalon_uart_read.o)
 .comment       0x00000000       0x27 ../testled_bsp/\libhal_bsp.a(altera_avalon_uart_write.o)
 .comment       0x00000000       0x27 ../testled_bsp/\libhal_bsp.a(alt_dev.o)
 .comment       0x00000000       0x27 ../testled_bsp/\libhal_bsp.a(alt_dev_llist_insert.o)
 .comment       0x00000000       0x27 ../testled_bsp/\libhal_bsp.a(alt_errno.o)
 .comment       0x00000000       0x27 ../testled_bsp/\libhal_bsp.a(alt_iic.o)
 .comment       0x00000000       0x27 ../testled_bsp/\libhal_bsp.a(alt_iic_isr_register.o)
 .comment       0x00000000       0x27 ../testled_bsp/\libhal_bsp.a(alt_io_redirect.o)
 .comment       0x00000000       0x27 ../testled_bsp/\libhal_bsp.a(alt_irq_handler.o)
 .comment       0x00000000       0x27 ../testled_bsp/\libhal_bsp.a(alt_irq_vars.o)
 .comment       0x00000000       0x27 ../testled_bsp/\libhal_bsp.a(alt_open.o)
 .comment       0x00000000       0x27 ../testled_bsp/\libhal_bsp.a(alt_release_fd.o)
 .comment       0x00000000       0x27 ../testled_bsp/\libhal_bsp.a(alt_tick.o)
 .comment       0x00000000       0x27 ../testled_bsp/\libhal_bsp.a(altera_nios2_qsys_irq.o)
 .comment       0x00000000       0x27 ../testled_bsp/\libhal_bsp.a(alt_find_dev.o)
 .comment       0x00000000       0x27 ../testled_bsp/\libhal_bsp.a(alt_find_file.o)
 .comment       0x00000000       0x27 ../testled_bsp/\libhal_bsp.a(alt_get_fd.o)
 .comment       0x00000000       0x27 d:/altera/13.0sp1/nios2eds/bin/gnu/h-i686-mingw32/bin/../lib/gcc/nios2-elf/4.1.2/../../../../nios2-elf/lib\libsmallc.a(lib_a-int_errno.o)
 .comment       0x00000000       0x27 d:/altera/13.0sp1/nios2eds/bin/gnu/h-i686-mingw32/bin/../lib/gcc/nios2-elf/4.1.2/../../../../nios2-elf/lib\libsmallc.a(lib_a-memcmp.o)
 .comment       0x00000000       0x27 d:/altera/13.0sp1/nios2eds/bin/gnu/h-i686-mingw32/bin/../lib/gcc/nios2-elf/4.1.2/../../../../nios2-elf/lib\libsmallc.a(lib_a-strlen.o)

.debug
 *(.debug)

.line
 *(.line)

.debug_srcinfo
 *(.debug_srcinfo)

.debug_sfnames
 *(.debug_sfnames)

.debug_aranges  0x00000000      0x3b8
 *(.debug_aranges)
 .debug_aranges
                0x00000000       0x28 ../testled_bsp//obj/HAL/src/crt0.o
 .debug_aranges
                0x00000028       0x20 obj/default/hello_world.o
 .debug_aranges
                0x00000048       0x20 ../testled_bsp/\libhal_bsp.a(alt_main.o)
 .debug_aranges
                0x00000068       0x20 ../testled_bsp/\libhal_bsp.a(alt_sys_init.o)
 .debug_aranges
                0x00000088       0x20 ../testled_bsp/\libhal_bsp.a(altera_avalon_jtag_uart_fd.o)
 .debug_aranges
                0x000000a8       0x20 ../testled_bsp/\libhal_bsp.a(altera_avalon_jtag_uart_read.o)
 .debug_aranges
                0x000000c8       0x20 ../testled_bsp/\libhal_bsp.a(altera_avalon_jtag_uart_write.o)
 .debug_aranges
                0x000000e8       0x20 ../testled_bsp/\libhal_bsp.a(altera_avalon_timer_sc.o)
 .debug_aranges
                0x00000108       0x20 ../testled_bsp/\libhal_bsp.a(altera_avalon_uart_fd.o)
 .debug_aranges
                0x00000128       0x20 ../testled_bsp/\libhal_bsp.a(altera_avalon_uart_read.o)
 .debug_aranges
                0x00000148       0x20 ../testled_bsp/\libhal_bsp.a(altera_avalon_uart_write.o)
 .debug_aranges
                0x00000168       0x20 ../testled_bsp/\libhal_bsp.a(alt_dev.o)
 .debug_aranges
                0x00000188       0x20 ../testled_bsp/\libhal_bsp.a(alt_dev_llist_insert.o)
 .debug_aranges
                0x000001a8       0x20 ../testled_bsp/\libhal_bsp.a(alt_iic.o)
 .debug_aranges
                0x000001c8       0x20 ../testled_bsp/\libhal_bsp.a(alt_iic_isr_register.o)
 .debug_aranges
                0x000001e8       0x20 ../testled_bsp/\libhal_bsp.a(alt_io_redirect.o)
 .debug_aranges
                0x00000208       0x30 ../testled_bsp/\libhal_bsp.a(alt_irq_entry.o)
 .debug_aranges
                0x00000238       0x28 ../testled_bsp/\libhal_bsp.a(alt_irq_handler.o)
 .debug_aranges
                0x00000260       0x20 ../testled_bsp/\libhal_bsp.a(alt_open.o)
 .debug_aranges
                0x00000280       0x20 ../testled_bsp/\libhal_bsp.a(alt_release_fd.o)
 .debug_aranges
                0x000002a0       0x20 ../testled_bsp/\libhal_bsp.a(alt_tick.o)
 .debug_aranges
                0x000002c0       0x20 ../testled_bsp/\libhal_bsp.a(altera_nios2_qsys_irq.o)
 .debug_aranges
                0x000002e0       0x38 ../testled_bsp/\libhal_bsp.a(alt_exception_entry.o)
 .debug_aranges
                0x00000318       0x20 ../testled_bsp/\libhal_bsp.a(alt_find_dev.o)
 .debug_aranges
                0x00000338       0x20 ../testled_bsp/\libhal_bsp.a(alt_find_file.o)
 .debug_aranges
                0x00000358       0x20 ../testled_bsp/\libhal_bsp.a(alt_get_fd.o)
 .debug_aranges
                0x00000378       0x20 d:/altera/13.0sp1/nios2eds/bin/gnu/h-i686-mingw32/bin/../lib/gcc/nios2-elf/4.1.2/../../../../nios2-elf/lib\libsmallc.a(lib_a-memcmp.o)
 .debug_aranges
                0x00000398       0x20 d:/altera/13.0sp1/nios2eds/bin/gnu/h-i686-mingw32/bin/../lib/gcc/nios2-elf/4.1.2/../../../../nios2-elf/lib\libsmallc.a(lib_a-strlen.o)

.debug_pubnames
                0x00000000      0x5a5
 *(.debug_pubnames)
 .debug_pubnames
                0x00000000       0x1b obj/default/hello_world.o
 .debug_pubnames
                0x0000001b       0x46 ../testled_bsp/\libhal_bsp.a(alt_main.o)
 .debug_pubnames
                0x00000061       0x34 ../testled_bsp/\libhal_bsp.a(alt_sys_init.o)
 .debug_pubnames
                0x00000095       0x5b ../testled_bsp/\libhal_bsp.a(altera_avalon_jtag_uart_fd.o)
 .debug_pubnames
                0x000000f0       0x33 ../testled_bsp/\libhal_bsp.a(altera_avalon_jtag_uart_read.o)
 .debug_pubnames
                0x00000123       0x34 ../testled_bsp/\libhal_bsp.a(altera_avalon_jtag_uart_write.o)
 .debug_pubnames
                0x00000157       0x2f ../testled_bsp/\libhal_bsp.a(altera_avalon_timer_sc.o)
 .debug_pubnames
                0x00000186       0x51 ../testled_bsp/\libhal_bsp.a(altera_avalon_uart_fd.o)
 .debug_pubnames
                0x000001d7       0x2e ../testled_bsp/\libhal_bsp.a(altera_avalon_uart_read.o)
 .debug_pubnames
                0x00000205       0x2f ../testled_bsp/\libhal_bsp.a(altera_avalon_uart_write.o)
 .debug_pubnames
                0x00000234       0x63 ../testled_bsp/\libhal_bsp.a(alt_dev.o)
 .debug_pubnames
                0x00000297       0x2b ../testled_bsp/\libhal_bsp.a(alt_dev_llist_insert.o)
 .debug_pubnames
                0x000002c2       0x20 ../testled_bsp/\libhal_bsp.a(alt_errno.o)
 .debug_pubnames
                0x000002e2       0x6e ../testled_bsp/\libhal_bsp.a(alt_iic.o)
 .debug_pubnames
                0x00000350       0x2b ../testled_bsp/\libhal_bsp.a(alt_iic_isr_register.o)
 .debug_pubnames
                0x0000037b       0x26 ../testled_bsp/\libhal_bsp.a(alt_io_redirect.o)
 .debug_pubnames
                0x000003a1       0x32 ../testled_bsp/\libhal_bsp.a(alt_irq_handler.o)
 .debug_pubnames
                0x000003d3       0x3b ../testled_bsp/\libhal_bsp.a(alt_irq_vars.o)
 .debug_pubnames
                0x0000040e       0x1b ../testled_bsp/\libhal_bsp.a(alt_open.o)
 .debug_pubnames
                0x00000429       0x25 ../testled_bsp/\libhal_bsp.a(alt_release_fd.o)
 .debug_pubnames
                0x0000044e       0x68 ../testled_bsp/\libhal_bsp.a(alt_tick.o)
 .debug_pubnames
                0x000004b6       0x31 ../testled_bsp/\libhal_bsp.a(altera_nios2_qsys_irq.o)
 .debug_pubnames
                0x000004e7       0x23 ../testled_bsp/\libhal_bsp.a(alt_find_dev.o)
 .debug_pubnames
                0x0000050a       0x24 ../testled_bsp/\libhal_bsp.a(alt_find_file.o)
 .debug_pubnames
                0x0000052e       0x21 ../testled_bsp/\libhal_bsp.a(alt_get_fd.o)
 .debug_pubnames
                0x0000054f       0x1c d:/altera/13.0sp1/nios2eds/bin/gnu/h-i686-mingw32/bin/../lib/gcc/nios2-elf/4.1.2/../../../../nios2-elf/lib\libsmallc.a(lib_a-int_errno.o)
 .debug_pubnames
                0x0000056b       0x1d d:/altera/13.0sp1/nios2eds/bin/gnu/h-i686-mingw32/bin/../lib/gcc/nios2-elf/4.1.2/../../../../nios2-elf/lib\libsmallc.a(lib_a-memcmp.o)
 .debug_pubnames
                0x00000588       0x1d d:/altera/13.0sp1/nios2eds/bin/gnu/h-i686-mingw32/bin/../lib/gcc/nios2-elf/4.1.2/../../../../nios2-elf/lib\libsmallc.a(lib_a-strlen.o)

.debug_info     0x00000000     0x5cc0
 *(.debug_info .gnu.linkonce.wi.*)
 .debug_info    0x00000000       0x5f ../testled_bsp//obj/HAL/src/crt0.o
 .debug_info    0x0000005f      0x11e obj/default/hello_world.o
 .debug_info    0x0000017d      0x1f3 ../testled_bsp/\libhal_bsp.a(alt_main.o)
 .debug_info    0x00000370      0x688 ../testled_bsp/\libhal_bsp.a(alt_sys_init.o)
 .debug_info    0x000009f8      0x59d ../testled_bsp/\libhal_bsp.a(altera_avalon_jtag_uart_fd.o)
 .debug_info    0x00000f95      0x2ed ../testled_bsp/\libhal_bsp.a(altera_avalon_jtag_uart_read.o)
 .debug_info    0x00001282      0x2ca ../testled_bsp/\libhal_bsp.a(altera_avalon_jtag_uart_write.o)
 .debug_info    0x0000154c      0x36f ../testled_bsp/\libhal_bsp.a(altera_avalon_timer_sc.o)
 .debug_info    0x000018bb      0x532 ../testled_bsp/\libhal_bsp.a(altera_avalon_uart_fd.o)
 .debug_info    0x00001ded      0x2c6 ../testled_bsp/\libhal_bsp.a(altera_avalon_uart_read.o)
 .debug_info    0x000020b3      0x2dd ../testled_bsp/\libhal_bsp.a(altera_avalon_uart_write.o)
 .debug_info    0x00002390      0x663 ../testled_bsp/\libhal_bsp.a(alt_dev.o)
 .debug_info    0x000029f3      0x29b ../testled_bsp/\libhal_bsp.a(alt_dev_llist_insert.o)
 .debug_info    0x00002c8e      0x148 ../testled_bsp/\libhal_bsp.a(alt_errno.o)
 .debug_info    0x00002dd6      0x477 ../testled_bsp/\libhal_bsp.a(alt_iic.o)
 .debug_info    0x0000324d      0x2f8 ../testled_bsp/\libhal_bsp.a(alt_iic_isr_register.o)
 .debug_info    0x00003545      0x679 ../testled_bsp/\libhal_bsp.a(alt_io_redirect.o)
 .debug_info    0x00003bbe       0x68 ../testled_bsp/\libhal_bsp.a(alt_irq_entry.o)
 .debug_info    0x00003c26      0x259 ../testled_bsp/\libhal_bsp.a(alt_irq_handler.o)
 .debug_info    0x00003e7f      0x14b ../testled_bsp/\libhal_bsp.a(alt_irq_vars.o)
 .debug_info    0x00003fca      0x509 ../testled_bsp/\libhal_bsp.a(alt_open.o)
 .debug_info    0x000044d3      0x3d6 ../testled_bsp/\libhal_bsp.a(alt_release_fd.o)
 .debug_info    0x000048a9      0x3e2 ../testled_bsp/\libhal_bsp.a(alt_tick.o)
 .debug_info    0x00004c8b      0x147 ../testled_bsp/\libhal_bsp.a(altera_nios2_qsys_irq.o)
 .debug_info    0x00004dd2       0x6e ../testled_bsp/\libhal_bsp.a(alt_exception_entry.o)
 .debug_info    0x00004e40      0x3fc ../testled_bsp/\libhal_bsp.a(alt_find_dev.o)
 .debug_info    0x0000523c      0x403 ../testled_bsp/\libhal_bsp.a(alt_find_file.o)
 .debug_info    0x0000563f      0x444 ../testled_bsp/\libhal_bsp.a(alt_get_fd.o)
 .debug_info    0x00005a83       0x8c d:/altera/13.0sp1/nios2eds/bin/gnu/h-i686-mingw32/bin/../lib/gcc/nios2-elf/4.1.2/../../../../nios2-elf/lib\libsmallc.a(lib_a-int_errno.o)
 .debug_info    0x00005b0f       0xef d:/altera/13.0sp1/nios2eds/bin/gnu/h-i686-mingw32/bin/../lib/gcc/nios2-elf/4.1.2/../../../../nios2-elf/lib\libsmallc.a(lib_a-memcmp.o)
 .debug_info    0x00005bfe       0xc2 d:/altera/13.0sp1/nios2eds/bin/gnu/h-i686-mingw32/bin/../lib/gcc/nios2-elf/4.1.2/../../../../nios2-elf/lib\libsmallc.a(lib_a-strlen.o)

.debug_abbrev   0x00000000     0x160f
 *(.debug_abbrev)
 .debug_abbrev  0x00000000       0x12 ../testled_bsp//obj/HAL/src/crt0.o
 .debug_abbrev  0x00000012       0x3f obj/default/hello_world.o
 .debug_abbrev  0x00000051       0xa6 ../testled_bsp/\libhal_bsp.a(alt_main.o)
 .debug_abbrev  0x000000f7      0x121 ../testled_bsp/\libhal_bsp.a(alt_sys_init.o)
 .debug_abbrev  0x00000218       0xcb ../testled_bsp/\libhal_bsp.a(altera_avalon_jtag_uart_fd.o)
 .debug_abbrev  0x000002e3       0xb6 ../testled_bsp/\libhal_bsp.a(altera_avalon_jtag_uart_read.o)
 .debug_abbrev  0x00000399       0xb4 ../testled_bsp/\libhal_bsp.a(altera_avalon_jtag_uart_write.o)
 .debug_abbrev  0x0000044d      0x137 ../testled_bsp/\libhal_bsp.a(altera_avalon_timer_sc.o)
 .debug_abbrev  0x00000584       0xcf ../testled_bsp/\libhal_bsp.a(altera_avalon_uart_fd.o)
 .debug_abbrev  0x00000653       0xc4 ../testled_bsp/\libhal_bsp.a(altera_avalon_uart_read.o)
 .debug_abbrev  0x00000717       0xcb ../testled_bsp/\libhal_bsp.a(altera_avalon_uart_write.o)
 .debug_abbrev  0x000007e2       0xc7 ../testled_bsp/\libhal_bsp.a(alt_dev.o)
 .debug_abbrev  0x000008a9       0xf6 ../testled_bsp/\libhal_bsp.a(alt_dev_llist_insert.o)
 .debug_abbrev  0x0000099f       0x5e ../testled_bsp/\libhal_bsp.a(alt_errno.o)
 .debug_abbrev  0x000009fd      0x134 ../testled_bsp/\libhal_bsp.a(alt_iic.o)
 .debug_abbrev  0x00000b31      0x14e ../testled_bsp/\libhal_bsp.a(alt_iic_isr_register.o)
 .debug_abbrev  0x00000c7f       0xf0 ../testled_bsp/\libhal_bsp.a(alt_io_redirect.o)
 .debug_abbrev  0x00000d6f       0x12 ../testled_bsp/\libhal_bsp.a(alt_irq_entry.o)
 .debug_abbrev  0x00000d81      0x10c ../testled_bsp/\libhal_bsp.a(alt_irq_handler.o)
 .debug_abbrev  0x00000e8d       0x44 ../testled_bsp/\libhal_bsp.a(alt_irq_vars.o)
 .debug_abbrev  0x00000ed1      0x112 ../testled_bsp/\libhal_bsp.a(alt_open.o)
 .debug_abbrev  0x00000fe3       0xc1 ../testled_bsp/\libhal_bsp.a(alt_release_fd.o)
 .debug_abbrev  0x000010a4      0x150 ../testled_bsp/\libhal_bsp.a(alt_tick.o)
 .debug_abbrev  0x000011f4       0x3f ../testled_bsp/\libhal_bsp.a(altera_nios2_qsys_irq.o)
 .debug_abbrev  0x00001233       0x12 ../testled_bsp/\libhal_bsp.a(alt_exception_entry.o)
 .debug_abbrev  0x00001245       0xcf ../testled_bsp/\libhal_bsp.a(alt_find_dev.o)
 .debug_abbrev  0x00001314       0xcf ../testled_bsp/\libhal_bsp.a(alt_find_file.o)
 .debug_abbrev  0x000013e3       0xfb ../testled_bsp/\libhal_bsp.a(alt_get_fd.o)
 .debug_abbrev  0x000014de       0x3b d:/altera/13.0sp1/nios2eds/bin/gnu/h-i686-mingw32/bin/../lib/gcc/nios2-elf/4.1.2/../../../../nios2-elf/lib\libsmallc.a(lib_a-int_errno.o)
 .debug_abbrev  0x00001519       0x7c d:/altera/13.0sp1/nios2eds/bin/gnu/h-i686-mingw32/bin/../lib/gcc/nios2-elf/4.1.2/../../../../nios2-elf/lib\libsmallc.a(lib_a-memcmp.o)
 .debug_abbrev  0x00001595       0x7a d:/altera/13.0sp1/nios2eds/bin/gnu/h-i686-mingw32/bin/../lib/gcc/nios2-elf/4.1.2/../../../../nios2-elf/lib\libsmallc.a(lib_a-strlen.o)

.debug_line     0x00000000     0x441c
 *(.debug_line)
 .debug_line    0x00000000       0x6f ../testled_bsp//obj/HAL/src/crt0.o
 .debug_line    0x0000006f      0x1e1 obj/default/hello_world.o
 .debug_line    0x00000250      0x2b2 ../testled_bsp/\libhal_bsp.a(alt_main.o)
 .debug_line    0x00000502      0x3ba ../testled_bsp/\libhal_bsp.a(alt_sys_init.o)
 .debug_line    0x000008bc      0x1d7 ../testled_bsp/\libhal_bsp.a(altera_avalon_jtag_uart_fd.o)
 .debug_line    0x00000a93      0x343 ../testled_bsp/\libhal_bsp.a(altera_avalon_jtag_uart_read.o)
 .debug_line    0x00000dd6      0x304 ../testled_bsp/\libhal_bsp.a(altera_avalon_jtag_uart_write.o)
 .debug_line    0x000010da      0x2b3 ../testled_bsp/\libhal_bsp.a(altera_avalon_timer_sc.o)
 .debug_line    0x0000138d      0x1b2 ../testled_bsp/\libhal_bsp.a(altera_avalon_uart_fd.o)
 .debug_line    0x0000153f      0x321 ../testled_bsp/\libhal_bsp.a(altera_avalon_uart_read.o)
 .debug_line    0x00001860      0x322 ../testled_bsp/\libhal_bsp.a(altera_avalon_uart_write.o)
 .debug_line    0x00001b82      0x254 ../testled_bsp/\libhal_bsp.a(alt_dev.o)
 .debug_line    0x00001dd6      0x25a ../testled_bsp/\libhal_bsp.a(alt_dev_llist_insert.o)
 .debug_line    0x00002030      0x1aa ../testled_bsp/\libhal_bsp.a(alt_errno.o)
 .debug_line    0x000021da      0x2c8 ../testled_bsp/\libhal_bsp.a(alt_iic.o)
 .debug_line    0x000024a2      0x249 ../testled_bsp/\libhal_bsp.a(alt_iic_isr_register.o)
 .debug_line    0x000026eb      0x2b4 ../testled_bsp/\libhal_bsp.a(alt_io_redirect.o)
 .debug_line    0x0000299f       0x6b ../testled_bsp/\libhal_bsp.a(alt_irq_entry.o)
 .debug_line    0x00002a0a      0x248 ../testled_bsp/\libhal_bsp.a(alt_irq_handler.o)
 .debug_line    0x00002c52       0x72 ../testled_bsp/\libhal_bsp.a(alt_irq_vars.o)
 .debug_line    0x00002cc4      0x2ff ../testled_bsp/\libhal_bsp.a(alt_open.o)
 .debug_line    0x00002fc3       0xed ../testled_bsp/\libhal_bsp.a(alt_release_fd.o)
 .debug_line    0x000030b0      0x2dc ../testled_bsp/\libhal_bsp.a(alt_tick.o)
 .debug_line    0x0000338c      0x1ce ../testled_bsp/\libhal_bsp.a(altera_nios2_qsys_irq.o)
 .debug_line    0x0000355a       0xab ../testled_bsp/\libhal_bsp.a(alt_exception_entry.o)
 .debug_line    0x00003605      0x26b ../testled_bsp/\libhal_bsp.a(alt_find_dev.o)
 .debug_line    0x00003870      0x27c ../testled_bsp/\libhal_bsp.a(alt_find_file.o)
 .debug_line    0x00003aec      0x297 ../testled_bsp/\libhal_bsp.a(alt_get_fd.o)
 .debug_line    0x00003d83      0x1df d:/altera/13.0sp1/nios2eds/bin/gnu/h-i686-mingw32/bin/../lib/gcc/nios2-elf/4.1.2/../../../../nios2-elf/lib\libsmallc.a(lib_a-int_errno.o)
 .debug_line    0x00003f62      0x26d d:/altera/13.0sp1/nios2eds/bin/gnu/h-i686-mingw32/bin/../lib/gcc/nios2-elf/4.1.2/../../../../nios2-elf/lib\libsmallc.a(lib_a-memcmp.o)
 .debug_line    0x000041cf      0x24d d:/altera/13.0sp1/nios2eds/bin/gnu/h-i686-mingw32/bin/../lib/gcc/nios2-elf/4.1.2/../../../../nios2-elf/lib\libsmallc.a(lib_a-strlen.o)

.debug_frame    0x00000000      0x5d8
 *(.debug_frame)
 .debug_frame   0x00000000       0x2c obj/default/hello_world.o
 .debug_frame   0x0000002c       0x2c ../testled_bsp/\libhal_bsp.a(alt_main.o)
 .debug_frame   0x00000058       0x64 ../testled_bsp/\libhal_bsp.a(alt_sys_init.o)
 .debug_frame   0x000000bc       0x48 ../testled_bsp/\libhal_bsp.a(altera_avalon_jtag_uart_fd.o)
 .debug_frame   0x00000104       0x2c ../testled_bsp/\libhal_bsp.a(altera_avalon_jtag_uart_read.o)
 .debug_frame   0x00000130       0x2c ../testled_bsp/\libhal_bsp.a(altera_avalon_jtag_uart_write.o)
 .debug_frame   0x0000015c       0x48 ../testled_bsp/\libhal_bsp.a(altera_avalon_timer_sc.o)
 .debug_frame   0x000001a4       0x48 ../testled_bsp/\libhal_bsp.a(altera_avalon_uart_fd.o)
 .debug_frame   0x000001ec       0x48 ../testled_bsp/\libhal_bsp.a(altera_avalon_uart_read.o)
 .debug_frame   0x00000234       0x48 ../testled_bsp/\libhal_bsp.a(altera_avalon_uart_write.o)
 .debug_frame   0x0000027c       0x2c ../testled_bsp/\libhal_bsp.a(alt_dev.o)
 .debug_frame   0x000002a8       0x48 ../testled_bsp/\libhal_bsp.a(alt_dev_llist_insert.o)
 .debug_frame   0x000002f0       0x80 ../testled_bsp/\libhal_bsp.a(alt_iic.o)
 .debug_frame   0x00000370       0x2c ../testled_bsp/\libhal_bsp.a(alt_iic_isr_register.o)
 .debug_frame   0x0000039c       0x48 ../testled_bsp/\libhal_bsp.a(alt_io_redirect.o)
 .debug_frame   0x000003e4       0x2c ../testled_bsp/\libhal_bsp.a(alt_irq_handler.o)
 .debug_frame   0x00000410       0x64 ../testled_bsp/\libhal_bsp.a(alt_open.o)
 .debug_frame   0x00000474       0x2c ../testled_bsp/\libhal_bsp.a(alt_release_fd.o)
 .debug_frame   0x000004a0       0x48 ../testled_bsp/\libhal_bsp.a(alt_tick.o)
 .debug_frame   0x000004e8       0x2c ../testled_bsp/\libhal_bsp.a(altera_nios2_qsys_irq.o)
 .debug_frame   0x00000514       0x2c ../testled_bsp/\libhal_bsp.a(alt_find_dev.o)
 .debug_frame   0x00000540       0x2c ../testled_bsp/\libhal_bsp.a(alt_find_file.o)
 .debug_frame   0x0000056c       0x2c ../testled_bsp/\libhal_bsp.a(alt_get_fd.o)
 .debug_frame   0x00000598       0x20 d:/altera/13.0sp1/nios2eds/bin/gnu/h-i686-mingw32/bin/../lib/gcc/nios2-elf/4.1.2/../../../../nios2-elf/lib\libsmallc.a(lib_a-memcmp.o)
 .debug_frame   0x000005b8       0x20 d:/altera/13.0sp1/nios2eds/bin/gnu/h-i686-mingw32/bin/../lib/gcc/nios2-elf/4.1.2/../../../../nios2-elf/lib\libsmallc.a(lib_a-strlen.o)

.debug_str      0x00000000      0x3f5
 *(.debug_str)
 .debug_str     0x00000000       0x12 obj/default/hello_world.o
 .debug_str     0x00000012       0x12 ../testled_bsp/\libhal_bsp.a(alt_main.o)
 .debug_str     0x00000024       0x12 ../testled_bsp/\libhal_bsp.a(alt_sys_init.o)
 .debug_str     0x00000036       0x12 ../testled_bsp/\libhal_bsp.a(altera_avalon_jtag_uart_read.o)
 .debug_str     0x00000048       0x12 ../testled_bsp/\libhal_bsp.a(altera_avalon_jtag_uart_write.o)
 .debug_str     0x0000005a       0x12 ../testled_bsp/\libhal_bsp.a(altera_avalon_timer_sc.o)
 .debug_str     0x0000006c       0x12 ../testled_bsp/\libhal_bsp.a(altera_avalon_uart_fd.o)
 .debug_str     0x0000007e       0x12 ../testled_bsp/\libhal_bsp.a(altera_avalon_uart_read.o)
 .debug_str     0x00000090       0x12 ../testled_bsp/\libhal_bsp.a(altera_avalon_uart_write.o)
 .debug_str     0x000000a2       0x12 ../testled_bsp/\libhal_bsp.a(alt_dev.o)
 .debug_str     0x000000b4       0x12 ../testled_bsp/\libhal_bsp.a(alt_dev_llist_insert.o)
 .debug_str     0x000000c6       0x12 ../testled_bsp/\libhal_bsp.a(alt_errno.o)
 .debug_str     0x000000d8       0x18 ../testled_bsp/\libhal_bsp.a(alt_iic.o)
 .debug_str     0x000000f0       0x1a ../testled_bsp/\libhal_bsp.a(alt_iic_isr_register.o)
 .debug_str     0x0000010a       0x12 ../testled_bsp/\libhal_bsp.a(alt_io_redirect.o)
 .debug_str     0x0000011c       0x12 ../testled_bsp/\libhal_bsp.a(alt_irq_handler.o)
 .debug_str     0x0000012e       0x12 ../testled_bsp/\libhal_bsp.a(alt_open.o)
 .debug_str     0x00000140       0x1a ../testled_bsp/\libhal_bsp.a(alt_tick.o)
 .debug_str     0x0000015a       0x12 ../testled_bsp/\libhal_bsp.a(altera_nios2_qsys_irq.o)
 .debug_str     0x0000016c       0x12 ../testled_bsp/\libhal_bsp.a(alt_find_dev.o)
 .debug_str     0x0000017e       0x12 ../testled_bsp/\libhal_bsp.a(alt_find_file.o)
 .debug_str     0x00000190       0x12 ../testled_bsp/\libhal_bsp.a(alt_get_fd.o)
 .debug_str     0x000001a2      0x130 d:/altera/13.0sp1/nios2eds/bin/gnu/h-i686-mingw32/bin/../lib/gcc/nios2-elf/4.1.2/../../../../nios2-elf/lib\libsmallc.a(lib_a-int_errno.o)
                                0x169 (size before relaxing)
 .debug_str     0x000002d2       0xdb d:/altera/13.0sp1/nios2eds/bin/gnu/h-i686-mingw32/bin/../lib/gcc/nios2-elf/4.1.2/../../../../nios2-elf/lib\libsmallc.a(lib_a-memcmp.o)
                                0x170 (size before relaxing)
 .debug_str     0x000003ad       0x48 d:/altera/13.0sp1/nios2eds/bin/gnu/h-i686-mingw32/bin/../lib/gcc/nios2-elf/4.1.2/../../../../nios2-elf/lib\libsmallc.a(lib_a-strlen.o)
                                0x176 (size before relaxing)

.debug_loc      0x00000000      0x6f0
 *(.debug_loc)
 .debug_loc     0x00000000       0x2b obj/default/hello_world.o
 .debug_loc     0x0000002b       0x2b ../testled_bsp/\libhal_bsp.a(alt_main.o)
 .debug_loc     0x00000056       0x81 ../testled_bsp/\libhal_bsp.a(alt_sys_init.o)
 .debug_loc     0x000000d7       0x56 ../testled_bsp/\libhal_bsp.a(altera_avalon_jtag_uart_fd.o)
 .debug_loc     0x0000012d       0x2b ../testled_bsp/\libhal_bsp.a(altera_avalon_jtag_uart_read.o)
 .debug_loc     0x00000158       0x2b ../testled_bsp/\libhal_bsp.a(altera_avalon_jtag_uart_write.o)
 .debug_loc     0x00000183       0x56 ../testled_bsp/\libhal_bsp.a(altera_avalon_timer_sc.o)
 .debug_loc     0x000001d9       0x56 ../testled_bsp/\libhal_bsp.a(altera_avalon_uart_fd.o)
 .debug_loc     0x0000022f       0x56 ../testled_bsp/\libhal_bsp.a(altera_avalon_uart_read.o)
 .debug_loc     0x00000285       0x56 ../testled_bsp/\libhal_bsp.a(altera_avalon_uart_write.o)
 .debug_loc     0x000002db       0x2b ../testled_bsp/\libhal_bsp.a(alt_dev.o)
 .debug_loc     0x00000306       0x56 ../testled_bsp/\libhal_bsp.a(alt_dev_llist_insert.o)
 .debug_loc     0x0000035c       0xac ../testled_bsp/\libhal_bsp.a(alt_iic.o)
 .debug_loc     0x00000408       0x2b ../testled_bsp/\libhal_bsp.a(alt_iic_isr_register.o)
 .debug_loc     0x00000433       0x56 ../testled_bsp/\libhal_bsp.a(alt_io_redirect.o)
 .debug_loc     0x00000489       0x2b ../testled_bsp/\libhal_bsp.a(alt_irq_handler.o)
 .debug_loc     0x000004b4       0x81 ../testled_bsp/\libhal_bsp.a(alt_open.o)
 .debug_loc     0x00000535       0x2b ../testled_bsp/\libhal_bsp.a(alt_release_fd.o)
 .debug_loc     0x00000560       0x56 ../testled_bsp/\libhal_bsp.a(alt_tick.o)
 .debug_loc     0x000005b6       0x2b ../testled_bsp/\libhal_bsp.a(altera_nios2_qsys_irq.o)
 .debug_loc     0x000005e1       0x2b ../testled_bsp/\libhal_bsp.a(alt_find_dev.o)
 .debug_loc     0x0000060c       0x2b ../testled_bsp/\libhal_bsp.a(alt_find_file.o)
 .debug_loc     0x00000637       0x2b ../testled_bsp/\libhal_bsp.a(alt_get_fd.o)
 .debug_loc     0x00000662       0x70 d:/altera/13.0sp1/nios2eds/bin/gnu/h-i686-mingw32/bin/../lib/gcc/nios2-elf/4.1.2/../../../../nios2-elf/lib\libsmallc.a(lib_a-memcmp.o)
 .debug_loc     0x000006d2       0x1e d:/altera/13.0sp1/nios2eds/bin/gnu/h-i686-mingw32/bin/../lib/gcc/nios2-elf/4.1.2/../../../../nios2-elf/lib\libsmallc.a(lib_a-strlen.o)

.debug_macinfo
 *(.debug_macinfo)

.debug_weaknames
 *(.debug_weaknames)

.debug_funcnames
 *(.debug_funcnames)

.debug_typenames
 *(.debug_typenames)

.debug_varnames
 *(.debug_varnames)

.debug_alt_sim_info
                0x00000000       0x30
 *(.debug_alt_sim_info)
 .debug_alt_sim_info
                0x00000000       0x30 ../testled_bsp//obj/HAL/src/crt0.o
                0x01000000                __alt_data_end = 0x1000000
                0x01000000                PROVIDE (__alt_stack_pointer, __alt_data_end)
                0x00801a34                PROVIDE (__alt_stack_limit, __alt_stack_base)
                0x00801a34                PROVIDE (__alt_heap_start, end)
                0x01000000                PROVIDE (__alt_heap_limit, 0x1000000)
OUTPUT(testled.elf elf32-littlenios2)

.debug_ranges   0x00000000       0x78
 .debug_ranges  0x00000000       0x20 ../testled_bsp//obj/HAL/src/crt0.o
 .debug_ranges  0x00000020       0x28 ../testled_bsp/\libhal_bsp.a(alt_irq_entry.o)
 .debug_ranges  0x00000048       0x30 ../testled_bsp/\libhal_bsp.a(alt_exception_entry.o)
