Archive member included because of file (symbol)

c:/altera/13.0sp1/nios2eds/bin/gnu/h-i686-mingw32/bin/../lib/gcc/nios2-elf/4.1.2/../../../../nios2-elf/lib\libc.a(lib_a-printf.o)
                              obj/default/hello_world.o (printf)
c:/altera/13.0sp1/nios2eds/bin/gnu/h-i686-mingw32/bin/../lib/gcc/nios2-elf/4.1.2/../../../../nios2-elf/lib\libc.a(lib_a-puts.o)
                              obj/default/hello_world.o (puts)
c:/altera/13.0sp1/nios2eds/bin/gnu/h-i686-mingw32/bin/../lib/gcc/nios2-elf/4.1.2/../../../../nios2-elf/lib\libc.a(lib_a-strlen.o)
                              c:/altera/13.0sp1/nios2eds/bin/gnu/h-i686-mingw32/bin/../lib/gcc/nios2-elf/4.1.2/../../../../nios2-elf/lib\libc.a(lib_a-puts.o) (strlen)
c:/altera/13.0sp1/nios2eds/bin/gnu/h-i686-mingw32/bin/../lib/gcc/nios2-elf/4.1.2/../../../../nios2-elf/lib\libc.a(lib_a-vfprintf.o)
                              c:/altera/13.0sp1/nios2eds/bin/gnu/h-i686-mingw32/bin/../lib/gcc/nios2-elf/4.1.2/../../../../nios2-elf/lib\libc.a(lib_a-printf.o) (___vfprintf_internal_r)
c:/altera/13.0sp1/nios2eds/bin/gnu/h-i686-mingw32/bin/../lib/gcc/nios2-elf/4.1.2/../../../../nios2-elf/lib\libc.a(lib_a-wsetup.o)
                              c:/altera/13.0sp1/nios2eds/bin/gnu/h-i686-mingw32/bin/../lib/gcc/nios2-elf/4.1.2/../../../../nios2-elf/lib\libc.a(lib_a-vfprintf.o) (__swsetup_r)
c:/altera/13.0sp1/nios2eds/bin/gnu/h-i686-mingw32/bin/../lib/gcc/nios2-elf/4.1.2/../../../../nios2-elf/lib\libc.a(lib_a-dtoa.o)
                              c:/altera/13.0sp1/nios2eds/bin/gnu/h-i686-mingw32/bin/../lib/gcc/nios2-elf/4.1.2/../../../../nios2-elf/lib\libc.a(lib_a-vfprintf.o) (_dtoa_r)
c:/altera/13.0sp1/nios2eds/bin/gnu/h-i686-mingw32/bin/../lib/gcc/nios2-elf/4.1.2/../../../../nios2-elf/lib\libc.a(lib_a-fflush.o)
                              c:/altera/13.0sp1/nios2eds/bin/gnu/h-i686-mingw32/bin/../lib/gcc/nios2-elf/4.1.2/../../../../nios2-elf/lib\libc.a(lib_a-vfprintf.o) (_fflush_r)
c:/altera/13.0sp1/nios2eds/bin/gnu/h-i686-mingw32/bin/../lib/gcc/nios2-elf/4.1.2/../../../../nios2-elf/lib\libc.a(lib_a-findfp.o)
                              c:/altera/13.0sp1/nios2eds/bin/gnu/h-i686-mingw32/bin/../lib/gcc/nios2-elf/4.1.2/../../../../nios2-elf/lib\libc.a(lib_a-vfprintf.o) (__sinit)
c:/altera/13.0sp1/nios2eds/bin/gnu/h-i686-mingw32/bin/../lib/gcc/nios2-elf/4.1.2/../../../../nios2-elf/lib\libc.a(lib_a-freer.o)
                              c:/altera/13.0sp1/nios2eds/bin/gnu/h-i686-mingw32/bin/../lib/gcc/nios2-elf/4.1.2/../../../../nios2-elf/lib\libc.a(lib_a-wsetup.o) (_free_r)
c:/altera/13.0sp1/nios2eds/bin/gnu/h-i686-mingw32/bin/../lib/gcc/nios2-elf/4.1.2/../../../../nios2-elf/lib\libc.a(lib_a-fvwrite.o)
                              c:/altera/13.0sp1/nios2eds/bin/gnu/h-i686-mingw32/bin/../lib/gcc/nios2-elf/4.1.2/../../../../nios2-elf/lib\libc.a(lib_a-puts.o) (__sfvwrite_r)
c:/altera/13.0sp1/nios2eds/bin/gnu/h-i686-mingw32/bin/../lib/gcc/nios2-elf/4.1.2/../../../../nios2-elf/lib\libc.a(lib_a-fwalk.o)
                              c:/altera/13.0sp1/nios2eds/bin/gnu/h-i686-mingw32/bin/../lib/gcc/nios2-elf/4.1.2/../../../../nios2-elf/lib\libc.a(lib_a-fflush.o) (_fwalk_reent)
c:/altera/13.0sp1/nios2eds/bin/gnu/h-i686-mingw32/bin/../lib/gcc/nios2-elf/4.1.2/../../../../nios2-elf/lib\libc.a(lib_a-impure.o)
                              c:/altera/13.0sp1/nios2eds/bin/gnu/h-i686-mingw32/bin/../lib/gcc/nios2-elf/4.1.2/../../../../nios2-elf/lib\libc.a(lib_a-printf.o) (_impure_ptr)
c:/altera/13.0sp1/nios2eds/bin/gnu/h-i686-mingw32/bin/../lib/gcc/nios2-elf/4.1.2/../../../../nios2-elf/lib\libc.a(lib_a-locale.o)
                              c:/altera/13.0sp1/nios2eds/bin/gnu/h-i686-mingw32/bin/../lib/gcc/nios2-elf/4.1.2/../../../../nios2-elf/lib\libc.a(lib_a-vfprintf.o) (_localeconv_r)
c:/altera/13.0sp1/nios2eds/bin/gnu/h-i686-mingw32/bin/../lib/gcc/nios2-elf/4.1.2/../../../../nios2-elf/lib\libc.a(lib_a-makebuf.o)
                              c:/altera/13.0sp1/nios2eds/bin/gnu/h-i686-mingw32/bin/../lib/gcc/nios2-elf/4.1.2/../../../../nios2-elf/lib\libc.a(lib_a-wsetup.o) (__smakebuf_r)
c:/altera/13.0sp1/nios2eds/bin/gnu/h-i686-mingw32/bin/../lib/gcc/nios2-elf/4.1.2/../../../../nios2-elf/lib\libc.a(lib_a-mallocr.o)
                              c:/altera/13.0sp1/nios2eds/bin/gnu/h-i686-mingw32/bin/../lib/gcc/nios2-elf/4.1.2/../../../../nios2-elf/lib\libc.a(lib_a-findfp.o) (_malloc_r)
c:/altera/13.0sp1/nios2eds/bin/gnu/h-i686-mingw32/bin/../lib/gcc/nios2-elf/4.1.2/../../../../nios2-elf/lib\libc.a(lib_a-memchr.o)
                              c:/altera/13.0sp1/nios2eds/bin/gnu/h-i686-mingw32/bin/../lib/gcc/nios2-elf/4.1.2/../../../../nios2-elf/lib\libc.a(lib_a-vfprintf.o) (memchr)
c:/altera/13.0sp1/nios2eds/bin/gnu/h-i686-mingw32/bin/../lib/gcc/nios2-elf/4.1.2/../../../../nios2-elf/lib\libc.a(lib_a-memcpy.o)
                              c:/altera/13.0sp1/nios2eds/bin/gnu/h-i686-mingw32/bin/../lib/gcc/nios2-elf/4.1.2/../../../../nios2-elf/lib\libc.a(lib_a-dtoa.o) (memcpy)
[...]
Memory Configuration

Name             Origin             Length             Attributes
sdram_0_BEFORE_EXCEPTION 0x00800000         0x00000020
sdram_0          0x00800020         0x007fffe0
reset            0x01400000         0x00000020
cfi_flash_0      0x01400020         0x003fffe0
sram_0           0x01a00000         0x00080000
epcs_controller  0x01a81800         0x00000800
*default*        0x00000000         0xffffffff

Linker script and memory map

LOAD ../proj_fim_bsp//obj/HAL/src/crt0.o
LOAD obj/default/hello_world.o
LOAD c:/altera/13.0sp1/nios2eds/bin/gnu/h-i686-mingw32/bin/../lib/gcc/nios2-elf/4.1.2/../../../../nios2-elf/lib\libstdc++.a
LOAD c:/altera/13.0sp1/nios2eds/bin/gnu/h-i686-mingw32/bin/../lib/gcc/nios2-elf/4.1.2/../../../../nios2-elf/lib\libm.a
LOAD c:/altera/13.0sp1/nios2eds/bin/gnu/h-i686-mingw32/bin/../lib/gcc/nios2-elf/4.1.2\libgcc.a
START GROUP
LOAD c:/altera/13.0sp1/nios2eds/bin/gnu/h-i686-mingw32/bin/../lib/gcc/nios2-elf/4.1.2/../../../../nios2-elf/lib\libc.a
LOAD c:/altera/13.0sp1/nios2eds/bin/gnu/h-i686-mingw32/bin/../lib/gcc/nios2-elf/4.1.2\libgcc.a
LOAD ../proj_fim_bsp/\libhal_bsp.a
END GROUP
LOAD c:/altera/13.0sp1/nios2eds/bin/gnu/h-i686-mingw32/bin/../lib/gcc/nios2-elf/4.1.2\libgcc.a
                0x00800000                __alt_mem_sdram_0 = 0x800000
                0x01400000                __alt_mem_cfi_flash_0 = 0x1400000
                0x01a00000                __alt_mem_sram_0 = 0x1a00000
                0x01a81800                __alt_mem_epcs_controller = 0x1a81800

.entry          0x01400000        0x0
 *(.entry)
 .entry         0x01400000        0x0 ../proj_fim_bsp//obj/HAL/src/crt0.o
                0x01400000                __reset

.exceptions     0x00800020      0x194
                0x00800020                PROVIDE (__ram_exceptions_start, ABSOLUTE (.))
                0x00800020                . = ALIGN (0x20)
 *(.irq)
 *(.exceptions.entry.label)
 .exceptions.entry.label
                0x00800020        0x0 ../proj_fim_bsp/\libhal_bsp.a(alt_irq_entry.o)
                0x00800020                alt_irq_entry
 .exceptions.entry.label
                0x00800020        0x0 ../proj_fim_bsp/\libhal_bsp.a(alt_exception_entry.o)
                0x00800020                alt_exception
 *(.exceptions.entry.user)
 *(.exceptions.entry)
 .exceptions.entry
                0x00800020       0x54 ../proj_fim_bsp/\libhal_bsp.a(alt_exception_entry.o)
 *(.exceptions.irqtest.user)
 *(.exceptions.irqtest)
 .exceptions.irqtest
                0x00800074       0x10 ../proj_fim_bsp/\libhal_bsp.a(alt_irq_entry.o)
 *(.exceptions.irqhandler.user)
 *(.exceptions.irqhandler)
 .exceptions.irqhandler
                0x00800084        0x4 ../proj_fim_bsp/\libhal_bsp.a(alt_irq_entry.o)
 *(.exceptions.irqreturn.user)
 *(.exceptions.irqreturn)
 .exceptions.irqreturn
                0x00800088        0x4 ../proj_fim_bsp/\libhal_bsp.a(alt_irq_entry.o)
 *(.exceptions.notirq.label)
 .exceptions.notirq.label
                0x0080008c        0x0 ../proj_fim_bsp/\libhal_bsp.a(alt_irq_entry.o)
 *(.exceptions.notirq.user)
 *(.exceptions.notirq)
 .exceptions.notirq
                0x0080008c        0x8 ../proj_fim_bsp/\libhal_bsp.a(alt_exception_entry.o)
 *(.exceptions.soft.user)
 *(.exceptions.soft)
 *(.exceptions.unknown.user)
 *(.exceptions.unknown)
 .exceptions.unknown
                0x00800094        0x4 ../proj_fim_bsp/\libhal_bsp.a(alt_exception_entry.o)
 *(.exceptions.exit.label)
 .exceptions.exit.label
                0x00800098        0x0 ../proj_fim_bsp/\libhal_bsp.a(alt_irq_entry.o)
 .exceptions.exit.label
                0x00800098        0x0 ../proj_fim_bsp/\libhal_bsp.a(alt_exception_entry.o)
 *(.exceptions.exit.user)
 *(.exceptions.exit)
 .exceptions.exit
                0x00800098       0x54 ../proj_fim_bsp/\libhal_bsp.a(alt_exception_entry.o)
 *(.exceptions)
 .exceptions    0x008000ec       0xc8 ../proj_fim_bsp/\libhal_bsp.a(alt_irq_handler.o)
                0x008000ec                alt_irq_handler
                0x008001b4                PROVIDE (__ram_exceptions_end, ABSOLUTE (.))
                0x00800020                PROVIDE (__flash_exceptions_start, LOADADDR (.exceptions))

.text           0x008001b4    0x11678
                0x008001b4                PROVIDE (stext, ABSOLUTE (.))
 *(.interp)
 *(.hash)
 *(.dynsym)
 *(.dynstr)
 *(.gnu.version)
 *(.gnu.version_d)
 *(.gnu.version_r)
 *(.rel.init)
 *(.rela.init)
 *(.rel.text .rel.text.* .rel.gnu.linkonce.t.*)
 *(.rela.text .rela.text.* .rela.gnu.linkonce.t.*)
 *(.rel.fini)
 *(.rela.fini)
 *(.rel.rodata .rel.rodata.* .rel.gnu.linkonce.r.*)
 *(.rela.rodata .rela.rodata.* .rela.gnu.linkonce.r.*)
 *(.rel.data .rel.data.* .rel.gnu.linkonce.d.*)
 *(.rela.data .rela.data.* .rela.gnu.linkonce.d.*)
 *(.rel.tdata .rel.tdata.* .rel.gnu.linkonce.td.*)
 *(.rela.tdata .rela.tdata.* .rela.gnu.linkonce.td.*)
 *(.rel.tbss .rel.tbss.* .rel.gnu.linkonce.tb.*)
 *(.rela.tbss .rela.tbss.* .rela.gnu.linkonce.tb.*)
 *(.rel.ctors)
 *(.rela.ctors)
 *(.rel.dtors)
 *(.rela.dtors)
 *(.rel.got)
 *(.rela.got)
 *(.rel.sdata .rel.sdata.* .rel.gnu.linkonce.s.*)
 *(.rela.sdata .rela.sdata.* .rela.gnu.linkonce.s.*)
 *(.rel.sbss .rel.sbss.* .rel.gnu.linkonce.sb.*)
 *(.rela.sbss .rela.sbss.* .rela.gnu.linkonce.sb.*)
 *(.rel.sdata2 .rel.sdata2.* .rel.gnu.linkonce.s2.*)
 *(.rela.sdata2 .rela.sdata2.* .rela.gnu.linkonce.s2.*)
 *(.rel.sbss2 .rel.sbss2.* .rel.gnu.linkonce.sb2.*)
 *(.rela.sbss2 .rela.sbss2.* .rela.gnu.linkonce.sb2.*)
 *(.rel.bss .rel.bss.* .rel.gnu.linkonce.b.*)
 *(.rela.bss .rela.bss.* .rela.gnu.linkonce.b.*)
 *(.rel.plt)
 *(.rela.plt)
 *(.rel.dyn)
 *(.init)
 *(.plt)
 *(.text .stub .text.* .gnu.linkonce.t.*)
 .text          0x008001b4       0x48 ../proj_fim_bsp//obj/HAL/src/crt0.o
                0x008001b4                _start
 .text          0x008001fc      0x128 obj/default/hello_world.o
                0x008001fc                main
 .text          0x00800324       0x78 c:/altera/13.0sp1/nios2eds/bin/gnu/h-i686-mingw32/bin/../lib/gcc/nios2-elf/4.1.2/../../../../nios2-elf/lib\libc.a(lib_a-printf.o)
                0x00800324                printf
                0x00800368                _printf_r
 .text          0x0080039c       0xb4 c:/altera/13.0sp1/nios2eds/bin/gnu/h-i686-mingw32/bin/../lib/gcc/nios2-elf/4.1.2/../../../../nios2-elf/lib\libc.a(lib_a-puts.o)
                0x0080039c                _puts_r
                0x0080043c                puts
 .text          0x00800450       0x74 c:/altera/13.0sp1/nios2eds/bin/gnu/h-i686-mingw32/bin/../lib/gcc/nios2-elf/4.1.2/../../../../nios2-elf/lib\libc.a(lib_a-strlen.o)
                0x00800450                strlen
 .text          0x008004c4     0x1f28 c:/altera/13.0sp1/nios2eds/bin/gnu/h-i686-mingw32/bin/../lib/gcc/nios2-elf/4.1.2/../../../../nios2-elf/lib\libc.a(lib_a-vfprintf.o)
                0x0080051c                ___vfprintf_internal_r
                0x008023c8                __vfprintf_internal
 .text          0x008023ec      0x13c c:/altera/13.0sp1/nios2eds/bin/gnu/h-i686-mingw32/bin/../lib/gcc/nios2-elf/4.1.2/../../../../nios2-elf/lib\libc.a(lib_a-wsetup.o)
                0x008023ec                __swsetup_r
 .text          0x00802528     0x17cc c:/altera/13.0sp1/nios2eds/bin/gnu/h-i686-mingw32/bin/../lib/gcc/nios2-elf/4.1.2/../../../../nios2-elf/lib\libc.a(lib_a-dtoa.o)
                0x00802740                _dtoa_r
 .text          0x00803cf4      0x230 c:/altera/13.0sp1/nios2eds/bin/gnu/h-i686-mingw32/bin/../lib/gcc/nios2-elf/4.1.2/../../../../nios2-elf/lib\libc.a(lib_a-fflush.o)
                0x00803cf4                _fflush_r
                0x00803ef0                fflush
 .text          0x00803f24      0x2c0 c:/altera/13.0sp1/nios2eds/bin/gnu/h-i686-mingw32/bin/../lib/gcc/nios2-elf/4.1.2/../../../../nios2-elf/lib\libc.a(lib_a-findfp.o)
                0x00803f7c                __sfp_lock_acquire
                0x00803f80                __sfp_lock_release
                0x00803f84                __sinit_lock_acquire
                0x00803f88                __sinit_lock_release
                0x00803f8c                __sinit
                0x00804040                __fp_unlock_all
                0x00804058                __fp_lock_all
                0x00804070                _cleanup_r
                0x0080407c                _cleanup
                0x0080408c                __sfmoreglue
                0x008040f4                __sfp
 .text          0x008041e4      0x440 c:/altera/13.0sp1/nios2eds/bin/gnu/h-i686-mingw32/bin/../lib/gcc/nios2-elf/4.1.2/../../../../nios2-elf/lib\libc.a(lib_a-freer.o)
                0x008041e4                _malloc_trim_r
                0x00804310                _free_r
 .text          0x00804624      0x49c c:/altera/13.0sp1/nios2eds/bin/gnu/h-i686-mingw32/bin/../lib/gcc/nios2-elf/4.1.2/../../../../nios2-elf/lib\libc.a(lib_a-fvwrite.o)
                0x00804624                __sfvwrite_r
 .text          0x00804ac0      0x180 c:/altera/13.0sp1/nios2eds/bin/gnu/h-i686-mingw32/bin/../lib/gcc/nios2-elf/4.1.2/../../../../nios2-elf/lib\libc.a(lib_a-fwalk.o)
                0x00804ac0                _fwalk_reent
                0x00804b88                _fwalk
 .text          0x00804c40        0x0 c:/altera/13.0sp1/nios2eds/bin/gnu/h-i686-mingw32/bin/../lib/gcc/nios2-elf/4.1.2/../../../../nios2-elf/lib\libc.a(lib_a-impure.o)
 .text          0x00804c40       0xc4 c:/altera/13.0sp1/nios2eds/bin/gnu/h-i686-mingw32/bin/../lib/gcc/nios2-elf/4.1.2/../../../../nios2-elf/lib\libc.a(lib_a-locale.o)
                0x00804c40                __locale_charset
                0x00804c48                _localeconv_r
                0x00804c54                localeconv
                0x00804c64                _setlocale_r
                0x00804ce8                setlocale
 .text          0x00804d04      0x194 c:/altera/13.0sp1/nios2eds/bin/gnu/h-i686-mingw32/bin/../lib/gcc/nios2-elf/4.1.2/../../../../nios2-elf/lib\libc.a(lib_a-makebuf.o)
                0x00804d04                __smakebuf_r
 .text          0x00804e98      0x740 c:/altera/13.0sp1/nios2eds/bin/gnu/h-i686-mingw32/bin/../lib/gcc/nios2-elf/4.1.2/../../../../nios2-elf/lib\libc.a(lib_a-mallocr.o)
                0x00804e98                _malloc_r
 .text          0x008055d8       0xe4 c:/altera/13.0sp1/nios2eds/bin/gnu/h-i686-mingw32/bin/../lib/gcc/nios2-elf/4.1.2/../../../../nios2-elf/lib\libc.a(lib_a-memchr.o)
                0x008055d8                memchr
 .text          0x008056bc       0xa0 c:/altera/13.0sp1/nios2eds/bin/gnu/h-i686-mingw32/bin/../lib/gcc/nios2-elf/4.1.2/../../../../nios2-elf/lib\libc.a(lib_a-memcpy.o)
                0x008056bc                memcpy
 .text          0x0080575c       0xe0 c:/altera/13.0sp1/nios2eds/bin/gnu/h-i686-mingw32/bin/../lib/gcc/nios2-elf/4.1.2/../../../../nios2-elf/lib\libc.a(lib_a-memmove.o)
                0x0080575c                memmove
 .text          0x0080583c       0x98 c:/altera/13.0sp1/nios2eds/bin/gnu/h-i686-mingw32/bin/../lib/gcc/nios2-elf/4.1.2/../../../../nios2-elf/lib\libc.a(lib_a-memset.o)
                0x0080583c                memset
 .text          0x008058d4      0xff4 c:/altera/13.0sp1/nios2eds/bin/gnu/h-i686-mingw32/bin/../lib/gcc/nios2-elf/4.1.2/../../../../nios2-elf/lib\libc.a(lib_a-mprec.o)
                0x008058d4                _Bfree
                0x008058fc                __hi0bits
                0x0080596c                __lo0bits
                0x00805a30                __mcmp
                0x00805a90                __ulp
                0x00805b10                __b2d
                0x00805c30                __ratio
                0x00805ce0                _mprec_log10
                0x00805d74                __copybits
                0x00805dcc                __any_on
                0x00805e54                _Balloc
                0x00805f10                __d2b
                0x0080608c                __mdiff
                0x00806218                __lshift
                0x00806364                __multiply
                0x0080654c                __i2b
                0x00806588                __multadd
                0x00806688                __pow5mult
                0x008067a8                __s2b
 .text          0x008068c8      0x5f4 c:/altera/13.0sp1/nios2eds/bin/gnu/h-i686-mingw32/bin/../lib/gcc/nios2-elf/4.1.2/../../../../nios2-elf/lib\libc.a(lib_a-reallocr.o)
                0x008068c8                _realloc_r
 .text          0x00806ebc       0x40 c:/altera/13.0sp1/nios2eds/bin/gnu/h-i686-mingw32/bin/../lib/gcc/nios2-elf/4.1.2/../../../../nios2-elf/lib\libc.a(lib_a-s_isinfd.o)
                0x00806ebc                __isinfd
 .text          0x00806efc       0x30 c:/altera/13.0sp1/nios2eds/bin/gnu/h-i686-mingw32/bin/../lib/gcc/nios2-elf/4.1.2/../../../../nios2-elf/lib\libc.a(lib_a-s_isnand.o)
                0x00806efc                __isnand
 .text          0x00806f2c       0x70 c:/altera/13.0sp1/nios2eds/bin/gnu/h-i686-mingw32/bin/../lib/gcc/nios2-elf/4.1.2/../../../../nios2-elf/lib\libc.a(lib_a-sbrkr.o)
                0x00806f2c                _sbrk_r
 .text          0x00806f9c      0x14c c:/altera/13.0sp1/nios2eds/bin/gnu/h-i686-mingw32/bin/../lib/gcc/nios2-elf/4.1.2/../../../../nios2-elf/lib\libc.a(lib_a-stdio.o)
                0x00806f9c                __sclose
                0x00806fa4                __sseek
                0x0080700c                __swrite
                0x00807088                __sread
 .text          0x008070e8       0xbc c:/altera/13.0sp1/nios2eds/bin/gnu/h-i686-mingw32/bin/../lib/gcc/nios2-elf/4.1.2/../../../../nios2-elf/lib\libc.a(lib_a-strcmp.o)
                0x008070e8                strcmp
 .text          0x008071a4       0x78 c:/altera/13.0sp1/nios2eds/bin/gnu/h-i686-mingw32/bin/../lib/gcc/nios2-elf/4.1.2/../../../../nios2-elf/lib\libc.a(lib_a-writer.o)
                0x008071a4                _write_r
 .text          0x0080721c       0xb4 c:/altera/13.0sp1/nios2eds/bin/gnu/h-i686-mingw32/bin/../lib/gcc/nios2-elf/4.1.2/../../../../nios2-elf/lib\libc.a(lib_a-callocr.o)
                0x0080721c                _calloc_r
 .text          0x008072d0       0x70 c:/altera/13.0sp1/nios2eds/bin/gnu/h-i686-mingw32/bin/../lib/gcc/nios2-elf/4.1.2/../../../../nios2-elf/lib\libc.a(lib_a-closer.o)
                0x008072d0                _close_r
 .text          0x00807340      0x124 c:/altera/13.0sp1/nios2eds/bin/gnu/h-i686-mingw32/bin/../lib/gcc/nios2-elf/4.1.2/../../../../nios2-elf/lib\libc.a(lib_a-fclose.o)
                0x00807340                _fclose_r
                0x00807450                fclose
 .text          0x00807464       0x74 c:/altera/13.0sp1/nios2eds/bin/gnu/h-i686-mingw32/bin/../lib/gcc/nios2-elf/4.1.2/../../../../nios2-elf/lib\libc.a(lib_a-fstatr.o)
                0x00807464                _fstat_r
 .text          0x008074d8        0x0 c:/altera/13.0sp1/nios2eds/bin/gnu/h-i686-mingw32/bin/../lib/gcc/nios2-elf/4.1.2/../../../../nios2-elf/lib\libc.a(lib_a-int_errno.o)
 .text          0x008074d8       0x70 c:/altera/13.0sp1/nios2eds/bin/gnu/h-i686-mingw32/bin/../lib/gcc/nios2-elf/4.1.2/../../../../nios2-elf/lib\libc.a(lib_a-isattyr.o)
                0x008074d8                _isatty_r
 .text          0x00807548       0x78 c:/altera/13.0sp1/nios2eds/bin/gnu/h-i686-mingw32/bin/../lib/gcc/nios2-elf/4.1.2/../../../../nios2-elf/lib\libc.a(lib_a-lseekr.o)
                0x00807548                _lseek_r
 .text          0x008075c0       0x78 c:/altera/13.0sp1/nios2eds/bin/gnu/h-i686-mingw32/bin/../lib/gcc/nios2-elf/4.1.2/../../../../nios2-elf/lib\libc.a(lib_a-readr.o)
                0x008075c0                _read_r
 .text          0x00807638      0x5dc c:/altera/13.0sp1/nios2eds/bin/gnu/h-i686-mingw32/bin/../lib/gcc/nios2-elf/4.1.2\libgcc.a(_udivdi3.o)
                0x00807638                __udivdi3
 .text          0x00807c14      0x5b0 c:/altera/13.0sp1/nios2eds/bin/gnu/h-i686-mingw32/bin/../lib/gcc/nios2-elf/4.1.2\libgcc.a(_umoddi3.o)
                0x00807c14                __umoddi3
 .text          0x008081c4      0x504 c:/altera/13.0sp1/nios2eds/bin/gnu/h-i686-mingw32/bin/../lib/gcc/nios2-elf/4.1.2\libgcc.a(_addsub_df.o)
                0x008085d4                __subdf3
                0x00808654                __adddf3
 .text          0x008086c8      0x3c4 c:/altera/13.0sp1/nios2eds/bin/gnu/h-i686-mingw32/bin/../lib/gcc/nios2-elf/4.1.2\libgcc.a(_mul_df.o)
                0x008086c8                __muldf3
 .text          0x00808a8c      0x258 c:/altera/13.0sp1/nios2eds/bin/gnu/h-i686-mingw32/bin/../lib/gcc/nios2-elf/4.1.2\libgcc.a(_div_df.o)
                0x00808a8c                __divdf3
 .text          0x00808ce4       0x88 c:/altera/13.0sp1/nios2eds/bin/gnu/h-i686-mingw32/bin/../lib/gcc/nios2-elf/4.1.2\libgcc.a(_eq_df.o)
                0x00808ce4                __eqdf2
 .text          0x00808d6c       0x88 c:/altera/13.0sp1/nios2eds/bin/gnu/h-i686-mingw32/bin/../lib/gcc/nios2-elf/4.1.2\libgcc.a(_ne_df.o)
                0x00808d6c                __nedf2
 .text          0x00808df4       0x88 c:/altera/13.0sp1/nios2eds/bin/gnu/h-i686-mingw32/bin/../lib/gcc/nios2-elf/4.1.2\libgcc.a(_gt_df.o)
                0x00808df4                __gtdf2
 .text          0x00808e7c       0x88 c:/altera/13.0sp1/nios2eds/bin/gnu/h-i686-mingw32/bin/../lib/gcc/nios2-elf/4.1.2\libgcc.a(_ge_df.o)
                0x00808e7c                __gedf2
 .text          0x00808f04       0x88 c:/altera/13.0sp1/nios2eds/bin/gnu/h-i686-mingw32/bin/../lib/gcc/nios2-elf/4.1.2\libgcc.a(_lt_df.o)
                0x00808f04                __ltdf2
 .text          0x00808f8c       0xf8 c:/altera/13.0sp1/nios2eds/bin/gnu/h-i686-mingw32/bin/../lib/gcc/nios2-elf/4.1.2\libgcc.a(_si_to_df.o)
                0x00808f8c                __floatsidf
 .text          0x00809084       0xd8 c:/altera/13.0sp1/nios2eds/bin/gnu/h-i686-mingw32/bin/../lib/gcc/nios2-elf/4.1.2\libgcc.a(_df_to_si.o)
                0x00809084                __fixdfsi
 .text          0x0080915c        0x0 c:/altera/13.0sp1/nios2eds/bin/gnu/h-i686-mingw32/bin/../lib/gcc/nios2-elf/4.1.2\libgcc.a(_thenan_df.o)
 .text          0x0080915c      0x194 c:/altera/13.0sp1/nios2eds/bin/gnu/h-i686-mingw32/bin/../lib/gcc/nios2-elf/4.1.2\libgcc.a(_usi_to_df.o)
                0x0080915c                __floatunsidf
 .text          0x008092f0      0x14c c:/altera/13.0sp1/nios2eds/bin/gnu/h-i686-mingw32/bin/../lib/gcc/nios2-elf/4.1.2\libgcc.a(lib2-divmod.o)
                0x0080936c                __divsi3
                0x008093cc                __modsi3
                0x0080942c                __udivsi3
                0x00809434                __umodsi3
 .text          0x0080943c       0x98 c:/altera/13.0sp1/nios2eds/bin/gnu/h-i686-mingw32/bin/../lib/gcc/nios2-elf/4.1.2\libgcc.a(_muldi3.o)
                0x0080943c                __muldi3
 .text          0x008094d4        0x0 c:/altera/13.0sp1/nios2eds/bin/gnu/h-i686-mingw32/bin/../lib/gcc/nios2-elf/4.1.2\libgcc.a(_clz.o)
 .text          0x008094d4       0x80 c:/altera/13.0sp1/nios2eds/bin/gnu/h-i686-mingw32/bin/../lib/gcc/nios2-elf/4.1.2\libgcc.a(_clzsi2.o)
                0x008094d4                __clzsi2
 .text          0x00809554      0x314 c:/altera/13.0sp1/nios2eds/bin/gnu/h-i686-mingw32/bin/../lib/gcc/nios2-elf/4.1.2\libgcc.a(_pack_df.o)
                0x00809554                __pack_d
 .text          0x00809868      0x138 c:/altera/13.0sp1/nios2eds/bin/gnu/h-i686-mingw32/bin/../lib/gcc/nios2-elf/4.1.2\libgcc.a(_unpack_df.o)
                0x00809868                __unpack_d
 .text          0x008099a0       0xc8 c:/altera/13.0sp1/nios2eds/bin/gnu/h-i686-mingw32/bin/../lib/gcc/nios2-elf/4.1.2\libgcc.a(_fpcmp_parts_df.o)
                0x008099a0                __fpcmp_parts_d
 .text          0x00809a68      0x15c ../proj_fim_bsp/\libhal_bsp.a(alt_close.o)
                0x00809a68                close
 .text          0x00809bc4       0x2c ../proj_fim_bsp/\libhal_bsp.a(alt_dev.o)
 .text          0x00809bf0        0x0 ../proj_fim_bsp/\libhal_bsp.a(alt_errno.o)
 .text          0x00809bf0      0x134 ../proj_fim_bsp/\libhal_bsp.a(alt_fstat.o)
                0x00809bf0                fstat
 .text          0x00809d24      0x120 ../proj_fim_bsp/\libhal_bsp.a(alt_isatty.o)
                0x00809d24                isatty
 .text          0x00809e44      0x150 ../proj_fim_bsp/\libhal_bsp.a(alt_lseek.o)
                0x00809e44                lseek
 .text          0x00809f94       0x6c ../proj_fim_bsp/\libhal_bsp.a(alt_main.o)
                0x00809f94                alt_main
 .text          0x0080a000       0x40 ../proj_fim_bsp/\libhal_bsp.a(alt_malloc_lock.o)
                0x0080a000                __malloc_lock
                0x0080a020                __malloc_unlock
 .text          0x0080a040      0x180 ../proj_fim_bsp/\libhal_bsp.a(alt_read.o)
                0x0080a040                read
 .text          0x0080a1c0       0x60 ../proj_fim_bsp/\libhal_bsp.a(alt_release_fd.o)
                0x0080a1c0                alt_release_fd
 .text          0x0080a220       0xbc ../proj_fim_bsp/\libhal_bsp.a(alt_sbrk.o)
                0x0080a220                sbrk
 .text          0x0080a2dc       0x30 ../proj_fim_bsp/\libhal_bsp.a(alt_usleep.o)
                0x0080a2dc                usleep
 .text          0x0080a30c      0x180 ../proj_fim_bsp/\libhal_bsp.a(alt_write.o)
                0x0080a30c                write
 .text          0x0080a48c      0x118 ../proj_fim_bsp/\libhal_bsp.a(alt_sys_init.o)
                0x0080a48c                alt_irq_init
                0x0080a4c0                alt_sys_init
 .text          0x0080a5a4      0x8c8 ../proj_fim_bsp/\libhal_bsp.a(altera_avalon_cfi_flash.o)
                0x0080a5a4                alt_flash_cfi_init
                0x0080a678                alt_flash_cfi_write
                0x0080a938                alt_flash_cfi_get_info
                0x0080a9c8                alt_flash_cfi_read
                0x0080aa30                alt_write_value_to_flash
                0x0080ab94                alt_flash_program_block
 .text          0x0080ae6c     0x14a8 ../proj_fim_bsp/\libhal_bsp.a(altera_avalon_cfi_flash_table.o)
                0x0080ae6c                alt_read_query_entry_8bit
                0x0080aeac                alt_read_query_entry_16bit
                0x0080aef0                alt_read_query_entry_32bit
                0x0080af38                alt_write_flash_command_8bit_device_8bit_mode
                0x0080af74                alt_write_flash_command_16bit_device_8bit_mode
                0x0080aff0                alt_write_flash_command_32bit_device_8bit_mode
                0x0080b038                alt_write_flash_command_16bit_device_16bit_mode
                0x0080b07c                alt_write_flash_command_32bit_device_16bit_mode
                0x0080b0c4                alt_write_flash_command_32bit_device_32bit_mode
                0x0080b10c                alt_write_native_8bit
                0x0080b140                alt_write_native_16bit
                0x0080b174                alt_write_native_32bit
                0x0080b1a4                alt_set_flash_width_func
                0x0080b384                alt_set_flash_algorithm_func
                0x0080b4ac                alt_read_cfi_table
                0x0080ba8c                alt_read_cfi_width
                0x0080c238                alt_check_primary_table
 .text          0x0080c314      0x9e4 ../proj_fim_bsp/\libhal_bsp.a(altera_avalon_epcs_flash_controller.o)
                0x0080c314                alt_epcs_flash_init
                0x0080c730                alt_epcs_flash_write
                0x0080c9b0                alt_epcs_flash_get_info
                0x0080ca40                alt_epcs_flash_erase_block
                0x0080cb44                alt_epcs_flash_write_block
                0x0080cc60                alt_epcs_flash_read
 .text          0x0080ccf8      0x148 ../proj_fim_bsp/\libhal_bsp.a(altera_avalon_jtag_uart_fd.o)
                0x0080ccf8                altera_avalon_jtag_uart_read_fd
                0x0080cd50                altera_avalon_jtag_uart_write_fd
                0x0080cda8                altera_avalon_jtag_uart_close_fd
                0x0080cdf0                altera_avalon_jtag_uart_ioctl_fd
 .text          0x0080ce40      0x40c ../proj_fim_bsp/\libhal_bsp.a(altera_avalon_jtag_uart_init.o)
                0x0080ce40                altera_avalon_jtag_uart_init
                0x0080d1d8                altera_avalon_jtag_uart_close
 .text          0x0080d24c       0xf4 ../proj_fim_bsp/\libhal_bsp.a(altera_avalon_jtag_uart_ioctl.o)
                0x0080d24c                altera_avalon_jtag_uart_ioctl
 .text          0x0080d340      0x224 ../proj_fim_bsp/\libhal_bsp.a(altera_avalon_jtag_uart_read.o)
                0x0080d340                altera_avalon_jtag_uart_read
 .text          0x0080d564      0x240 ../proj_fim_bsp/\libhal_bsp.a(altera_avalon_jtag_uart_write.o)
                0x0080d564                altera_avalon_jtag_uart_write
 .text          0x0080d7a4      0xee8 ../proj_fim_bsp/\libhal_bsp.a(altera_avalon_lcd_16207.o)
                0x0080df78                altera_avalon_lcd_16207_write
                0x0080e550                altera_avalon_lcd_16207_init
 .text          0x0080e68c       0x58 ../proj_fim_bsp/\libhal_bsp.a(altera_avalon_lcd_16207_fd.o)
                0x0080e68c                altera_avalon_lcd_16207_write_fd
 .text          0x0080e6e4      0x100 ../proj_fim_bsp/\libhal_bsp.a(altera_avalon_timer_sc.o)
                0x0080e754                alt_avalon_timer_sc_init
 .text          0x0080e7e4       0xf8 ../proj_fim_bsp/\libhal_bsp.a(altera_avalon_uart_fd.o)
                0x0080e7e4                altera_avalon_uart_read_fd
                0x0080e83c                altera_avalon_uart_write_fd
                0x0080e894                altera_avalon_uart_close_fd
 .text          0x0080e8dc      0x400 ../proj_fim_bsp/\libhal_bsp.a(altera_avalon_uart_init.o)
                0x0080e8dc                altera_avalon_uart_init
                0x0080ec7c                altera_avalon_uart_close
 .text          0x0080ecdc      0x290 ../proj_fim_bsp/\libhal_bsp.a(altera_avalon_uart_read.o)
                0x0080ecdc                altera_avalon_uart_read
 .text          0x0080ef6c      0x228 ../proj_fim_bsp/\libhal_bsp.a(altera_avalon_uart_write.o)
                0x0080ef6c                altera_avalon_uart_write
 .text          0x0080f194      0x6d4 ../proj_fim_bsp/\libhal_bsp.a(epcs_commands.o)
                0x0080f194                epcs_read_status_register
                0x0080f1f4                epcs_sector_erase
                0x0080f35c                epcs_read_buffer
                0x0080f4a8                epcs_write_enable
                0x0080f4f8                epcs_write_status_register
                0x0080f55c                epcs_write_buffer
                0x0080f6cc                epcs_read_electronic_signature
                0x0080f738                epcs_read_device_id
                0x0080f7b8                epcs_enter_4_bytes_mode
                0x0080f810                epcs_exit_4_bytes_mode
 .text          0x0080f868      0x154 ../proj_fim_bsp/\libhal_bsp.a(alt_alarm_start.o)
                0x0080f868                alt_alarm_start
 .text          0x0080f9bc      0x14c ../proj_fim_bsp/\libhal_bsp.a(alt_busy_sleep.o)
                0x0080f9bc                alt_busy_sleep
 .text          0x0080fb08       0x78 ../proj_fim_bsp/\libhal_bsp.a(alt_dcache_flush.o)
                0x0080fb08                alt_dcache_flush
 .text          0x0080fb80      0x114 ../proj_fim_bsp/\libhal_bsp.a(alt_dev_llist_insert.o)
                0x0080fb80                alt_dev_llist_insert
 .text          0x0080fc94       0x64 ../proj_fim_bsp/\libhal_bsp.a(alt_do_ctors.o)
                0x0080fc94                _do_ctors
 .text          0x0080fcf8       0x64 ../proj_fim_bsp/\libhal_bsp.a(alt_do_dtors.o)
                0x0080fcf8                _do_dtors
 .text          0x0080fd5c       0xd0 ../proj_fim_bsp/\libhal_bsp.a(alt_flash_dev.o)
                0x0080fd5c                alt_flash_open_dev
                0x0080fdd8                alt_flash_close_dev
 .text          0x0080fe2c      0x1d4 ../proj_fim_bsp/\libhal_bsp.a(alt_iic.o)
                0x0080fe2c                alt_ic_isr_register
                0x0080fe7c                alt_ic_irq_enable
                0x0080ff18                alt_ic_irq_disable
                0x0080ffb8                alt_ic_irq_enabled
 .text          0x00810000       0xf8 ../proj_fim_bsp/\libhal_bsp.a(alt_iic_isr_register.o)
                0x00810000                alt_iic_isr_register
 .text          0x008100f8      0x13c ../proj_fim_bsp/\libhal_bsp.a(alt_io_redirect.o)
                0x008101bc                alt_io_redirect
 .text          0x00810234        0x0 ../proj_fim_bsp/\libhal_bsp.a(alt_irq_entry.o)
 .text          0x00810234        0x0 ../proj_fim_bsp/\libhal_bsp.a(alt_irq_handler.o)
 .text          0x00810234        0x0 ../proj_fim_bsp/\libhal_bsp.a(alt_irq_vars.o)
 .text          0x00810234      0x2c4 ../proj_fim_bsp/\libhal_bsp.a(alt_open.o)
                0x00810310                open
 .text          0x008104f8      0x1a4 ../proj_fim_bsp/\libhal_bsp.a(alt_tick.o)
                0x008104f8                alt_alarm_stop
                0x00810590                alt_tick
 .text          0x0081069c       0x20 ../proj_fim_bsp/\libhal_bsp.a(altera_nios2_qsys_irq.o)
                0x0081069c                altera_nios2_qsys_irq_init
 .text          0x008106bc      0x460 ../proj_fim_bsp/\libhal_bsp.a(altera_avalon_cfi_flash_amd.o)
                0x008106bc                alt_program_amd
                0x00810724                alt_erase_block_amd
 .text          0x00810b1c      0x460 ../proj_fim_bsp/\libhal_bsp.a(altera_avalon_cfi_flash_intel.o)
                0x00810b1c                alt_program_intel
                0x00810ba0                alt_erase_block_intel
 .text          0x00810f7c      0x238 ../proj_fim_bsp/\libhal_bsp.a(altera_avalon_spi.o)
                0x00810f7c                alt_avalon_spi_command
 .text          0x008111b4        0x0 ../proj_fim_bsp/\libhal_bsp.a(alt_exception_entry.o)
 .text          0x008111b4       0x94 ../proj_fim_bsp/\libhal_bsp.a(alt_find_dev.o)
                0x008111b4                alt_find_dev
 .text          0x00811248      0x120 ../proj_fim_bsp/\libhal_bsp.a(alt_find_file.o)
                0x00811248                alt_find_file
 .text          0x00811368       0xb8 ../proj_fim_bsp/\libhal_bsp.a(alt_get_fd.o)
                0x00811368                alt_get_fd
 .text          0x00811420       0x14 c:/altera/13.0sp1/nios2eds/bin/gnu/h-i686-mingw32/bin/../lib/gcc/nios2-elf/4.1.2/../../../../nios2-elf/lib\libc.a(lib_a-atexit.o)
                0x00811420                atexit
 .text          0x00811434        0x0 c:/altera/13.0sp1/nios2eds/bin/gnu/h-i686-mingw32/bin/../lib/gcc/nios2-elf/4.1.2/../../../../nios2-elf/lib\libc.a(lib_a-ctype_.o)
 .text          0x00811434       0x38 c:/altera/13.0sp1/nios2eds/bin/gnu/h-i686-mingw32/bin/../lib/gcc/nios2-elf/4.1.2/../../../../nios2-elf/lib\libc.a(lib_a-exit.o)
                0x00811434                exit
 .text          0x0081146c       0x74 c:/altera/13.0sp1/nios2eds/bin/gnu/h-i686-mingw32/bin/../lib/gcc/nios2-elf/4.1.2/../../../../nios2-elf/lib\libc.a(lib_a-memcmp.o)
                0x0081146c                memcmp
 .text          0x008114e0      0x134 c:/altera/13.0sp1/nios2eds/bin/gnu/h-i686-mingw32/bin/../lib/gcc/nios2-elf/4.1.2/../../../../nios2-elf/lib\libc.a(lib_a-__atexit.o)
                0x008114e0                __register_exitproc
 .text          0x00811614      0x1b4 c:/altera/13.0sp1/nios2eds/bin/gnu/h-i686-mingw32/bin/../lib/gcc/nios2-elf/4.1.2/../../../../nios2-elf/lib\libc.a(lib_a-__call_atexit.o)
                0x00811618                __call_exitprocs
 .text          0x008117c8       0x60 ../proj_fim_bsp/\libhal_bsp.a(alt_exit.o)
                0x00811808                _exit
 *(.gnu.warning.*)
 *(.fini)
                0x00811828                PROVIDE (__etext, ABSOLUTE (.))
                0x00811828                PROVIDE (_etext, ABSOLUTE (.))
                0x00811828                PROVIDE (etext, ABSOLUTE (.))
 *(.eh_frame_hdr)
                0x00811828                . = ALIGN (0x4)
                0x00811828                PROVIDE (__preinit_array_start, ABSOLUTE (.))
 *(.preinit_array)
                0x00811828                PROVIDE (__preinit_array_end, ABSOLUTE (.))
                0x00811828                PROVIDE (__init_array_start, ABSOLUTE (.))
 *(.init_array)
                0x00811828                PROVIDE (__init_array_end, ABSOLUTE (.))
                0x00811828                PROVIDE (__fini_array_start, ABSOLUTE (.))
 *(.fini_array)
                0x00811828                PROVIDE (__fini_array_end, ABSOLUTE (.))
 *(.eh_frame)
 *(.gcc_except_table)
 *(.dynamic)
                0x00811828                PROVIDE (__CTOR_LIST__, ABSOLUTE (.))
 *(.ctors)
 *(SORT(.ctors.*))
 .ctors.65535   0x00811828        0x4 c:/altera/13.0sp1/nios2eds/bin/gnu/h-i686-mingw32/bin/../lib/gcc/nios2-elf/4.1.2/../../../../nios2-elf/lib\libc.a(lib_a-__call_atexit.o)
                0x0081182c                PROVIDE (__CTOR_END__, ABSOLUTE (.))
                0x0081182c                PROVIDE (__DTOR_LIST__, ABSOLUTE (.))
 *(.dtors)
 *(SORT(.dtors.*))
                0x0081182c                PROVIDE (__DTOR_END__, ABSOLUTE (.))
 *(.jcr)
                0x0081182c                . = ALIGN (0x4)

.rodata         0x0081182c      0x630
                0x0081182c                PROVIDE (__ram_rodata_start, ABSOLUTE (.))
                0x0081182c                . = ALIGN (0x4)
 *(.rodata .rodata.* .gnu.linkonce.r.*)
 .rodata        0x0081182c       0x1c obj/default/hello_world.o
 .rodata.str1.4
                0x00811848        0x2 c:/altera/13.0sp1/nios2eds/bin/gnu/h-i686-mingw32/bin/../lib/gcc/nios2-elf/4.1.2/../../../../nios2-elf/lib\libc.a(lib_a-puts.o)
                                  0x4 (size before relaxing)
 *fill*         0x0081184a        0x2 00
 .rodata.str1.4
                0x0081184c       0x5e c:/altera/13.0sp1/nios2eds/bin/gnu/h-i686-mingw32/bin/../lib/gcc/nios2-elf/4.1.2/../../../../nios2-elf/lib\libc.a(lib_a-vfprintf.o)
                                 0x60 (size before relaxing)
 .rodata        0x008118aa       0x20 c:/altera/13.0sp1/nios2eds/bin/gnu/h-i686-mingw32/bin/../lib/gcc/nios2-elf/4.1.2/../../../../nios2-elf/lib\libc.a(lib_a-vfprintf.o)
 *fill*         0x008118ca        0x2 00
 .rodata.str1.4
                0x008118cc       0x10 c:/altera/13.0sp1/nios2eds/bin/gnu/h-i686-mingw32/bin/../lib/gcc/nios2-elf/4.1.2/../../../../nios2-elf/lib\libc.a(lib_a-dtoa.o)
                                 0x14 (size before relaxing)
 .rodata.str1.4
                0x008118dc        0x2 c:/altera/13.0sp1/nios2eds/bin/gnu/h-i686-mingw32/bin/../lib/gcc/nios2-elf/4.1.2/../../../../nios2-elf/lib\libc.a(lib_a-impure.o)
                                  0x4 (size before relaxing)
 *fill*         0x008118de        0x2 00
 .rodata.str1.4
                0x008118e0       0x10 c:/altera/13.0sp1/nios2eds/bin/gnu/h-i686-mingw32/bin/../lib/gcc/nios2-elf/4.1.2/../../../../nios2-elf/lib\libc.a(lib_a-locale.o)
                                 0x18 (size before relaxing)
 .rodata        0x008118f0       0x30 c:/altera/13.0sp1/nios2eds/bin/gnu/h-i686-mingw32/bin/../lib/gcc/nios2-elf/4.1.2/../../../../nios2-elf/lib\libc.a(lib_a-locale.o)
 .rodata        0x00811920      0x124 c:/altera/13.0sp1/nios2eds/bin/gnu/h-i686-mingw32/bin/../lib/gcc/nios2-elf/4.1.2/../../../../nios2-elf/lib\libc.a(lib_a-mprec.o)
                0x00811920                __mprec_tens
                0x008119e8                __mprec_bigtens
                0x00811a10                __mprec_tinytens
 .rodata        0x00811a44       0x14 c:/altera/13.0sp1/nios2eds/bin/gnu/h-i686-mingw32/bin/../lib/gcc/nios2-elf/4.1.2\libgcc.a(_thenan_df.o)
                0x00811a44                __thenan_df
 .rodata        0x00811a58      0x100 c:/altera/13.0sp1/nios2eds/bin/gnu/h-i686-mingw32/bin/../lib/gcc/nios2-elf/4.1.2\libgcc.a(_clz.o)
                0x00811a58                __clz_tab
 .rodata        0x00811b58        0xc ../proj_fim_bsp/\libhal_bsp.a(alt_dev.o)
 .rodata        0x00811b64       0x14 ../proj_fim_bsp/\libhal_bsp.a(alt_main.o)
 .rodata        0x00811b78       0x60 ../proj_fim_bsp/\libhal_bsp.a(alt_sys_init.o)
 .rodata        0x00811bd8      0x281 c:/altera/13.0sp1/nios2eds/bin/gnu/h-i686-mingw32/bin/../lib/gcc/nios2-elf/4.1.2/../../../../nios2-elf/lib\libc.a(lib_a-ctype_.o)
                0x00811bd8                _ctype_
 *(.rodata1)
                0x00811e5c                . = ALIGN (0x4)
 *fill*         0x00811e59        0x3 00
                0x00811e5c                PROVIDE (__ram_rodata_end, ABSOLUTE (.))
                0x0081182c                PROVIDE (__flash_rodata_start, LOADADDR (.rodata))

.rwdata         0x00811e5c     0x1df0
                0x00811e5c                PROVIDE (__ram_rwdata_start, ABSOLUTE (.))
                0x00811e5c                . = ALIGN (0x4)
 *(.got.plt)
 *(.got)
 *(.data1)
 *(.data .data.* .gnu.linkonce.d.*)
 .data          0x00811e5c        0x0 ../proj_fim_bsp//obj/HAL/src/crt0.o
 .data          0x00811e5c        0x0 obj/default/hello_world.o
 .data          0x00811e5c        0x0 c:/altera/13.0sp1/nios2eds/bin/gnu/h-i686-mingw32/bin/../lib/gcc/nios2-elf/4.1.2/../../../../nios2-elf/lib\libc.a(lib_a-printf.o)
 .data          0x00811e5c        0x0 c:/altera/13.0sp1/nios2eds/bin/gnu/h-i686-mingw32/bin/../lib/gcc/nios2-elf/4.1.2/../../../../nios2-elf/lib\libc.a(lib_a-puts.o)
 .data          0x00811e5c        0x0 c:/altera/13.0sp1/nios2eds/bin/gnu/h-i686-mingw32/bin/../lib/gcc/nios2-elf/4.1.2/../../../../nios2-elf/lib\libc.a(lib_a-strlen.o)
 .data          0x00811e5c        0x0 c:/altera/13.0sp1/nios2eds/bin/gnu/h-i686-mingw32/bin/../lib/gcc/nios2-elf/4.1.2/../../../../nios2-elf/lib\libc.a(lib_a-vfprintf.o)
 .data          0x00811e5c        0x0 c:/altera/13.0sp1/nios2eds/bin/gnu/h-i686-mingw32/bin/../lib/gcc/nios2-elf/4.1.2/../../../../nios2-elf/lib\libc.a(lib_a-wsetup.o)
 .data          0x00811e5c        0x0 c:/altera/13.0sp1/nios2eds/bin/gnu/h-i686-mingw32/bin/../lib/gcc/nios2-elf/4.1.2/../../../../nios2-elf/lib\libc.a(lib_a-dtoa.o)
 .data          0x00811e5c        0x0 c:/altera/13.0sp1/nios2eds/bin/gnu/h-i686-mingw32/bin/../lib/gcc/nios2-elf/4.1.2/../../../../nios2-elf/lib\libc.a(lib_a-fflush.o)
 .data          0x00811e5c        0x0 c:/altera/13.0sp1/nios2eds/bin/gnu/h-i686-mingw32/bin/../lib/gcc/nios2-elf/4.1.2/../../../../nios2-elf/lib\libc.a(lib_a-findfp.o)
 .data          0x00811e5c        0x0 c:/altera/13.0sp1/nios2eds/bin/gnu/h-i686-mingw32/bin/../lib/gcc/nios2-elf/4.1.2/../../../../nios2-elf/lib\libc.a(lib_a-freer.o)
 .data          0x00811e5c        0x0 c:/altera/13.0sp1/nios2eds/bin/gnu/h-i686-mingw32/bin/../lib/gcc/nios2-elf/4.1.2/../../../../nios2-elf/lib\libc.a(lib_a-fvwrite.o)
 .data          0x00811e5c        0x0 c:/altera/13.0sp1/nios2eds/bin/gnu/h-i686-mingw32/bin/../lib/gcc/nios2-elf/4.1.2/../../../../nios2-elf/lib\libc.a(lib_a-fwalk.o)
 .data          0x00811e5c      0x400 c:/altera/13.0sp1/nios2eds/bin/gnu/h-i686-mingw32/bin/../lib/gcc/nios2-elf/4.1.2/../../../../nios2-elf/lib\libc.a(lib_a-impure.o)
 .data          0x0081225c        0xc c:/altera/13.0sp1/nios2eds/bin/gnu/h-i686-mingw32/bin/../lib/gcc/nios2-elf/4.1.2/../../../../nios2-elf/lib\libc.a(lib_a-locale.o)
                0x0081225c                __lc_ctype
 .data          0x00812268        0x0 c:/altera/13.0sp1/nios2eds/bin/gnu/h-i686-mingw32/bin/../lib/gcc/nios2-elf/4.1.2/../../../../nios2-elf/lib\libc.a(lib_a-makebuf.o)
 .data          0x00812268      0x408 c:/altera/13.0sp1/nios2eds/bin/gnu/h-i686-mingw32/bin/../lib/gcc/nios2-elf/4.1.2/../../../../nios2-elf/lib\libc.a(lib_a-mallocr.o)
                0x00812268                __malloc_av_
 .data          0x00812670        0x0 c:/altera/13.0sp1/nios2eds/bin/gnu/h-i686-mingw32/bin/../lib/gcc/nios2-elf/4.1.2/../../../../nios2-elf/lib\libc.a(lib_a-memchr.o)
 .data          0x00812670        0x0 c:/altera/13.0sp1/nios2eds/bin/gnu/h-i686-mingw32/bin/../lib/gcc/nios2-elf/4.1.2/../../../../nios2-elf/lib\libc.a(lib_a-memcpy.o)
 .data          0x00812670        0x0 c:/altera/13.0sp1/nios2eds/bin/gnu/h-i686-mingw32/bin/../lib/gcc/nios2-elf/4.1.2/../../../../nios2-elf/lib\libc.a(lib_a-memmove.o)
 .data          0x00812670        0x0 c:/altera/13.0sp1/nios2eds/bin/gnu/h-i686-mingw32/bin/../lib/gcc/nios2-elf/4.1.2/../../../../nios2-elf/lib\libc.a(lib_a-memset.o)
 .data          0x00812670        0x0 c:/altera/13.0sp1/nios2eds/bin/gnu/h-i686-mingw32/bin/../lib/gcc/nios2-elf/4.1.2/../../../../nios2-elf/lib\libc.a(lib_a-mprec.o)
 .data          0x00812670        0x0 c:/altera/13.0sp1/nios2eds/bin/gnu/h-i686-mingw32/bin/../lib/gcc/nios2-elf/4.1.2/../../../../nios2-elf/lib\libc.a(lib_a-reallocr.o)
 .data          0x00812670        0x0 c:/altera/13.0sp1/nios2eds/bin/gnu/h-i686-mingw32/bin/../lib/gcc/nios2-elf/4.1.2/../../../../nios2-elf/lib\libc.a(lib_a-s_isinfd.o)
 .data          0x00812670        0x0 c:/altera/13.0sp1/nios2eds/bin/gnu/h-i686-mingw32/bin/../lib/gcc/nios2-elf/4.1.2/../../../../nios2-elf/lib\libc.a(lib_a-s_isnand.o)
 .data          0x00812670        0x0 c:/altera/13.0sp1/nios2eds/bin/gnu/h-i686-mingw32/bin/../lib/gcc/nios2-elf/4.1.2/../../../../nios2-elf/lib\libc.a(lib_a-sbrkr.o)
 .data          0x00812670        0x0 c:/altera/13.0sp1/nios2eds/bin/gnu/h-i686-mingw32/bin/../lib/gcc/nios2-elf/4.1.2/../../../../nios2-elf/lib\libc.a(lib_a-stdio.o)
 .data          0x00812670        0x0 c:/altera/13.0sp1/nios2eds/bin/gnu/h-i686-mingw32/bin/../lib/gcc/nios2-elf/4.1.2/../../../../nios2-elf/lib\libc.a(lib_a-strcmp.o)
 .data          0x00812670        0x0 c:/altera/13.0sp1/nios2eds/bin/gnu/h-i686-mingw32/bin/../lib/gcc/nios2-elf/4.1.2/../../../../nios2-elf/lib\libc.a(lib_a-writer.o)
 .data          0x00812670        0x0 c:/altera/13.0sp1/nios2eds/bin/gnu/h-i686-mingw32/bin/../lib/gcc/nios2-elf/4.1.2/../../../../nios2-elf/lib\libc.a(lib_a-callocr.o)
 .data          0x00812670        0x0 c:/altera/13.0sp1/nios2eds/bin/gnu/h-i686-mingw32/bin/../lib/gcc/nios2-elf/4.1.2/../../../../nios2-elf/lib\libc.a(lib_a-closer.o)
 .data          0x00812670        0x0 c:/altera/13.0sp1/nios2eds/bin/gnu/h-i686-mingw32/bin/../lib/gcc/nios2-elf/4.1.2/../../../../nios2-elf/lib\libc.a(lib_a-fclose.o)
 .data          0x00812670        0x0 c:/altera/13.0sp1/nios2eds/bin/gnu/h-i686-mingw32/bin/../lib/gcc/nios2-elf/4.1.2/../../../../nios2-elf/lib\libc.a(lib_a-fstatr.o)
 .data          0x00812670        0x0 c:/altera/13.0sp1/nios2eds/bin/gnu/h-i686-mingw32/bin/../lib/gcc/nios2-elf/4.1.2/../../../../nios2-elf/lib\libc.a(lib_a-int_errno.o)
 .data          0x00812670        0x0 c:/altera/13.0sp1/nios2eds/bin/gnu/h-i686-mingw32/bin/../lib/gcc/nios2-elf/4.1.2/../../../../nios2-elf/lib\libc.a(lib_a-isattyr.o)
 .data          0x00812670        0x0 c:/altera/13.0sp1/nios2eds/bin/gnu/h-i686-mingw32/bin/../lib/gcc/nios2-elf/4.1.2/../../../../nios2-elf/lib\libc.a(lib_a-lseekr.o)
 .data          0x00812670        0x0 c:/altera/13.0sp1/nios2eds/bin/gnu/h-i686-mingw32/bin/../lib/gcc/nios2-elf/4.1.2/../../../../nios2-elf/lib\libc.a(lib_a-readr.o)
 .data          0x00812670        0x0 c:/altera/13.0sp1/nios2eds/bin/gnu/h-i686-mingw32/bin/../lib/gcc/nios2-elf/4.1.2\libgcc.a(_udivdi3.o)
 .data          0x00812670        0x0 c:/altera/13.0sp1/nios2eds/bin/gnu/h-i686-mingw32/bin/../lib/gcc/nios2-elf/4.1.2\libgcc.a(_umoddi3.o)
 .data          0x00812670        0x0 c:/altera/13.0sp1/nios2eds/bin/gnu/h-i686-mingw32/bin/../lib/gcc/nios2-elf/4.1.2\libgcc.a(_addsub_df.o)
 .data          0x00812670        0x0 c:/altera/13.0sp1/nios2eds/bin/gnu/h-i686-mingw32/bin/../lib/gcc/nios2-elf/4.1.2\libgcc.a(_mul_df.o)
 .data          0x00812670        0x0 c:/altera/13.0sp1/nios2eds/bin/gnu/h-i686-mingw32/bin/../lib/gcc/nios2-elf/4.1.2\libgcc.a(_div_df.o)
 .data          0x00812670        0x0 c:/altera/13.0sp1/nios2eds/bin/gnu/h-i686-mingw32/bin/../lib/gcc/nios2-elf/4.1.2\libgcc.a(_eq_df.o)
 .data          0x00812670        0x0 c:/altera/13.0sp1/nios2eds/bin/gnu/h-i686-mingw32/bin/../lib/gcc/nios2-elf/4.1.2\libgcc.a(_ne_df.o)
 .data          0x00812670        0x0 c:/altera/13.0sp1/nios2eds/bin/gnu/h-i686-mingw32/bin/../lib/gcc/nios2-elf/4.1.2\libgcc.a(_gt_df.o)
 .data          0x00812670        0x0 c:/altera/13.0sp1/nios2eds/bin/gnu/h-i686-mingw32/bin/../lib/gcc/nios2-elf/4.1.2\libgcc.a(_ge_df.o)
 .data          0x00812670        0x0 c:/altera/13.0sp1/nios2eds/bin/gnu/h-i686-mingw32/bin/../lib/gcc/nios2-elf/4.1.2\libgcc.a(_lt_df.o)
 .data          0x00812670        0x0 c:/altera/13.0sp1/nios2eds/bin/gnu/h-i686-mingw32/bin/../lib/gcc/nios2-elf/4.1.2\libgcc.a(_si_to_df.o)
 .data          0x00812670        0x0 c:/altera/13.0sp1/nios2eds/bin/gnu/h-i686-mingw32/bin/../lib/gcc/nios2-elf/4.1.2\libgcc.a(_df_to_si.o)
 .data          0x00812670        0x0 c:/altera/13.0sp1/nios2eds/bin/gnu/h-i686-mingw32/bin/../lib/gcc/nios2-elf/4.1.2\libgcc.a(_thenan_df.o)
 .data          0x00812670        0x0 c:/altera/13.0sp1/nios2eds/bin/gnu/h-i686-mingw32/bin/../lib/gcc/nios2-elf/4.1.2\libgcc.a(_usi_to_df.o)
 .data          0x00812670        0x0 c:/altera/13.0sp1/nios2eds/bin/gnu/h-i686-mingw32/bin/../lib/gcc/nios2-elf/4.1.2\libgcc.a(lib2-divmod.o)
 .data          0x00812670        0x0 c:/altera/13.0sp1/nios2eds/bin/gnu/h-i686-mingw32/bin/../lib/gcc/nios2-elf/4.1.2\libgcc.a(_muldi3.o)
 .data          0x00812670        0x0 c:/altera/13.0sp1/nios2eds/bin/gnu/h-i686-mingw32/bin/../lib/gcc/nios2-elf/4.1.2\libgcc.a(_clz.o)
 .data          0x00812670        0x0 c:/altera/13.0sp1/nios2eds/bin/gnu/h-i686-mingw32/bin/../lib/gcc/nios2-elf/4.1.2\libgcc.a(_clzsi2.o)
 .data          0x00812670        0x0 c:/altera/13.0sp1/nios2eds/bin/gnu/h-i686-mingw32/bin/../lib/gcc/nios2-elf/4.1.2\libgcc.a(_pack_df.o)
 .data          0x00812670        0x0 c:/altera/13.0sp1/nios2eds/bin/gnu/h-i686-mingw32/bin/../lib/gcc/nios2-elf/4.1.2\libgcc.a(_unpack_df.o)
 .data          0x00812670        0x0 c:/altera/13.0sp1/nios2eds/bin/gnu/h-i686-mingw32/bin/../lib/gcc/nios2-elf/4.1.2\libgcc.a(_fpcmp_parts_df.o)
 .data          0x00812670        0x0 ../proj_fim_bsp/\libhal_bsp.a(alt_close.o)
 .data          0x00812670      0x1a8 ../proj_fim_bsp/\libhal_bsp.a(alt_dev.o)
                0x00812670                alt_dev_null
                0x00812698                alt_fd_list
 .data          0x00812818        0x0 ../proj_fim_bsp/\libhal_bsp.a(alt_errno.o)
 .data          0x00812818        0x0 ../proj_fim_bsp/\libhal_bsp.a(alt_fstat.o)
 .data          0x00812818        0x0 ../proj_fim_bsp/\libhal_bsp.a(alt_isatty.o)
 .data          0x00812818        0x0 ../proj_fim_bsp/\libhal_bsp.a(alt_lseek.o)
 .data          0x00812818        0x0 ../proj_fim_bsp/\libhal_bsp.a(alt_main.o)
 .data          0x00812818        0x0 ../proj_fim_bsp/\libhal_bsp.a(alt_malloc_lock.o)
 .data          0x00812818        0x0 ../proj_fim_bsp/\libhal_bsp.a(alt_read.o)
 .data          0x00812818        0x0 ../proj_fim_bsp/\libhal_bsp.a(alt_release_fd.o)
 .data          0x00812818        0x0 ../proj_fim_bsp/\libhal_bsp.a(alt_sbrk.o)
 .data          0x00812818        0x0 ../proj_fim_bsp/\libhal_bsp.a(alt_usleep.o)
 .data          0x00812818        0x0 ../proj_fim_bsp/\libhal_bsp.a(alt_write.o)
 .data          0x00812818     0x13e4 ../proj_fim_bsp/\libhal_bsp.a(alt_sys_init.o)
 .data          0x00813bfc        0x0 ../proj_fim_bsp/\libhal_bsp.a(altera_avalon_cfi_flash.o)
 .data          0x00813bfc        0x0 ../proj_fim_bsp/\libhal_bsp.a(altera_avalon_cfi_flash_table.o)
 .data          0x00813bfc        0x0 ../proj_fim_bsp/\libhal_bsp.a(altera_avalon_epcs_flash_controller.o)
 .data          0x00813bfc        0x0 ../proj_fim_bsp/\libhal_bsp.a(altera_avalon_jtag_uart_fd.o)
 .data          0x00813bfc        0x0 ../proj_fim_bsp/\libhal_bsp.a(altera_avalon_jtag_uart_init.o)
 .data          0x00813bfc        0x0 ../proj_fim_bsp/\libhal_bsp.a(altera_avalon_jtag_uart_ioctl.o)
 .data          0x00813bfc        0x0 ../proj_fim_bsp/\libhal_bsp.a(altera_avalon_jtag_uart_read.o)
 .data          0x00813bfc        0x0 ../proj_fim_bsp/\libhal_bsp.a(altera_avalon_jtag_uart_write.o)
 .data          0x00813bfc        0x0 ../proj_fim_bsp/\libhal_bsp.a(altera_avalon_lcd_16207.o)
 .data          0x00813bfc        0x0 ../proj_fim_bsp/\libhal_bsp.a(altera_avalon_lcd_16207_fd.o)
 .data          0x00813bfc        0x0 ../proj_fim_bsp/\libhal_bsp.a(altera_avalon_timer_sc.o)
 .data          0x00813bfc        0x0 ../proj_fim_bsp/\libhal_bsp.a(altera_avalon_uart_fd.o)
 .data          0x00813bfc        0x0 ../proj_fim_bsp/\libhal_bsp.a(altera_avalon_uart_init.o)
 .data          0x00813bfc        0x0 ../proj_fim_bsp/\libhal_bsp.a(altera_avalon_uart_read.o)
 .data          0x00813bfc        0x0 ../proj_fim_bsp/\libhal_bsp.a(altera_avalon_uart_write.o)
 .data          0x00813bfc        0x0 ../proj_fim_bsp/\libhal_bsp.a(epcs_commands.o)
 .data          0x00813bfc        0x0 ../proj_fim_bsp/\libhal_bsp.a(alt_alarm_start.o)
 .data          0x00813bfc        0x0 ../proj_fim_bsp/\libhal_bsp.a(alt_busy_sleep.o)
 .data          0x00813bfc        0x0 ../proj_fim_bsp/\libhal_bsp.a(alt_dcache_flush.o)
 .data          0x00813bfc        0x0 ../proj_fim_bsp/\libhal_bsp.a(alt_dev_llist_insert.o)
 .data          0x00813bfc        0x0 ../proj_fim_bsp/\libhal_bsp.a(alt_do_ctors.o)
 .data          0x00813bfc        0x0 ../proj_fim_bsp/\libhal_bsp.a(alt_do_dtors.o)
 .data          0x00813bfc        0x0 ../proj_fim_bsp/\libhal_bsp.a(alt_flash_dev.o)
 .data          0x00813bfc        0x0 ../proj_fim_bsp/\libhal_bsp.a(alt_iic.o)
 .data          0x00813bfc        0x0 ../proj_fim_bsp/\libhal_bsp.a(alt_iic_isr_register.o)
 .data          0x00813bfc        0x0 ../proj_fim_bsp/\libhal_bsp.a(alt_io_redirect.o)
 .data          0x00813bfc        0x0 ../proj_fim_bsp/\libhal_bsp.a(alt_irq_entry.o)
 .data          0x00813bfc        0x0 ../proj_fim_bsp/\libhal_bsp.a(alt_irq_handler.o)
 .data          0x00813bfc        0x0 ../proj_fim_bsp/\libhal_bsp.a(alt_irq_vars.o)
 .data          0x00813bfc        0x0 ../proj_fim_bsp/\libhal_bsp.a(alt_open.o)
 .data          0x00813bfc        0x0 ../proj_fim_bsp/\libhal_bsp.a(alt_tick.o)
 .data          0x00813bfc        0x0 ../proj_fim_bsp/\libhal_bsp.a(altera_nios2_qsys_irq.o)
 .data          0x00813bfc        0x0 ../proj_fim_bsp/\libhal_bsp.a(altera_avalon_cfi_flash_amd.o)
 .data          0x00813bfc        0x0 ../proj_fim_bsp/\libhal_bsp.a(altera_avalon_cfi_flash_intel.o)
 .data          0x00813bfc        0x0 ../proj_fim_bsp/\libhal_bsp.a(altera_avalon_spi.o)
 .data          0x00813bfc        0x0 ../proj_fim_bsp/\libhal_bsp.a(alt_exception_entry.o)
 .data          0x00813bfc        0x0 ../proj_fim_bsp/\libhal_bsp.a(alt_find_dev.o)
 .data          0x00813bfc        0x0 ../proj_fim_bsp/\libhal_bsp.a(alt_find_file.o)
 .data          0x00813bfc        0x0 ../proj_fim_bsp/\libhal_bsp.a(alt_get_fd.o)
 .data          0x00813bfc        0x0 c:/altera/13.0sp1/nios2eds/bin/gnu/h-i686-mingw32/bin/../lib/gcc/nios2-elf/4.1.2/../../../../nios2-elf/lib\libc.a(lib_a-atexit.o)
 .data          0x00813bfc        0x0 c:/altera/13.0sp1/nios2eds/bin/gnu/h-i686-mingw32/bin/../lib/gcc/nios2-elf/4.1.2/../../../../nios2-elf/lib\libc.a(lib_a-ctype_.o)
 .data          0x00813bfc        0x0 c:/altera/13.0sp1/nios2eds/bin/gnu/h-i686-mingw32/bin/../lib/gcc/nios2-elf/4.1.2/../../../../nios2-elf/lib\libc.a(lib_a-exit.o)
 .data          0x00813bfc        0x0 c:/altera/13.0sp1/nios2eds/bin/gnu/h-i686-mingw32/bin/../lib/gcc/nios2-elf/4.1.2/../../../../nios2-elf/lib\libc.a(lib_a-memcmp.o)
 .data          0x00813bfc        0x0 c:/altera/13.0sp1/nios2eds/bin/gnu/h-i686-mingw32/bin/../lib/gcc/nios2-elf/4.1.2/../../../../nios2-elf/lib\libc.a(lib_a-__atexit.o)
 .data          0x00813bfc        0x0 c:/altera/13.0sp1/nios2eds/bin/gnu/h-i686-mingw32/bin/../lib/gcc/nios2-elf/4.1.2/../../../../nios2-elf/lib\libc.a(lib_a-__call_atexit.o)
 .data          0x00813bfc        0x0 ../proj_fim_bsp/\libhal_bsp.a(alt_exit.o)
                0x0081bbfc                _gp = ABSOLUTE ((. + 0x8000))
                0x0081bbfc                PROVIDE (gp, _gp)
 *(.rwdata .rwdata.*)
 *(.sdata .sdata.* .gnu.linkonce.s.*)
 .sdata         0x00813bfc        0x8 c:/altera/13.0sp1/nios2eds/bin/gnu/h-i686-mingw32/bin/../lib/gcc/nios2-elf/4.1.2/../../../../nios2-elf/lib\libc.a(lib_a-impure.o)
                0x00813bfc                _impure_ptr
                0x00813c00                _global_impure_ptr
 .sdata         0x00813c04        0x8 c:/altera/13.0sp1/nios2eds/bin/gnu/h-i686-mingw32/bin/../lib/gcc/nios2-elf/4.1.2/../../../../nios2-elf/lib\libc.a(lib_a-locale.o)
                0x00813c04                __mb_cur_max
 .sdata         0x00813c0c        0x8 c:/altera/13.0sp1/nios2eds/bin/gnu/h-i686-mingw32/bin/../lib/gcc/nios2-elf/4.1.2/../../../../nios2-elf/lib\libc.a(lib_a-mallocr.o)
                0x00813c0c                __malloc_trim_threshold
                0x00813c10                __malloc_sbrk_base
 .sdata         0x00813c14       0x14 ../proj_fim_bsp/\libhal_bsp.a(alt_dev.o)
                0x00813c14                alt_fs_list
                0x00813c1c                alt_dev_list
                0x00813c24                alt_max_fd
 .sdata         0x00813c28        0x4 ../proj_fim_bsp/\libhal_bsp.a(alt_errno.o)
                0x00813c28                alt_errno
 .sdata         0x00813c2c        0x4 ../proj_fim_bsp/\libhal_bsp.a(alt_sbrk.o)
 .sdata         0x00813c30        0x4 ../proj_fim_bsp/\libhal_bsp.a(altera_avalon_lcd_16207.o)
 .sdata         0x00813c34        0x8 ../proj_fim_bsp/\libhal_bsp.a(alt_flash_dev.o)
                0x00813c34                alt_flash_dev_list
 .sdata         0x00813c3c        0x4 ../proj_fim_bsp/\libhal_bsp.a(alt_irq_vars.o)
                0x00813c3c                alt_priority_mask
 .sdata         0x00813c40        0x8 ../proj_fim_bsp/\libhal_bsp.a(alt_tick.o)
                0x00813c40                alt_alarm_list
 .sdata         0x00813c48        0x4 c:/altera/13.0sp1/nios2eds/bin/gnu/h-i686-mingw32/bin/../lib/gcc/nios2-elf/4.1.2/../../../../nios2-elf/lib\libc.a(lib_a-ctype_.o)
                0x00813c48                __ctype_ptr
 *(.sdata2 .sdata2.* .gnu.linkonce.s2.*)
                0x00813c4c                . = ALIGN (0x4)
                0x00813c4c                _edata = ABSOLUTE (.)
                0x00813c4c                PROVIDE (edata, ABSOLUTE (.))
                0x00813c4c                PROVIDE (__ram_rwdata_end, ABSOLUTE (.))
                0x00811e5c                PROVIDE (__flash_rwdata_start, LOADADDR (.rwdata))

.bss            0x00813c4c      0x2ec
                0x00813c4c                __bss_start = ABSOLUTE (.)
                0x00813c4c                PROVIDE (__sbss_start, ABSOLUTE (.))
                0x00813c4c                PROVIDE (___sbss_start, ABSOLUTE (.))
 *(.dynsbss)
 *(.sbss .sbss.* .gnu.linkonce.sb.*)
 .sbss          0x00813c4c        0xc c:/altera/13.0sp1/nios2eds/bin/gnu/h-i686-mingw32/bin/../lib/gcc/nios2-elf/4.1.2/../../../../nios2-elf/lib\libc.a(lib_a-locale.o)
                0x00813c4c                __nlocale_changed
                0x00813c50                __mlocale_changed
                0x00813c54                _PathLocale
 .sbss          0x00813c58        0xc c:/altera/13.0sp1/nios2eds/bin/gnu/h-i686-mingw32/bin/../lib/gcc/nios2-elf/4.1.2/../../../../nios2-elf/lib\libc.a(lib_a-mallocr.o)
                0x00813c58                __malloc_top_pad
                0x00813c5c                __malloc_max_sbrked_mem
                0x00813c60                __malloc_max_total_mem
 .sbss          0x00813c64        0x4 c:/altera/13.0sp1/nios2eds/bin/gnu/h-i686-mingw32/bin/../lib/gcc/nios2-elf/4.1.2/../../../../nios2-elf/lib\libc.a(lib_a-int_errno.o)
                0x00813c64                errno
 .sbss          0x00813c68        0xc ../proj_fim_bsp/\libhal_bsp.a(alt_main.o)
                0x00813c68                alt_argc
                0x00813c6c                alt_argv
                0x00813c70                alt_envp
 .sbss          0x00813c74        0x4 ../proj_fim_bsp/\libhal_bsp.a(alt_irq_vars.o)
                0x00813c74                alt_irq_active
 .sbss          0x00813c78        0x8 ../proj_fim_bsp/\libhal_bsp.a(alt_tick.o)
                0x00813c78                _alt_tick_rate
                0x00813c7c                _alt_nticks
 *(.sbss2 .sbss2.* .gnu.linkonce.sb2.*)
 *(.scommon)
                0x00813c80                PROVIDE (__sbss_end, ABSOLUTE (.))
                0x00813c80                PROVIDE (___sbss_end, ABSOLUTE (.))
 *(.dynbss)
 *(.bss .bss.* .gnu.linkonce.b.*)
 .bss           0x00813c80        0x0 ../proj_fim_bsp//obj/HAL/src/crt0.o
 .bss           0x00813c80        0x0 obj/default/hello_world.o
 .bss           0x00813c80        0x0 c:/altera/13.0sp1/nios2eds/bin/gnu/h-i686-mingw32/bin/../lib/gcc/nios2-elf/4.1.2/../../../../nios2-elf/lib\libc.a(lib_a-printf.o)
 .bss           0x00813c80        0x0 c:/altera/13.0sp1/nios2eds/bin/gnu/h-i686-mingw32/bin/../lib/gcc/nios2-elf/4.1.2/../../../../nios2-elf/lib\libc.a(lib_a-puts.o)
 .bss           0x00813c80        0x0 c:/altera/13.0sp1/nios2eds/bin/gnu/h-i686-mingw32/bin/../lib/gcc/nios2-elf/4.1.2/../../../../nios2-elf/lib\libc.a(lib_a-strlen.o)
 .bss           0x00813c80        0x0 c:/altera/13.0sp1/nios2eds/bin/gnu/h-i686-mingw32/bin/../lib/gcc/nios2-elf/4.1.2/../../../../nios2-elf/lib\libc.a(lib_a-vfprintf.o)
 .bss           0x00813c80        0x0 c:/altera/13.0sp1/nios2eds/bin/gnu/h-i686-mingw32/bin/../lib/gcc/nios2-elf/4.1.2/../../../../nios2-elf/lib\libc.a(lib_a-wsetup.o)
 .bss           0x00813c80        0x0 c:/altera/13.0sp1/nios2eds/bin/gnu/h-i686-mingw32/bin/../lib/gcc/nios2-elf/4.1.2/../../../../nios2-elf/lib\libc.a(lib_a-dtoa.o)
 .bss           0x00813c80        0x0 c:/altera/13.0sp1/nios2eds/bin/gnu/h-i686-mingw32/bin/../lib/gcc/nios2-elf/4.1.2/../../../../nios2-elf/lib\libc.a(lib_a-fflush.o)
 .bss           0x00813c80        0x0 c:/altera/13.0sp1/nios2eds/bin/gnu/h-i686-mingw32/bin/../lib/gcc/nios2-elf/4.1.2/../../../../nios2-elf/lib\libc.a(lib_a-findfp.o)
 .bss           0x00813c80        0x0 c:/altera/13.0sp1/nios2eds/bin/gnu/h-i686-mingw32/bin/../lib/gcc/nios2-elf/4.1.2/../../../../nios2-elf/lib\libc.a(lib_a-freer.o)
 .bss           0x00813c80        0x0 c:/altera/13.0sp1/nios2eds/bin/gnu/h-i686-mingw32/bin/../lib/gcc/nios2-elf/4.1.2/../../../../nios2-elf/lib\libc.a(lib_a-fvwrite.o)
 .bss           0x00813c80        0x0 c:/altera/13.0sp1/nios2eds/bin/gnu/h-i686-mingw32/bin/../lib/gcc/nios2-elf/4.1.2/../../../../nios2-elf/lib\libc.a(lib_a-fwalk.o)
 .bss           0x00813c80        0x0 c:/altera/13.0sp1/nios2eds/bin/gnu/h-i686-mingw32/bin/../lib/gcc/nios2-elf/4.1.2/../../../../nios2-elf/lib\libc.a(lib_a-impure.o)
 .bss           0x00813c80        0x0 c:/altera/13.0sp1/nios2eds/bin/gnu/h-i686-mingw32/bin/../lib/gcc/nios2-elf/4.1.2/../../../../nios2-elf/lib\libc.a(lib_a-locale.o)
 .bss           0x00813c80        0x0 c:/altera/13.0sp1/nios2eds/bin/gnu/h-i686-mingw32/bin/../lib/gcc/nios2-elf/4.1.2/../../../../nios2-elf/lib\libc.a(lib_a-makebuf.o)
 .bss           0x00813c80       0x28 c:/altera/13.0sp1/nios2eds/bin/gnu/h-i686-mingw32/bin/../lib/gcc/nios2-elf/4.1.2/../../../../nios2-elf/lib\libc.a(lib_a-mallocr.o)
                0x00813c80                __malloc_current_mallinfo
 .bss           0x00813ca8        0x0 c:/altera/13.0sp1/nios2eds/bin/gnu/h-i686-mingw32/bin/../lib/gcc/nios2-elf/4.1.2/../../../../nios2-elf/lib\libc.a(lib_a-memchr.o)
 .bss           0x00813ca8        0x0 c:/altera/13.0sp1/nios2eds/bin/gnu/h-i686-mingw32/bin/../lib/gcc/nios2-elf/4.1.2/../../../../nios2-elf/lib\libc.a(lib_a-memcpy.o)
 .bss           0x00813ca8        0x0 c:/altera/13.0sp1/nios2eds/bin/gnu/h-i686-mingw32/bin/../lib/gcc/nios2-elf/4.1.2/../../../../nios2-elf/lib\libc.a(lib_a-memmove.o)
 .bss           0x00813ca8        0x0 c:/altera/13.0sp1/nios2eds/bin/gnu/h-i686-mingw32/bin/../lib/gcc/nios2-elf/4.1.2/../../../../nios2-elf/lib\libc.a(lib_a-memset.o)
 .bss           0x00813ca8        0x0 c:/altera/13.0sp1/nios2eds/bin/gnu/h-i686-mingw32/bin/../lib/gcc/nios2-elf/4.1.2/../../../../nios2-elf/lib\libc.a(lib_a-mprec.o)
 .bss           0x00813ca8        0x0 c:/altera/13.0sp1/nios2eds/bin/gnu/h-i686-mingw32/bin/../lib/gcc/nios2-elf/4.1.2/../../../../nios2-elf/lib\libc.a(lib_a-reallocr.o)
 .bss           0x00813ca8        0x0 c:/altera/13.0sp1/nios2eds/bin/gnu/h-i686-mingw32/bin/../lib/gcc/nios2-elf/4.1.2/../../../../nios2-elf/lib\libc.a(lib_a-s_isinfd.o)
 .bss           0x00813ca8        0x0 c:/altera/13.0sp1/nios2eds/bin/gnu/h-i686-mingw32/bin/../lib/gcc/nios2-elf/4.1.2/../../../../nios2-elf/lib\libc.a(lib_a-s_isnand.o)
 .bss           0x00813ca8        0x0 c:/altera/13.0sp1/nios2eds/bin/gnu/h-i686-mingw32/bin/../lib/gcc/nios2-elf/4.1.2/../../../../nios2-elf/lib\libc.a(lib_a-sbrkr.o)
 .bss           0x00813ca8        0x0 c:/altera/13.0sp1/nios2eds/bin/gnu/h-i686-mingw32/bin/../lib/gcc/nios2-elf/4.1.2/../../../../nios2-elf/lib\libc.a(lib_a-stdio.o)
 .bss           0x00813ca8        0x0 c:/altera/13.0sp1/nios2eds/bin/gnu/h-i686-mingw32/bin/../lib/gcc/nios2-elf/4.1.2/../../../../nios2-elf/lib\libc.a(lib_a-strcmp.o)
 .bss           0x00813ca8        0x0 c:/altera/13.0sp1/nios2eds/bin/gnu/h-i686-mingw32/bin/../lib/gcc/nios2-elf/4.1.2/../../../../nios2-elf/lib\libc.a(lib_a-writer.o)
 .bss           0x00813ca8        0x0 c:/altera/13.0sp1/nios2eds/bin/gnu/h-i686-mingw32/bin/../lib/gcc/nios2-elf/4.1.2/../../../../nios2-elf/lib\libc.a(lib_a-callocr.o)
 .bss           0x00813ca8        0x0 c:/altera/13.0sp1/nios2eds/bin/gnu/h-i686-mingw32/bin/../lib/gcc/nios2-elf/4.1.2/../../../../nios2-elf/lib\libc.a(lib_a-closer.o)
 .bss           0x00813ca8        0x0 c:/altera/13.0sp1/nios2eds/bin/gnu/h-i686-mingw32/bin/../lib/gcc/nios2-elf/4.1.2/../../../../nios2-elf/lib\libc.a(lib_a-fclose.o)
 .bss           0x00813ca8        0x0 c:/altera/13.0sp1/nios2eds/bin/gnu/h-i686-mingw32/bin/../lib/gcc/nios2-elf/4.1.2/../../../../nios2-elf/lib\libc.a(lib_a-fstatr.o)
 .bss           0x00813ca8        0x0 c:/altera/13.0sp1/nios2eds/bin/gnu/h-i686-mingw32/bin/../lib/gcc/nios2-elf/4.1.2/../../../../nios2-elf/lib\libc.a(lib_a-int_errno.o)
 .bss           0x00813ca8        0x0 c:/altera/13.0sp1/nios2eds/bin/gnu/h-i686-mingw32/bin/../lib/gcc/nios2-elf/4.1.2/../../../../nios2-elf/lib\libc.a(lib_a-isattyr.o)
 .bss           0x00813ca8        0x0 c:/altera/13.0sp1/nios2eds/bin/gnu/h-i686-mingw32/bin/../lib/gcc/nios2-elf/4.1.2/../../../../nios2-elf/lib\libc.a(lib_a-lseekr.o)
 .bss           0x00813ca8        0x0 c:/altera/13.0sp1/nios2eds/bin/gnu/h-i686-mingw32/bin/../lib/gcc/nios2-elf/4.1.2/../../../../nios2-elf/lib\libc.a(lib_a-readr.o)
 .bss           0x00813ca8        0x0 c:/altera/13.0sp1/nios2eds/bin/gnu/h-i686-mingw32/bin/../lib/gcc/nios2-elf/4.1.2\libgcc.a(_udivdi3.o)
 .bss           0x00813ca8        0x0 c:/altera/13.0sp1/nios2eds/bin/gnu/h-i686-mingw32/bin/../lib/gcc/nios2-elf/4.1.2\libgcc.a(_umoddi3.o)
 .bss           0x00813ca8        0x0 c:/altera/13.0sp1/nios2eds/bin/gnu/h-i686-mingw32/bin/../lib/gcc/nios2-elf/4.1.2\libgcc.a(_addsub_df.o)
 .bss           0x00813ca8        0x0 c:/altera/13.0sp1/nios2eds/bin/gnu/h-i686-mingw32/bin/../lib/gcc/nios2-elf/4.1.2\libgcc.a(_mul_df.o)
 .bss           0x00813ca8        0x0 c:/altera/13.0sp1/nios2eds/bin/gnu/h-i686-mingw32/bin/../lib/gcc/nios2-elf/4.1.2\libgcc.a(_div_df.o)
 .bss           0x00813ca8        0x0 c:/altera/13.0sp1/nios2eds/bin/gnu/h-i686-mingw32/bin/../lib/gcc/nios2-elf/4.1.2\libgcc.a(_eq_df.o)
 .bss           0x00813ca8        0x0 c:/altera/13.0sp1/nios2eds/bin/gnu/h-i686-mingw32/bin/../lib/gcc/nios2-elf/4.1.2\libgcc.a(_ne_df.o)
 .bss           0x00813ca8        0x0 c:/altera/13.0sp1/nios2eds/bin/gnu/h-i686-mingw32/bin/../lib/gcc/nios2-elf/4.1.2\libgcc.a(_gt_df.o)
 .bss           0x00813ca8        0x0 c:/altera/13.0sp1/nios2eds/bin/gnu/h-i686-mingw32/bin/../lib/gcc/nios2-elf/4.1.2\libgcc.a(_ge_df.o)
 .bss           0x00813ca8        0x0 c:/altera/13.0sp1/nios2eds/bin/gnu/h-i686-mingw32/bin/../lib/gcc/nios2-elf/4.1.2\libgcc.a(_lt_df.o)
 .bss           0x00813ca8        0x0 c:/altera/13.0sp1/nios2eds/bin/gnu/h-i686-mingw32/bin/../lib/gcc/nios2-elf/4.1.2\libgcc.a(_si_to_df.o)
 .bss           0x00813ca8        0x0 c:/altera/13.0sp1/nios2eds/bin/gnu/h-i686-mingw32/bin/../lib/gcc/nios2-elf/4.1.2\libgcc.a(_df_to_si.o)
 .bss           0x00813ca8        0x0 c:/altera/13.0sp1/nios2eds/bin/gnu/h-i686-mingw32/bin/../lib/gcc/nios2-elf/4.1.2\libgcc.a(_thenan_df.o)
 .bss           0x00813ca8        0x0 c:/altera/13.0sp1/nios2eds/bin/gnu/h-i686-mingw32/bin/../lib/gcc/nios2-elf/4.1.2\libgcc.a(_usi_to_df.o)
 .bss           0x00813ca8        0x0 c:/altera/13.0sp1/nios2eds/bin/gnu/h-i686-mingw32/bin/../lib/gcc/nios2-elf/4.1.2\libgcc.a(lib2-divmod.o)
 .bss           0x00813ca8        0x0 c:/altera/13.0sp1/nios2eds/bin/gnu/h-i686-mingw32/bin/../lib/gcc/nios2-elf/4.1.2\libgcc.a(_muldi3.o)
 .bss           0x00813ca8        0x0 c:/altera/13.0sp1/nios2eds/bin/gnu/h-i686-mingw32/bin/../lib/gcc/nios2-elf/4.1.2\libgcc.a(_clz.o)
 .bss           0x00813ca8        0x0 c:/altera/13.0sp1/nios2eds/bin/gnu/h-i686-mingw32/bin/../lib/gcc/nios2-elf/4.1.2\libgcc.a(_clzsi2.o)
 .bss           0x00813ca8        0x0 c:/altera/13.0sp1/nios2eds/bin/gnu/h-i686-mingw32/bin/../lib/gcc/nios2-elf/4.1.2\libgcc.a(_pack_df.o)
 .bss           0x00813ca8        0x0 c:/altera/13.0sp1/nios2eds/bin/gnu/h-i686-mingw32/bin/../lib/gcc/nios2-elf/4.1.2\libgcc.a(_unpack_df.o)
 .bss           0x00813ca8        0x0 c:/altera/13.0sp1/nios2eds/bin/gnu/h-i686-mingw32/bin/../lib/gcc/nios2-elf/4.1.2\libgcc.a(_fpcmp_parts_df.o)
 .bss           0x00813ca8        0x0 ../proj_fim_bsp/\libhal_bsp.a(alt_close.o)
 .bss           0x00813ca8        0x0 ../proj_fim_bsp/\libhal_bsp.a(alt_dev.o)
 .bss           0x00813ca8        0x0 ../proj_fim_bsp/\libhal_bsp.a(alt_errno.o)
 .bss           0x00813ca8        0x0 ../proj_fim_bsp/\libhal_bsp.a(alt_fstat.o)
 .bss           0x00813ca8        0x0 ../proj_fim_bsp/\libhal_bsp.a(alt_isatty.o)
 .bss           0x00813ca8        0x0 ../proj_fim_bsp/\libhal_bsp.a(alt_lseek.o)
 .bss           0x00813ca8        0x0 ../proj_fim_bsp/\libhal_bsp.a(alt_main.o)
 .bss           0x00813ca8        0x0 ../proj_fim_bsp/\libhal_bsp.a(alt_malloc_lock.o)
 .bss           0x00813ca8        0x0 ../proj_fim_bsp/\libhal_bsp.a(alt_read.o)
 .bss           0x00813ca8        0x0 ../proj_fim_bsp/\libhal_bsp.a(alt_release_fd.o)
 .bss           0x00813ca8        0x0 ../proj_fim_bsp/\libhal_bsp.a(alt_sbrk.o)
 .bss           0x00813ca8        0x0 ../proj_fim_bsp/\libhal_bsp.a(alt_usleep.o)
 .bss           0x00813ca8        0x0 ../proj_fim_bsp/\libhal_bsp.a(alt_write.o)
 .bss           0x00813ca8        0x0 ../proj_fim_bsp/\libhal_bsp.a(alt_sys_init.o)
 .bss           0x00813ca8        0x0 ../proj_fim_bsp/\libhal_bsp.a(altera_avalon_cfi_flash.o)
 .bss           0x00813ca8        0x0 ../proj_fim_bsp/\libhal_bsp.a(altera_avalon_cfi_flash_table.o)
 .bss           0x00813ca8        0x0 ../proj_fim_bsp/\libhal_bsp.a(altera_avalon_epcs_flash_controller.o)
 .bss           0x00813ca8        0x0 ../proj_fim_bsp/\libhal_bsp.a(altera_avalon_jtag_uart_fd.o)
 .bss           0x00813ca8        0x0 ../proj_fim_bsp/\libhal_bsp.a(altera_avalon_jtag_uart_init.o)
 .bss           0x00813ca8        0x0 ../proj_fim_bsp/\libhal_bsp.a(altera_avalon_jtag_uart_ioctl.o)
 .bss           0x00813ca8        0x0 ../proj_fim_bsp/\libhal_bsp.a(altera_avalon_jtag_uart_read.o)
 .bss           0x00813ca8        0x0 ../proj_fim_bsp/\libhal_bsp.a(altera_avalon_jtag_uart_write.o)
 .bss           0x00813ca8        0x0 ../proj_fim_bsp/\libhal_bsp.a(altera_avalon_lcd_16207.o)
 .bss           0x00813ca8        0x0 ../proj_fim_bsp/\libhal_bsp.a(altera_avalon_lcd_16207_fd.o)
 .bss           0x00813ca8        0x0 ../proj_fim_bsp/\libhal_bsp.a(altera_avalon_timer_sc.o)
 .bss           0x00813ca8        0x0 ../proj_fim_bsp/\libhal_bsp.a(altera_avalon_uart_fd.o)
 .bss           0x00813ca8        0x0 ../proj_fim_bsp/\libhal_bsp.a(altera_avalon_uart_init.o)
 .bss           0x00813ca8        0x0 ../proj_fim_bsp/\libhal_bsp.a(altera_avalon_uart_read.o)
 .bss           0x00813ca8        0x0 ../proj_fim_bsp/\libhal_bsp.a(altera_avalon_uart_write.o)
 .bss           0x00813ca8        0x0 ../proj_fim_bsp/\libhal_bsp.a(epcs_commands.o)
 .bss           0x00813ca8        0x0 ../proj_fim_bsp/\libhal_bsp.a(alt_alarm_start.o)
 .bss           0x00813ca8        0x0 ../proj_fim_bsp/\libhal_bsp.a(alt_busy_sleep.o)
 .bss           0x00813ca8        0x0 ../proj_fim_bsp/\libhal_bsp.a(alt_dcache_flush.o)
 .bss           0x00813ca8        0x0 ../proj_fim_bsp/\libhal_bsp.a(alt_dev_llist_insert.o)
 .bss           0x00813ca8        0x0 ../proj_fim_bsp/\libhal_bsp.a(alt_do_ctors.o)
 .bss           0x00813ca8        0x0 ../proj_fim_bsp/\libhal_bsp.a(alt_do_dtors.o)
 .bss           0x00813ca8        0x0 ../proj_fim_bsp/\libhal_bsp.a(alt_flash_dev.o)
 .bss           0x00813ca8        0x0 ../proj_fim_bsp/\libhal_bsp.a(alt_iic.o)
 .bss           0x00813ca8        0x0 ../proj_fim_bsp/\libhal_bsp.a(alt_iic_isr_register.o)
 .bss           0x00813ca8        0x0 ../proj_fim_bsp/\libhal_bsp.a(alt_io_redirect.o)
 .bss           0x00813ca8        0x0 ../proj_fim_bsp/\libhal_bsp.a(alt_irq_entry.o)
 .bss           0x00813ca8        0x0 ../proj_fim_bsp/\libhal_bsp.a(alt_irq_handler.o)
 .bss           0x00813ca8        0x0 ../proj_fim_bsp/\libhal_bsp.a(alt_irq_vars.o)
 .bss           0x00813ca8        0x0 ../proj_fim_bsp/\libhal_bsp.a(alt_open.o)
 .bss           0x00813ca8        0x0 ../proj_fim_bsp/\libhal_bsp.a(alt_tick.o)
 .bss           0x00813ca8        0x0 ../proj_fim_bsp/\libhal_bsp.a(altera_nios2_qsys_irq.o)
 .bss           0x00813ca8        0x0 ../proj_fim_bsp/\libhal_bsp.a(altera_avalon_cfi_flash_amd.o)
 .bss           0x00813ca8        0x0 ../proj_fim_bsp/\libhal_bsp.a(altera_avalon_cfi_flash_intel.o)
 .bss           0x00813ca8        0x0 ../proj_fim_bsp/\libhal_bsp.a(altera_avalon_spi.o)
 .bss           0x00813ca8        0x0 ../proj_fim_bsp/\libhal_bsp.a(alt_exception_entry.o)
 .bss           0x00813ca8        0x0 ../proj_fim_bsp/\libhal_bsp.a(alt_find_dev.o)
 .bss           0x00813ca8        0x0 ../proj_fim_bsp/\libhal_bsp.a(alt_find_file.o)
 .bss           0x00813ca8        0x0 ../proj_fim_bsp/\libhal_bsp.a(alt_get_fd.o)
 .bss           0x00813ca8        0x0 c:/altera/13.0sp1/nios2eds/bin/gnu/h-i686-mingw32/bin/../lib/gcc/nios2-elf/4.1.2/../../../../nios2-elf/lib\libc.a(lib_a-atexit.o)
 .bss           0x00813ca8        0x0 c:/altera/13.0sp1/nios2eds/bin/gnu/h-i686-mingw32/bin/../lib/gcc/nios2-elf/4.1.2/../../../../nios2-elf/lib\libc.a(lib_a-ctype_.o)
 .bss           0x00813ca8        0x0 c:/altera/13.0sp1/nios2eds/bin/gnu/h-i686-mingw32/bin/../lib/gcc/nios2-elf/4.1.2/../../../../nios2-elf/lib\libc.a(lib_a-exit.o)
 .bss           0x00813ca8        0x0 c:/altera/13.0sp1/nios2eds/bin/gnu/h-i686-mingw32/bin/../lib/gcc/nios2-elf/4.1.2/../../../../nios2-elf/lib\libc.a(lib_a-memcmp.o)
 .bss           0x00813ca8        0x0 c:/altera/13.0sp1/nios2eds/bin/gnu/h-i686-mingw32/bin/../lib/gcc/nios2-elf/4.1.2/../../../../nios2-elf/lib\libc.a(lib_a-__atexit.o)
 .bss           0x00813ca8        0x0 c:/altera/13.0sp1/nios2eds/bin/gnu/h-i686-mingw32/bin/../lib/gcc/nios2-elf/4.1.2/../../../../nios2-elf/lib\libc.a(lib_a-__call_atexit.o)
 .bss           0x00813ca8        0x0 ../proj_fim_bsp/\libhal_bsp.a(alt_exit.o)
 *(COMMON)
 COMMON         0x00813ca8      0x100 ../proj_fim_bsp/\libhal_bsp.a(alt_irq_handler.o)
                0x00813ca8                alt_irq
 COMMON         0x00813da8      0x190 c:/altera/13.0sp1/nios2eds/bin/gnu/h-i686-mingw32/bin/../lib/gcc/nios2-elf/4.1.2/../../../../nios2-elf/lib\libc.a(lib_a-atexit.o)
                0x00813da8                _atexit0
                0x00813f38                . = ALIGN (0x4)
                0x00813f38                __bss_end = ABSOLUTE (.)

.sdram_0        0x00813f38        0x0
                0x00813f38                PROVIDE (_alt_partition_sdram_0_start, ABSOLUTE (.))
 *(.sdram_0. sdram_0.*)
                0x00813f38                . = ALIGN (0x4)
                0x00813f38                PROVIDE (_alt_partition_sdram_0_end, ABSOLUTE (.))
                0x00813f38                _end = ABSOLUTE (.)
                0x00813f38                end = ABSOLUTE (.)
                0x00813f38                __alt_stack_base = ABSOLUTE (.)
                0x00813f38                PROVIDE (_alt_partition_sdram_0_load_addr, LOADADDR (.sdram_0))

.cfi_flash_0    0x01400020        0x0
                0x01400020                PROVIDE (_alt_partition_cfi_flash_0_start, ABSOLUTE (.))
 *(.cfi_flash_0. cfi_flash_0.*)
                0x01400020                . = ALIGN (0x4)
                0x01400020                PROVIDE (_alt_partition_cfi_flash_0_end, ABSOLUTE (.))
                0x01400020                PROVIDE (_alt_partition_cfi_flash_0_load_addr, LOADADDR (.cfi_flash_0))

.sram_0         0x01a00000        0x0
                0x01a00000                PROVIDE (_alt_partition_sram_0_start, ABSOLUTE (.))
 *(.sram_0. sram_0.*)
                0x01a00000                . = ALIGN (0x4)
                0x01a00000                PROVIDE (_alt_partition_sram_0_end, ABSOLUTE (.))
                0x01a00000                PROVIDE (_alt_partition_sram_0_load_addr, LOADADDR (.sram_0))

.epcs_controller
                0x01a81800        0x0
                0x01a81800                PROVIDE (_alt_partition_epcs_controller_start, ABSOLUTE (.))
 *(.epcs_controller. epcs_controller.*)
                0x01a81800                . = ALIGN (0x4)
                0x01a81800                PROVIDE (_alt_partition_epcs_controller_end, ABSOLUTE (.))
                0x01a81800                PROVIDE (_alt_partition_epcs_controller_load_addr, LOADADDR (.epcs_controller))

.stab
 *(.stab)

.stabstr
 *(.stabstr)

.stab.excl
 *(.stab.excl)

.stab.exclstr
 *(.stab.exclstr)

.stab.index
 *(.stab.index)

.stab.indexstr
 *(.stab.indexstr)

.comment        0x00000000       0x26
 *(.comment)
 .comment       0x00000000       0x26 obj/default/hello_world.o
                                 0x27 (size before relaxing)
 .comment       0x00000000       0x27 c:/altera/13.0sp1/nios2eds/bin/gnu/h-i686-mingw32/bin/../lib/gcc/nios2-elf/4.1.2/../../../../nios2-elf/lib\libc.a(lib_a-printf.o)
 .comment       0x00000000       0x27 c:/altera/13.0sp1/nios2eds/bin/gnu/h-i686-mingw32/bin/../lib/gcc/nios2-elf/4.1.2/../../../../nios2-elf/lib\libc.a(lib_a-puts.o)
 .comment       0x00000000       0x27 c:/altera/13.0sp1/nios2eds/bin/gnu/h-i686-mingw32/bin/../lib/gcc/nios2-elf/4.1.2/../../../../nios2-elf/lib\libc.a(lib_a-strlen.o)
 .comment       0x00000000       0x27 c:/altera/13.0sp1/nios2eds/bin/gnu/h-i686-mingw32/bin/../lib/gcc/nios2-elf/4.1.2/../../../../nios2-elf/lib\libc.a(lib_a-vfprintf.o)
 .comment       0x00000000       0x27 c:/altera/13.0sp1/nios2eds/bin/gnu/h-i686-mingw32/bin/../lib/gcc/nios2-elf/4.1.2/../../../../nios2-elf/lib\libc.a(lib_a-wsetup.o)
 .comment       0x00000000       0x27 c:/altera/13.0sp1/nios2eds/bin/gnu/h-i686-mingw32/bin/../lib/gcc/nios2-elf/4.1.2/../../../../nios2-elf/lib\libc.a(lib_a-dtoa.o)
 .comment       0x00000000       0x27 c:/altera/13.0sp1/nios2eds/bin/gnu/h-i686-mingw32/bin/../lib/gcc/nios2-elf/4.1.2/../../../../nios2-elf/lib\libc.a(lib_a-fflush.o)
 .comment       0x00000000       0x27 c:/altera/13.0sp1/nios2eds/bin/gnu/h-i686-mingw32/bin/../lib/gcc/nios2-elf/4.1.2/../../../../nios2-elf/lib\libc.a(lib_a-findfp.o)
 .comment       0x00000000       0x27 c:/altera/13.0sp1/nios2eds/bin/gnu/h-i686-mingw32/bin/../lib/gcc/nios2-elf/4.1.2/../../../../nios2-elf/lib\libc.a(lib_a-freer.o)
 .comment       0x00000000       0x27 c:/altera/13.0sp1/nios2eds/bin/gnu/h-i686-mingw32/bin/../lib/gcc/nios2-elf/4.1.2/../../../../nios2-elf/lib\libc.a(lib_a-fvwrite.o)
 .comment       0x00000000       0x27 c:/altera/13.0sp1/nios2eds/bin/gnu/h-i686-mingw32/bin/../lib/gcc/nios2-elf/4.1.2/../../../../nios2-elf/lib\libc.a(lib_a-fwalk.o)
 .comment       0x00000000       0x27 c:/altera/13.0sp1/nios2eds/bin/gnu/h-i686-mingw32/bin/../lib/gcc/nios2-elf/4.1.2/../../../../nios2-elf/lib\libc.a(lib_a-impure.o)
 .comment       0x00000000       0x27 c:/altera/13.0sp1/nios2eds/bin/gnu/h-i686-mingw32/bin/../lib/gcc/nios2-elf/4.1.2/../../../../nios2-elf/lib\libc.a(lib_a-locale.o)
 .comment       0x00000000       0x27 c:/altera/13.0sp1/nios2eds/bin/gnu/h-i686-mingw32/bin/../lib/gcc/nios2-elf/4.1.2/../../../../nios2-elf/lib\libc.a(lib_a-makebuf.o)
 .comment       0x00000000       0x27 c:/altera/13.0sp1/nios2eds/bin/gnu/h-i686-mingw32/bin/../lib/gcc/nios2-elf/4.1.2/../../../../nios2-elf/lib\libc.a(lib_a-mallocr.o)
 .comment       0x00000000       0x27 c:/altera/13.0sp1/nios2eds/bin/gnu/h-i686-mingw32/bin/../lib/gcc/nios2-elf/4.1.2/../../../../nios2-elf/lib\libc.a(lib_a-memchr.o)
 .comment       0x00000000       0x27 c:/altera/13.0sp1/nios2eds/bin/gnu/h-i686-mingw32/bin/../lib/gcc/nios2-elf/4.1.2/../../../../nios2-elf/lib\libc.a(lib_a-memcpy.o)
 .comment       0x00000000       0x27 c:/altera/13.0sp1/nios2eds/bin/gnu/h-i686-mingw32/bin/../lib/gcc/nios2-elf/4.1.2/../../../../nios2-elf/lib\libc.a(lib_a-memmove.o)
 .comment       0x00000000       0x27 c:/altera/13.0sp1/nios2eds/bin/gnu/h-i686-mingw32/bin/../lib/gcc/nios2-elf/4.1.2/../../../../nios2-elf/lib\libc.a(lib_a-memset.o)
 .comment       0x00000000       0x27 c:/altera/13.0sp1/nios2eds/bin/gnu/h-i686-mingw32/bin/../lib/gcc/nios2-elf/4.1.2/../../../../nios2-elf/lib\libc.a(lib_a-mprec.o)
 .comment       0x00000000       0x27 c:/altera/13.0sp1/nios2eds/bin/gnu/h-i686-mingw32/bin/../lib/gcc/nios2-elf/4.1.2/../../../../nios2-elf/lib\libc.a(lib_a-reallocr.o)
 .comment       0x00000000       0x27 c:/altera/13.0sp1/nios2eds/bin/gnu/h-i686-mingw32/bin/../lib/gcc/nios2-elf/4.1.2/../../../../nios2-elf/lib\libc.a(lib_a-s_isinfd.o)
 .comment       0x00000000       0x27 c:/altera/13.0sp1/nios2eds/bin/gnu/h-i686-mingw32/bin/../lib/gcc/nios2-elf/4.1.2/../../../../nios2-elf/lib\libc.a(lib_a-s_isnand.o)
 .comment       0x00000000       0x27 c:/altera/13.0sp1/nios2eds/bin/gnu/h-i686-mingw32/bin/../lib/gcc/nios2-elf/4.1.2/../../../../nios2-elf/lib\libc.a(lib_a-sbrkr.o)
 .comment       0x00000000       0x27 c:/altera/13.0sp1/nios2eds/bin/gnu/h-i686-mingw32/bin/../lib/gcc/nios2-elf/4.1.2/../../../../nios2-elf/lib\libc.a(lib_a-stdio.o)
 .comment       0x00000000       0x27 c:/altera/13.0sp1/nios2eds/bin/gnu/h-i686-mingw32/bin/../lib/gcc/nios2-elf/4.1.2/../../../../nios2-elf/lib\libc.a(lib_a-strcmp.o)
 .comment       0x00000000       0x27 c:/altera/13.0sp1/nios2eds/bin/gnu/h-i686-mingw32/bin/../lib/gcc/nios2-elf/4.1.2/../../../../nios2-elf/lib\libc.a(lib_a-writer.o)
 .comment       0x00000000       0x27 c:/altera/13.0sp1/nios2eds/bin/gnu/h-i686-mingw32/bin/../lib/gcc/nios2-elf/4.1.2/../../../../nios2-elf/lib\libc.a(lib_a-callocr.o)
 .comment       0x00000000       0x27 c:/altera/13.0sp1/nios2eds/bin/gnu/h-i686-mingw32/bin/../lib/gcc/nios2-elf/4.1.2/../../../../nios2-elf/lib\libc.a(lib_a-closer.o)
 .comment       0x00000000       0x27 c:/altera/13.0sp1/nios2eds/bin/gnu/h-i686-mingw32/bin/../lib/gcc/nios2-elf/4.1.2/../../../../nios2-elf/lib\libc.a(lib_a-fclose.o)
 .comment       0x00000000       0x27 c:/altera/13.0sp1/nios2eds/bin/gnu/h-i686-mingw32/bin/../lib/gcc/nios2-elf/4.1.2/../../../../nios2-elf/lib\libc.a(lib_a-fstatr.o)
 .comment       0x00000000       0x27 c:/altera/13.0sp1/nios2eds/bin/gnu/h-i686-mingw32/bin/../lib/gcc/nios2-elf/4.1.2/../../../../nios2-elf/lib\libc.a(lib_a-int_errno.o)
 .comment       0x00000000       0x27 c:/altera/13.0sp1/nios2eds/bin/gnu/h-i686-mingw32/bin/../lib/gcc/nios2-elf/4.1.2/../../../../nios2-elf/lib\libc.a(lib_a-isattyr.o)
 .comment       0x00000000       0x27 c:/altera/13.0sp1/nios2eds/bin/gnu/h-i686-mingw32/bin/../lib/gcc/nios2-elf/4.1.2/../../../../nios2-elf/lib\libc.a(lib_a-lseekr.o)
 .comment       0x00000000       0x27 c:/altera/13.0sp1/nios2eds/bin/gnu/h-i686-mingw32/bin/../lib/gcc/nios2-elf/4.1.2/../../../../nios2-elf/lib\libc.a(lib_a-readr.o)
 .comment       0x00000000       0x27 c:/altera/13.0sp1/nios2eds/bin/gnu/h-i686-mingw32/bin/../lib/gcc/nios2-elf/4.1.2\libgcc.a(_udivdi3.o)
 .comment       0x00000000       0x27 c:/altera/13.0sp1/nios2eds/bin/gnu/h-i686-mingw32/bin/../lib/gcc/nios2-elf/4.1.2\libgcc.a(_umoddi3.o)
 .comment       0x00000000       0x27 c:/altera/13.0sp1/nios2eds/bin/gnu/h-i686-mingw32/bin/../lib/gcc/nios2-elf/4.1.2\libgcc.a(_addsub_df.o)
 .comment       0x00000000       0x27 c:/altera/13.0sp1/nios2eds/bin/gnu/h-i686-mingw32/bin/../lib/gcc/nios2-elf/4.1.2\libgcc.a(_mul_df.o)
 .comment       0x00000000       0x27 c:/altera/13.0sp1/nios2eds/bin/gnu/h-i686-mingw32/bin/../lib/gcc/nios2-elf/4.1.2\libgcc.a(_div_df.o)
 .comment       0x00000000       0x27 c:/altera/13.0sp1/nios2eds/bin/gnu/h-i686-mingw32/bin/../lib/gcc/nios2-elf/4.1.2\libgcc.a(_eq_df.o)
 .comment       0x00000000       0x27 c:/altera/13.0sp1/nios2eds/bin/gnu/h-i686-mingw32/bin/../lib/gcc/nios2-elf/4.1.2\libgcc.a(_ne_df.o)
 .comment       0x00000000       0x27 c:/altera/13.0sp1/nios2eds/bin/gnu/h-i686-mingw32/bin/../lib/gcc/nios2-elf/4.1.2\libgcc.a(_gt_df.o)
 .comment       0x00000000       0x27 c:/altera/13.0sp1/nios2eds/bin/gnu/h-i686-mingw32/bin/../lib/gcc/nios2-elf/4.1.2\libgcc.a(_ge_df.o)
 .comment       0x00000000       0x27 c:/altera/13.0sp1/nios2eds/bin/gnu/h-i686-mingw32/bin/../lib/gcc/nios2-elf/4.1.2\libgcc.a(_lt_df.o)
 .comment       0x00000000       0x27 c:/altera/13.0sp1/nios2eds/bin/gnu/h-i686-mingw32/bin/../lib/gcc/nios2-elf/4.1.2\libgcc.a(_si_to_df.o)
 .comment       0x00000000       0x27 c:/altera/13.0sp1/nios2eds/bin/gnu/h-i686-mingw32/bin/../lib/gcc/nios2-elf/4.1.2\libgcc.a(_df_to_si.o)
 .comment       0x00000000       0x27 c:/altera/13.0sp1/nios2eds/bin/gnu/h-i686-mingw32/bin/../lib/gcc/nios2-elf/4.1.2\libgcc.a(_thenan_df.o)
 .comment       0x00000000       0x27 c:/altera/13.0sp1/nios2eds/bin/gnu/h-i686-mingw32/bin/../lib/gcc/nios2-elf/4.1.2\libgcc.a(_usi_to_df.o)
 .comment       0x00000000       0x27 c:/altera/13.0sp1/nios2eds/bin/gnu/h-i686-mingw32/bin/../lib/gcc/nios2-elf/4.1.2\libgcc.a(lib2-divmod.o)
 .comment       0x00000000       0x27 c:/altera/13.0sp1/nios2eds/bin/gnu/h-i686-mingw32/bin/../lib/gcc/nios2-elf/4.1.2\libgcc.a(_muldi3.o)
 .comment       0x00000000       0x27 c:/altera/13.0sp1/nios2eds/bin/gnu/h-i686-mingw32/bin/../lib/gcc/nios2-elf/4.1.2\libgcc.a(_clz.o)
 .comment       0x00000000       0x27 c:/altera/13.0sp1/nios2eds/bin/gnu/h-i686-mingw32/bin/../lib/gcc/nios2-elf/4.1.2\libgcc.a(_clzsi2.o)
 .comment       0x00000000       0x27 c:/altera/13.0sp1/nios2eds/bin/gnu/h-i686-mingw32/bin/../lib/gcc/nios2-elf/4.1.2\libgcc.a(_pack_df.o)
 .comment       0x00000000       0x27 c:/altera/13.0sp1/nios2eds/bin/gnu/h-i686-mingw32/bin/../lib/gcc/nios2-elf/4.1.2\libgcc.a(_unpack_df.o)
 .comment       0x00000000       0x27 c:/altera/13.0sp1/nios2eds/bin/gnu/h-i686-mingw32/bin/../lib/gcc/nios2-elf/4.1.2\libgcc.a(_fpcmp_parts_df.o)
 .comment       0x00000000       0x27 ../proj_fim_bsp/\libhal_bsp.a(alt_close.o)
 .comment       0x00000000       0x27 ../proj_fim_bsp/\libhal_bsp.a(alt_dev.o)
 .comment       0x00000000       0x27 ../proj_fim_bsp/\libhal_bsp.a(alt_errno.o)
 .comment       0x00000000       0x27 ../proj_fim_bsp/\libhal_bsp.a(alt_fstat.o)
 .comment       0x00000000       0x27 ../proj_fim_bsp/\libhal_bsp.a(alt_isatty.o)
 .comment       0x00000000       0x27 ../proj_fim_bsp/\libhal_bsp.a(alt_lseek.o)
 .comment       0x00000000       0x27 ../proj_fim_bsp/\libhal_bsp.a(alt_main.o)
 .comment       0x00000000       0x27 ../proj_fim_bsp/\libhal_bsp.a(alt_malloc_lock.o)
 .comment       0x00000000       0x27 ../proj_fim_bsp/\libhal_bsp.a(alt_read.o)
 .comment       0x00000000       0x27 ../proj_fim_bsp/\libhal_bsp.a(alt_release_fd.o)
 .comment       0x00000000       0x27 ../proj_fim_bsp/\libhal_bsp.a(alt_sbrk.o)
 .comment       0x00000000       0x27 ../proj_fim_bsp/\libhal_bsp.a(alt_usleep.o)
 .comment       0x00000000       0x27 ../proj_fim_bsp/\libhal_bsp.a(alt_write.o)
 .comment       0x00000000       0x27 ../proj_fim_bsp/\libhal_bsp.a(alt_sys_init.o)
 .comment       0x00000000       0x27 ../proj_fim_bsp/\libhal_bsp.a(altera_avalon_cfi_flash.o)
 .comment       0x00000000       0x27 ../proj_fim_bsp/\libhal_bsp.a(altera_avalon_cfi_flash_table.o)
 .comment       0x00000000       0x27 ../proj_fim_bsp/\libhal_bsp.a(altera_avalon_epcs_flash_controller.o)
 .comment       0x00000000       0x27 ../proj_fim_bsp/\libhal_bsp.a(altera_avalon_jtag_uart_fd.o)
 .comment       0x00000000       0x27 ../proj_fim_bsp/\libhal_bsp.a(altera_avalon_jtag_uart_init.o)
 .comment       0x00000000       0x27 ../proj_fim_bsp/\libhal_bsp.a(altera_avalon_jtag_uart_ioctl.o)
 .comment       0x00000000       0x27 ../proj_fim_bsp/\libhal_bsp.a(altera_avalon_jtag_uart_read.o)
 .comment       0x00000000       0x27 ../proj_fim_bsp/\libhal_bsp.a(altera_avalon_jtag_uart_write.o)
 .comment       0x00000000       0x27 ../proj_fim_bsp/\libhal_bsp.a(altera_avalon_lcd_16207.o)
 .comment       0x00000000       0x27 ../proj_fim_bsp/\libhal_bsp.a(altera_avalon_lcd_16207_fd.o)
 .comment       0x00000000       0x27 ../proj_fim_bsp/\libhal_bsp.a(altera_avalon_timer_sc.o)
 .comment       0x00000000       0x27 ../proj_fim_bsp/\libhal_bsp.a(altera_avalon_uart_fd.o)
 .comment       0x00000000       0x27 ../proj_fim_bsp/\libhal_bsp.a(altera_avalon_uart_init.o)
 .comment       0x00000000       0x27 ../proj_fim_bsp/\libhal_bsp.a(altera_avalon_uart_read.o)
 .comment       0x00000000       0x27 ../proj_fim_bsp/\libhal_bsp.a(altera_avalon_uart_write.o)
 .comment       0x00000000       0x27 ../proj_fim_bsp/\libhal_bsp.a(epcs_commands.o)
 .comment       0x00000000       0x27 ../proj_fim_bsp/\libhal_bsp.a(alt_alarm_start.o)
 .comment       0x00000000       0x27 ../proj_fim_bsp/\libhal_bsp.a(alt_busy_sleep.o)
 .comment       0x00000000       0x27 ../proj_fim_bsp/\libhal_bsp.a(alt_dcache_flush.o)
 .comment       0x00000000       0x27 ../proj_fim_bsp/\libhal_bsp.a(alt_dev_llist_insert.o)
 .comment       0x00000000       0x27 ../proj_fim_bsp/\libhal_bsp.a(alt_do_ctors.o)
 .comment       0x00000000       0x27 ../proj_fim_bsp/\libhal_bsp.a(alt_do_dtors.o)
 .comment       0x00000000       0x27 ../proj_fim_bsp/\libhal_bsp.a(alt_flash_dev.o)
 .comment       0x00000000       0x27 ../proj_fim_bsp/\libhal_bsp.a(alt_iic.o)
 .comment       0x00000000       0x27 ../proj_fim_bsp/\libhal_bsp.a(alt_iic_isr_register.o)
 .comment       0x00000000       0x27 ../proj_fim_bsp/\libhal_bsp.a(alt_io_redirect.o)
 .comment       0x00000000       0x27 ../proj_fim_bsp/\libhal_bsp.a(alt_irq_handler.o)
 .comment       0x00000000       0x27 ../proj_fim_bsp/\libhal_bsp.a(alt_irq_vars.o)
 .comment       0x00000000       0x27 ../proj_fim_bsp/\libhal_bsp.a(alt_open.o)
 .comment       0x00000000       0x27 ../proj_fim_bsp/\libhal_bsp.a(alt_tick.o)
 .comment       0x00000000       0x27 ../proj_fim_bsp/\libhal_bsp.a(altera_nios2_qsys_irq.o)
 .comment       0x00000000       0x27 ../proj_fim_bsp/\libhal_bsp.a(altera_avalon_cfi_flash_amd.o)
 .comment       0x00000000       0x27 ../proj_fim_bsp/\libhal_bsp.a(altera_avalon_cfi_flash_intel.o)
 .comment       0x00000000       0x27 ../proj_fim_bsp/\libhal_bsp.a(altera_avalon_spi.o)
 .comment       0x00000000       0x27 ../proj_fim_bsp/\libhal_bsp.a(alt_find_dev.o)
 .comment       0x00000000       0x27 ../proj_fim_bsp/\libhal_bsp.a(alt_find_file.o)
 .comment       0x00000000       0x27 ../proj_fim_bsp/\libhal_bsp.a(alt_get_fd.o)
 .comment       0x00000000       0x27 c:/altera/13.0sp1/nios2eds/bin/gnu/h-i686-mingw32/bin/../lib/gcc/nios2-elf/4.1.2/../../../../nios2-elf/lib\libc.a(lib_a-atexit.o)
 .comment       0x00000000       0x27 c:/altera/13.0sp1/nios2eds/bin/gnu/h-i686-mingw32/bin/../lib/gcc/nios2-elf/4.1.2/../../../../nios2-elf/lib\libc.a(lib_a-ctype_.o)
 .comment       0x00000000       0x27 c:/altera/13.0sp1/nios2eds/bin/gnu/h-i686-mingw32/bin/../lib/gcc/nios2-elf/4.1.2/../../../../nios2-elf/lib\libc.a(lib_a-exit.o)
 .comment       0x00000000       0x27 c:/altera/13.0sp1/nios2eds/bin/gnu/h-i686-mingw32/bin/../lib/gcc/nios2-elf/4.1.2/../../../../nios2-elf/lib\libc.a(lib_a-memcmp.o)
 .comment       0x00000000       0x27 c:/altera/13.0sp1/nios2eds/bin/gnu/h-i686-mingw32/bin/../lib/gcc/nios2-elf/4.1.2/../../../../nios2-elf/lib\libc.a(lib_a-__atexit.o)
 .comment       0x00000000       0x27 c:/altera/13.0sp1/nios2eds/bin/gnu/h-i686-mingw32/bin/../lib/gcc/nios2-elf/4.1.2/../../../../nios2-elf/lib\libc.a(lib_a-__call_atexit.o)
 .comment       0x00000000       0x27 ../proj_fim_bsp/\libhal_bsp.a(alt_exit.o)

.debug
 *(.debug)

.line
 *(.line)

.debug_srcinfo
 *(.debug_srcinfo)

.debug_sfnames
 *(.debug_sfnames)

.debug_aranges  0x00000000      0xe10
 *(.debug_aranges)
 .debug_aranges
                0x00000000       0x20 ../proj_fim_bsp//obj/HAL/src/crt0.o
 .debug_aranges
                0x00000020       0x20 obj/default/hello_world.o
 .debug_aranges
                0x00000040       0x20 c:/altera/13.0sp1/nios2eds/bin/gnu/h-i686-mingw32/bin/../lib/gcc/nios2-elf/4.1.2/../../../../nios2-elf/lib\libc.a(lib_a-printf.o)
 .debug_aranges
                0x00000060       0x20 c:/altera/13.0sp1/nios2eds/bin/gnu/h-i686-mingw32/bin/../lib/gcc/nios2-elf/4.1.2/../../../../nios2-elf/lib\libc.a(lib_a-puts.o)
 .debug_aranges
                0x00000080       0x20 c:/altera/13.0sp1/nios2eds/bin/gnu/h-i686-mingw32/bin/../lib/gcc/nios2-elf/4.1.2/../../../../nios2-elf/lib\libc.a(lib_a-strlen.o)
 .debug_aranges
                0x000000a0       0x20 c:/altera/13.0sp1/nios2eds/bin/gnu/h-i686-mingw32/bin/../lib/gcc/nios2-elf/4.1.2/../../../../nios2-elf/lib\libc.a(lib_a-vfprintf.o)
 .debug_aranges
                0x000000c0       0x20 c:/altera/13.0sp1/nios2eds/bin/gnu/h-i686-mingw32/bin/../lib/gcc/nios2-elf/4.1.2/../../../../nios2-elf/lib\libc.a(lib_a-wsetup.o)
 .debug_aranges
                0x000000e0       0x20 c:/altera/13.0sp1/nios2eds/bin/gnu/h-i686-mingw32/bin/../lib/gcc/nios2-elf/4.1.2/../../../../nios2-elf/lib\libc.a(lib_a-dtoa.o)
 .debug_aranges
                0x00000100       0x20 c:/altera/13.0sp1/nios2eds/bin/gnu/h-i686-mingw32/bin/../lib/gcc/nios2-elf/4.1.2/../../../../nios2-elf/lib\libc.a(lib_a-fflush.o)
 .debug_aranges
                0x00000120       0x20 c:/altera/13.0sp1/nios2eds/bin/gnu/h-i686-mingw32/bin/../lib/gcc/nios2-elf/4.1.2/../../../../nios2-elf/lib\libc.a(lib_a-findfp.o)
 .debug_aranges
                0x00000140       0x20 c:/altera/13.0sp1/nios2eds/bin/gnu/h-i686-mingw32/bin/../lib/gcc/nios2-elf/4.1.2/../../../../nios2-elf/lib\libc.a(lib_a-freer.o)
 .debug_aranges
                0x00000160       0x20 c:/altera/13.0sp1/nios2eds/bin/gnu/h-i686-mingw32/bin/../lib/gcc/nios2-elf/4.1.2/../../../../nios2-elf/lib\libc.a(lib_a-fvwrite.o)
 .debug_aranges
                0x00000180       0x20 c:/altera/13.0sp1/nios2eds/bin/gnu/h-i686-mingw32/bin/../lib/gcc/nios2-elf/4.1.2/../../../../nios2-elf/lib\libc.a(lib_a-fwalk.o)
 .debug_aranges
                0x000001a0       0x20 c:/altera/13.0sp1/nios2eds/bin/gnu/h-i686-mingw32/bin/../lib/gcc/nios2-elf/4.1.2/../../../../nios2-elf/lib\libc.a(lib_a-locale.o)
 .debug_aranges
                0x000001c0       0x20 c:/altera/13.0sp1/nios2eds/bin/gnu/h-i686-mingw32/bin/../lib/gcc/nios2-elf/4.1.2/../../../../nios2-elf/lib\libc.a(lib_a-makebuf.o)
 .debug_aranges
                0x000001e0       0x20 c:/altera/13.0sp1/nios2eds/bin/gnu/h-i686-mingw32/bin/../lib/gcc/nios2-elf/4.1.2/../../../../nios2-elf/lib\libc.a(lib_a-mallocr.o)
 .debug_aranges
                0x00000200       0x20 c:/altera/13.0sp1/nios2eds/bin/gnu/h-i686-mingw32/bin/../lib/gcc/nios2-elf/4.1.2/../../../../nios2-elf/lib\libc.a(lib_a-memchr.o)
 .debug_aranges
                0x00000220       0x20 c:/altera/13.0sp1/nios2eds/bin/gnu/h-i686-mingw32/bin/../lib/gcc/nios2-elf/4.1.2/../../../../nios2-elf/lib\libc.a(lib_a-memcpy.o)
 .debug_aranges
                0x00000240       0x20 c:/altera/13.0sp1/nios2eds/bin/gnu/h-i686-mingw32/bin/../lib/gcc/nios2-elf/4.1.2/../../../../nios2-elf/lib\libc.a(lib_a-memmove.o)
 .debug_aranges
                0x00000260       0x20 c:/altera/13.0sp1/nios2eds/bin/gnu/h-i686-mingw32/bin/../lib/gcc/nios2-elf/4.1.2/../../../../nios2-elf/lib\libc.a(lib_a-memset.o)
 .debug_aranges
                0x00000280       0x20 c:/altera/13.0sp1/nios2eds/bin/gnu/h-i686-mingw32/bin/../lib/gcc/nios2-elf/4.1.2/../../../../nios2-elf/lib\libc.a(lib_a-mprec.o)
 .debug_aranges
                0x000002a0       0x20 c:/altera/13.0sp1/nios2eds/bin/gnu/h-i686-mingw32/bin/../lib/gcc/nios2-elf/4.1.2/../../../../nios2-elf/lib\libc.a(lib_a-reallocr.o)
 .debug_aranges
                0x000002c0       0x20 c:/altera/13.0sp1/nios2eds/bin/gnu/h-i686-mingw32/bin/../lib/gcc/nios2-elf/4.1.2/../../../../nios2-elf/lib\libc.a(lib_a-s_isinfd.o)
 .debug_aranges
                0x000002e0       0x20 c:/altera/13.0sp1/nios2eds/bin/gnu/h-i686-mingw32/bin/../lib/gcc/nios2-elf/4.1.2/../../../../nios2-elf/lib\libc.a(lib_a-s_isnand.o)
 .debug_aranges
                0x00000300       0x20 c:/altera/13.0sp1/nios2eds/bin/gnu/h-i686-mingw32/bin/../lib/gcc/nios2-elf/4.1.2/../../../../nios2-elf/lib\libc.a(lib_a-sbrkr.o)
 .debug_aranges
                0x00000320       0x20 c:/altera/13.0sp1/nios2eds/bin/gnu/h-i686-mingw32/bin/../lib/gcc/nios2-elf/4.1.2/../../../../nios2-elf/lib\libc.a(lib_a-stdio.o)
 .debug_aranges
                0x00000340       0x20 c:/altera/13.0sp1/nios2eds/bin/gnu/h-i686-mingw32/bin/../lib/gcc/nios2-elf/4.1.2/../../../../nios2-elf/lib\libc.a(lib_a-strcmp.o)
 .debug_aranges
                0x00000360       0x20 c:/altera/13.0sp1/nios2eds/bin/gnu/h-i686-mingw32/bin/../lib/gcc/nios2-elf/4.1.2/../../../../nios2-elf/lib\libc.a(lib_a-writer.o)
 .debug_aranges
                0x00000380       0x20 c:/altera/13.0sp1/nios2eds/bin/gnu/h-i686-mingw32/bin/../lib/gcc/nios2-elf/4.1.2/../../../../nios2-elf/lib\libc.a(lib_a-callocr.o)
 .debug_aranges
                0x000003a0       0x20 c:/altera/13.0sp1/nios2eds/bin/gnu/h-i686-mingw32/bin/../lib/gcc/nios2-elf/4.1.2/../../../../nios2-elf/lib\libc.a(lib_a-closer.o)
 .debug_aranges
                0x000003c0       0x20 c:/altera/13.0sp1/nios2eds/bin/gnu/h-i686-mingw32/bin/../lib/gcc/nios2-elf/4.1.2/../../../../nios2-elf/lib\libc.a(lib_a-fclose.o)
 .debug_aranges