Archive member included because of file (symbol)

d:/altera/13.0sp1/nios2eds/bin/gnu/h-i686-mingw32/bin/../lib/gcc/nios2-elf/4.1.2\libgcc.a(_fixunsdfsi.o)
                              obj/default/dm9000a.o (__fixunsdfsi)
d:/altera/13.0sp1/nios2eds/bin/gnu/h-i686-mingw32/bin/../lib/gcc/nios2-elf/4.1.2\libgcc.a(_addsub_df.o)
                              d:/altera/13.0sp1/nios2eds/bin/gnu/h-i686-mingw32/bin/../lib/gcc/nios2-elf/4.1.2\libgcc.a(_fixunsdfsi.o) (__subdf3)
d:/altera/13.0sp1/nios2eds/bin/gnu/h-i686-mingw32/bin/../lib/gcc/nios2-elf/4.1.2\libgcc.a(_mul_df.o)
                              obj/default/dm9000a.o (__muldf3)
d:/altera/13.0sp1/nios2eds/bin/gnu/h-i686-mingw32/bin/../lib/gcc/nios2-elf/4.1.2\libgcc.a(_ge_df.o)
                              d:/altera/13.0sp1/nios2eds/bin/gnu/h-i686-mingw32/bin/../lib/gcc/nios2-elf/4.1.2\libgcc.a(_fixunsdfsi.o) (__gedf2)
d:/altera/13.0sp1/nios2eds/bin/gnu/h-i686-mingw32/bin/../lib/gcc/nios2-elf/4.1.2\libgcc.a(_df_to_si.o)
                              d:/altera/13.0sp1/nios2eds/bin/gnu/h-i686-mingw32/bin/../lib/gcc/nios2-elf/4.1.2\libgcc.a(_fixunsdfsi.o) (__fixdfsi)
d:/altera/13.0sp1/nios2eds/bin/gnu/h-i686-mingw32/bin/../lib/gcc/nios2-elf/4.1.2\libgcc.a(_thenan_df.o)
                              d:/altera/13.0sp1/nios2eds/bin/gnu/h-i686-mingw32/bin/../lib/gcc/nios2-elf/4.1.2\libgcc.a(_addsub_df.o) (__thenan_df)
d:/altera/13.0sp1/nios2eds/bin/gnu/h-i686-mingw32/bin/../lib/gcc/nios2-elf/4.1.2\libgcc.a(_usi_to_df.o)
                              obj/default/dm9000a.o (__floatunsidf)
d:/altera/13.0sp1/nios2eds/bin/gnu/h-i686-mingw32/bin/../lib/gcc/nios2-elf/4.1.2\libgcc.a(_muldi3.o)
                              d:/altera/13.0sp1/nios2eds/bin/gnu/h-i686-mingw32/bin/../lib/gcc/nios2-elf/4.1.2\libgcc.a(_mul_df.o) (__muldi3)
d:/altera/13.0sp1/nios2eds/bin/gnu/h-i686-mingw32/bin/../lib/gcc/nios2-elf/4.1.2\libgcc.a(_clzsi2.o)
                              d:/altera/13.0sp1/nios2eds/bin/gnu/h-i686-mingw32/bin/../lib/gcc/nios2-elf/4.1.2\libgcc.a(_usi_to_df.o) (__clzsi2)
d:/altera/13.0sp1/nios2eds/bin/gnu/h-i686-mingw32/bin/../lib/gcc/nios2-elf/4.1.2\libgcc.a(_pack_df.o)
                              d:/altera/13.0sp1/nios2eds/bin/gnu/h-i686-mingw32/bin/../lib/gcc/nios2-elf/4.1.2\libgcc.a(_addsub_df.o) (__pack_d)
d:/altera/13.0sp1/nios2eds/bin/gnu/h-i686-mingw32/bin/../lib/gcc/nios2-elf/4.1.2\libgcc.a(_unpack_df.o)
                              d:/altera/13.0sp1/nios2eds/bin/gnu/h-i686-mingw32/bin/../lib/gcc/nios2-elf/4.1.2\libgcc.a(_addsub_df.o) (__unpack_d)
d:/altera/13.0sp1/nios2eds/bin/gnu/h-i686-mingw32/bin/../lib/gcc/nios2-elf/4.1.2\libgcc.a(_fpcmp_parts_df.o)
                              d:/altera/13.0sp1/nios2eds/bin/gnu/h-i686-mingw32/bin/../lib/gcc/nios2-elf/4.1.2\libgcc.a(_ge_df.o) (__fpcmp_parts_d)
d:/altera/13.0sp1/nios2eds/bin/gnu/h-i686-mingw32/bin/../lib/gcc/nios2-elf/4.1.2\libgcc.a(_clz.o)
                              d:/altera/13.0sp1/nios2eds/bin/gnu/h-i686-mingw32/bin/../lib/gcc/nios2-elf/4.1.2\libgcc.a(_clzsi2.o) (__clz_tab)
d:/altera/13.0sp1/nios2eds/bin/gnu/h-i686-mingw32/bin/../lib/gcc/nios2-elf/4.1.2/../../../../nios2-elf/lib\libc.a(lib_a-atoi.o)
                              obj/default/iniche_init.o (atoi)
d:/altera/13.0sp1/nios2eds/bin/gnu/h-i686-mingw32/bin/../lib/gcc/nios2-elf/4.1.2/../../../../nios2-elf/lib\libc.a(lib_a-ctype_.o)
                              obj/default/network_utilities.o (__ctype_ptr)
d:/altera/13.0sp1/nios2eds/bin/gnu/h-i686-mingw32/bin/../lib/gcc/nios2-elf/4.1.2/../../../../nios2-elf/lib\libc.a(lib_a-errno.o)
                              obj/default/iniche_init.o (__errno)
d:/altera/13.0sp1/nios2eds/bin/gnu/h-i686-mingw32/bin/../lib/gcc/nios2-elf/4.1.2/../../../../nios2-elf/lib\libc.a(lib_a-exit.o)
                              obj/default/iniche_init.o (exit)
d:/altera/13.0sp1/nios2eds/bin/gnu/h-i686-mingw32/bin/../lib/gcc/nios2-elf/4.1.2/../../../../nios2-elf/lib\libc.a(lib_a-fprintf.o)
                              obj/default/alt_error_handler.o (fprintf)
d:/altera/13.0sp1/nios2eds/bin/gnu/h-i686-mingw32/bin/../lib/gcc/nios2-elf/4.1.2/../../../../nios2-elf/lib\libc.a(lib_a-fwrite.o)
                              obj/default/alt_error_handler.o (fwrite)
d:/altera/13.0sp1/nios2eds/bin/gnu/h-i686-mingw32/bin/../lib/gcc/nios2-elf/4.1.2/../../../../nios2-elf/lib\libc.a(lib_a-getc.o)
                              obj/default/network_utilities.o (getc)
d:/altera/13.0sp1/nios2eds/bin/gnu/h-i686-mingw32/bin/../lib/gcc/nios2-elf/4.1.2/../../../../nios2-elf/lib\libc.a(lib_a-impure.o)
                              obj/default/alt_error_handler.o (_impure_ptr)
d:/altera/13.0sp1/nios2eds/bin/gnu/h-i686-mingw32/bin/../lib/gcc/nios2-elf/4.1.2/../../../../nios2-elf/lib\libc.a(lib_a-memcpy.o)
                              obj/default/simple_socket_server.o (memcpy)
d:/altera/13.0sp1/nios2eds/bin/gnu/h-i686-mingw32/bin/../lib/gcc/nios2-elf/4.1.2/../../../../nios2-elf/lib\libc.a(lib_a-memmove.o)
[...]
Memory Configuration

Name             Origin             Length             Attributes
sdram_0_BEFORE_EXCEPTION 0x00800000         0x00000020
sdram_0          0x00800020         0x007fffe0
reset            0x01400000         0x00000020
cfi_flash_0      0x01400020         0x003fffe0
sram_0           0x01a00000         0x00080000
epcs_controller  0x01a81800         0x00000800
*default*        0x00000000         0xffffffff

Linker script and memory map

LOAD ../lab7_bsp//obj/HAL/src/crt0.o
LOAD obj/default/LCD.o
LOAD obj/default/SSS_DE2_115.o
LOAD obj/default/alt_error_handler.o
LOAD obj/default/dm9000a.o
LOAD obj/default/iniche_init.o
LOAD obj/default/led.o
LOAD obj/default/network_utilities.o
LOAD obj/default/simple_socket_server.o
LOAD obj/default/tse_my_system.o
LOAD d:/altera/13.0sp1/nios2eds/bin/gnu/h-i686-mingw32/bin/../lib/gcc/nios2-elf/4.1.2/../../../../nios2-elf/lib\libstdc++.a
LOAD d:/altera/13.0sp1/nios2eds/bin/gnu/h-i686-mingw32/bin/../lib/gcc/nios2-elf/4.1.2/../../../../nios2-elf/lib\libm.a
LOAD d:/altera/13.0sp1/nios2eds/bin/gnu/h-i686-mingw32/bin/../lib/gcc/nios2-elf/4.1.2\libgcc.a
START GROUP
LOAD d:/altera/13.0sp1/nios2eds/bin/gnu/h-i686-mingw32/bin/../lib/gcc/nios2-elf/4.1.2/../../../../nios2-elf/lib\libc.a
LOAD d:/altera/13.0sp1/nios2eds/bin/gnu/h-i686-mingw32/bin/../lib/gcc/nios2-elf/4.1.2\libgcc.a
LOAD ../lab7_bsp/\libucosii_bsp.a
END GROUP
LOAD d:/altera/13.0sp1/nios2eds/bin/gnu/h-i686-mingw32/bin/../lib/gcc/nios2-elf/4.1.2\libgcc.a
                0x00800000                __alt_mem_sdram_0 = 0x800000
                0x01400000                __alt_mem_cfi_flash_0 = 0x1400000
                0x01a00000                __alt_mem_sram_0 = 0x1a00000
                0x01a81800                __alt_mem_epcs_controller = 0x1a81800

.entry          0x01400000        0x0
 *(.entry)
 .entry         0x01400000        0x0 ../lab7_bsp//obj/HAL/src/crt0.o
                0x01400000                __reset

.exceptions     0x00800020      0x19c
                0x00800020                PROVIDE (__ram_exceptions_start, ABSOLUTE (.))
                0x00800020                . = ALIGN (0x20)
 *(.irq)
 *(.exceptions.entry.label)
 .exceptions.entry.label
                0x00800020        0x0 ../lab7_bsp/\libucosii_bsp.a(alt_irq_entry.o)
                0x00800020                alt_irq_entry
 .exceptions.entry.label
                0x00800020        0x0 ../lab7_bsp/\libucosii_bsp.a(alt_exception_entry.o)
                0x00800020                alt_exception
 *(.exceptions.entry.user)
 *(.exceptions.entry)
 .exceptions.entry
                0x00800020       0x54 ../lab7_bsp/\libucosii_bsp.a(alt_exception_entry.o)
 *(.exceptions.irqtest.user)
 *(.exceptions.irqtest)
 .exceptions.irqtest
                0x00800074       0x10 ../lab7_bsp/\libucosii_bsp.a(alt_irq_entry.o)
 *(.exceptions.irqhandler.user)
 *(.exceptions.irqhandler)
 .exceptions.irqhandler
                0x00800084        0x4 ../lab7_bsp/\libucosii_bsp.a(alt_irq_entry.o)
 *(.exceptions.irqreturn.user)
 *(.exceptions.irqreturn)
 .exceptions.irqreturn
                0x00800088        0x4 ../lab7_bsp/\libucosii_bsp.a(alt_irq_entry.o)
 *(.exceptions.notirq.label)
 .exceptions.notirq.label
                0x0080008c        0x0 ../lab7_bsp/\libucosii_bsp.a(alt_irq_entry.o)
 *(.exceptions.notirq.user)
 *(.exceptions.notirq)
 .exceptions.notirq
                0x0080008c        0x8 ../lab7_bsp/\libucosii_bsp.a(alt_exception_entry.o)
 *(.exceptions.soft.user)
 *(.exceptions.soft)
 *(.exceptions.unknown.user)
 *(.exceptions.unknown)
 .exceptions.unknown
                0x00800094        0x4 ../lab7_bsp/\libucosii_bsp.a(alt_exception_entry.o)
 *(.exceptions.exit.label)
 .exceptions.exit.label
                0x00800098        0x0 ../lab7_bsp/\libucosii_bsp.a(alt_irq_entry.o)
 .exceptions.exit.label
                0x00800098        0x0 ../lab7_bsp/\libucosii_bsp.a(alt_exception_entry.o)
 *(.exceptions.exit.user)
 *(.exceptions.exit)
 .exceptions.exit
                0x00800098       0x54 ../lab7_bsp/\libucosii_bsp.a(alt_exception_entry.o)
 *(.exceptions)
 .exceptions    0x008000ec       0xd0 ../lab7_bsp/\libucosii_bsp.a(alt_irq_handler.o)
                0x008000ec                alt_irq_handler
                0x008001bc                PROVIDE (__ram_exceptions_end, ABSOLUTE (.))
                0x00800020                PROVIDE (__flash_exceptions_start, LOADADDR (.exceptions))

.text           0x008001bc    0x46d94
                0x008001bc                PROVIDE (stext, ABSOLUTE (.))
 *(.interp)
 *(.hash)
 *(.dynsym)
 *(.dynstr)
 *(.gnu.version)
 *(.gnu.version_d)
 *(.gnu.version_r)
 *(.rel.init)
 *(.rela.init)
 *(.rel.text .rel.text.* .rel.gnu.linkonce.t.*)
 *(.rela.text .rela.text.* .rela.gnu.linkonce.t.*)
 *(.rel.fini)
 *(.rela.fini)
 *(.rel.rodata .rel.rodata.* .rel.gnu.linkonce.r.*)
 *(.rela.rodata .rela.rodata.* .rela.gnu.linkonce.r.*)
 *(.rel.data .rel.data.* .rel.gnu.linkonce.d.*)
 *(.rela.data .rela.data.* .rela.gnu.linkonce.d.*)
 *(.rel.tdata .rel.tdata.* .rel.gnu.linkonce.td.*)
 *(.rela.tdata .rela.tdata.* .rela.gnu.linkonce.td.*)
 *(.rel.tbss .rel.tbss.* .rel.gnu.linkonce.tb.*)
 *(.rela.tbss .rela.tbss.* .rela.gnu.linkonce.tb.*)
 *(.rel.ctors)
 *(.rela.ctors)
 *(.rel.dtors)
 *(.rela.dtors)
 *(.rel.got)
 *(.rela.got)
 *(.rel.sdata .rel.sdata.* .rel.gnu.linkonce.s.*)
 *(.rela.sdata .rela.sdata.* .rela.gnu.linkonce.s.*)
 *(.rel.sbss .rel.sbss.* .rel.gnu.linkonce.sb.*)
 *(.rela.sbss .rela.sbss.* .rela.gnu.linkonce.sb.*)
 *(.rel.sdata2 .rel.sdata2.* .rel.gnu.linkonce.s2.*)
 *(.rela.sdata2 .rela.sdata2.* .rela.gnu.linkonce.s2.*)
 *(.rel.sbss2 .rel.sbss2.* .rel.gnu.linkonce.sb2.*)
 *(.rela.sbss2 .rela.sbss2.* .rela.gnu.linkonce.sb2.*)
 *(.rel.bss .rel.bss.* .rel.gnu.linkonce.b.*)
 *(.rela.bss .rela.bss.* .rela.gnu.linkonce.b.*)
 *(.rel.plt)
 *(.rela.plt)
 *(.rel.dyn)
 *(.init)
 *(.plt)
 *(.text .stub .text.* .gnu.linkonce.t.*)
 .text          0x008001bc       0x48 ../lab7_bsp//obj/HAL/src/crt0.o
                0x008001bc                _start
 .text          0x00800204      0x31c obj/default/LCD.o
                0x00800204                LCD_Init
                0x008002a0                LCD_Show_Text
                0x00800328                LCD_Line2
                0x00800364                LCD_Line1
                0x008003a0                LCD_Clear
                0x008003dc                LCD_Test
 .text          0x00800520      0x2ec obj/default/SSS_DE2_115.o
                0x00800520                get_DE2_115_mac_addr
                0x008006c8                FindLastFlashSectorOffset
 .text          0x0080080c      0xba8 obj/default/alt_error_handler.o
                0x0080080c                alt_uCOSIIErrorHandler
                0x00800e30                alt_NetworkErrorHandler
                0x008010c8                alt_SSSErrorHandler
 .text          0x008013b4      0xe48 obj/default/dm9000a.o
                0x008013b4                dm9000a_iow
                0x00801408                dm9000a_ior
                0x00801454                phy_write
                0x008014f0                dm9000a_reset
                0x008016b4                TransmitPacket
                0x008017d0                prep_dm9000a
                0x008019ec                dm9000a_init
                0x00801e3c                dm9Ka_isr_wrap
                0x00801e7c                dm9ka_init
                0x00801f74                dm9ka_close
                0x00802084                dm9ka_stats
                0x008020e0                dm9ka_pkt_send
 .text          0x008021fc      0x474 obj/default/iniche_init.o
                0x008021fc                SSSInitialTask
                0x00802574                main
 .text          0x00802670      0x324 obj/default/led.o
                0x00802670                led_bit_toggle
                0x0080273c                LED7SegLightshowTask
                0x008027b0                LEDManagementTask
 .text          0x00802994      0x73c obj/default/network_utilities.o
                0x00802994                get_mac_addr
                0x008029ec                get_ip_addr
                0x00802a58                get_serial_number
                0x00802c34                generate_and_store_mac_addr
                0x00802e00                generate_mac_addr
                0x00802f3c                get_board_mac_addr
 .text          0x008030d0      0x9f8 obj/default/simple_socket_server.o
                0x008030d0                SSSCreateOSDataStructs
                0x00803178                SSSCreateTasks
                0x0080323c                sss_reset_connection
                0x008032ac                sss_send_menu
                0x0080343c                sss_handle_accept
                0x008034fc                sss_exec_command
                0x00803670                sss_handle_receive
                0x0080385c                SSSSimpleSocketServerTask
 .text          0x00803ac8        0x0 obj/default/tse_my_system.o
 .text          0x00803ac8       0xa4 d:/altera/13.0sp1/nios2eds/bin/gnu/h-i686-mingw32/bin/../lib/gcc/nios2-elf/4.1.2\libgcc.a(_fixunsdfsi.o)
                0x00803ac8                __fixunsdfsi
 .text          0x00803b6c      0x504 d:/altera/13.0sp1/nios2eds/bin/gnu/h-i686-mingw32/bin/../lib/gcc/nios2-elf/4.1.2\libgcc.a(_addsub_df.o)
                0x00803f7c                __subdf3
                0x00803ffc                __adddf3
 .text          0x00804070      0x3c4 d:/altera/13.0sp1/nios2eds/bin/gnu/h-i686-mingw32/bin/../lib/gcc/nios2-elf/4.1.2\libgcc.a(_mul_df.o)
                0x00804070                __muldf3
 .text          0x00804434       0x88 d:/altera/13.0sp1/nios2eds/bin/gnu/h-i686-mingw32/bin/../lib/gcc/nios2-elf/4.1.2\libgcc.a(_ge_df.o)
                0x00804434                __gedf2
 .text          0x008044bc       0xd8 d:/altera/13.0sp1/nios2eds/bin/gnu/h-i686-mingw32/bin/../lib/gcc/nios2-elf/4.1.2\libgcc.a(_df_to_si.o)
                0x008044bc                __fixdfsi
 .text          0x00804594        0x0 d:/altera/13.0sp1/nios2eds/bin/gnu/h-i686-mingw32/bin/../lib/gcc/nios2-elf/4.1.2\libgcc.a(_thenan_df.o)
 .text          0x00804594      0x194 d:/altera/13.0sp1/nios2eds/bin/gnu/h-i686-mingw32/bin/../lib/gcc/nios2-elf/4.1.2\libgcc.a(_usi_to_df.o)
                0x00804594                __floatunsidf
 .text          0x00804728       0x98 d:/altera/13.0sp1/nios2eds/bin/gnu/h-i686-mingw32/bin/../lib/gcc/nios2-elf/4.1.2\libgcc.a(_muldi3.o)
                0x00804728                __muldi3
 .text          0x008047c0       0x80 d:/altera/13.0sp1/nios2eds/bin/gnu/h-i686-mingw32/bin/../lib/gcc/nios2-elf/4.1.2\libgcc.a(_clzsi2.o)
                0x008047c0                __clzsi2
 .text          0x00804840      0x314 d:/altera/13.0sp1/nios2eds/bin/gnu/h-i686-mingw32/bin/../lib/gcc/nios2-elf/4.1.2\libgcc.a(_pack_df.o)
                0x00804840                __pack_d
 .text          0x00804b54      0x138 d:/altera/13.0sp1/nios2eds/bin/gnu/h-i686-mingw32/bin/../lib/gcc/nios2-elf/4.1.2\libgcc.a(_unpack_df.o)
                0x00804b54                __unpack_d
 .text          0x00804c8c       0xc8 d:/altera/13.0sp1/nios2eds/bin/gnu/h-i686-mingw32/bin/../lib/gcc/nios2-elf/4.1.2\libgcc.a(_fpcmp_parts_df.o)
                0x00804c8c                __fpcmp_parts_d
 .text          0x00804d54        0x0 d:/altera/13.0sp1/nios2eds/bin/gnu/h-i686-mingw32/bin/../lib/gcc/nios2-elf/4.1.2\libgcc.a(_clz.o)
 .text          0x00804d54       0x18 d:/altera/13.0sp1/nios2eds/bin/gnu/h-i686-mingw32/bin/../lib/gcc/nios2-elf/4.1.2/../../../../nios2-elf/lib\libc.a(lib_a-atoi.o)
                0x00804d54                _atoi_r
                0x00804d60                atoi
 .text          0x00804d6c        0x0 d:/altera/13.0sp1/nios2eds/bin/gnu/h-i686-mingw32/bin/../lib/gcc/nios2-elf/4.1.2/../../../../nios2-elf/lib\libc.a(lib_a-ctype_.o)
 .text          0x00804d6c       0x10 d:/altera/13.0sp1/nios2eds/bin/gnu/h-i686-mingw32/bin/../lib/gcc/nios2-elf/4.1.2/../../../../nios2-elf/lib\libc.a(lib_a-errno.o)
                0x00804d6c                __errno
 .text          0x00804d7c       0x38 d:/altera/13.0sp1/nios2eds/bin/gnu/h-i686-mingw32/bin/../lib/gcc/nios2-elf/4.1.2/../../../../nios2-elf/lib\libc.a(lib_a-exit.o)
                0x00804d7c                exit
 .text          0x00804db4       0x60 d:/altera/13.0sp1/nios2eds/bin/gnu/h-i686-mingw32/bin/../lib/gcc/nios2-elf/4.1.2/../../../../nios2-elf/lib\libc.a(lib_a-fprintf.o)
                0x00804db4                fprintf
                0x00804de0                _fprintf_r
 .text          0x00804e14       0xdc d:/altera/13.0sp1/nios2eds/bin/gnu/h-i686-mingw32/bin/../lib/gcc/nios2-elf/4.1.2/../../../../nios2-elf/lib\libc.a(lib_a-fwrite.o)
                0x00804e14                _fwrite_r
                0x00804eb0                fwrite
 .text          0x00804ef0      0x128 d:/altera/13.0sp1/nios2eds/bin/gnu/h-i686-mingw32/bin/../lib/gcc/nios2-elf/4.1.2/../../../../nios2-elf/lib\libc.a(lib_a-getc.o)
                0x00804ef0                getc
                0x00804f88                _getc_r
 .text          0x00805018        0x0 d:/altera/13.0sp1/nios2eds/bin/gnu/h-i686-mingw32/bin/../lib/gcc/nios2-elf/4.1.2/../../../../nios2-elf/lib\libc.a(lib_a-impure.o)
 .text          0x00805018       0xa0 d:/altera/13.0sp1/nios2eds/bin/gnu/h-i686-mingw32/bin/../lib/gcc/nios2-elf/4.1.2/../../../../nios2-elf/lib\libc.a(lib_a-memcpy.o)
                0x00805018                memcpy
 .text          0x008050b8       0xe0 d:/altera/13.0sp1/nios2eds/bin/gnu/h-i686-mingw32/bin/../lib/gcc/nios2-elf/4.1.2/../../../../nios2-elf/lib\libc.a(lib_a-memmove.o)
                0x008050b8                memmove
 .text          0x00805198       0x98 d:/altera/13.0sp1/nios2eds/bin/gnu/h-i686-mingw32/bin/../lib/gcc/nios2-elf/4.1.2/../../../../nios2-elf/lib\libc.a(lib_a-memset.o)
                0x00805198                memset
 .text          0x00805230       0x80 d:/altera/13.0sp1/nios2eds/bin/gnu/h-i686-mingw32/bin/../lib/gcc/nios2-elf/4.1.2/../../../../nios2-elf/lib\libc.a(lib_a-perror.o)
                0x00805230                _perror_r
                0x0080529c                perror
 .text          0x008052b0       0x78 d:/altera/13.0sp1/nios2eds/bin/gnu/h-i686-mingw32/bin/../lib/gcc/nios2-elf/4.1.2/../../../../nios2-elf/lib\libc.a(lib_a-printf.o)
                0x008052b0                printf
                0x008052f4                _printf_r
 .text          0x00805328      0x1ec d:/altera/13.0sp1/nios2eds/bin/gnu/h-i686-mingw32/bin/../lib/gcc/nios2-elf/4.1.2/../../../../nios2-elf/lib\libc.a(lib_a-putc.o)
                0x00805328                putc
                0x0080542c                _putc_r
 .text          0x00805514       0x24 d:/altera/13.0sp1/nios2eds/bin/gnu/h-i686-mingw32/bin/../lib/gcc/nios2-elf/4.1.2/../../../../nios2-elf/lib\libc.a(lib_a-putchar.o)
                0x00805514                putchar
                0x00805530                _putchar_r
 .text          0x00805538       0xb4 d:/altera/13.0sp1/nios2eds/bin/gnu/h-i686-mingw32/bin/../lib/gcc/nios2-elf/4.1.2/../../../../nios2-elf/lib\libc.a(lib_a-puts.o)
                0x00805538                _puts_r
                0x008055d8                puts
 .text          0x008055ec       0x60 d:/altera/13.0sp1/nios2eds/bin/gnu/h-i686-mingw32/bin/../lib/gcc/nios2-elf/4.1.2/../../../../nios2-elf/lib\libc.a(lib_a-rget.o)
                0x008055ec                __srget_r
                0x00805638                __srget
 .text          0x0080564c       0xe0 d:/altera/13.0sp1/nios2eds/bin/gnu/h-i686-mingw32/bin/../lib/gcc/nios2-elf/4.1.2/../../../../nios2-elf/lib\libc.a(lib_a-strchr.o)
                0x0080564c                strchr
 .text          0x0080572c       0xbc d:/altera/13.0sp1/nios2eds/bin/gnu/h-i686-mingw32/bin/../lib/gcc/nios2-elf/4.1.2/../../../../nios2-elf/lib\libc.a(lib_a-strcmp.o)
                0x0080572c                strcmp
 .text          0x008057e8      0x674 d:/altera/13.0sp1/nios2eds/bin/gnu/h-i686-mingw32/bin/../lib/gcc/nios2-elf/4.1.2/../../../../nios2-elf/lib\libc.a(lib_a-strerror.o)
                0x008057e8                strerror
 .text          0x00805e5c       0x74 d:/altera/13.0sp1/nios2eds/bin/gnu/h-i686-mingw32/bin/../lib/gcc/nios2-elf/4.1.2/../../../../nios2-elf/lib\libc.a(lib_a-strlen.o)
                0x00805e5c                strlen
 .text          0x00805ed0      0x268 d:/altera/13.0sp1/nios2eds/bin/gnu/h-i686-mingw32/bin/../lib/gcc/nios2-elf/4.1.2/../../../../nios2-elf/lib\libc.a(lib_a-strtol.o)
                0x00805ed0                _strtol_r
                0x00806114                strtol
 .text          0x00806138        0x8 d:/altera/13.0sp1/nios2eds/bin/gnu/h-i686-mingw32/bin/../lib/gcc/nios2-elf/4.1.2/../../../../nios2-elf/lib\libc.a(lib_a-u_strerr.o)
                0x00806138                _user_strerror
 .text          0x00806140     0x1f28 d:/altera/13.0sp1/nios2eds/bin/gnu/h-i686-mingw32/bin/../lib/gcc/nios2-elf/4.1.2/../../../../nios2-elf/lib\libc.a(lib_a-vfprintf.o)
                0x00806198                ___vfprintf_internal_r
                0x00808044                __vfprintf_internal
 .text          0x00808068      0x14c d:/altera/13.0sp1/nios2eds/bin/gnu/h-i686-mingw32/bin/../lib/gcc/nios2-elf/4.1.2/../../../../nios2-elf/lib\libc.a(lib_a-wbuf.o)
                0x00808068                __swbuf_r
                0x00808198                __swbuf
 .text          0x008081b4      0x13c d:/altera/13.0sp1/nios2eds/bin/gnu/h-i686-mingw32/bin/../lib/gcc/nios2-elf/4.1.2/../../../../nios2-elf/lib\libc.a(lib_a-wsetup.o)
                0x008081b4                __swsetup_r
 .text          0x008082f0      0x1b4 d:/altera/13.0sp1/nios2eds/bin/gnu/h-i686-mingw32/bin/../lib/gcc/nios2-elf/4.1.2/../../../../nios2-elf/lib\libc.a(lib_a-__call_atexit.o)
                0x008082f4                __call_exitprocs
 .text          0x008084a4     0x17cc d:/altera/13.0sp1/nios2eds/bin/gnu/h-i686-mingw32/bin/../lib/gcc/nios2-elf/4.1.2/../../../../nios2-elf/lib\libc.a(lib_a-dtoa.o)
                0x008086bc                _dtoa_r
 .text          0x00809c70      0x230 d:/altera/13.0sp1/nios2eds/bin/gnu/h-i686-mingw32/bin/../lib/gcc/nios2-elf/4.1.2/../../../../nios2-elf/lib\libc.a(lib_a-fflush.o)
                0x00809c70                _fflush_r
                0x00809e6c                fflush
 .text          0x00809ea0      0x2c0 d:/altera/13.0sp1/nios2eds/bin/gnu/h-i686-mingw32/bin/../lib/gcc/nios2-elf/4.1.2/../../../../nios2-elf/lib\libc.a(lib_a-findfp.o)
                0x00809ef8                __sfp_lock_acquire
                0x00809efc                __sfp_lock_release
                0x00809f00                __sinit_lock_acquire
                0x00809f04                __sinit_lock_release
                0x00809f08                __sinit
                0x00809fbc                __fp_unlock_all
                0x00809fd4                __fp_lock_all
                0x00809fec                _cleanup_r
                0x00809ff8                _cleanup
                0x0080a008                __sfmoreglue
                0x0080a070                __sfp
 .text          0x0080a160       0xbc d:/altera/13.0sp1/nios2eds/bin/gnu/h-i686-mingw32/bin/../lib/gcc/nios2-elf/4.1.2/../../../../nios2-elf/lib\libc.a(lib_a-fputc.o)
                0x0080a160                fputc
                0x0080a1c4                _fputc_r
 .text          0x0080a21c       0x90 d:/altera/13.0sp1/nios2eds/bin/gnu/h-i686-mingw32/bin/../lib/gcc/nios2-elf/4.1.2/../../../../nios2-elf/lib\libc.a(lib_a-fputs.o)
                0x0080a21c                _fputs_r
                0x0080a290                fputs
 .text          0x0080a2ac      0x440 d:/altera/13.0sp1/nios2eds/bin/gnu/h-i686-mingw32/bin/../lib/gcc/nios2-elf/4.1.2/../../../../nios2-elf/lib\libc.a(lib_a-freer.o)
                0x0080a2ac                _malloc_trim_r
                0x0080a3d8                _free_r
 .text          0x0080a6ec      0x49c d:/altera/13.0sp1/nios2eds/bin/gnu/h-i686-mingw32/bin/../lib/gcc/nios2-elf/4.1.2/../../../../nios2-elf/lib\libc.a(lib_a-fvwrite.o)
                0x0080a6ec                __sfvwrite_r
 .text          0x0080ab88      0x180 d:/altera/13.0sp1/nios2eds/bin/gnu/h-i686-mingw32/bin/../lib/gcc/nios2-elf/4.1.2/../../../../nios2-elf/lib\libc.a(lib_a-fwalk.o)
                0x0080ab88                _fwalk_reent
                0x0080ac50                _fwalk
 .text          0x0080ad08       0xc4 d:/altera/13.0sp1/nios2eds/bin/gnu/h-i686-mingw32/bin/../lib/gcc/nios2-elf/4.1.2/../../../../nios2-elf/lib\libc.a(lib_a-locale.o)
                0x0080ad08                __locale_charset
                0x0080ad10                _localeconv_r
                0x0080ad1c                localeconv
                0x0080ad2c                _setlocale_r
                0x0080adb0                setlocale
 .text          0x0080adcc      0x194 d:/altera/13.0sp1/nios2eds/bin/gnu/h-i686-mingw32/bin/../lib/gcc/nios2-elf/4.1.2/../../../../nios2-elf/lib\libc.a(lib_a-makebuf.o)
                0x0080adcc                __smakebuf_r
 .text          0x0080af60      0x740 d:/altera/13.0sp1/nios2eds/bin/gnu/h-i686-mingw32/bin/../lib/gcc/nios2-elf/4.1.2/../../../../nios2-elf/lib\libc.a(lib_a-mallocr.o)
                0x0080af60                _malloc_r
 .text          0x0080b6a0       0xe4 d:/altera/13.0sp1/nios2eds/bin/gnu/h-i686-mingw32/bin/../lib/gcc/nios2-elf/4.1.2/../../../../nios2-elf/lib\libc.a(lib_a-memchr.o)
                0x0080b6a0                memchr
 .text          0x0080b784      0xff4 d:/altera/13.0sp1/nios2eds/bin/gnu/h-i686-mingw32/bin/../lib/gcc/nios2-elf/4.1.2/../../../../nios2-elf/lib\libc.a(lib_a-mprec.o)
                0x0080b784                _Bfree
                0x0080b7ac                __hi0bits
                0x0080b81c                __lo0bits
                0x0080b8e0                __mcmp
                0x0080b940                __ulp
                0x0080b9c0                __b2d
                0x0080bae0                __ratio
                0x0080bb90                _mprec_log10
                0x0080bc24                __copybits
                0x0080bc7c                __any_on
                0x0080bd04                _Balloc
                0x0080bdc0                __d2b
                0x0080bf3c                __mdiff
                0x0080c0c8                __lshift
                0x0080c214                __multiply
                0x0080c3fc                __i2b
                0x0080c438                __multadd
                0x0080c538                __pow5mult
                0x0080c658                __s2b
 .text          0x0080c778      0x5f4 d:/altera/13.0sp1/nios2eds/bin/gnu/h-i686-mingw32/bin/../lib/gcc/nios2-elf/4.1.2/../../../../nios2-elf/lib\libc.a(lib_a-reallocr.o)
                0x0080c778                _realloc_r
 .text          0x0080cd6c      0x1e0 d:/altera/13.0sp1/nios2eds/bin/gnu/h-i686-mingw32/bin/../lib/gcc/nios2-elf/4.1.2/../../../../nios2-elf/lib\libc.a(lib_a-refill.o)
                0x0080cd6c                __srefill_r
 .text          0x0080cf4c       0x40 d:/altera/13.0sp1/nios2eds/bin/gnu/h-i686-mingw32/bin/../lib/gcc/nios2-elf/4.1.2/../../../../nios2-elf/lib\libc.a(lib_a-s_isinfd.o)
                0x0080cf4c                __isinfd
 .text          0x0080cf8c       0x30 d:/altera/13.0sp1/nios2eds/bin/gnu/h-i686-mingw32/bin/../lib/gcc/nios2-elf/4.1.2/../../../../nios2-elf/lib\libc.a(lib_a-s_isnand.o)
                0x0080cf8c                __isnand
 .text          0x0080cfbc       0x70 d:/altera/13.0sp1/nios2eds/bin/gnu/h-i686-mingw32/bin/../lib/gcc/nios2-elf/4.1.2/../../../../nios2-elf/lib\libc.a(lib_a-sbrkr.o)
                0x0080cfbc                _sbrk_r
 .text          0x0080d02c      0x14c d:/altera/13.0sp1/nios2eds/bin/gnu/h-i686-mingw32/bin/../lib/gcc/nios2-elf/4.1.2/../../../../nios2-elf/lib\libc.a(lib_a-stdio.o)
                0x0080d02c                __sclose
                0x0080d034                __sseek
                0x0080d09c                __swrite
                0x0080d118                __sread
 .text          0x0080d178       0x78 d:/altera/13.0sp1/nios2eds/bin/gnu/h-i686-mingw32/bin/../lib/gcc/nios2-elf/4.1.2/../../../../nios2-elf/lib\libc.a(lib_a-writer.o)
                0x0080d178                _write_r
 .text          0x0080d1f0       0xb4 d:/altera/13.0sp1/nios2eds/bin/gnu/h-i686-mingw32/bin/../lib/gcc/nios2-elf/4.1.2/../../../../nios2-elf/lib\libc.a(lib_a-callocr.o)
                0x0080d1f0                _calloc_r
 .text          0x0080d2a4       0x70 d:/altera/13.0sp1/nios2eds/bin/gnu/h-i686-mingw32/bin/../lib/gcc/nios2-elf/4.1.2/../../../../nios2-elf/lib\libc.a(lib_a-closer.o)
                0x0080d2a4                _close_r
 .text          0x0080d314      0x124 d:/altera/13.0sp1/nios2eds/bin/gnu/h-i686-mingw32/bin/../lib/gcc/nios2-elf/4.1.2/../../../../nios2-elf/lib\libc.a(lib_a-fclose.o)
                0x0080d314                _fclose_r
                0x0080d424                fclose
 .text          0x0080d438       0x74 d:/altera/13.0sp1/nios2eds/bin/gnu/h-i686-mingw32/bin/../lib/gcc/nios2-elf/4.1.2/../../../../nios2-elf/lib\libc.a(lib_a-fstatr.o)
                0x0080d438                _fstat_r
 .text          0x0080d4ac        0x0 d:/altera/13.0sp1/nios2eds/bin/gnu/h-i686-mingw32/bin/../lib/gcc/nios2-elf/4.1.2/../../../../nios2-elf/lib\libc.a(lib_a-int_errno.o)
 .text          0x0080d4ac       0x70 d:/altera/13.0sp1/nios2eds/bin/gnu/h-i686-mingw32/bin/../lib/gcc/nios2-elf/4.1.2/../../../../nios2-elf/lib\libc.a(lib_a-isattyr.o)
                0x0080d4ac                _isatty_r
 .text          0x0080d51c       0x78 d:/altera/13.0sp1/nios2eds/bin/gnu/h-i686-mingw32/bin/../lib/gcc/nios2-elf/4.1.2/../../../../nios2-elf/lib\libc.a(lib_a-lseekr.o)
                0x0080d51c                _lseek_r
 .text          0x0080d594       0x78 d:/altera/13.0sp1/nios2eds/bin/gnu/h-i686-mingw32/bin/../lib/gcc/nios2-elf/4.1.2/../../../../nios2-elf/lib\libc.a(lib_a-readr.o)
                0x0080d594                _read_r
 .text          0x0080d60c      0x5dc d:/altera/13.0sp1/nios2eds/bin/gnu/h-i686-mingw32/bin/../lib/gcc/nios2-elf/4.1.2\libgcc.a(_udivdi3.o)
                0x0080d60c                __udivdi3
 .text          0x0080dbe8      0x5b0 d:/altera/13.0sp1/nios2eds/bin/gnu/h-i686-mingw32/bin/../lib/gcc/nios2-elf/4.1.2\libgcc.a(_umoddi3.o)
                0x0080dbe8                __umoddi3
 .text          0x0080e198      0x258 d:/altera/13.0sp1/nios2eds/bin/gnu/h-i686-mingw32/bin/../lib/gcc/nios2-elf/4.1.2\libgcc.a(_div_df.o)
                0x0080e198                __divdf3
 .text          0x0080e3f0       0x88 d:/altera/13.0sp1/nios2eds/bin/gnu/h-i686-mingw32/bin/../lib/gcc/nios2-elf/4.1.2\libgcc.a(_eq_df.o)
                0x0080e3f0                __eqdf2
 .text          0x0080e478       0x88 d:/altera/13.0sp1/nios2eds/bin/gnu/h-i686-mingw32/bin/../lib/gcc/nios2-elf/4.1.2\libgcc.a(_ne_df.o)
                0x0080e478                __nedf2
 .text          0x0080e500       0x88 d:/altera/13.0sp1/nios2eds/bin/gnu/h-i686-mingw32/bin/../lib/gcc/nios2-elf/4.1.2\libgcc.a(_gt_df.o)
                0x0080e500                __gtdf2
 .text          0x0080e588       0x88 d:/altera/13.0sp1/nios2eds/bin/gnu/h-i686-mingw32/bin/../lib/gcc/nios2-elf/4.1.2\libgcc.a(_lt_df.o)
                0x0080e588                __ltdf2
 .text          0x0080e610       0xf8 d:/altera/13.0sp1/nios2eds/bin/gnu/h-i686-mingw32/bin/../lib/gcc/nios2-elf/4.1.2\libgcc.a(_si_to_df.o)
                0x0080e610                __floatsidf
 .text          0x0080e708      0x14c d:/altera/13.0sp1/nios2eds/bin/gnu/h-i686-mingw32/bin/../lib/gcc/nios2-elf/4.1.2\libgcc.a(lib2-divmod.o)
                0x0080e784                __divsi3
                0x0080e7e4                __modsi3
                0x0080e844                __udivsi3
                0x0080e84c                __umodsi3
 .text          0x0080e854       0x6c ../lab7_bsp/\libucosii_bsp.a(alt_exit.o)
                0x0080e894                _exit
 .text          0x0080e8c0       0xd0 ../lab7_bsp/\libucosii_bsp.a(alt_flash_dev.o)
                0x0080e8c0                alt_flash_open_dev
                0x0080e93c                alt_flash_close_dev
 .text          0x0080e990      0x134 ../lab7_bsp/\libucosii_bsp.a(alt_fstat.o)
                0x0080e990                fstat
 .text          0x0080eac4      0x1c0 ../lab7_bsp/\libucosii_bsp.a(alt_irq_register.o)
                0x0080eac4                alt_irq_register
 .text          0x0080ec84        0x0 ../lab7_bsp/\libucosii_bsp.a(alt_irq_vars.o)
 .text          0x0080ec84      0x120 ../lab7_bsp/\libucosii_bsp.a(alt_isatty.o)
                0x0080ec84                isatty
 .text          0x0080eda4      0x150 ../lab7_bsp/\libucosii_bsp.a(alt_lseek.o)
                0x0080eda4                lseek
 .text          0x0080eef4       0xc8 ../lab7_bsp/\libucosii_bsp.a(alt_main.o)
                0x0080eef4                alt_main
 .text          0x0080efbc       0xbc ../lab7_bsp/\libucosii_bsp.a(alt_sbrk.o)
                0x0080efbc                sbrk
 .text          0x0080f078      0x118 ../lab7_bsp/\libucosii_bsp.a(alt_usleep.o)
                0x0080f078                usleep
 .text          0x0080f190      0x108 ../lab7_bsp/\libucosii_bsp.a(alt_env_lock.o)
                0x0080f190                __env_lock
                0x0080f23c                __env_unlock
 .text          0x0080f298      0x1d8 ../lab7_bsp/\libucosii_bsp.a(alt_malloc_lock.o)
                0x0080f298                __malloc_lock
                0x0080f3a0                __malloc_unlock
 .text          0x0080f470     0x2128 ../lab7_bsp/\libucosii_bsp.a(os_core.o)
                0x0080f470                OSEventNameGet
                0x0080f5a0                OSEventNameSet
                0x0080f6e4                OSEventPendMulti
                0x0080fd98                OSInit
                0x0080fdec                OSIntEnter
                0x0080fe68                OSIntExit
                0x0080ff68                OSSchedLock
                0x0080fff4                OSSchedUnlock
                0x008100d8                OSStart
                0x00810148                OSStatInit
                0x008101f4                OSTimeTick
                0x00810434                OSVersion
                0x00810454                OS_Dummy
                0x00810470                OS_EventTaskRdy
                0x00810604                OS_EventTaskWait
                0x00810714                OS_EventTaskWaitMulti
                0x00810868                OS_EventTaskRemove
                0x00810920                OS_EventTaskRemoveMulti
                0x00810a24                OS_EventWaitListInit
                0x00810df0                OS_MemClr
                0x00810e44                OS_MemCopy
                0x00810eb0                OS_Sched
                0x00810ff4                OS_StrCopy
                0x00811074                OS_StrLen
                0x008110cc                OS_TaskIdle
                0x00811128                OS_TaskStat
                0x008111f0                OS_TaskStatStkChk
                0x008112b8                OS_TCBInit
 .text          0x00811598      0x18c ../lab7_bsp/\libucosii_bsp.a(os_dbg.o)
                0x00811598                OSDebugInit
 .text          0x00811724     0x193c ../lab7_bsp/\libucosii_bsp.a(os_flag.o)
                0x00811724                OSFlagAccept
                0x00811a58                OSFlagCreate
                0x00811b94                OSFlagDel
                0x00811e3c                OSFlagNameGet
                0x00811f80                OSFlagNameSet
                0x008120d4                OSFlagPend
                0x00812718                OSFlagPendGetFlagsRdy
                0x00812780                OSFlagPost
                0x00812b28                OSFlagQuery
                0x00812dc0                OS_FlagInit
                0x00812fb4                OS_FlagUnlink
 .text          0x00813060      0x808 ../lab7_bsp/\libucosii_bsp.a(os_mem.o)
                0x00813060                OSMemCreate
                0x0081327c                OSMemGet
                0x00813380                OSMemNameGet
                0x0081348c                OSMemNameSet
                0x008135ac                OSMemPut
                0x0081369c                OSMemQuery
                0x00813798                OS_MemInit
 .text          0x00813868     0x1334 ../lab7_bsp/\libucosii_bsp.a(os_q.o)
                0x00813868                OSQAccept
                0x008139bc                OSQCreate
                0x00813bd0                OSQDel
                0x00813ed0                OSQFlush
                0x00813f98                OSQPend
                0x008142b8                OSQPendAbort
                0x00814434                OSQPost
                0x008145b4                OSQPostFront
                0x0081473c                OSQPostOpt
                0x00814970                OSQQuery
                0x00814af0                OS_QInit
 .text          0x00814b9c      0xbc8 ../lab7_bsp/\libucosii_bsp.a(os_sem.o)
                0x00814b9c                OSSemAccept
                0x00814c5c                OSSemCreate
                0x00814d70                OSSemDel
                0x00815010                OSSemPend
                0x0081528c                OSSemPendAbort
                0x00815408                OSSemPost
                0x00815530                OSSemQuery
                0x00815660                OSSemSet
 .text          0x00815764     0x1a40 ../lab7_bsp/\libucosii_bsp.a(os_task.o)
                0x00815764                OSTaskChangePrio
                0x00815cd8                OSTaskCreate
                0x00815eac                OSTaskCreateExt
                0x008160ac                OSTaskDel
                0x008164b8                OSTaskDelReq
                0x00816628                OSTaskNameGet
                0x008167e0                OSTaskNameSet
                0x008169a4                OSTaskResume
                0x00816bbc                OSTaskStkChk
                0x00816db8                OSTaskSuspend
                0x00816fe4                OSTaskQuery
                0x00817128                OS_TaskStkClr
 .text          0x008171a4      0x670 ../lab7_bsp/\libucosii_bsp.a(os_time.o)
                0x008171a4                OSTimeDly
                0x008172f0                OSTimeDlyHMSM
                0x0081753c                OSTimeDlyResume
                0x0081774c                OSTimeGet
                0x008177b0                OSTimeSet
 .text          0x00817814      0x118 ../lab7_bsp/\libucosii_bsp.a(alt_sys_init.o)
                0x00817814                alt_irq_init
                0x00817848                alt_sys_init
 .text          0x0081792c      0x8c8 ../lab7_bsp/\libucosii_bsp.a(altera_avalon_cfi_flash.o)
                0x0081792c                alt_flash_cfi_init
                0x00817a00                alt_flash_cfi_write
                0x00817cc0                alt_flash_cfi_get_info
                0x00817d50                alt_flash_cfi_read
                0x00817db8                alt_write_value_to_flash
                0x00817f1c                alt_flash_program_block
 .text          0x008181f4     0x14a8 ../lab7_bsp/\libucosii_bsp.a(altera_avalon_cfi_flash_table.o)
                0x008181f4                alt_read_query_entry_8bit
                0x00818234                alt_read_query_entry_16bit
                0x00818278                alt_read_query_entry_32bit
                0x008182c0                alt_write_flash_command_8bit_device_8bit_mode
                0x008182fc                alt_write_flash_command_16bit_device_8bit_mode
                0x00818378                alt_write_flash_command_32bit_device_8bit_mode
                0x008183c0                alt_write_flash_command_16bit_device_16bit_mode
                0x00818404                alt_write_flash_command_32bit_device_16bit_mode
                0x0081844c                alt_write_flash_command_32bit_device_32bit_mode
                0x00818494                alt_write_native_8bit
                0x008184c8                alt_write_native_16bit
                0x008184fc                alt_write_native_32bit
                0x0081852c                alt_set_flash_width_func
                0x0081870c                alt_set_flash_algorithm_func
                0x00818834                alt_read_cfi_table
                0x00818e14                alt_read_cfi_width
                0x008195c0                alt_check_primary_table
 .text          0x0081969c      0x9e4 ../lab7_bsp/\libucosii_bsp.a(altera_avalon_epcs_flash_controller.o)
                0x0081969c                alt_epcs_flash_init
                0x00819ab8                alt_epcs_flash_write
                0x00819d38                alt_epcs_flash_get_info
                0x00819dc8                alt_epcs_flash_erase_block
                0x00819ecc                alt_epcs_flash_write_block
                0x00819fe8                alt_epcs_flash_read
 .text          0x0081a080      0x148 ../lab7_bsp/\libucosii_bsp.a(altera_avalon_jtag_uart_fd.o)
                0x0081a080                altera_avalon_jtag_uart_read_fd
                0x0081a0d8                altera_avalon_jtag_uart_write_fd
                0x0081a130                altera_avalon_jtag_uart_close_fd
                0x0081a178                altera_avalon_jtag_uart_ioctl_fd
 .text          0x0081a1c8      0x584 ../lab7_bsp/\libucosii_bsp.a(altera_avalon_jtag_uart_init.o)
                0x0081a1c8                altera_avalon_jtag_uart_init
                0x0081a6d8                altera_avalon_jtag_uart_close
 .text          0x0081a74c       0xf4 ../lab7_bsp/\libucosii_bsp.a(altera_avalon_jtag_uart_ioctl.o)
                0x0081a74c                altera_avalon_jtag_uart_ioctl
 .text          0x0081a840      0x2c0 ../lab7_bsp/\libucosii_bsp.a(altera_avalon_jtag_uart_read.o)
                0x0081a840                altera_avalon_jtag_uart_read
 .text          0x0081ab00      0x2dc ../lab7_bsp/\libucosii_bsp.a(altera_avalon_jtag_uart_write.o)
                0x0081ab00                altera_avalon_jtag_uart_write
 .text          0x0081addc      0xf3c ../lab7_bsp/\libucosii_bsp.a(altera_avalon_lcd_16207.o)
                0x0081b5b0                altera_avalon_lcd_16207_write
                0x0081bbb4                altera_avalon_lcd_16207_init
 .text          0x0081bd18       0x58 ../lab7_bsp/\libucosii_bsp.a(altera_avalon_lcd_16207_fd.o)
                0x0081bd18                altera_avalon_lcd_16207_write_fd
 .text          0x0081bd70      0x100 ../lab7_bsp/\libucosii_bsp.a(altera_avalon_timer_sc.o)
                0x0081bde0                alt_avalon_timer_sc_init
 .text          0x0081be70       0xf8 ../lab7_bsp/\libucosii_bsp.a(altera_avalon_uart_fd.o)
                0x0081be70                altera_avalon_uart_read_fd
                0x0081bec8                altera_avalon_uart_write_fd
                0x0081bf20                altera_avalon_uart_close_fd
 .text          0x0081bf68      0x57c ../lab7_bsp/\libucosii_bsp.a(altera_avalon_uart_init.o)
                0x0081bf68                altera_avalon_uart_init
                0x0081c484                altera_avalon_uart_close
 .text          0x0081c4e4      0x310 ../lab7_bsp/\libucosii_bsp.a(altera_avalon_uart_read.o)
                0x0081c4e4                altera_avalon_uart_read
 .text          0x0081c7f4      0x2a8 ../lab7_bsp/\libucosii_bsp.a(altera_avalon_uart_write.o)
                0x0081c7f4                altera_avalon_uart_write
 .text          0x0081ca9c      0x6d4 ../lab7_bsp/\libucosii_bsp.a(epcs_commands.o)
                0x0081ca9c                epcs_read_status_register
                0x0081cafc                epcs_sector_erase
                0x0081cc64                epcs_read_buffer
                0x0081cdb0                epcs_write_enable
                0x0081ce00                epcs_write_status_register
                0x0081ce64                epcs_write_buffer
                0x0081cfd4                epcs_read_electronic_signature
                0x0081d040                epcs_read_device_id
                0x0081d0c0                epcs_enter_4_bytes_mode
                0x0081d118                epcs_exit_4_bytes_mode
 .text          0x0081d170       0x54 ../lab7_bsp/\libucosii_bsp.a(alt_iniche_close.o)
                0x0081d170                close
 .text          0x0081d1c4      0x144 ../lab7_bsp/\libucosii_bsp.a(alt_iniche_dev.o)
                0x0081d1c4                iniche_devices_init
 .text          0x0081d308       0x78 ../lab7_bsp/\libucosii_bsp.a(alt_iniche_read.o)
                0x0081d308                read
 .text          0x0081d380       0x70 ../lab7_bsp/\libucosii_bsp.a(alt_iniche_write.o)
                0x0081d380                write
 .text          0x0081d3f0      0xedc ../lab7_bsp/\libucosii_bsp.a(ipnet.o)
                0x0081d3f0                Netinit
                0x0081da3c                fixup_subnet_mask
                0x0081db9c                netclose
                0x0081dc84                pktdemux
                0x0081e058                c_older
                0x0081e128                ip2mac
 .text          0x0081e2cc      0x4b0 ../lab7_bsp/\libucosii_bsp.a(ipstart.o)
                0x0081e2cc                ip_startup
                0x0081e5b0                exit_hook
                0x0081e61c                ip_exit
                0x0081e6ec                if_netnumber
 .text          0x0081e77c     0x10e8 ../lab7_bsp/\libucosii_bsp.a(igmp_cmn.o)
                0x0081e77c                igmp_init
                0x0081e86c                igmp_input
                0x0081e964                igmp_fasttimo
                0x0081eb98                igmp_send
                0x0081ee40                igmp_joingroup
                0x0081f0ac                igmp_leavegroup
                0x0081f128                igmp_validate
                0x0081f484                igmp_print_stats
 .text          0x0081f864      0xbc8 ../lab7_bsp/\libucosii_bsp.a(bsdsock.o)
                0x0081f864                bsd_accept
                0x0081f99c                bsd_getpeername
                0x0081fac8                bsd_getsockname
                0x0081fbf4                bsd_i_sockoptlen
                0x0081fdac                bsd_getsockopt
                0x0081fecc                bsd_ioctl
                0x0081ffd0                bsd_inet_ntoa
                0x00820000                bsd_recvfrom
                0x00820160                bsd_select
                0x00820340                bsd_setsockopt
 .text          0x0082042c      0x118 ../lab7_bsp/\libucosii_bsp.a(cksum.o)
                0x0082042c                ccksum
                0x008204dc                cksum
 .text          0x00820544      0xa9c ../lab7_bsp/\libucosii_bsp.a(in_utils.o)
                0x00820544                do_trap
                0x00820570                nextarg
                0x008205ec                hexdump
                0x00820734                print_ipad
                0x008207a8                print_uptime
                0x008208d4                panic
                0x00820918                print_eth
                0x00820a7c                uslash
                0x00820afc                ns_printf
                0x00820c80                std_out
                0x00820cc4                con_page
                0x00820db4                parse_args
 .text          0x00820fe0      0x1c8 ../lab7_bsp/\libucosii_bsp.a(netmain.o)
                0x00820fe0                netmain
                0x008210d4                tk_netmain
                0x0082115c                tk_nettick
 .text          0x008211a8      0x810 ../lab7_bsp/\libucosii_bsp.a(parseip.o)
                0x008211a8                parse_ipad
                0x008214c4                inet_addr
                0x0082152c                hextoa
                0x0082159c                inet_pton
                0x00821648                inet_ntop
                0x008216d4                print46_addr
                0x00821734                inet46_addr
                0x008217f8                inet_setport
                0x0082186c                convert_ip
 .text          0x008219b8      0x5e8 ../lab7_bsp/\libucosii_bsp.a(tk_crnos.o)
                0x008219b8                TK_OSTimeDly
                0x008219e4                TK_OSTaskResume
                0x00821a54                tcp_sleep
                0x00821bf4                tcp_wakeup
                0x00821cf8                TK_OSTaskQuery
                0x00821d6c                tk_yield
                0x00821d98                tk_stats
 .text          0x00821fa0     0x3294 ../lab7_bsp/\libucosii_bsp.a(dhcpclnt.o)
                0x00821fa0                dhc_get_srv_ipaddr
                0x00822030                dhc_init
                0x008220ec                dhc_set_callback
                0x00822130                dhc_upcall
                0x00822960                dhc_buildheader
                0x00822b7c                dhc_discover
                0x00823094                dhc_rx_offer
                0x00823198                dhc_request
                0x00823cd4                dhc_setip
                0x00823f54                dhc_resetip
                0x00824038                dhc_decline
                0x0082421c                dhc_extract_opts
                0x008244d8                dhc_second
                0x00824dc8                dhc_halt
                0x00824e50                dhc_reclaim
                0x00825020                dhc_state_init
                0x00825080                dhc_alldone
                0x00825110                dhc_ifacedone
                0x00825184                dhc_set_state
 .text          0x00825234       0xcc ../lab7_bsp/\libucosii_bsp.a(dhcputil.o)
                0x00825234                find_opt
 .text          0x00825300      0x79c ../lab7_bsp/\libucosii_bsp.a(pktalloc.o)
                0x00825300                pk_init
                0x00825590                pk_alloc
                0x0082566c                pk_validate
                0x00825924                pk_free
                0x008259d0                pk_get_max_intrsafe_buf_len
                0x008259f0                dump_buf_estats
 .text          0x00825a9c      0x288 ../lab7_bsp/\libucosii_bsp.a(q.o)
                0x00825a9c                getq
                0x00825b64                putq
                0x00825c14                qdel
 .text          0x00825d24      0x31c ../lab7_bsp/\libucosii_bsp.a(udp_open.o)
                0x00825d24                udp_open
                0x00825f5c                udp_close
 .text          0x00826040      0x194 ../lab7_bsp/\libucosii_bsp.a(asm_cksum.o)
                0x00826040                asm_cksum
 .text          0x008261d4      0x2e4 ../lab7_bsp/\libucosii_bsp.a(brdutils.o)
                0x008261d4                dtrap
                0x00826204                kbhit
                0x008262b0                getch
                0x00826310                clock_init
                0x0082634c                clock_c
                0x00826368                cticks_hook
                0x00826418                irq_Mask
                0x00826474                irq_Unmask
 .text          0x008264b8      0x488 ../lab7_bsp/\libucosii_bsp.a(osportco.o)
                0x008264b8                LOCK_NET_RESOURCE
                0x00826578                UNLOCK_NET_RESOURCE
                0x00826600                TK_NEWTASK
                0x00826814                wait_app_sem
                0x008268c8                post_app_sem
 .text          0x00826940      0x568 ../lab7_bsp/\libucosii_bsp.a(targnios.o)
                0x00826940                alt_iniche_init
                0x00826b5c                pre_task_setup
                0x00826bd0                post_task_setup
                0x00826bf0                prep_armintcp
                0x00826c28                calloc2
                0x00826c5c                npalloc
                0x00826d50                npfree
                0x00826e08                ncpalloc
                0x00826e5c                ncpfree
 .text          0x00826ea8     0x19b8 ../lab7_bsp/\libucosii_bsp.a(nptcp.o)
                0x00826ea8                pffindtype
                0x00826f48                pffindproto
                0x00827018                m_getnbuf
                0x008271c0                m_free
                0x008272f4                m_freem
                0x00827338                m_copy
                0x0082765c                m_adj
                0x0082782c                mbuf_len
                0x00827884                dtom
                0x0082792c                remque
                0x0082799c                insque
                0x00827a18                nptcp_init
                0x00827b3c                tcp_rcv
                0x00827d28                ip_output
                0x00828320                in_broadcast
                0x00828360                np_stripoptions
                0x00828448                so_icmpdu
                0x008287a0                tcp_tick
 .text          0x00828860      0xa2c ../lab7_bsp/\libucosii_bsp.a(rawsock.o)
                0x00828860                rawip_lookup
                0x008288d0                rawip_soinput
                0x00828aa4                rawip_usrreq
 .text          0x0082928c     0x17fc ../lab7_bsp/\libucosii_bsp.a(sockcall.o)
                0x0082928c                DOMAIN_CHECK
                0x008292d8                t_socket
                0x00829368                t_bind
                0x008294e4                t_listen
                0x008295c8                t_accept
                0x00829860                t_connect
                0x00829b08                t_getpeername
                0x00829b4c                t_getsockname
                0x00829d8c                t_setsockopt
                0x00829f68                t_getsockopt
                0x0082a10c                t_recv
                0x0082a1fc                t_recvfrom
                0x0082a34c                t_sendto
                0x0082a578                t_send
                0x0082a7a0                t_shutdown
                0x0082a884                t_socketclose
                0x0082a9ec                t_errno
 .text          0x0082aa88     0x23ec ../lab7_bsp/\libucosii_bsp.a(socket.o)
                0x0082aa88                socreate
                0x0082ac54                sobind
                0x0082acb0                solisten
                0x0082ada0                sofree
                0x0082aed0                soclose
                0x0082b23c                soabort
                0x0082b28c                soaccept
                0x0082b328                soconnect
                0x0082b3fc                sodisconnect
                0x0082b49c                sosend
                0x0082baa4                soreceive
                0x0082c288                soshutdown
                0x0082c330                sorflush
                0x0082c430                sosetopt
                0x0082c8f0                sogetopt
                0x0082ce30                sohasoutofband
 .text          0x0082ce74     0x1318 ../lab7_bsp/\libucosii_bsp.a(socket2.o)
                0x0082ce74                soisconnecting
                0x0082cee0                soisconnected
                0x0082cfdc                soisdisconnecting
                0x0082d068                soisdisconnected
                0x0082d124                sonewconn
                0x0082d340                soqinsque
                0x0082d3ec                soqremque
                0x0082d50c                socantsendmore
                0x0082d55c                socantrcvmore
                0x0082d5ac                sbselqueue
                0x0082d5e4                sbwait
                0x0082d64c                sbwakeup
                0x0082d6e8                soreserve
                0x0082d768                sbreserve
                0x0082d7c8                sbrelease
                0x0082d810                sbappend
                0x0082d8b8                sbappendrecord
                0x0082d998                sbappendaddr
                0x0082dba0                sbcompress
                0x0082dd88                sbflush
                0x0082de18                sbdrop
                0x0082dfe8                sbdropend
                0x0082e0f8                sbdroprecord
 .text          0x0082e18c      0x914 ../lab7_bsp/\libucosii_bsp.a(soselect.o)
                0x0082e18c                t_select
                0x0082e3ac                sock_selscan
                0x0082e504                sock_select
                0x0082e718                in_pcbnotify
                0x0082e7e4                tcp_notify
                0x0082e84c                ifd_clr
                0x0082e93c                ifd_set
                0x0082e9b0                ifd_isset
                0x0082ea30                ifd_get
 .text          0x0082eaa0     0x3020 ../lab7_bsp/\libucosii_bsp.a(tcp_in.o)
                0x0082eaa0                tcp_reass
                0x0082eea8                tcp_input
                0x008313fc                tcp_dooptions
                0x0083158c                tcp_pulloutofband
                0x008316b8                tcp_xmit_timer
                0x0083195c                ip4_tcpmss
                0x008319a4                tcp_mss
 .text          0x00831ac0     0x1360 ../lab7_bsp/\libucosii_bsp.a(tcp_out.o)
                0x00831ac0                tcp_output
                0x00832c3c                tcp_setpersist
 .text          0x00832e20      0x9e8 ../lab7_bsp/\libucosii_bsp.a(tcp_subr.o)
                0x00832e20                tcp_init
                0x00832e78                tcp_template
                0x00832f90                tcp_respond
                0x00833418                tcp_newtcpcb
                0x00833530                tcp_drop
                0x008335dc                tcp_close
                0x008336c4                tcp_quench
                0x00833710                tcp_putseq
                0x00833790                tcp_getseq
 .text          0x00833808      0x798 ../lab7_bsp/\libucosii_bsp.a(tcp_timr.o)
                0x00833808                tcp_slowtimo
                0x00833aa8                tcp_canceltimers
                0x00833b04                tcp_timers
 .text          0x00833fa0      0x9ec ../lab7_bsp/\libucosii_bsp.a(tcp_usr.o)
                0x00833fa0                tcp_usrreq
                0x008346a4                tcp_attach
                0x008347d8                tcp_disconnect
                0x008348ac                tcp_usrclosed
 .text          0x0083498c       0x4c ../lab7_bsp/\libucosii_bsp.a(tcpport.o)
                0x0083498c                tcpinit
 .text          0x008349d8      0xd20 ../lab7_bsp/\libucosii_bsp.a(udpsock.o)
                0x008349d8                udp_lookup
                0x00834a48                udp_soinput
                0x00834c00                udp_usrreq
                0x00834e84                udp4_sockbind
                0x008351c0                udp4_socksend
                0x0083559c                udp4_sockaddr
 .text          0x008356f8      0x154 ../lab7_bsp/\libucosii_bsp.a(alt_alarm_start.o)
                0x008356f8                alt_alarm_start
 .text          0x0083584c      0x14c ../lab7_bsp/\libucosii_bsp.a(alt_busy_sleep.o)
                0x0083584c                alt_busy_sleep
 .text          0x00835998      0x15c ../lab7_bsp/\libucosii_bsp.a(alt_close.o)
                0x00835998                alt_close
 .text          0x00835af4       0x78 ../lab7_bsp/\libucosii_bsp.a(alt_dcache_flush.o)
                0x00835af4                alt_dcache_flush
 .text          0x00835b6c       0x2c ../lab7_bsp/\libucosii_bsp.a(alt_dev.o)
 .text          0x00835b98      0x114 ../lab7_bsp/\libucosii_bsp.a(alt_dev_llist_insert.o)
                0x00835b98                alt_dev_llist_insert
 .text          0x00835cac       0x64 ../lab7_bsp/\libucosii_bsp.a(alt_do_ctors.o)
                0x00835cac                _do_ctors
 .text          0x00835d10       0x64 ../lab7_bsp/\libucosii_bsp.a(alt_do_dtors.o)
                0x00835d10                _do_dtors
 .text          0x00835d74        0x0 ../lab7_bsp/\libucosii_bsp.a(alt_errno.o)
 .text          0x00835d74       0x94 ../lab7_bsp/\libucosii_bsp.a(alt_find_dev.o)
                0x00835d74                alt_find_dev
 .text          0x00835e08      0x1d4 ../lab7_bsp/\libucosii_bsp.a(alt_iic.o)
                0x00835e08                alt_ic_isr_register
                0x00835e58                alt_ic_irq_enable
                0x00835ef4                alt_ic_irq_disable
                0x00835f94                alt_ic_irq_enabled
 .text          0x00835fdc       0xf8 ../lab7_bsp/\libucosii_bsp.a(alt_iic_isr_register.o)
                0x00835fdc                alt_iic_isr_register
 .text          0x008360d4      0x13c ../lab7_bsp/\libucosii_bsp.a(alt_io_redirect.o)
                0x00836198                alt_io_redirect
 .text          0x00836210        0x0 ../lab7_bsp/\libucosii_bsp.a(alt_irq_entry.o)
 .text          0x00836210        0x0 ../lab7_bsp/\libucosii_bsp.a(alt_irq_handler.o)
 .text          0x00836210      0x2c4 ../lab7_bsp/\libucosii_bsp.a(alt_open.o)
                0x008362ec                open
 .text          0x008364d4      0x180 ../lab7_bsp/\libucosii_bsp.a(alt_read.o)
                0x008364d4                alt_read
 .text          0x00836654       0x60 ../lab7_bsp/\libucosii_bsp.a(alt_release_fd.o)
                0x00836654                alt_release_fd
 .text          0x008366b4       0x38 ../lab7_bsp/\libucosii_bsp.a(alt_remap_cached.o)
                0x008366b4                alt_remap_cached
 .text          0x008366ec       0x40 ../lab7_bsp/\libucosii_bsp.a(alt_remap_uncached.o)
                0x008366ec                alt_remap_uncached
 .text          0x0083672c      0x1a8 ../lab7_bsp/\libucosii_bsp.a(alt_tick.o)
                0x0083672c                alt_alarm_stop
                0x008367c4                alt_tick
 .text          0x008368d4      0x180 ../lab7_bsp/\libucosii_bsp.a(alt_write.o)
                0x008368d4                alt_write
 .text          0x00836a54       0x20 ../lab7_bsp/\libucosii_bsp.a(altera_nios2_qsys_irq.o)
                0x00836a54                altera_nios2_qsys_irq_init
 .text          0x00836a74       0xd0 ../lab7_bsp/\libucosii_bsp.a(os_cpu_a.o)
                0x00836a74                OSCtxSw
                0x00836a74                OSIntCtxSw
                0x00836b00                OSStartHighRdy
                0x00836b20                OSStartTsk
 .text          0x00836b44      0x424 ../lab7_bsp/\libucosii_bsp.a(os_cpu_c.o)
                0x00836b44                OSTaskStkInit
                0x00836e54                OSTaskCreateHook
                0x00836e74                OSTaskDelHook
                0x00836e94                OSTaskSwHook
                0x00836eb0                OSTaskStatHook
                0x00836ecc                OSTimeTickHook
                0x00836ef4                OSInitHookBegin
                0x00836f10                OSInitHookEnd
                0x00836f2c                OSTaskIdleHook
                0x00836f48                OSTCBInitHook
 .text          0x00836f68      0x460 ../lab7_bsp/\libucosii_bsp.a(altera_avalon_cfi_flash_amd.o)
                0x00836f68                alt_program_amd
                0x00836fd0                alt_erase_block_amd
 .text          0x008373c8      0x460 ../lab7_bsp/\libucosii_bsp.a(altera_avalon_cfi_flash_intel.o)
                0x008373c8                alt_program_intel
                0x0083744c                alt_erase_block_intel
 .text          0x00837828      0x238 ../lab7_bsp/\libucosii_bsp.a(altera_avalon_spi.o)
                0x00837828                alt_avalon_spi_command
 .text          0x00837a60      0x444 ../lab7_bsp/\libucosii_bsp.a(allports.o)
                0x00837a60                netmain_init
                0x00837b5c                icmp_port_du
                0x00837be4                station_state
                0x00837d48                sysuptime
                0x00837ddc                packet_check
                0x00837e28                mcastlist
                0x00837e4c                prep_modules
 .text          0x00837ea4      0x580 ../lab7_bsp/\libucosii_bsp.a(timeouts.o)
                0x00837ea4                inet_timer
                0x008381a4                in_timerset
                0x0083837c                in_timerkill
 .text          0x00838424       0xa4 ../lab7_bsp/\libucosii_bsp.a(tk_misc.o)
                0x00838424                create_apptasks
                0x00838448                task_stats
 .text          0x008384c8       0xb0 ../lab7_bsp/\libucosii_bsp.a(alt_iniche_fcntl.o)
                0x008384c8                fcntl
 .text          0x00838578     0x15b0 ../lab7_bsp/\libucosii_bsp.a(et_arp.o)
                0x00838578                etainit
                0x008385cc                et_send
                0x00838748                arp_free_pending
                0x008387d0                arp_send_pending
                0x00838844                send_arp
                0x00838cdc                find_oldest_arp
                0x00838ed8                make_arp_entry
                0x00838fec                arpReply
                0x00839280                arprcv
                0x008394e0                send_via_arp
                0x008396b0                cb_arpent_tmo
                0x0083985c                grat_arp
 .text          0x00839b28      0x298 ../lab7_bsp/\libucosii_bsp.a(iface.o)
                0x00839b28                if_getbynum
                0x00839bac                isbcast
                0x00839c8c                reg_type
                0x00839d28                if_killsocks
 .text          0x00839dc0     0x22a4 ../lab7_bsp/\libucosii_bsp.a(ip.o)
                0x00839dc0                ip_init
                0x00839ebc                ip_bldhead
                0x0083a060                ip_write_internal
                0x0083a7e0                ip_write
                0x0083aa28                ip_write2
                0x0083add8                ip_raw_write
                0x0083aeb0                ip_fragment_lc
                0x0083b338                ip_fragment
                0x0083b95c                ip_mymach
                0x0083ba08                ip_dump
                0x0083bcc0                iproute
                0x0083bf2c                ip_copypkt
 .text          0x0083c064     0x1e08 ../lab7_bsp/\libucosii_bsp.a(ip_reasm.o)
                0x0083c064                ip_reasm_match_frag_with_ire
                0x0083c134                ip_reasm_determine_type_of_frag
                0x0083c220                ip_reasm_check_mem_useage
                0x0083c2b8                ip_reasm_incr_mem_useage
                0x0083c360                ip_reasm_decr_mem_useage
                0x0083c400                ip_reasm_process_first_fragment
                0x0083c6e0                ip_reassm
                0x0083c780                ip_reasm_compute_overlap
                0x0083cd10                ip_reasm_process_subsequent_fragments
                0x0083d2a4                ip_reasm_find_ire
                0x0083d308                ip_reasm_copy_queued_fragments_into_reassy_buffer
                0x0083d664                ip_reasm_process_timer_tick
                0x0083d784                ip_reasm_delete_ire
                0x0083d94c                ip_reasm_mark_compact_rfq
                0x0083da94                ipr_stats
                0x0083de18                ip_reasm_send_icmp_timex
 .text          0x0083de6c      0xe3c ../lab7_bsp/\libucosii_bsp.a(ipdemux.o)
                0x0083de6c                ip_rcv
                0x0083e26c                ip_rcv_phase2
                0x0083e878                ip_demux
 .text          0x0083eca8      0x2f0 ../lab7_bsp/\libucosii_bsp.a(ipmc.o)
                0x0083eca8                in_addmulti
                0x0083ee10                in_delmulti
                0x0083ef28                lookup_mcast
 .text          0x0083ef98       0xe4 ../lab7_bsp/\libucosii_bsp.a(ipport.o)
                0x0083ef98                prep_ifaces
                0x0083f02c                netexit
                0x0083f054                evtmap_setup
 .text          0x0083f07c      0x550 ../lab7_bsp/\libucosii_bsp.a(ipraw.o)
                0x0083f07c                ip_raw_open
                0x0083f16c                ip_raw_close
                0x0083f22c                ip_raw_input
                0x0083f464                ip_raw_alloc
                0x0083f530                ip_raw_free
                0x0083f570                ip_raw_maxalloc
 .text          0x0083f5cc      0x6f0 ../lab7_bsp/\libucosii_bsp.a(iproute.o)
                0x0083f5cc                rt_lookup
                0x0083f750                add_route
                0x0083fb78                del_route
 .text          0x0083fcbc      0xe3c ../lab7_bsp/\libucosii_bsp.a(udp.o)
                0x0083fcbc                udpdemux
                0x00840514                udp_send
                0x008407cc                udpswap
                0x008408fc                udp_socket
                0x008409cc                udp_alloc
                0x00840a8c                udp_maxalloc
                0x00840ab8                udp_free
 .text          0x00840af8      0x2e8 ../lab7_bsp/\libucosii_bsp.a(igmp.o)
                0x00840af8                igmpv1_input
 .text          0x00840de0      0x7c0 ../lab7_bsp/\libucosii_bsp.a(igmp2.o)
                0x00840de0                igmpv2_input
                0x00840f40                igmpv2_process_report
                0x0084108c                igmpv2_process_query
                0x008412d8                igmpv2_chk_set_timer
                0x00841430                igmpv2_chk4_rtr_alert_opt
 .text          0x008415a0      0x8fc ../lab7_bsp/\libucosii_bsp.a(ipopt.o)
                0x008415a0                IPADDR_TO_NETP
                0x008416e8                ip_setmoptions
                0x00841cd8                ip_getmoptions
                0x00841e18                ip_freemoptions
 .text          0x00841e9c      0x6e8 ../lab7_bsp/\libucosii_bsp.a(u_mctest.o)
                0x00841e9c                u_mctest_init
                0x00841ecc                u_mctest_run
 .text          0x00842584      0x3d0 ../lab7_bsp/\libucosii_bsp.a(dhcsetup.o)
                0x00842584                dhc_setup
                0x00842850                dhc_main_ipset
 .text          0x00842954      0x40c ../lab7_bsp/\libucosii_bsp.a(memdev.o)
                0x00842954                init_memdev
                0x008429cc                md_fopen
                0x008429f4                md_fclose
                0x00842a14                md_fread
                0x00842b94                md_fwrite
                0x00842c14                md_fseek
                0x00842c40                md_ftell
                0x00842c64                md_fgetc
                0x00842d3c                md_unlink
 .text          0x00842d60      0x1cc ../lab7_bsp/\libucosii_bsp.a(tcpcksum.o)
                0x00842d60                tcp_cksum
 .text          0x00842f2c      0x900 ../lab7_bsp/\libucosii_bsp.a(in_pcb.o)
                0x00842f2c                in_pcballoc
                0x00842fc0                in_pcbdetach
                0x00843014                in_pcbbind
                0x00843268                in_pcbconnect
                0x00843478                in_pcbdisconnect
                0x008434d8                in_setsockaddr
                0x00843554                in_setpeeraddr
                0x008435d0                in_pcblookup
 .text          0x0084382c     0x1a74 ../lab7_bsp/\libucosii_bsp.a(vfsfiles.o)
                0x0084382c                set_vfopen_error
                0x00843854                get_vfopen_error
                0x00843874                vf_alloc_and_link_vop
                0x008438f0                vf_alloc_buffer
                0x008439c8                vf_free_buffer
                0x00843a18                vfopen_locked
                0x00843d80                vfopen
                0x00843dd0                vfclose_locked
                0x00843f78                vfclose
                0x00843fb8                vfflush
                0x00844000                vfgets
                0x008440e4                vfeof
                0x0084413c                vunlink_flag_open_files
                0x00844198                vunlink
                0x008443b8                vfread
                0x00844564                vfwrite_locked
                0x0084494c                vfwrite
                0x008449ac                vfseek
                0x00844b28                vftell
                0x00844c5c                vgetc_locked
                0x00844d7c                vgetc
                0x00844dc4                vfslookup_locked
                0x00844efc                vfslookup
                0x00844f44                strippath
                0x0084512c                isvfile_locked
                0x00845190                isvfile
                0x008451d8                vferror
                0x00845244                vclearerr
 .text          0x008452a0       0x24 ../lab7_bsp/\libucosii_bsp.a(vfsport.o)
                0x008452a0                prep_vfs
 .text          0x008452c4        0x0 ../lab7_bsp/\libucosii_bsp.a(alt_exception_entry.o)
 .text          0x008452c4      0x1b4 ../lab7_bsp/\libucosii_bsp.a(alt_fcntl.o)
                0x008452c4                alt_fcntl
 .text          0x00845478      0x120 ../lab7_bsp/\libucosii_bsp.a(alt_find_file.o)
                0x00845478                alt_find_file
 .text          0x00845598       0xf4 ../lab7_bsp/\libucosii_bsp.a(alt_get_fd.o)
                0x00845598                alt_get_fd
 .text          0x0084568c     0x130c ../lab7_bsp/\libucosii_bsp.a(icmp.o)
                0x0084568c                icmprcv
                0x008462c0                icmp_destun
                0x00846610                icmp_timex
                0x00846944                icmp_du
 .text          0x00846998       0x14 d:/altera/13.0sp1/nios2eds/bin/gnu/h-i686-mingw32/bin/../lib/gcc/nios2-elf/4.1.2/../../../../nios2-elf/lib\libc.a(lib_a-atexit.o)
                0x00846998                atexit
 .text          0x008469ac       0x1c d:/altera/13.0sp1/nios2eds/bin/gnu/h-i686-mingw32/bin/../lib/gcc/nios2-elf/4.1.2/../../../../nios2-elf/lib\libc.a(lib_a-calloc.o)
                0x008469ac                calloc
 .text          0x008469c8       0x28 d:/altera/13.0sp1/nios2eds/bin/gnu/h-i686-mingw32/bin/../lib/gcc/nios2-elf/4.1.2/../../../../nios2-elf/lib\libc.a(lib_a-malloc.o)
                0x008469c8                free
                0x008469dc                malloc
 .text          0x008469f0       0x74 d:/altera/13.0sp1/nios2eds/bin/gnu/h-i686-mingw32/bin/../lib/gcc/nios2-elf/4.1.2/../../../../nios2-elf/lib\libc.a(lib_a-memcmp.o)
                0x008469f0                memcmp
 .text          0x00846a64       0xd4 d:/altera/13.0sp1/nios2eds/bin/gnu/h-i686-mingw32/bin/../lib/gcc/nios2-elf/4.1.2/../../../../nios2-elf/lib\libc.a(lib_a-sprintf.o)
                0x00846a64                sprintf
                0x00846ad8                _sprintf_r
 .text          0x00846b38       0x8c d:/altera/13.0sp1/nios2eds/bin/gnu/h-i686-mingw32/bin/../lib/gcc/nios2-elf/4.1.2/../../../../nios2-elf/lib\libc.a(lib_a-strcpy.o)
                0x00846b38                strcpy
 .text          0x00846bc4       0xf0 d:/altera/13.0sp1/nios2eds/bin/gnu/h-i686-mingw32/bin/../lib/gcc/nios2-elf/4.1.2/../../../../nios2-elf/lib\libc.a(lib_a-strncmp.o)
                0x00846bc4                strncmp
 .text          0x00846cb4       0xbc d:/altera/13.0sp1/nios2eds/bin/gnu/h-i686-mingw32/bin/../lib/gcc/nios2-elf/4.1.2/../../../../nios2-elf/lib\libc.a(lib_a-strncpy.o)
                0x00846cb4                strncpy
 .text          0x00846d70       0x34 d:/altera/13.0sp1/nios2eds/bin/gnu/h-i686-mingw32/bin/../lib/gcc/nios2-elf/4.1.2/../../../../nios2-elf/lib\libc.a(lib_a-vprintf.o)
                0x00846d70                _vprintf_r
                0x00846d84                vprintf
 .text          0x00846da4       0x74 d:/altera/13.0sp1/nios2eds/bin/gnu/h-i686-mingw32/bin/../lib/gcc/nios2-elf/4.1.2/../../../../nios2-elf/lib\libc.a(lib_a-vsprintf.o)
                0x00846da4                _vsprintf_r
                0x00846df4                vsprintf
 .text          0x00846e18      0x134 d:/altera/13.0sp1/nios2eds/bin/gnu/h-i686-mingw32/bin/../lib/gcc/nios2-elf/4.1.2/../../../../nios2-elf/lib\libc.a(lib_a-__atexit.o)
                0x00846e18                __register_exitproc
 *(.gnu.warning.*)
 *(.fini)
                0x00846f4c                PROVIDE (__etext, ABSOLUTE (.))
                0x00846f4c                PROVIDE (_etext, ABSOLUTE (.))
                0x00846f4c                PROVIDE (etext, ABSOLUTE (.))
 *(.eh_frame_hdr)
                0x00846f4c                . = ALIGN (0x4)
                0x00846f4c                PROVIDE (__preinit_array_start, ABSOLUTE (.))
 *(.preinit_array)
                0x00846f4c                PROVIDE (__preinit_array_end, ABSOLUTE (.))
                0x00846f4c                PROVIDE (__init_array_start, ABSOLUTE (.))
 *(.init_array)
                0x00846f4c                PROVIDE (__init_array_end, ABSOLUTE (.))
                0x00846f4c                PROVIDE (__fini_array_start, ABSOLUTE (.))
 *(.fini_array)
                0x00846f4c                PROVIDE (__fini_array_end, ABSOLUTE (.))
 *(.eh_frame)
 *(.gcc_except_table)
 *(.dynamic)
                0x00846f4c                PROVIDE (__CTOR_LIST__, ABSOLUTE (.))
 *(.ctors)
 *(SORT(.ctors.*))
 .ctors.65535   0x00846f4c        0x4 d:/altera/13.0sp1/nios2eds/bin/gnu/h-i686-mingw32/bin/../lib/gcc/nios2-elf/4.1.2/../../../../nios2-elf/lib\libc.a(lib_a-__call_atexit.o)
                0x00846f50                PROVIDE (__CTOR_END__, ABSOLUTE (.))
                0x00846f50                PROVIDE (__DTOR_LIST__, ABSOLUTE (.))
 *(.dtors)
 *(SORT(.dtors.*))
                0x00846f50                PROVIDE (__DTOR_END__, ABSOLUTE (.))
 *(.jcr)
                0x00846f50                . = ALIGN (0x4)

.rodata         0x00846f50     0x428c
                0x00846f50                PROVIDE (__ram_rodata_start, ABSOLUTE (.))
                0x00846f50                . = ALIGN (0x4)
 *(.rodata .rodata.* .gnu.linkonce.r.*)
 .rodata        0x00846f50       0x60 obj/default/LCD.o
 .rodata        0x00846fb0       0xa8 obj/default/SSS_DE2_115.o
 .rodata        0x00847058      0xba4 obj/default/alt_error_handler.o
 .rodata        0x00847bfc       0x64 obj/default/dm9000a.o
 .rodata        0x00847c60      0x170 obj/default/iniche_init.o
 .rodata        0x00847dd0      0x234 obj/default/network_utilities.o
 .rodata        0x00848004      0x2e0 obj/default/simple_socket_server.o
 .rodata        0x008482e4       0x14 d:/altera/13.0sp1/nios2eds/bin/gnu/h-i686-mingw32/bin/../lib/gcc/nios2-elf/4.1.2\libgcc.a(_thenan_df.o)
                0x008482e4                __thenan_df
 .rodata        0x008482f8      0x100 d:/altera/13.0sp1/nios2eds/bin/gnu/h-i686-mingw32/bin/../lib/gcc/nios2-elf/4.1.2\libgcc.a(_clz.o)
                0x008482f8                __clz_tab
 .rodata        0x008483f8      0x281 d:/altera/13.0sp1/nios2eds/bin/gnu/h-i686-mingw32/bin/../lib/gcc/nios2-elf/4.1.2/../../../../nios2-elf/lib\libc.a(lib_a-ctype_.o)
                0x008483f8                _ctype_
 *fill*         0x00848679        0x3 00
 .rodata.str1.4
                0x0084867c        0x2 d:/altera/13.0sp1/nios2eds/bin/gnu/h-i686-mingw32/bin/../lib/gcc/nios2-elf/4.1.2/../../../../nios2-elf/lib\libc.a(lib_a-impure.o)
                                  0x4 (size before relaxing)
 *fill*         0x0084867e        0x2 00
 .rodata.str1.4
                0x00848680        0x3 d:/altera/13.0sp1/nios2eds/bin/gnu/h-i686-mingw32/bin/../lib/gcc/nios2-elf/4.1.2/../../../../nios2-elf/lib\libc.a(lib_a-perror.o)
                                  0x4 (size before relaxing)
 *fill*         0x00848683        0x1 00
 .rodata.str1.4
                0x00848684        0x2 d:/altera/13.0sp1/nios2eds/bin/gnu/h-i686-mingw32/bin/../lib/gcc/nios2-elf/4.1.2/../../../../nios2-elf/lib\libc.a(lib_a-puts.o)
                                  0x4 (size before relaxing)
 *fill*         0x00848686        0x2 00
 .rodata.str1.4
                0x00848688      0x7a2 d:/altera/13.0sp1/nios2eds/bin/gnu/h-i686-mingw32/bin/../lib/gcc/nios2-elf/4.1.2/../../../../nios2-elf/lib\libc.a(lib_a-strerror.o)
                                0x7a8 (size before relaxing)
 *fill*         0x00848e2a        0x2 00
 .rodata.str1.4
                0x00848e2c       0x5e d:/altera/13.0sp1/nios2eds/bin/gnu/h-i686-mingw32/bin/../lib/gcc/nios2-elf/4.1.2/../../../../nios2-elf/lib\libc.a(lib_a-vfprintf.o)
                                 0x60 (size before relaxing)
 .rodata        0x00848e8a       0x20 d:/altera/13.0sp1/nios2eds/bin/gnu/h-i686-mingw32/bin/../lib/gcc/nios2-elf/4.1.2/../../../../nios2-elf/lib\libc.a(lib_a-vfprintf.o)
 *fill*         0x00848eaa        0x2 00
 .rodata.str1.4
                0x00848eac       0x10 d:/altera/13.0sp1/nios2eds/bin/gnu/h-i686-mingw32/bin/../lib/gcc/nios2-elf/4.1.2/../../../../nios2-elf/lib\libc.a(lib_a-dtoa.o)
                                 0x14 (size before relaxing)
 .rodata.str1.4
                0x00848ebc       0x10 d:/altera/13.0sp1/nios2eds/bin/gnu/h-i686-mingw32/bin/../lib/gcc/nios2-elf/4.1.2/../../../../nios2-elf/lib\libc.a(lib_a-locale.o)
                                 0x18 (size before relaxing)
 .rodata        0x00848ecc       0x30 d:/altera/13.0sp1/nios2eds/bin/gnu/h-i686-mingw32/bin/../lib/gcc/nios2-elf/4.1.2/../../../../nios2-elf/lib\libc.a(lib_a-locale.o)
 .rodata        0x00848efc      0x124 d:/altera/13.0sp1/nios2eds/bin/gnu/h-i686-mingw32/bin/../lib/gcc/nios2-elf/4.1.2/../../../../nios2-elf/lib\libc.a(lib_a-mprec.o)
                0x00848efc                __mprec_tens
                0x00848fc4                __mprec_bigtens
                0x00848fec                __mprec_tinytens
 .rodata        0x00849020       0x14 ../lab7_bsp/\libucosii_bsp.a(alt_main.o)
 .rodata        0x00849034      0x120 ../lab7_bsp/\libucosii_bsp.a(os_core.o)
                0x00849034                OSUnMapTbl
 .rodata        0x00849154       0x60 ../lab7_bsp/\libucosii_bsp.a(alt_sys_init.o)
 .rodata        0x008491b4       0xd8 ../lab7_bsp/\libucosii_bsp.a(ipnet.o)
 .rodata        0x0084928c       0xec ../lab7_bsp/\libucosii_bsp.a(ipstart.o)
 .rodata        0x00849378      0x54c ../lab7_bsp/\libucosii_bsp.a(igmp_cmn.o)
 .rodata        0x008498c4       0xb8 ../lab7_bsp/\libucosii_bsp.a(in_utils.o)
 .rodata        0x0084997c       0x34 ../lab7_bsp/\libucosii_bsp.a(netmain.o)
 .rodata        0x008499b0       0x94 ../lab7_bsp/\libucosii_bsp.a(parseip.o)
 .rodata        0x00849a44      0x1a8 ../lab7_bsp/\libucosii_bsp.a(tk_crnos.o)
 .rodata        0x00849bec        0x8 ../lab7_bsp/\libucosii_bsp.a(dhcpclnt.o)
 .rodata        0x00849bf4      0x118 ../lab7_bsp/\libucosii_bsp.a(pktalloc.o)
 .rodata        0x00849d0c       0x84 ../lab7_bsp/\libucosii_bsp.a(udp_open.o)
 .rodata        0x00849d90       0x2c ../lab7_bsp/\libucosii_bsp.a(brdutils.o)
 .rodata        0x00849dbc      0x26c ../lab7_bsp/\libucosii_bsp.a(osportco.o)
 .rodata        0x0084a028       0xa0 ../lab7_bsp/\libucosii_bsp.a(targnios.o)
 .rodata        0x0084a0c8       0x90 ../lab7_bsp/\libucosii_bsp.a(nptcp.o)
 .rodata        0x0084a158        0x8 ../lab7_bsp/\libucosii_bsp.a(sockcall.o)
 .rodata        0x0084a160       0x50 ../lab7_bsp/\libucosii_bsp.a(socket.o)
 .rodata        0x0084a1b0       0x40 ../lab7_bsp/\libucosii_bsp.a(socket2.o)
 .rodata        0x0084a1f0       0x20 ../lab7_bsp/\libucosii_bsp.a(tcp_in.o)
 .rodata        0x0084a210       0x40 ../lab7_bsp/\libucosii_bsp.a(tcp_out.o)
 .rodata        0x0084a250       0x24 ../lab7_bsp/\libucosii_bsp.a(tcp_subr.o)
 .rodata        0x0084a274       0x2c ../lab7_bsp/\libucosii_bsp.a(tcp_usr.o)
 .rodata        0x0084a2a0        0xc ../lab7_bsp/\libucosii_bsp.a(alt_dev.o)
 .rodata        0x0084a2ac        0x4 ../lab7_bsp/\libucosii_bsp.a(os_cpu_c.o)
 .rodata        0x0084a2b0      0x1d4 ../lab7_bsp/\libucosii_bsp.a(allports.o)
 .rodata        0x0084a484       0x34 ../lab7_bsp/\libucosii_bsp.a(tk_misc.o)
 .rodata        0x0084a4b8       0x44 ../lab7_bsp/\libucosii_bsp.a(et_arp.o)
 .rodata        0x0084a4fc      0x1dc ../lab7_bsp/\libucosii_bsp.a(ip.o)
 .rodata        0x0084a6d8      0x158 ../lab7_bsp/\libucosii_bsp.a(ip_reasm.o)
 .rodata        0x0084a830      0x120 ../lab7_bsp/\libucosii_bsp.a(ipdemux.o)
 .rodata        0x0084a950       0x34 ../lab7_bsp/\libucosii_bsp.a(ipport.o)
 .rodata        0x0084a984       0x24 ../lab7_bsp/\libucosii_bsp.a(ipraw.o)
 .rodata        0x0084a9a8       0x38 ../lab7_bsp/\libucosii_bsp.a(iproute.o)
 .rodata        0x0084a9e0       0xe8 ../lab7_bsp/\libucosii_bsp.a(udp.o)
 .rodata        0x0084aac8      0x2d0 ../lab7_bsp/\libucosii_bsp.a(u_mctest.o)
 .rodata        0x0084ad98       0xf8 ../lab7_bsp/\libucosii_bsp.a(dhcsetup.o)
 .rodata        0x0084ae90       0x34 ../lab7_bsp/\libucosii_bsp.a(vfsfiles.o)
 .rodata        0x0084aec4      0x318 ../lab7_bsp/\libucosii_bsp.a(icmp.o)
 *(.rodata1)
                0x0084b1dc                . = ALIGN (0x4)
                0x0084b1dc                PROVIDE (__ram_rodata_end, ABSOLUTE (.))
                0x00846f50                PROVIDE (__flash_rodata_start, LOADADDR (.rodata))

.rwdata         0x0084b1dc     0x213c
                0x0084b1dc                PROVIDE (__ram_rwdata_start, ABSOLUTE (.))
                0x0084b1dc                . = ALIGN (0x4)
 *(.got.plt)
 *(.got)
 *(.data1)
 *(.data .data.* .gnu.linkonce.d.*)
 .data          0x0084b1dc        0x0 ../lab7_bsp//obj/HAL/src/crt0.o
 .data          0x0084b1dc        0x0 obj/default/LCD.o
 .data          0x0084b1dc        0x0 obj/default/SSS_DE2_115.o
 .data          0x0084b1dc        0x0 obj/default/alt_error_handler.o
 .data          0x0084b1dc        0x0 obj/default/dm9000a.o
 .data          0x0084b1dc       0x18 obj/default/iniche_init.o
                0x0084b1dc                ssstask
 .data          0x0084b1f4        0x0 obj/default/led.o
 .data          0x0084b1f4        0x0 obj/default/network_utilities.o
 .data          0x0084b1f4        0x0 obj/default/simple_socket_server.o
 .data          0x0084b1f4        0x0 obj/default/tse_my_system.o
 .data          0x0084b1f4        0x0 d:/altera/13.0sp1/nios2eds/bin/gnu/h-i686-mingw32/bin/../lib/gcc/nios2-elf/4.1.2\libgcc.a(_fixunsdfsi.o)
 .data          0x0084b1f4        0x0 d:/altera/13.0sp1/nios2eds/bin/gnu/h-i686-mingw32/bin/../lib/gcc/nios2-elf/4.1.2\libgcc.a(_addsub_df.o)
 .data          0x0084b1f4        0x0 d:/altera/13.0sp1/nios2eds/bin/gnu/h-i686-mingw32/bin/../lib/gcc/nios2-elf/4.1.2\libgcc.a(_mul_df.o)
 .data          0x0084b1f4        0x0 d:/altera/13.0sp1/nios2eds/bin/gnu/h-i686-mingw32/bin/../lib/gcc/nios2-elf/4.1.2\libgcc.a(_ge_df.o)
 .data          0x0084b1f4        0x0 d:/altera/13.0sp1/nios2eds/bin/gnu/h-i686-mingw32/bin/../lib/gcc/nios2-elf/4.1.2\libgcc.a(_df_to_si.o)
 .data          0x0084b1f4        0x0 d:/altera/13.0sp1/nios2eds/bin/gnu/h-i686-mingw32/bin/../lib/gcc/nios2-elf/4.1.2\libgcc.a(_thenan_df.o)
 .data          0x0084b1f4        0x0 d:/altera/13.0sp1/nios2eds/bin/gnu/h-i686-mingw32/bin/../lib/gcc/nios2-elf/4.1.2\libgcc.a(_usi_to_df.o)
 .data          0x0084b1f4        0x0 d:/altera/13.0sp1/nios2eds/bin/gnu/h-i686-mingw32/bin/../lib/gcc/nios2-elf/4.1.2\libgcc.a(_muldi3.o)
 .data          0x0084b1f4        0x0 d:/altera/13.0sp1/nios2eds/bin/gnu/h-i686-mingw32/bin/../lib/gcc/nios2-elf/4.1.2\libgcc.a(_clzsi2.o)
 .data          0x0084b1f4        0x0 d:/altera/13.0sp1/nios2eds/bin/gnu/h-i686-mingw32/bin/../lib/gcc/nios2-elf/4.1.2\libgcc.a(_pack_df.o)
 .data          0x0084b1f4        0x0 d:/altera/13.0sp1/nios2eds/bin/gnu/h-i686-mingw32/bin/../lib/gcc/nios2-elf/4.1.2\libgcc.a(_unpack_df.o)
 .data          0x0084b1f4        0x0 d:/altera/13.0sp1/nios2eds/bin/gnu/h-i686-mingw32/bin/../lib/gcc/nios2-elf/4.1.2\libgcc.a(_fpcmp_parts_df.o)
 .data          0x0084b1f4        0x0 d:/altera/13.0sp1/nios2eds/bin/gnu/h-i686-mingw32/bin/../lib/gcc/nios2-elf/4.1.2\libgcc.a(_clz.o)
 .data          0x0084b1f4        0x0 d:/altera/13.0sp1/nios2eds/bin/gnu/h-i686-mingw32/bin/../lib/gcc/nios2-elf/4.1.2/../../../../nios2-elf/lib\libc.a(lib_a-atoi.o)
 .data          0x0084b1f4        0x0 d:/altera/13.0sp1/nios2eds/bin/gnu/h-i686-mingw32/bin/../lib/gcc/nios2-elf/4.1.2/../../../../nios2-elf/lib\libc.a(lib_a-ctype_.o)
 .data          0x0084b1f4        0x0 d:/altera/13.0sp1/nios2eds/bin/gnu/h-i686-mingw32/bin/../lib/gcc/nios2-elf/4.1.2/../../../../nios2-elf/lib\libc.a(lib_a-errno.o)
 .data          0x0084b1f4        0x0 d:/altera/13.0sp1/nios2eds/bin/gnu/h-i686-mingw32/bin/../lib/gcc/nios2-elf/4.1.2/../../../../nios2-elf/lib\libc.a(lib_a-exit.o)
 .data          0x0084b1f4        0x0 d:/altera/13.0sp1/nios2eds/bin/gnu/h-i686-mingw32/bin/../lib/gcc/nios2-elf/4.1.2/../../../../nios2-elf/lib\libc.a(lib_a-fprintf.o)
 .data          0x0084b1f4        0x0 d:/altera/13.0sp1/nios2eds/bin/gnu/h-i686-mingw32/bin/../lib/gcc/nios2-elf/4.1.2/../../../../nios2-elf/lib\libc.a(lib_a-fwrite.o)
 .data          0x0084b1f4        0x0 d:/altera/13.0sp1/nios2eds/bin/gnu/h-i686-mingw32/bin/../lib/gcc/nios2-elf/4.1.2/../../../../nios2-elf/lib\libc.a(lib_a-getc.o)
 .data          0x0084b1f4      0x400 d:/altera/13.0sp1/nios2eds/bin/gnu/h-i686-mingw32/bin/../lib/gcc/nios2-elf/4.1.2/../../../../nios2-elf/lib\libc.a(lib_a-impure.o)
 .data          0x0084b5f4        0x0 d:/altera/13.0sp1/nios2eds/bin/gnu/h-i686-mingw32/bin/../lib/gcc/nios2-elf/4.1.2/../../../../nios2-elf/lib\libc.a(lib_a-memcpy.o)
 .data          0x0084b5f4        0x0 d:/altera/13.0sp1/nios2eds/bin/gnu/h-i686-mingw32/bin/../lib/gcc/nios2-elf/4.1.2/../../../../nios2-elf/lib\libc.a(lib_a-memmove.o)
 .data          0x0084b5f4        0x0 d:/altera/13.0sp1/nios2eds/bin/gnu/h-i686-mingw32/bin/../lib/gcc/nios2-elf/4.1.2/../../../../nios2-elf/lib\libc.a(lib_a-memset.o)
 .data          0x0084b5f4        0x0 d:/altera/13.0sp1/nios2eds/bin/gnu/h-i686-mingw32/bin/../lib/gcc/nios2-elf/4.1.2/../../../../nios2-elf/lib\libc.a(lib_a-perror.o)
 .data          0x0084b5f4        0x0 d:/altera/13.0sp1/nios2eds/bin/gnu/h-i686-mingw32/bin/../lib/gcc/nios2-elf/4.1.2/../../../../nios2-elf/lib\libc.a(lib_a-printf.o)
 .data          0x0084b5f4        0x0 d:/altera/13.0sp1/nios2eds/bin/gnu/h-i686-mingw32/bin/../lib/gcc/nios2-elf/4.1.2/../../../../nios2-elf/lib\libc.a(lib_a-putc.o)
 .data          0x0084b5f4        0x0 d:/altera/13.0sp1/nios2eds/bin/gnu/h-i686-mingw32/bin/../lib/gcc/nios2-elf/4.1.2/../../../../nios2-elf/lib\libc.a(lib_a-putchar.o)
 .data          0x0084b5f4        0x0 d:/altera/13.0sp1/nios2eds/bin/gnu/h-i686-mingw32/bin/../lib/gcc/nios2-elf/4.1.2/../../../../nios2-elf/lib\libc.a(lib_a-puts.o)
 .data          0x0084b5f4        0x0 d:/altera/13.0sp1/nios2eds/bin/gnu/h-i686-mingw32/bin/../lib/gcc/nios2-elf/4.1.2/../../../../nios2-elf/lib\libc.a(lib_a-rget.o)
 .data          0x0084b5f4        0x0 d:/altera/13.0sp1/nios2eds/bin/gnu/h-i686-mingw32/bin/../lib/gcc/nios2-elf/4.1.2/../../../../nios2-elf/lib\libc.a(lib_a-strchr.o)
 .data          0x0084b5f4        0x0 d:/altera/13.0sp1/nios2eds/bin/gnu/h-i686-mingw32/bin/../lib/gcc/nios2-elf/4.1.2/../../../../nios2-elf/lib\libc.a(lib_a-strcmp.o)
 .data          0x0084b5f4        0x0 d:/altera/13.0sp1/nios2eds/bin/gnu/h-i686-mingw32/bin/../lib/gcc/nios2-elf/4.1.2/../../../../nios2-elf/lib\libc.a(lib_a-strerror.o)
 .data          0x0084b5f4        0x0 d:/altera/13.0sp1/nios2eds/bin/gnu/h-i686-mingw32/bin/../lib/gcc/nios2-elf/4.1.2/../../../../nios2-elf/lib\libc.a(lib_a-strlen.o)
 .data          0x0084b5f4        0x0 d:/altera/13.0sp1/nios2eds/bin/gnu/h-i686-mingw32/bin/../lib/gcc/nios2-elf/4.1.2/../../../../nios2-elf/lib\libc.a(lib_a-strtol.o)
 .data          0x0084b5f4        0x0 d:/altera/13.0sp1/nios2eds/bin/gnu/h-i686-mingw32/bin/../lib/gcc/nios2-elf/4.1.2/../../../../nios2-elf/lib\libc.a(lib_a-u_strerr.o)
 .data          0x0084b5f4        0x0 d:/altera/13.0sp1/nios2eds/bin/gnu/h-i686-mingw32/bin/../lib/gcc/nios2-elf/4.1.2/../../../../nios2-elf/lib\libc.a(lib_a-vfprintf.o)
 .data          0x0084b5f4        0x0 d:/altera/13.0sp1/nios2eds/bin/gnu/h-i686-mingw32/bin/../lib/gcc/nios2-elf/4.1.2/../../../../nios2-elf/lib\libc.a(lib_a-wbuf.o)
 .data          0x0084b5f4        0x0 d:/altera/13.0sp1/nios2eds/bin/gnu/h-i686-mingw32/bin/../lib/gcc/nios2-elf/4.1.2/../../../../nios2-elf/lib\libc.a(lib_a-wsetup.o)
 .data          0x0084b5f4        0x0 d:/altera/13.0sp1/nios2eds/bin/gnu/h-i686-mingw32/bin/../lib/gcc/nios2-elf/4.1.2/../../../../nios2-elf/lib\libc.a(lib_a-__call_atexit.o)
 .data          0x0084b5f4        0x0 d:/altera/13.0sp1/nios2eds/bin/gnu/h-i686-mingw32/bin/../lib/gcc/nios2-elf/4.1.2/../../../../nios2-elf/lib\libc.a(lib_a-dtoa.o)
 .data          0x0084b5f4        0x0 d:/altera/13.0sp1/nios2eds/bin/gnu/h-i686-mingw32/bin/../lib/gcc/nios2-elf/4.1.2/../../../../nios2-elf/lib\libc.a(lib_a-fflush.o)
 .data          0x0084b5f4        0x0 d:/altera/13.0sp1/nios2eds/bin/gnu/h-i686-mingw32/bin/../lib/gcc/nios2-elf/4.1.2/../../../../nios2-elf/lib\libc.a(lib_a-findfp.o)
 .data          0x0084b5f4        0x0 d:/altera/13.0sp1/nios2eds/bin/gnu/h-i686-mingw32/bin/../lib/gcc/nios2-elf/4.1.2/../../../../nios2-elf/lib\libc.a(lib_a-fputc.o)
 .data          0x0084b5f4        0x0 d:/altera/13.0sp1/nios2eds/bin/gnu/h-i686-mingw32/bin/../lib/gcc/nios2-elf/4.1.2/../../../../nios2-elf/lib\libc.a(lib_a-fputs.o)
 .data          0x0084b5f4        0x0 d:/altera/13.0sp1/nios2eds/bin/gnu/h-i686-mingw32/bin/../lib/gcc/nios2-elf/4.1.2/../../../../nios2-elf/lib\libc.a(lib_a-freer.o)
 .data          0x0084b5f4        0x0 d:/altera/13.0sp1/nios2eds/bin/gnu/h-i686-mingw32/bin/../lib/gcc/nios2-elf/4.1.2/../../../../nios2-elf/lib\libc.a(lib_a-fvwrite.o)
 .data          0x0084b5f4        0x0 d:/altera/13.0sp1/nios2eds/bin/gnu/h-i686-mingw32/bin/../lib/gcc/nios2-elf/4.1.2/../../../../nios2-elf/lib\libc.a(lib_a-fwalk.o)
 .data          0x0084b5f4        0xc d:/altera/13.0sp1/nios2eds/bin/gnu/h-i686-mingw32/bin/../lib/gcc/nios2-elf/4.1.2/../../../../nios2-elf/lib\libc.a(lib_a-locale.o)
                0x0084b5f4                __lc_ctype
 .data          0x0084b600        0x0 d:/altera/13.0sp1/nios2eds/bin/gnu/h-i686-mingw32/bin/../lib/gcc/nios2-elf/4.1.2/../../../../nios2-elf/lib\libc.a(lib_a-makebuf.o)
 .data          0x0084b600      0x408 d:/altera/13.0sp1/nios2eds/bin/gnu/h-i686-mingw32/bin/../lib/gcc/nios2-elf/4.1.2/../../../../nios2-elf/lib\libc.a(lib_a-mallocr.o)
                0x0084b600                __malloc_av_
 .data          0x0084ba08        0x0 d:/altera/13.0sp1/nios2eds/bin/gnu/h-i686-mingw32/bin/../lib/gcc/nios2-elf/4.1.2/../../../../nios2-elf/lib\libc.a(lib_a-memchr.o)
 .data          0x0084ba08        0x0 d:/altera/13.0sp1/nios2eds/bin/gnu/h-i686-mingw32/bin/../lib/gcc/nios2-elf/4.1.2/../../../../nios2-elf/lib\libc.a(lib_a-mprec.o)
 .data          0x0084ba08        0x0 d:/altera/13.0sp1/nios2eds/bin/gnu/h-i686-mingw32/bin/../lib/gcc/nios2-elf/4.1.2/../../../../nios2-elf/lib\libc.a(lib_a-reallocr.o)
 .data          0x0084ba08        0x0 d:/altera/13.0sp1/nios2eds/bin/gnu/h-i686-mingw32/bin/../lib/gcc/nios2-elf/4.1.2/../../../../nios2-elf/lib\libc.a(lib_a-refill.o)
 .data          0x0084ba08        0x0 d:/altera/13.0sp1/nios2eds/bin/gnu/h-i686-mingw32/bin/../lib/gcc/nios2-elf/4.1.2/../../../../nios2-elf/lib\libc.a(lib_a-s_isinfd.o)
 .data          0x0084ba08        0x0 d:/altera/13.0sp1/nios2eds/bin/gnu/h-i686-mingw32/bin/../lib/gcc/nios2-elf/4.1.2/../../../../nios2-elf/lib\libc.a(lib_a-s_isnand.o)
 .data          0x0084ba08        0x0 d:/altera/13.0sp1/nios2eds/bin/gnu/h-i686-mingw32/bin/../lib/gcc/nios2-elf/4.1.2/../../../../nios2-elf/lib\libc.a(lib_a-sbrkr.o)
 .data          0x0084ba08        0x0 d:/altera/13.0sp1/nios2eds/bin/gnu/h-i686-mingw32/bin/../lib/gcc/nios2-elf/4.1.2/../../../../nios2-elf/lib\libc.a(lib_a-stdio.o)
 .data          0x0084ba08        0x0 d:/altera/13.0sp1/nios2eds/bin/gnu/h-i686-mingw32/bin/../lib/gcc/nios2-elf/4.1.2/../../../../nios2-elf/lib\libc.a(lib_a-writer.o)
 .data          0x0084ba08        0x0 d:/altera/13.0sp1/nios2eds/bin/gnu/h-i686-mingw32/bin/../lib/gcc/nios2-elf/4.1.2/../../../../nios2-elf/lib\libc.a(lib_a-callocr.o)
 .data          0x0084ba08        0x0 d:/altera/13.0sp1/nios2eds/bin/gnu/h-i686-mingw32/bin/../lib/gcc/nios2-elf/4.1.2/../../../../nios2-elf/lib\libc.a(lib_a-closer.o)
 .data          0x0084ba08        0x0 d:/altera/13.0sp1/nios2eds/bin/gnu/h-i686-mingw32/bin/../lib/gcc/nios2-elf/4.1.2/../../../../nios2-elf/lib\libc.a(lib_a-fclose.o)
 .data          0x0084ba08        0x0 d:/altera/13.0sp1/nios2eds/bin/gnu/h-i686-mingw32/bin/../lib/gcc/nios2-elf/4.1.2/../../../../nios2-elf/lib\libc.a(lib_a-fstatr.o)
 .data          0x0084ba08        0x0 d:/altera/13.0sp1/nios2eds/bin/gnu/h-i686-mingw32/bin/../lib/gcc/nios2-elf/4.1.2/../../../../nios2-elf/lib\libc.a(lib_a-int_errno.o)
 .data          0x0084ba08        0x0 d:/altera/13.0sp1/nios2eds/bin/gnu/h-i686-mingw32/bin/../lib/gcc/nios2-elf/4.1.2/../../../../nios2-elf/lib\libc.a(lib_a-isattyr.o)
 .data          0x0084ba08        0x0 d:/altera/13.0sp1/nios2eds/bin/gnu/h-i686-mingw32/bin/../lib/gcc/nios2-elf/4.1.2/../../../../nios2-elf/lib\libc.a(lib_a-lseekr.o)