Archive member included because of file (symbol)

d:/altera/13.0sp1/nios2eds/bin/gnu/h-i686-mingw32/bin/../lib/gcc/nios2-elf/4.1.2\libgcc.a(_fixunsdfsi.o)
                              obj/default/dm9000a.o (__fixunsdfsi)
d:/altera/13.0sp1/nios2eds/bin/gnu/h-i686-mingw32/bin/../lib/gcc/nios2-elf/4.1.2\libgcc.a(_addsub_df.o)
                              d:/altera/13.0sp1/nios2eds/bin/gnu/h-i686-mingw32/bin/../lib/gcc/nios2-elf/4.1.2\libgcc.a(_fixunsdfsi.o) (__subdf3)
d:/altera/13.0sp1/nios2eds/bin/gnu/h-i686-mingw32/bin/../lib/gcc/nios2-elf/4.1.2\libgcc.a(_mul_df.o)
                              obj/default/dm9000a.o (__muldf3)
d:/altera/13.0sp1/nios2eds/bin/gnu/h-i686-mingw32/bin/../lib/gcc/nios2-elf/4.1.2\libgcc.a(_ge_df.o)
                              d:/altera/13.0sp1/nios2eds/bin/gnu/h-i686-mingw32/bin/../lib/gcc/nios2-elf/4.1.2\libgcc.a(_fixunsdfsi.o) (__gedf2)
d:/altera/13.0sp1/nios2eds/bin/gnu/h-i686-mingw32/bin/../lib/gcc/nios2-elf/4.1.2\libgcc.a(_df_to_si.o)
                              d:/altera/13.0sp1/nios2eds/bin/gnu/h-i686-mingw32/bin/../lib/gcc/nios2-elf/4.1.2\libgcc.a(_fixunsdfsi.o) (__fixdfsi)
d:/altera/13.0sp1/nios2eds/bin/gnu/h-i686-mingw32/bin/../lib/gcc/nios2-elf/4.1.2\libgcc.a(_thenan_df.o)
                              d:/altera/13.0sp1/nios2eds/bin/gnu/h-i686-mingw32/bin/../lib/gcc/nios2-elf/4.1.2\libgcc.a(_addsub_df.o) (__thenan_df)
d:/altera/13.0sp1/nios2eds/bin/gnu/h-i686-mingw32/bin/../lib/gcc/nios2-elf/4.1.2\libgcc.a(_usi_to_df.o)
                              obj/default/dm9000a.o (__floatunsidf)
d:/altera/13.0sp1/nios2eds/bin/gnu/h-i686-mingw32/bin/../lib/gcc/nios2-elf/4.1.2\libgcc.a(_muldi3.o)
                              d:/altera/13.0sp1/nios2eds/bin/gnu/h-i686-mingw32/bin/../lib/gcc/nios2-elf/4.1.2\libgcc.a(_mul_df.o) (__muldi3)
d:/altera/13.0sp1/nios2eds/bin/gnu/h-i686-mingw32/bin/../lib/gcc/nios2-elf/4.1.2\libgcc.a(_clzsi2.o)
                              d:/altera/13.0sp1/nios2eds/bin/gnu/h-i686-mingw32/bin/../lib/gcc/nios2-elf/4.1.2\libgcc.a(_usi_to_df.o) (__clzsi2)
d:/altera/13.0sp1/nios2eds/bin/gnu/h-i686-mingw32/bin/../lib/gcc/nios2-elf/4.1.2\libgcc.a(_pack_df.o)
                              d:/altera/13.0sp1/nios2eds/bin/gnu/h-i686-mingw32/bin/../lib/gcc/nios2-elf/4.1.2\libgcc.a(_addsub_df.o) (__pack_d)
d:/altera/13.0sp1/nios2eds/bin/gnu/h-i686-mingw32/bin/../lib/gcc/nios2-elf/4.1.2\libgcc.a(_unpack_df.o)
                              d:/altera/13.0sp1/nios2eds/bin/gnu/h-i686-mingw32/bin/../lib/gcc/nios2-elf/4.1.2\libgcc.a(_addsub_df.o) (__unpack_d)
d:/altera/13.0sp1/nios2eds/bin/gnu/h-i686-mingw32/bin/../lib/gcc/nios2-elf/4.1.2\libgcc.a(_fpcmp_parts_df.o)
                              d:/altera/13.0sp1/nios2eds/bin/gnu/h-i686-mingw32/bin/../lib/gcc/nios2-elf/4.1.2\libgcc.a(_ge_df.o) (__fpcmp_parts_d)
d:/altera/13.0sp1/nios2eds/bin/gnu/h-i686-mingw32/bin/../lib/gcc/nios2-elf/4.1.2\libgcc.a(_clz.o)
                              d:/altera/13.0sp1/nios2eds/bin/gnu/h-i686-mingw32/bin/../lib/gcc/nios2-elf/4.1.2\libgcc.a(_clzsi2.o) (__clz_tab)
d:/altera/13.0sp1/nios2eds/bin/gnu/h-i686-mingw32/bin/../lib/gcc/nios2-elf/4.1.2/../../../../nios2-elf/lib\libc.a(lib_a-atoi.o)
                              obj/default/iniche_init.o (atoi)
d:/altera/13.0sp1/nios2eds/bin/gnu/h-i686-mingw32/bin/../lib/gcc/nios2-elf/4.1.2/../../../../nios2-elf/lib\libc.a(lib_a-ctype_.o)
                              obj/default/network_utilities.o (__ctype_ptr)
d:/altera/13.0sp1/nios2eds/bin/gnu/h-i686-mingw32/bin/../lib/gcc/nios2-elf/4.1.2/../../../../nios2-elf/lib\libc.a(lib_a-errno.o)
                              obj/default/iniche_init.o (__errno)
d:/altera/13.0sp1/nios2eds/bin/gnu/h-i686-mingw32/bin/../lib/gcc/nios2-elf/4.1.2/../../../../nios2-elf/lib\libc.a(lib_a-exit.o)
                              obj/default/iniche_init.o (exit)
d:/altera/13.0sp1/nios2eds/bin/gnu/h-i686-mingw32/bin/../lib/gcc/nios2-elf/4.1.2/../../../../nios2-elf/lib\libc.a(lib_a-fprintf.o)
                              obj/default/alt_error_handler.o (fprintf)
d:/altera/13.0sp1/nios2eds/bin/gnu/h-i686-mingw32/bin/../lib/gcc/nios2-elf/4.1.2/../../../../nios2-elf/lib\libc.a(lib_a-fwrite.o)
                              obj/default/alt_error_handler.o (fwrite)
d:/altera/13.0sp1/nios2eds/bin/gnu/h-i686-mingw32/bin/../lib/gcc/nios2-elf/4.1.2/../../../../nios2-elf/lib\libc.a(lib_a-getc.o)
                              obj/default/network_utilities.o (getc)
d:/altera/13.0sp1/nios2eds/bin/gnu/h-i686-mingw32/bin/../lib/gcc/nios2-elf/4.1.2/../../../../nios2-elf/lib\libc.a(lib_a-impure.o)
                              obj/default/alt_error_handler.o (_impure_ptr)
d:/altera/13.0sp1/nios2eds/bin/gnu/h-i686-mingw32/bin/../lib/gcc/nios2-elf/4.1.2/../../../../nios2-elf/lib\libc.a(lib_a-memcpy.o)
                              obj/default/simple_socket_server.o (memcpy)
d:/altera/13.0sp1/nios2eds/bin/gnu/h-i686-mingw32/bin/../lib/gcc/nios2-elf/4.1.2/../../../../nios2-elf/lib\libc.a(lib_a-memmove.o)
[...]
Memory Configuration

Name             Origin             Length             Attributes
sdram_0_BEFORE_EXCEPTION 0x00800000         0x00000020
sdram_0          0x00800020         0x007fffe0
reset            0x01400000         0x00000020
cfi_flash_0      0x01400020         0x003fffe0
sram_0           0x01a00000         0x00080000
epcs_controller  0x01a81800         0x00000800
*default*        0x00000000         0xffffffff

Linker script and memory map

LOAD ../teste_sock_bsp//obj/HAL/src/crt0.o
LOAD obj/default/LCD.o
LOAD obj/default/SSS_DE2_115.o
LOAD obj/default/alt_error_handler.o
LOAD obj/default/dm9000a.o
LOAD obj/default/iniche_init.o
LOAD obj/default/led.o
LOAD obj/default/network_utilities.o
LOAD obj/default/simple_socket_server.o
LOAD obj/default/tse_my_system.o
LOAD d:/altera/13.0sp1/nios2eds/bin/gnu/h-i686-mingw32/bin/../lib/gcc/nios2-elf/4.1.2/../../../../nios2-elf/lib\libstdc++.a
LOAD d:/altera/13.0sp1/nios2eds/bin/gnu/h-i686-mingw32/bin/../lib/gcc/nios2-elf/4.1.2/../../../../nios2-elf/lib\libm.a
LOAD d:/altera/13.0sp1/nios2eds/bin/gnu/h-i686-mingw32/bin/../lib/gcc/nios2-elf/4.1.2\libgcc.a
START GROUP
LOAD d:/altera/13.0sp1/nios2eds/bin/gnu/h-i686-mingw32/bin/../lib/gcc/nios2-elf/4.1.2/../../../../nios2-elf/lib\libc.a
LOAD d:/altera/13.0sp1/nios2eds/bin/gnu/h-i686-mingw32/bin/../lib/gcc/nios2-elf/4.1.2\libgcc.a
LOAD ../teste_sock_bsp/\libucosii_bsp.a
END GROUP
LOAD d:/altera/13.0sp1/nios2eds/bin/gnu/h-i686-mingw32/bin/../lib/gcc/nios2-elf/4.1.2\libgcc.a
                0x00800000                __alt_mem_sdram_0 = 0x800000
                0x01400000                __alt_mem_cfi_flash_0 = 0x1400000
                0x01a00000                __alt_mem_sram_0 = 0x1a00000
                0x01a81800                __alt_mem_epcs_controller = 0x1a81800

.entry          0x01400000        0x0
 *(.entry)
 .entry         0x01400000        0x0 ../teste_sock_bsp//obj/HAL/src/crt0.o
                0x01400000                __reset

.exceptions     0x00800020      0x19c
                0x00800020                PROVIDE (__ram_exceptions_start, ABSOLUTE (.))
                0x00800020                . = ALIGN (0x20)
 *(.irq)
 *(.exceptions.entry.label)
 .exceptions.entry.label
                0x00800020        0x0 ../teste_sock_bsp/\libucosii_bsp.a(alt_irq_entry.o)
                0x00800020                alt_irq_entry
 .exceptions.entry.label
                0x00800020        0x0 ../teste_sock_bsp/\libucosii_bsp.a(alt_exception_entry.o)
                0x00800020                alt_exception
 *(.exceptions.entry.user)
 *(.exceptions.entry)
 .exceptions.entry
                0x00800020       0x54 ../teste_sock_bsp/\libucosii_bsp.a(alt_exception_entry.o)
 *(.exceptions.irqtest.user)
 *(.exceptions.irqtest)
 .exceptions.irqtest
                0x00800074       0x10 ../teste_sock_bsp/\libucosii_bsp.a(alt_irq_entry.o)
 *(.exceptions.irqhandler.user)
 *(.exceptions.irqhandler)
 .exceptions.irqhandler
                0x00800084        0x4 ../teste_sock_bsp/\libucosii_bsp.a(alt_irq_entry.o)
 *(.exceptions.irqreturn.user)
 *(.exceptions.irqreturn)
 .exceptions.irqreturn
                0x00800088        0x4 ../teste_sock_bsp/\libucosii_bsp.a(alt_irq_entry.o)
 *(.exceptions.notirq.label)
 .exceptions.notirq.label
                0x0080008c        0x0 ../teste_sock_bsp/\libucosii_bsp.a(alt_irq_entry.o)
 *(.exceptions.notirq.user)
 *(.exceptions.notirq)
 .exceptions.notirq
                0x0080008c        0x8 ../teste_sock_bsp/\libucosii_bsp.a(alt_exception_entry.o)
 *(.exceptions.soft.user)
 *(.exceptions.soft)
 *(.exceptions.unknown.user)
 *(.exceptions.unknown)
 .exceptions.unknown
                0x00800094        0x4 ../teste_sock_bsp/\libucosii_bsp.a(alt_exception_entry.o)
 *(.exceptions.exit.label)
 .exceptions.exit.label
                0x00800098        0x0 ../teste_sock_bsp/\libucosii_bsp.a(alt_irq_entry.o)
 .exceptions.exit.label
                0x00800098        0x0 ../teste_sock_bsp/\libucosii_bsp.a(alt_exception_entry.o)
 *(.exceptions.exit.user)
 *(.exceptions.exit)
 .exceptions.exit
                0x00800098       0x54 ../teste_sock_bsp/\libucosii_bsp.a(alt_exception_entry.o)
 *(.exceptions)
 .exceptions    0x008000ec       0xd0 ../teste_sock_bsp/\libucosii_bsp.a(alt_irq_handler.o)
                0x008000ec                alt_irq_handler
                0x008001bc                PROVIDE (__ram_exceptions_end, ABSOLUTE (.))
                0x00800020                PROVIDE (__flash_exceptions_start, LOADADDR (.exceptions))

.text           0x008001bc    0x4727c
                0x008001bc                PROVIDE (stext, ABSOLUTE (.))
 *(.interp)
 *(.hash)
 *(.dynsym)
 *(.dynstr)
 *(.gnu.version)
 *(.gnu.version_d)
 *(.gnu.version_r)
 *(.rel.init)
 *(.rela.init)
 *(.rel.text .rel.text.* .rel.gnu.linkonce.t.*)
 *(.rela.text .rela.text.* .rela.gnu.linkonce.t.*)
 *(.rel.fini)
 *(.rela.fini)
 *(.rel.rodata .rel.rodata.* .rel.gnu.linkonce.r.*)
 *(.rela.rodata .rela.rodata.* .rela.gnu.linkonce.r.*)
 *(.rel.data .rel.data.* .rel.gnu.linkonce.d.*)
 *(.rela.data .rela.data.* .rela.gnu.linkonce.d.*)
 *(.rel.tdata .rel.tdata.* .rel.gnu.linkonce.td.*)
 *(.rela.tdata .rela.tdata.* .rela.gnu.linkonce.td.*)
 *(.rel.tbss .rel.tbss.* .rel.gnu.linkonce.tb.*)
 *(.rela.tbss .rela.tbss.* .rela.gnu.linkonce.tb.*)
 *(.rel.ctors)
 *(.rela.ctors)
 *(.rel.dtors)
 *(.rela.dtors)
 *(.rel.got)
 *(.rela.got)
 *(.rel.sdata .rel.sdata.* .rel.gnu.linkonce.s.*)
 *(.rela.sdata .rela.sdata.* .rela.gnu.linkonce.s.*)
 *(.rel.sbss .rel.sbss.* .rel.gnu.linkonce.sb.*)
 *(.rela.sbss .rela.sbss.* .rela.gnu.linkonce.sb.*)
 *(.rel.sdata2 .rel.sdata2.* .rel.gnu.linkonce.s2.*)
 *(.rela.sdata2 .rela.sdata2.* .rela.gnu.linkonce.s2.*)
 *(.rel.sbss2 .rel.sbss2.* .rel.gnu.linkonce.sb2.*)
 *(.rela.sbss2 .rela.sbss2.* .rela.gnu.linkonce.sb2.*)
 *(.rel.bss .rel.bss.* .rel.gnu.linkonce.b.*)
 *(.rela.bss .rela.bss.* .rela.gnu.linkonce.b.*)
 *(.rel.plt)
 *(.rela.plt)
 *(.rel.dyn)
 *(.init)
 *(.plt)
 *(.text .stub .text.* .gnu.linkonce.t.*)
 .text          0x008001bc       0x48 ../teste_sock_bsp//obj/HAL/src/crt0.o
                0x008001bc                _start
 .text          0x00800204      0x31c obj/default/LCD.o
                0x00800204                LCD_Init
                0x008002a0                LCD_Show_Text
                0x00800328                LCD_Line2
                0x00800364                LCD_Line1
                0x008003a0                LCD_Clear
                0x008003dc                LCD_Test
 .text          0x00800520      0x2ec obj/default/SSS_DE2_115.o
                0x00800520                get_DE2_115_mac_addr
                0x008006c8                FindLastFlashSectorOffset
 .text          0x0080080c      0xba8 obj/default/alt_error_handler.o
                0x0080080c                alt_uCOSIIErrorHandler
                0x00800e30                alt_NetworkErrorHandler
                0x008010c8                alt_SSSErrorHandler
 .text          0x008013b4      0xe48 obj/default/dm9000a.o
                0x008013b4                dm9000a_iow
                0x00801408                dm9000a_ior
                0x00801454                phy_write
                0x008014f0                dm9000a_reset
                0x008016b4                TransmitPacket
                0x008017d0                prep_dm9000a
                0x008019ec                dm9000a_init
                0x00801e3c                dm9Ka_isr_wrap
                0x00801e7c                dm9ka_init
                0x00801f74                dm9ka_close
                0x00802084                dm9ka_stats
                0x008020e0                dm9ka_pkt_send
 .text          0x008021fc      0xe10 obj/default/iniche_init.o
                0x008021fc                u_mctest_init
                0x0080222c                u_mctest_run
                0x008028e4                SSSInitialTask
                0x00802f10                main
 .text          0x0080300c      0x324 obj/default/led.o
                0x0080300c                led_bit_toggle
                0x008030d8                LED7SegLightshowTask
                0x0080314c                LEDManagementTask
 .text          0x00803330      0x73c obj/default/network_utilities.o
                0x00803330                get_mac_addr
                0x00803388                get_ip_addr
                0x008033f4                get_serial_number
                0x008035d0                generate_and_store_mac_addr
                0x0080379c                generate_mac_addr
                0x008038d8                get_board_mac_addr
 .text          0x00803a6c      0x9f8 obj/default/simple_socket_server.o
                0x00803a6c                SSSCreateOSDataStructs
                0x00803b14                SSSCreateTasks
                0x00803bd8                sss_reset_connection
                0x00803c48                sss_send_menu
                0x00803dd8                sss_handle_accept
                0x00803e98                sss_exec_command
                0x0080400c                sss_handle_receive
                0x008041f8                SSSSimpleSocketServerTask
 .text          0x00804464        0x0 obj/default/tse_my_system.o
 .text          0x00804464       0xa4 d:/altera/13.0sp1/nios2eds/bin/gnu/h-i686-mingw32/bin/../lib/gcc/nios2-elf/4.1.2\libgcc.a(_fixunsdfsi.o)
                0x00804464                __fixunsdfsi
 .text          0x00804508      0x504 d:/altera/13.0sp1/nios2eds/bin/gnu/h-i686-mingw32/bin/../lib/gcc/nios2-elf/4.1.2\libgcc.a(_addsub_df.o)
                0x00804918                __subdf3
                0x00804998                __adddf3
 .text          0x00804a0c      0x3c4 d:/altera/13.0sp1/nios2eds/bin/gnu/h-i686-mingw32/bin/../lib/gcc/nios2-elf/4.1.2\libgcc.a(_mul_df.o)
                0x00804a0c                __muldf3
 .text          0x00804dd0       0x88 d:/altera/13.0sp1/nios2eds/bin/gnu/h-i686-mingw32/bin/../lib/gcc/nios2-elf/4.1.2\libgcc.a(_ge_df.o)
                0x00804dd0                __gedf2
 .text          0x00804e58       0xd8 d:/altera/13.0sp1/nios2eds/bin/gnu/h-i686-mingw32/bin/../lib/gcc/nios2-elf/4.1.2\libgcc.a(_df_to_si.o)
                0x00804e58                __fixdfsi
 .text          0x00804f30        0x0 d:/altera/13.0sp1/nios2eds/bin/gnu/h-i686-mingw32/bin/../lib/gcc/nios2-elf/4.1.2\libgcc.a(_thenan_df.o)
 .text          0x00804f30      0x194 d:/altera/13.0sp1/nios2eds/bin/gnu/h-i686-mingw32/bin/../lib/gcc/nios2-elf/4.1.2\libgcc.a(_usi_to_df.o)
                0x00804f30                __floatunsidf
 .text          0x008050c4       0x98 d:/altera/13.0sp1/nios2eds/bin/gnu/h-i686-mingw32/bin/../lib/gcc/nios2-elf/4.1.2\libgcc.a(_muldi3.o)
                0x008050c4                __muldi3
 .text          0x0080515c       0x80 d:/altera/13.0sp1/nios2eds/bin/gnu/h-i686-mingw32/bin/../lib/gcc/nios2-elf/4.1.2\libgcc.a(_clzsi2.o)
                0x0080515c                __clzsi2
 .text          0x008051dc      0x314 d:/altera/13.0sp1/nios2eds/bin/gnu/h-i686-mingw32/bin/../lib/gcc/nios2-elf/4.1.2\libgcc.a(_pack_df.o)
                0x008051dc                __pack_d
 .text          0x008054f0      0x138 d:/altera/13.0sp1/nios2eds/bin/gnu/h-i686-mingw32/bin/../lib/gcc/nios2-elf/4.1.2\libgcc.a(_unpack_df.o)
                0x008054f0                __unpack_d
 .text          0x00805628       0xc8 d:/altera/13.0sp1/nios2eds/bin/gnu/h-i686-mingw32/bin/../lib/gcc/nios2-elf/4.1.2\libgcc.a(_fpcmp_parts_df.o)
                0x00805628                __fpcmp_parts_d
 .text          0x008056f0        0x0 d:/altera/13.0sp1/nios2eds/bin/gnu/h-i686-mingw32/bin/../lib/gcc/nios2-elf/4.1.2\libgcc.a(_clz.o)
 .text          0x008056f0       0x18 d:/altera/13.0sp1/nios2eds/bin/gnu/h-i686-mingw32/bin/../lib/gcc/nios2-elf/4.1.2/../../../../nios2-elf/lib\libc.a(lib_a-atoi.o)
                0x008056f0                _atoi_r
                0x008056fc                atoi
 .text          0x00805708        0x0 d:/altera/13.0sp1/nios2eds/bin/gnu/h-i686-mingw32/bin/../lib/gcc/nios2-elf/4.1.2/../../../../nios2-elf/lib\libc.a(lib_a-ctype_.o)
 .text          0x00805708       0x10 d:/altera/13.0sp1/nios2eds/bin/gnu/h-i686-mingw32/bin/../lib/gcc/nios2-elf/4.1.2/../../../../nios2-elf/lib\libc.a(lib_a-errno.o)
                0x00805708                __errno
 .text          0x00805718       0x38 d:/altera/13.0sp1/nios2eds/bin/gnu/h-i686-mingw32/bin/../lib/gcc/nios2-elf/4.1.2/../../../../nios2-elf/lib\libc.a(lib_a-exit.o)
                0x00805718                exit
 .text          0x00805750       0x60 d:/altera/13.0sp1/nios2eds/bin/gnu/h-i686-mingw32/bin/../lib/gcc/nios2-elf/4.1.2/../../../../nios2-elf/lib\libc.a(lib_a-fprintf.o)
                0x00805750                fprintf
                0x0080577c                _fprintf_r
 .text          0x008057b0       0xdc d:/altera/13.0sp1/nios2eds/bin/gnu/h-i686-mingw32/bin/../lib/gcc/nios2-elf/4.1.2/../../../../nios2-elf/lib\libc.a(lib_a-fwrite.o)
                0x008057b0                _fwrite_r
                0x0080584c                fwrite
 .text          0x0080588c      0x128 d:/altera/13.0sp1/nios2eds/bin/gnu/h-i686-mingw32/bin/../lib/gcc/nios2-elf/4.1.2/../../../../nios2-elf/lib\libc.a(lib_a-getc.o)
                0x0080588c                getc
                0x00805924                _getc_r
 .text          0x008059b4        0x0 d:/altera/13.0sp1/nios2eds/bin/gnu/h-i686-mingw32/bin/../lib/gcc/nios2-elf/4.1.2/../../../../nios2-elf/lib\libc.a(lib_a-impure.o)
 .text          0x008059b4       0xa0 d:/altera/13.0sp1/nios2eds/bin/gnu/h-i686-mingw32/bin/../lib/gcc/nios2-elf/4.1.2/../../../../nios2-elf/lib\libc.a(lib_a-memcpy.o)
                0x008059b4                memcpy
 .text          0x00805a54       0xe0 d:/altera/13.0sp1/nios2eds/bin/gnu/h-i686-mingw32/bin/../lib/gcc/nios2-elf/4.1.2/../../../../nios2-elf/lib\libc.a(lib_a-memmove.o)
                0x00805a54                memmove
 .text          0x00805b34       0x98 d:/altera/13.0sp1/nios2eds/bin/gnu/h-i686-mingw32/bin/../lib/gcc/nios2-elf/4.1.2/../../../../nios2-elf/lib\libc.a(lib_a-memset.o)
                0x00805b34                memset
 .text          0x00805bcc       0x80 d:/altera/13.0sp1/nios2eds/bin/gnu/h-i686-mingw32/bin/../lib/gcc/nios2-elf/4.1.2/../../../../nios2-elf/lib\libc.a(lib_a-perror.o)
                0x00805bcc                _perror_r
                0x00805c38                perror
 .text          0x00805c4c       0x78 d:/altera/13.0sp1/nios2eds/bin/gnu/h-i686-mingw32/bin/../lib/gcc/nios2-elf/4.1.2/../../../../nios2-elf/lib\libc.a(lib_a-printf.o)
                0x00805c4c                printf
                0x00805c90                _printf_r
 .text          0x00805cc4      0x1ec d:/altera/13.0sp1/nios2eds/bin/gnu/h-i686-mingw32/bin/../lib/gcc/nios2-elf/4.1.2/../../../../nios2-elf/lib\libc.a(lib_a-putc.o)
                0x00805cc4                putc
                0x00805dc8                _putc_r
 .text          0x00805eb0       0x24 d:/altera/13.0sp1/nios2eds/bin/gnu/h-i686-mingw32/bin/../lib/gcc/nios2-elf/4.1.2/../../../../nios2-elf/lib\libc.a(lib_a-putchar.o)
                0x00805eb0                putchar
                0x00805ecc                _putchar_r
 .text          0x00805ed4       0xb4 d:/altera/13.0sp1/nios2eds/bin/gnu/h-i686-mingw32/bin/../lib/gcc/nios2-elf/4.1.2/../../../../nios2-elf/lib\libc.a(lib_a-puts.o)
                0x00805ed4                _puts_r
                0x00805f74                puts
 .text          0x00805f88       0x60 d:/altera/13.0sp1/nios2eds/bin/gnu/h-i686-mingw32/bin/../lib/gcc/nios2-elf/4.1.2/../../../../nios2-elf/lib\libc.a(lib_a-rget.o)
                0x00805f88                __srget_r
                0x00805fd4                __srget
 .text          0x00805fe8      0x170 d:/altera/13.0sp1/nios2eds/bin/gnu/h-i686-mingw32/bin/../lib/gcc/nios2-elf/4.1.2/../../../../nios2-elf/lib\libc.a(lib_a-snprintf.o)
                0x00805fe8                snprintf
                0x008060a4                _snprintf_r
 .text          0x00806158       0xd4 d:/altera/13.0sp1/nios2eds/bin/gnu/h-i686-mingw32/bin/../lib/gcc/nios2-elf/4.1.2/../../../../nios2-elf/lib\libc.a(lib_a-sprintf.o)
                0x00806158                sprintf
                0x008061cc                _sprintf_r
 .text          0x0080622c       0xe0 d:/altera/13.0sp1/nios2eds/bin/gnu/h-i686-mingw32/bin/../lib/gcc/nios2-elf/4.1.2/../../../../nios2-elf/lib\libc.a(lib_a-strchr.o)
                0x0080622c                strchr
 .text          0x0080630c       0xbc d:/altera/13.0sp1/nios2eds/bin/gnu/h-i686-mingw32/bin/../lib/gcc/nios2-elf/4.1.2/../../../../nios2-elf/lib\libc.a(lib_a-strcmp.o)
                0x0080630c                strcmp
 .text          0x008063c8      0x674 d:/altera/13.0sp1/nios2eds/bin/gnu/h-i686-mingw32/bin/../lib/gcc/nios2-elf/4.1.2/../../../../nios2-elf/lib\libc.a(lib_a-strerror.o)
                0x008063c8                strerror
 .text          0x00806a3c       0x74 d:/altera/13.0sp1/nios2eds/bin/gnu/h-i686-mingw32/bin/../lib/gcc/nios2-elf/4.1.2/../../../../nios2-elf/lib\libc.a(lib_a-strlen.o)
                0x00806a3c                strlen
 .text          0x00806ab0       0x18 d:/altera/13.0sp1/nios2eds/bin/gnu/h-i686-mingw32/bin/../lib/gcc/nios2-elf/4.1.2/../../../../nios2-elf/lib\libc.a(lib_a-strtok.o)
                0x00806ab0                strtok
 .text          0x00806ac8       0xac d:/altera/13.0sp1/nios2eds/bin/gnu/h-i686-mingw32/bin/../lib/gcc/nios2-elf/4.1.2/../../../../nios2-elf/lib\libc.a(lib_a-strtok_r.o)
                0x00806ac8                __strtok_r
                0x00806b6c                strtok_r
 .text          0x00806b74      0x268 d:/altera/13.0sp1/nios2eds/bin/gnu/h-i686-mingw32/bin/../lib/gcc/nios2-elf/4.1.2/../../../../nios2-elf/lib\libc.a(lib_a-strtol.o)
                0x00806b74                _strtol_r
                0x00806db8                strtol
 .text          0x00806ddc        0x8 d:/altera/13.0sp1/nios2eds/bin/gnu/h-i686-mingw32/bin/../lib/gcc/nios2-elf/4.1.2/../../../../nios2-elf/lib\libc.a(lib_a-u_strerr.o)
                0x00806ddc                _user_strerror
 .text          0x00806de4     0x1f28 d:/altera/13.0sp1/nios2eds/bin/gnu/h-i686-mingw32/bin/../lib/gcc/nios2-elf/4.1.2/../../../../nios2-elf/lib\libc.a(lib_a-vfprintf.o)
                0x00806e3c                ___vfprintf_internal_r
                0x00808ce8                __vfprintf_internal
 .text          0x00808d0c      0x14c d:/altera/13.0sp1/nios2eds/bin/gnu/h-i686-mingw32/bin/../lib/gcc/nios2-elf/4.1.2/../../../../nios2-elf/lib\libc.a(lib_a-wbuf.o)
                0x00808d0c                __swbuf_r
                0x00808e3c                __swbuf
 .text          0x00808e58      0x13c d:/altera/13.0sp1/nios2eds/bin/gnu/h-i686-mingw32/bin/../lib/gcc/nios2-elf/4.1.2/../../../../nios2-elf/lib\libc.a(lib_a-wsetup.o)
                0x00808e58                __swsetup_r
 .text          0x00808f94      0x1b4 d:/altera/13.0sp1/nios2eds/bin/gnu/h-i686-mingw32/bin/../lib/gcc/nios2-elf/4.1.2/../../../../nios2-elf/lib\libc.a(lib_a-__call_atexit.o)
                0x00808f98                __call_exitprocs
 .text          0x00809148     0x17cc d:/altera/13.0sp1/nios2eds/bin/gnu/h-i686-mingw32/bin/../lib/gcc/nios2-elf/4.1.2/../../../../nios2-elf/lib\libc.a(lib_a-dtoa.o)
                0x00809360                _dtoa_r
 .text          0x0080a914      0x230 d:/altera/13.0sp1/nios2eds/bin/gnu/h-i686-mingw32/bin/../lib/gcc/nios2-elf/4.1.2/../../../../nios2-elf/lib\libc.a(lib_a-fflush.o)
                0x0080a914                _fflush_r
                0x0080ab10                fflush
 .text          0x0080ab44      0x2c0 d:/altera/13.0sp1/nios2eds/bin/gnu/h-i686-mingw32/bin/../lib/gcc/nios2-elf/4.1.2/../../../../nios2-elf/lib\libc.a(lib_a-findfp.o)
                0x0080ab9c                __sfp_lock_acquire
                0x0080aba0                __sfp_lock_release
                0x0080aba4                __sinit_lock_acquire
                0x0080aba8                __sinit_lock_release
                0x0080abac                __sinit
                0x0080ac60                __fp_unlock_all
                0x0080ac78                __fp_lock_all
                0x0080ac90                _cleanup_r
                0x0080ac9c                _cleanup
                0x0080acac                __sfmoreglue
                0x0080ad14                __sfp
 .text          0x0080ae04       0xbc d:/altera/13.0sp1/nios2eds/bin/gnu/h-i686-mingw32/bin/../lib/gcc/nios2-elf/4.1.2/../../../../nios2-elf/lib\libc.a(lib_a-fputc.o)
                0x0080ae04                fputc
                0x0080ae68                _fputc_r
 .text          0x0080aec0       0x90 d:/altera/13.0sp1/nios2eds/bin/gnu/h-i686-mingw32/bin/../lib/gcc/nios2-elf/4.1.2/../../../../nios2-elf/lib\libc.a(lib_a-fputs.o)
                0x0080aec0                _fputs_r
                0x0080af34                fputs
 .text          0x0080af50      0x440 d:/altera/13.0sp1/nios2eds/bin/gnu/h-i686-mingw32/bin/../lib/gcc/nios2-elf/4.1.2/../../../../nios2-elf/lib\libc.a(lib_a-freer.o)
                0x0080af50                _malloc_trim_r
                0x0080b07c                _free_r
 .text          0x0080b390      0x49c d:/altera/13.0sp1/nios2eds/bin/gnu/h-i686-mingw32/bin/../lib/gcc/nios2-elf/4.1.2/../../../../nios2-elf/lib\libc.a(lib_a-fvwrite.o)
                0x0080b390                __sfvwrite_r
 .text          0x0080b82c      0x180 d:/altera/13.0sp1/nios2eds/bin/gnu/h-i686-mingw32/bin/../lib/gcc/nios2-elf/4.1.2/../../../../nios2-elf/lib\libc.a(lib_a-fwalk.o)
                0x0080b82c                _fwalk_reent
                0x0080b8f4                _fwalk
 .text          0x0080b9ac       0xc4 d:/altera/13.0sp1/nios2eds/bin/gnu/h-i686-mingw32/bin/../lib/gcc/nios2-elf/4.1.2/../../../../nios2-elf/lib\libc.a(lib_a-locale.o)
                0x0080b9ac                __locale_charset
                0x0080b9b4                _localeconv_r
                0x0080b9c0                localeconv
                0x0080b9d0                _setlocale_r
                0x0080ba54                setlocale
 .text          0x0080ba70      0x194 d:/altera/13.0sp1/nios2eds/bin/gnu/h-i686-mingw32/bin/../lib/gcc/nios2-elf/4.1.2/../../../../nios2-elf/lib\libc.a(lib_a-makebuf.o)
                0x0080ba70                __smakebuf_r
 .text          0x0080bc04      0x740 d:/altera/13.0sp1/nios2eds/bin/gnu/h-i686-mingw32/bin/../lib/gcc/nios2-elf/4.1.2/../../../../nios2-elf/lib\libc.a(lib_a-mallocr.o)
                0x0080bc04                _malloc_r
 .text          0x0080c344       0xe4 d:/altera/13.0sp1/nios2eds/bin/gnu/h-i686-mingw32/bin/../lib/gcc/nios2-elf/4.1.2/../../../../nios2-elf/lib\libc.a(lib_a-memchr.o)
                0x0080c344                memchr
 .text          0x0080c428      0xff4 d:/altera/13.0sp1/nios2eds/bin/gnu/h-i686-mingw32/bin/../lib/gcc/nios2-elf/4.1.2/../../../../nios2-elf/lib\libc.a(lib_a-mprec.o)
                0x0080c428                _Bfree
                0x0080c450                __hi0bits
                0x0080c4c0                __lo0bits
                0x0080c584                __mcmp
                0x0080c5e4                __ulp
                0x0080c664                __b2d
                0x0080c784                __ratio
                0x0080c834                _mprec_log10
                0x0080c8c8                __copybits
                0x0080c920                __any_on
                0x0080c9a8                _Balloc
                0x0080ca64                __d2b
                0x0080cbe0                __mdiff
                0x0080cd6c                __lshift
                0x0080ceb8                __multiply
                0x0080d0a0                __i2b
                0x0080d0dc                __multadd
                0x0080d1dc                __pow5mult
                0x0080d2fc                __s2b
 .text          0x0080d41c      0x5f4 d:/altera/13.0sp1/nios2eds/bin/gnu/h-i686-mingw32/bin/../lib/gcc/nios2-elf/4.1.2/../../../../nios2-elf/lib\libc.a(lib_a-reallocr.o)
                0x0080d41c                _realloc_r
 .text          0x0080da10      0x1e0 d:/altera/13.0sp1/nios2eds/bin/gnu/h-i686-mingw32/bin/../lib/gcc/nios2-elf/4.1.2/../../../../nios2-elf/lib\libc.a(lib_a-refill.o)
                0x0080da10                __srefill_r
 .text          0x0080dbf0       0x40 d:/altera/13.0sp1/nios2eds/bin/gnu/h-i686-mingw32/bin/../lib/gcc/nios2-elf/4.1.2/../../../../nios2-elf/lib\libc.a(lib_a-s_isinfd.o)
                0x0080dbf0                __isinfd
 .text          0x0080dc30       0x30 d:/altera/13.0sp1/nios2eds/bin/gnu/h-i686-mingw32/bin/../lib/gcc/nios2-elf/4.1.2/../../../../nios2-elf/lib\libc.a(lib_a-s_isnand.o)
                0x0080dc30                __isnand
 .text          0x0080dc60       0x70 d:/altera/13.0sp1/nios2eds/bin/gnu/h-i686-mingw32/bin/../lib/gcc/nios2-elf/4.1.2/../../../../nios2-elf/lib\libc.a(lib_a-sbrkr.o)
                0x0080dc60                _sbrk_r
 .text          0x0080dcd0      0x14c d:/altera/13.0sp1/nios2eds/bin/gnu/h-i686-mingw32/bin/../lib/gcc/nios2-elf/4.1.2/../../../../nios2-elf/lib\libc.a(lib_a-stdio.o)
                0x0080dcd0                __sclose
                0x0080dcd8                __sseek
                0x0080dd40                __swrite
                0x0080ddbc                __sread
 .text          0x0080de1c       0x78 d:/altera/13.0sp1/nios2eds/bin/gnu/h-i686-mingw32/bin/../lib/gcc/nios2-elf/4.1.2/../../../../nios2-elf/lib\libc.a(lib_a-writer.o)
                0x0080de1c                _write_r
 .text          0x0080de94       0xb4 d:/altera/13.0sp1/nios2eds/bin/gnu/h-i686-mingw32/bin/../lib/gcc/nios2-elf/4.1.2/../../../../nios2-elf/lib\libc.a(lib_a-callocr.o)
                0x0080de94                _calloc_r
 .text          0x0080df48       0x70 d:/altera/13.0sp1/nios2eds/bin/gnu/h-i686-mingw32/bin/../lib/gcc/nios2-elf/4.1.2/../../../../nios2-elf/lib\libc.a(lib_a-closer.o)
                0x0080df48                _close_r
 .text          0x0080dfb8      0x124 d:/altera/13.0sp1/nios2eds/bin/gnu/h-i686-mingw32/bin/../lib/gcc/nios2-elf/4.1.2/../../../../nios2-elf/lib\libc.a(lib_a-fclose.o)
                0x0080dfb8                _fclose_r
                0x0080e0c8                fclose
 .text          0x0080e0dc       0x74 d:/altera/13.0sp1/nios2eds/bin/gnu/h-i686-mingw32/bin/../lib/gcc/nios2-elf/4.1.2/../../../../nios2-elf/lib\libc.a(lib_a-fstatr.o)
                0x0080e0dc                _fstat_r
 .text          0x0080e150        0x0 d:/altera/13.0sp1/nios2eds/bin/gnu/h-i686-mingw32/bin/../lib/gcc/nios2-elf/4.1.2/../../../../nios2-elf/lib\libc.a(lib_a-int_errno.o)
 .text          0x0080e150       0x70 d:/altera/13.0sp1/nios2eds/bin/gnu/h-i686-mingw32/bin/../lib/gcc/nios2-elf/4.1.2/../../../../nios2-elf/lib\libc.a(lib_a-isattyr.o)
                0x0080e150                _isatty_r
 .text          0x0080e1c0       0x78 d:/altera/13.0sp1/nios2eds/bin/gnu/h-i686-mingw32/bin/../lib/gcc/nios2-elf/4.1.2/../../../../nios2-elf/lib\libc.a(lib_a-lseekr.o)
                0x0080e1c0                _lseek_r
 .text          0x0080e238       0x78 d:/altera/13.0sp1/nios2eds/bin/gnu/h-i686-mingw32/bin/../lib/gcc/nios2-elf/4.1.2/../../../../nios2-elf/lib\libc.a(lib_a-readr.o)
                0x0080e238                _read_r
 .text          0x0080e2b0      0x5dc d:/altera/13.0sp1/nios2eds/bin/gnu/h-i686-mingw32/bin/../lib/gcc/nios2-elf/4.1.2\libgcc.a(_udivdi3.o)
                0x0080e2b0                __udivdi3
 .text          0x0080e88c      0x5b0 d:/altera/13.0sp1/nios2eds/bin/gnu/h-i686-mingw32/bin/../lib/gcc/nios2-elf/4.1.2\libgcc.a(_umoddi3.o)
                0x0080e88c                __umoddi3
 .text          0x0080ee3c      0x258 d:/altera/13.0sp1/nios2eds/bin/gnu/h-i686-mingw32/bin/../lib/gcc/nios2-elf/4.1.2\libgcc.a(_div_df.o)
                0x0080ee3c                __divdf3
 .text          0x0080f094       0x88 d:/altera/13.0sp1/nios2eds/bin/gnu/h-i686-mingw32/bin/../lib/gcc/nios2-elf/4.1.2\libgcc.a(_eq_df.o)
                0x0080f094                __eqdf2
 .text          0x0080f11c       0x88 d:/altera/13.0sp1/nios2eds/bin/gnu/h-i686-mingw32/bin/../lib/gcc/nios2-elf/4.1.2\libgcc.a(_ne_df.o)
                0x0080f11c                __nedf2
 .text          0x0080f1a4       0x88 d:/altera/13.0sp1/nios2eds/bin/gnu/h-i686-mingw32/bin/../lib/gcc/nios2-elf/4.1.2\libgcc.a(_gt_df.o)
                0x0080f1a4                __gtdf2
 .text          0x0080f22c       0x88 d:/altera/13.0sp1/nios2eds/bin/gnu/h-i686-mingw32/bin/../lib/gcc/nios2-elf/4.1.2\libgcc.a(_lt_df.o)
                0x0080f22c                __ltdf2
 .text          0x0080f2b4       0xf8 d:/altera/13.0sp1/nios2eds/bin/gnu/h-i686-mingw32/bin/../lib/gcc/nios2-elf/4.1.2\libgcc.a(_si_to_df.o)
                0x0080f2b4                __floatsidf
 .text          0x0080f3ac      0x14c d:/altera/13.0sp1/nios2eds/bin/gnu/h-i686-mingw32/bin/../lib/gcc/nios2-elf/4.1.2\libgcc.a(lib2-divmod.o)
                0x0080f428                __divsi3
                0x0080f488                __modsi3
                0x0080f4e8                __udivsi3
                0x0080f4f0                __umodsi3
 .text          0x0080f4f8       0x6c ../teste_sock_bsp/\libucosii_bsp.a(alt_exit.o)
                0x0080f538                _exit
 .text          0x0080f564       0xd0 ../teste_sock_bsp/\libucosii_bsp.a(alt_flash_dev.o)
                0x0080f564                alt_flash_open_dev
                0x0080f5e0                alt_flash_close_dev
 .text          0x0080f634      0x134 ../teste_sock_bsp/\libucosii_bsp.a(alt_fstat.o)
                0x0080f634                fstat
 .text          0x0080f768      0x1c0 ../teste_sock_bsp/\libucosii_bsp.a(alt_irq_register.o)
                0x0080f768                alt_irq_register
 .text          0x0080f928        0x0 ../teste_sock_bsp/\libucosii_bsp.a(alt_irq_vars.o)
 .text          0x0080f928      0x120 ../teste_sock_bsp/\libucosii_bsp.a(alt_isatty.o)
                0x0080f928                isatty
 .text          0x0080fa48      0x150 ../teste_sock_bsp/\libucosii_bsp.a(alt_lseek.o)
                0x0080fa48                lseek
 .text          0x0080fb98       0xc8 ../teste_sock_bsp/\libucosii_bsp.a(alt_main.o)
                0x0080fb98                alt_main
 .text          0x0080fc60       0xbc ../teste_sock_bsp/\libucosii_bsp.a(alt_sbrk.o)
                0x0080fc60                sbrk
 .text          0x0080fd1c      0x118 ../teste_sock_bsp/\libucosii_bsp.a(alt_usleep.o)
                0x0080fd1c                usleep
 .text          0x0080fe34      0x108 ../teste_sock_bsp/\libucosii_bsp.a(alt_env_lock.o)
                0x0080fe34                __env_lock
                0x0080fee0                __env_unlock
 .text          0x0080ff3c      0x1d8 ../teste_sock_bsp/\libucosii_bsp.a(alt_malloc_lock.o)
                0x0080ff3c                __malloc_lock
                0x00810044                __malloc_unlock
 .text          0x00810114     0x2128 ../teste_sock_bsp/\libucosii_bsp.a(os_core.o)
                0x00810114                OSEventNameGet
                0x00810244                OSEventNameSet
                0x00810388                OSEventPendMulti
                0x00810a3c                OSInit
                0x00810a90                OSIntEnter
                0x00810b0c                OSIntExit
                0x00810c0c                OSSchedLock
                0x00810c98                OSSchedUnlock
                0x00810d7c                OSStart
                0x00810dec                OSStatInit
                0x00810e98                OSTimeTick
                0x008110d8                OSVersion
                0x008110f8                OS_Dummy
                0x00811114                OS_EventTaskRdy
                0x008112a8                OS_EventTaskWait
                0x008113b8                OS_EventTaskWaitMulti
                0x0081150c                OS_EventTaskRemove
                0x008115c4                OS_EventTaskRemoveMulti
                0x008116c8                OS_EventWaitListInit
                0x00811a94                OS_MemClr
                0x00811ae8                OS_MemCopy
                0x00811b54                OS_Sched
                0x00811c98                OS_StrCopy
                0x00811d18                OS_StrLen
                0x00811d70                OS_TaskIdle
                0x00811dcc                OS_TaskStat
                0x00811e94                OS_TaskStatStkChk
                0x00811f5c                OS_TCBInit
 .text          0x0081223c      0x18c ../teste_sock_bsp/\libucosii_bsp.a(os_dbg.o)
                0x0081223c                OSDebugInit
 .text          0x008123c8     0x193c ../teste_sock_bsp/\libucosii_bsp.a(os_flag.o)
                0x008123c8                OSFlagAccept
                0x008126fc                OSFlagCreate
                0x00812838                OSFlagDel
                0x00812ae0                OSFlagNameGet
                0x00812c24                OSFlagNameSet
                0x00812d78                OSFlagPend
                0x008133bc                OSFlagPendGetFlagsRdy
                0x00813424                OSFlagPost
                0x008137cc                OSFlagQuery
                0x00813a64                OS_FlagInit
                0x00813c58                OS_FlagUnlink
 .text          0x00813d04      0x808 ../teste_sock_bsp/\libucosii_bsp.a(os_mem.o)
                0x00813d04                OSMemCreate
                0x00813f20                OSMemGet
                0x00814024                OSMemNameGet
                0x00814130                OSMemNameSet
                0x00814250                OSMemPut
                0x00814340                OSMemQuery
                0x0081443c                OS_MemInit
 .text          0x0081450c     0x1334 ../teste_sock_bsp/\libucosii_bsp.a(os_q.o)
                0x0081450c                OSQAccept
                0x00814660                OSQCreate
                0x00814874                OSQDel
                0x00814b74                OSQFlush
                0x00814c3c                OSQPend
                0x00814f5c                OSQPendAbort
                0x008150d8                OSQPost
                0x00815258                OSQPostFront
                0x008153e0                OSQPostOpt
                0x00815614                OSQQuery
                0x00815794                OS_QInit
 .text          0x00815840      0xbc8 ../teste_sock_bsp/\libucosii_bsp.a(os_sem.o)
                0x00815840                OSSemAccept
                0x00815900                OSSemCreate
                0x00815a14                OSSemDel
                0x00815cb4                OSSemPend
                0x00815f30                OSSemPendAbort
                0x008160ac                OSSemPost
                0x008161d4                OSSemQuery
                0x00816304                OSSemSet
 .text          0x00816408     0x1a40 ../teste_sock_bsp/\libucosii_bsp.a(os_task.o)
                0x00816408                OSTaskChangePrio
                0x0081697c                OSTaskCreate
                0x00816b50                OSTaskCreateExt
                0x00816d50                OSTaskDel
                0x0081715c                OSTaskDelReq
                0x008172cc                OSTaskNameGet
                0x00817484                OSTaskNameSet
                0x00817648                OSTaskResume
                0x00817860                OSTaskStkChk
                0x00817a5c                OSTaskSuspend
                0x00817c88                OSTaskQuery
                0x00817dcc                OS_TaskStkClr
 .text          0x00817e48      0x670 ../teste_sock_bsp/\libucosii_bsp.a(os_time.o)
                0x00817e48                OSTimeDly
                0x00817f94                OSTimeDlyHMSM
                0x008181e0                OSTimeDlyResume
                0x008183f0                OSTimeGet
                0x00818454                OSTimeSet
 .text          0x008184b8      0x118 ../teste_sock_bsp/\libucosii_bsp.a(alt_sys_init.o)
                0x008184b8                alt_irq_init
                0x008184ec                alt_sys_init
 .text          0x008185d0      0x8c8 ../teste_sock_bsp/\libucosii_bsp.a(altera_avalon_cfi_flash.o)
                0x008185d0                alt_flash_cfi_init
                0x008186a4                alt_flash_cfi_write
                0x00818964                alt_flash_cfi_get_info
                0x008189f4                alt_flash_cfi_read
                0x00818a5c                alt_write_value_to_flash
                0x00818bc0                alt_flash_program_block
 .text          0x00818e98     0x14a8 ../teste_sock_bsp/\libucosii_bsp.a(altera_avalon_cfi_flash_table.o)
                0x00818e98                alt_read_query_entry_8bit
                0x00818ed8                alt_read_query_entry_16bit
                0x00818f1c                alt_read_query_entry_32bit
                0x00818f64                alt_write_flash_command_8bit_device_8bit_mode
                0x00818fa0                alt_write_flash_command_16bit_device_8bit_mode
                0x0081901c                alt_write_flash_command_32bit_device_8bit_mode
                0x00819064                alt_write_flash_command_16bit_device_16bit_mode
                0x008190a8                alt_write_flash_command_32bit_device_16bit_mode
                0x008190f0                alt_write_flash_command_32bit_device_32bit_mode
                0x00819138                alt_write_native_8bit
                0x0081916c                alt_write_native_16bit
                0x008191a0                alt_write_native_32bit
                0x008191d0                alt_set_flash_width_func
                0x008193b0                alt_set_flash_algorithm_func
                0x008194d8                alt_read_cfi_table
                0x00819ab8                alt_read_cfi_width
                0x0081a264                alt_check_primary_table
 .text          0x0081a340      0x9e4 ../teste_sock_bsp/\libucosii_bsp.a(altera_avalon_epcs_flash_controller.o)
                0x0081a340                alt_epcs_flash_init
                0x0081a75c                alt_epcs_flash_write
                0x0081a9dc                alt_epcs_flash_get_info
                0x0081aa6c                alt_epcs_flash_erase_block
                0x0081ab70                alt_epcs_flash_write_block
                0x0081ac8c                alt_epcs_flash_read
 .text          0x0081ad24      0x148 ../teste_sock_bsp/\libucosii_bsp.a(altera_avalon_jtag_uart_fd.o)
                0x0081ad24                altera_avalon_jtag_uart_read_fd
                0x0081ad7c                altera_avalon_jtag_uart_write_fd
                0x0081add4                altera_avalon_jtag_uart_close_fd
                0x0081ae1c                altera_avalon_jtag_uart_ioctl_fd
 .text          0x0081ae6c      0x584 ../teste_sock_bsp/\libucosii_bsp.a(altera_avalon_jtag_uart_init.o)
                0x0081ae6c                altera_avalon_jtag_uart_init
                0x0081b37c                altera_avalon_jtag_uart_close
 .text          0x0081b3f0       0xf4 ../teste_sock_bsp/\libucosii_bsp.a(altera_avalon_jtag_uart_ioctl.o)
                0x0081b3f0                altera_avalon_jtag_uart_ioctl
 .text          0x0081b4e4      0x2c0 ../teste_sock_bsp/\libucosii_bsp.a(altera_avalon_jtag_uart_read.o)
                0x0081b4e4                altera_avalon_jtag_uart_read
 .text          0x0081b7a4      0x2dc ../teste_sock_bsp/\libucosii_bsp.a(altera_avalon_jtag_uart_write.o)
                0x0081b7a4                altera_avalon_jtag_uart_write
 .text          0x0081ba80      0xf3c ../teste_sock_bsp/\libucosii_bsp.a(altera_avalon_lcd_16207.o)
                0x0081c254                altera_avalon_lcd_16207_write
                0x0081c858                altera_avalon_lcd_16207_init
 .text          0x0081c9bc       0x58 ../teste_sock_bsp/\libucosii_bsp.a(altera_avalon_lcd_16207_fd.o)
                0x0081c9bc                altera_avalon_lcd_16207_write_fd
 .text          0x0081ca14      0x100 ../teste_sock_bsp/\libucosii_bsp.a(altera_avalon_timer_sc.o)
                0x0081ca84                alt_avalon_timer_sc_init
 .text          0x0081cb14       0xf8 ../teste_sock_bsp/\libucosii_bsp.a(altera_avalon_uart_fd.o)
                0x0081cb14                altera_avalon_uart_read_fd
                0x0081cb6c                altera_avalon_uart_write_fd
                0x0081cbc4                altera_avalon_uart_close_fd
 .text          0x0081cc0c      0x57c ../teste_sock_bsp/\libucosii_bsp.a(altera_avalon_uart_init.o)
                0x0081cc0c                altera_avalon_uart_init
                0x0081d128                altera_avalon_uart_close
 .text          0x0081d188      0x310 ../teste_sock_bsp/\libucosii_bsp.a(altera_avalon_uart_read.o)
                0x0081d188                altera_avalon_uart_read
 .text          0x0081d498      0x2a8 ../teste_sock_bsp/\libucosii_bsp.a(altera_avalon_uart_write.o)
                0x0081d498                altera_avalon_uart_write
 .text          0x0081d740      0x6d4 ../teste_sock_bsp/\libucosii_bsp.a(epcs_commands.o)
                0x0081d740                epcs_read_status_register
                0x0081d7a0                epcs_sector_erase
                0x0081d908                epcs_read_buffer
                0x0081da54                epcs_write_enable
                0x0081daa4                epcs_write_status_register
                0x0081db08                epcs_write_buffer
                0x0081dc78                epcs_read_electronic_signature
                0x0081dce4                epcs_read_device_id
                0x0081dd64                epcs_enter_4_bytes_mode
                0x0081ddbc                epcs_exit_4_bytes_mode
 .text          0x0081de14       0x54 ../teste_sock_bsp/\libucosii_bsp.a(alt_iniche_close.o)
                0x0081de14                close
 .text          0x0081de68      0x144 ../teste_sock_bsp/\libucosii_bsp.a(alt_iniche_dev.o)
                0x0081de68                iniche_devices_init
 .text          0x0081dfac       0x78 ../teste_sock_bsp/\libucosii_bsp.a(alt_iniche_read.o)
                0x0081dfac                read
 .text          0x0081e024       0x70 ../teste_sock_bsp/\libucosii_bsp.a(alt_iniche_write.o)
                0x0081e024                write
 .text          0x0081e094      0xedc ../teste_sock_bsp/\libucosii_bsp.a(ipnet.o)
                0x0081e094                Netinit
                0x0081e6e0                fixup_subnet_mask
                0x0081e840                netclose
                0x0081e928                pktdemux
                0x0081ecfc                c_older
                0x0081edcc                ip2mac
 .text          0x0081ef70      0x4b0 ../teste_sock_bsp/\libucosii_bsp.a(ipstart.o)
                0x0081ef70                ip_startup
                0x0081f254                exit_hook
                0x0081f2c0                ip_exit
                0x0081f390                if_netnumber
 .text          0x0081f420     0x10e8 ../teste_sock_bsp/\libucosii_bsp.a(igmp_cmn.o)
                0x0081f420                igmp_init
                0x0081f510                igmp_input
                0x0081f608                igmp_fasttimo
                0x0081f83c                igmp_send
                0x0081fae4                igmp_joingroup
                0x0081fd50                igmp_leavegroup
                0x0081fdcc                igmp_validate
                0x00820128                igmp_print_stats
 .text          0x00820508      0xbc8 ../teste_sock_bsp/\libucosii_bsp.a(bsdsock.o)
                0x00820508                bsd_accept
                0x00820640                bsd_getpeername
                0x0082076c                bsd_getsockname
                0x00820898                bsd_i_sockoptlen
                0x00820a50                bsd_getsockopt
                0x00820b70                bsd_ioctl
                0x00820c74                bsd_inet_ntoa
                0x00820ca4                bsd_recvfrom
                0x00820e04                bsd_select
                0x00820fe4                bsd_setsockopt
 .text          0x008210d0      0x118 ../teste_sock_bsp/\libucosii_bsp.a(cksum.o)
                0x008210d0                ccksum
                0x00821180                cksum
 .text          0x008211e8      0xa9c ../teste_sock_bsp/\libucosii_bsp.a(in_utils.o)
                0x008211e8                do_trap
                0x00821214                nextarg
                0x00821290                hexdump
                0x008213d8                print_ipad
                0x0082144c                print_uptime
                0x00821578                panic
                0x008215bc                print_eth
                0x00821720                uslash
                0x008217a0                ns_printf
                0x00821924                std_out
                0x00821968                con_page
                0x00821a58                parse_args
 .text          0x00821c84      0x1c8 ../teste_sock_bsp/\libucosii_bsp.a(netmain.o)
                0x00821c84                netmain
                0x00821d78                tk_netmain
                0x00821e00                tk_nettick
 .text          0x00821e4c      0x810 ../teste_sock_bsp/\libucosii_bsp.a(parseip.o)
                0x00821e4c                parse_ipad
                0x00822168                inet_addr
                0x008221d0                hextoa
                0x00822240                inet_pton
                0x008222ec                inet_ntop
                0x00822378                print46_addr
                0x008223d8                inet46_addr
                0x0082249c                inet_setport
                0x00822510                convert_ip
 .text          0x0082265c      0x5e8 ../teste_sock_bsp/\libucosii_bsp.a(tk_crnos.o)
                0x0082265c                TK_OSTimeDly
                0x00822688                TK_OSTaskResume
                0x008226f8                tcp_sleep
                0x00822898                tcp_wakeup
                0x0082299c                TK_OSTaskQuery
                0x00822a10                tk_yield
                0x00822a3c                tk_stats
 .text          0x00822c44     0x3294 ../teste_sock_bsp/\libucosii_bsp.a(dhcpclnt.o)
                0x00822c44                dhc_get_srv_ipaddr
                0x00822cd4                dhc_init
                0x00822d90                dhc_set_callback
                0x00822dd4                dhc_upcall
                0x00823604                dhc_buildheader
                0x00823820                dhc_discover
                0x00823d38                dhc_rx_offer
                0x00823e3c                dhc_request
                0x00824978                dhc_setip
                0x00824bf8                dhc_resetip
                0x00824cdc                dhc_decline
                0x00824ec0                dhc_extract_opts
                0x0082517c                dhc_second
                0x00825a6c                dhc_halt
                0x00825af4                dhc_reclaim
                0x00825cc4                dhc_state_init
                0x00825d24                dhc_alldone
                0x00825db4                dhc_ifacedone
                0x00825e28                dhc_set_state
 .text          0x00825ed8       0xcc ../teste_sock_bsp/\libucosii_bsp.a(dhcputil.o)
                0x00825ed8                find_opt
 .text          0x00825fa4      0x79c ../teste_sock_bsp/\libucosii_bsp.a(pktalloc.o)
                0x00825fa4                pk_init
                0x00826234                pk_alloc
                0x00826310                pk_validate
                0x008265c8                pk_free
                0x00826674                pk_get_max_intrsafe_buf_len
                0x00826694                dump_buf_estats
 .text          0x00826740      0x288 ../teste_sock_bsp/\libucosii_bsp.a(q.o)
                0x00826740                getq
                0x00826808                putq
                0x008268b8                qdel
 .text          0x008269c8      0x31c ../teste_sock_bsp/\libucosii_bsp.a(udp_open.o)
                0x008269c8                udp_open
                0x00826c00                udp_close
 .text          0x00826ce4      0x194 ../teste_sock_bsp/\libucosii_bsp.a(asm_cksum.o)
                0x00826ce4                asm_cksum
 .text          0x00826e78      0x2e4 ../teste_sock_bsp/\libucosii_bsp.a(brdutils.o)
                0x00826e78                dtrap
                0x00826ea8                kbhit
                0x00826f54                getch
                0x00826fb4                clock_init
                0x00826ff0                clock_c
                0x0082700c                cticks_hook
                0x008270bc                irq_Mask
                0x00827118                irq_Unmask
 .text          0x0082715c      0x488 ../teste_sock_bsp/\libucosii_bsp.a(osportco.o)
                0x0082715c                LOCK_NET_RESOURCE
                0x0082721c                UNLOCK_NET_RESOURCE
                0x008272a4                TK_NEWTASK
                0x008274b8                wait_app_sem
                0x0082756c                post_app_sem
 .text          0x008275e4      0x568 ../teste_sock_bsp/\libucosii_bsp.a(targnios.o)
                0x008275e4                alt_iniche_init
                0x00827800                pre_task_setup
                0x00827874                post_task_setup
                0x00827894                prep_armintcp
                0x008278cc                calloc2
                0x00827900                npalloc
                0x008279f4                npfree
                0x00827aac                ncpalloc
                0x00827b00                ncpfree
 .text          0x00827b4c     0x19b8 ../teste_sock_bsp/\libucosii_bsp.a(nptcp.o)
                0x00827b4c                pffindtype
                0x00827bec                pffindproto
                0x00827cbc                m_getnbuf
                0x00827e64                m_free
                0x00827f98                m_freem
                0x00827fdc                m_copy
                0x00828300                m_adj
                0x008284d0                mbuf_len
                0x00828528                dtom
                0x008285d0                remque
                0x00828640                insque
                0x008286bc                nptcp_init
                0x008287e0                tcp_rcv
                0x008289cc                ip_output
                0x00828fc4                in_broadcast
                0x00829004                np_stripoptions
                0x008290ec                so_icmpdu
                0x00829444                tcp_tick
 .text          0x00829504      0xa2c ../teste_sock_bsp/\libucosii_bsp.a(rawsock.o)
                0x00829504                rawip_lookup
                0x00829574                rawip_soinput
                0x00829748                rawip_usrreq
 .text          0x00829f30     0x17fc ../teste_sock_bsp/\libucosii_bsp.a(sockcall.o)
                0x00829f30                DOMAIN_CHECK
                0x00829f7c                t_socket
                0x0082a00c                t_bind
                0x0082a188                t_listen
                0x0082a26c                t_accept
                0x0082a504                t_connect
                0x0082a7ac                t_getpeername
                0x0082a7f0                t_getsockname
                0x0082aa30                t_setsockopt
                0x0082ac0c                t_getsockopt
                0x0082adb0                t_recv
                0x0082aea0                t_recvfrom
                0x0082aff0                t_sendto
                0x0082b21c                t_send
                0x0082b444                t_shutdown
                0x0082b528                t_socketclose
                0x0082b690                t_errno
 .text          0x0082b72c     0x23ec ../teste_sock_bsp/\libucosii_bsp.a(socket.o)
                0x0082b72c                socreate
                0x0082b8f8                sobind
                0x0082b954                solisten
                0x0082ba44                sofree
                0x0082bb74                soclose
                0x0082bee0                soabort
                0x0082bf30                soaccept
                0x0082bfcc                soconnect
                0x0082c0a0                sodisconnect
                0x0082c140                sosend
                0x0082c748                soreceive
                0x0082cf2c                soshutdown
                0x0082cfd4                sorflush
                0x0082d0d4                sosetopt
                0x0082d594                sogetopt
                0x0082dad4                sohasoutofband
 .text          0x0082db18     0x1318 ../teste_sock_bsp/\libucosii_bsp.a(socket2.o)
                0x0082db18                soisconnecting
                0x0082db84                soisconnected
                0x0082dc80                soisdisconnecting
                0x0082dd0c                soisdisconnected
                0x0082ddc8                sonewconn
                0x0082dfe4                soqinsque
                0x0082e090                soqremque
                0x0082e1b0                socantsendmore
                0x0082e200                socantrcvmore
                0x0082e250                sbselqueue
                0x0082e288                sbwait
                0x0082e2f0                sbwakeup
                0x0082e38c                soreserve
                0x0082e40c                sbreserve
                0x0082e46c                sbrelease
                0x0082e4b4                sbappend
                0x0082e55c                sbappendrecord
                0x0082e63c                sbappendaddr
                0x0082e844                sbcompress
                0x0082ea2c                sbflush
                0x0082eabc                sbdrop
                0x0082ec8c                sbdropend
                0x0082ed9c                sbdroprecord
 .text          0x0082ee30      0x914 ../teste_sock_bsp/\libucosii_bsp.a(soselect.o)
                0x0082ee30                t_select
                0x0082f050                sock_selscan
                0x0082f1a8                sock_select
                0x0082f3bc                in_pcbnotify
                0x0082f488                tcp_notify
                0x0082f4f0                ifd_clr
                0x0082f5e0                ifd_set
                0x0082f654                ifd_isset
                0x0082f6d4                ifd_get
 .text          0x0082f744     0x3020 ../teste_sock_bsp/\libucosii_bsp.a(tcp_in.o)
                0x0082f744                tcp_reass
                0x0082fb4c                tcp_input
                0x008320a0                tcp_dooptions
                0x00832230                tcp_pulloutofband
                0x0083235c                tcp_xmit_timer
                0x00832600                ip4_tcpmss
                0x00832648                tcp_mss
 .text          0x00832764     0x1360 ../teste_sock_bsp/\libucosii_bsp.a(tcp_out.o)
                0x00832764                tcp_output
                0x008338e0                tcp_setpersist
 .text          0x00833ac4      0x9e8 ../teste_sock_bsp/\libucosii_bsp.a(tcp_subr.o)
                0x00833ac4                tcp_init
                0x00833b1c                tcp_template
                0x00833c34                tcp_respond
                0x008340bc                tcp_newtcpcb
                0x008341d4                tcp_drop
                0x00834280                tcp_close
                0x00834368                tcp_quench
                0x008343b4                tcp_putseq
                0x00834434                tcp_getseq
 .text          0x008344ac      0x798 ../teste_sock_bsp/\libucosii_bsp.a(tcp_timr.o)
                0x008344ac                tcp_slowtimo
                0x0083474c                tcp_canceltimers
                0x008347a8                tcp_timers
 .text          0x00834c44      0x9ec ../teste_sock_bsp/\libucosii_bsp.a(tcp_usr.o)
                0x00834c44                tcp_usrreq
                0x00835348                tcp_attach
                0x0083547c                tcp_disconnect
                0x00835550                tcp_usrclosed
 .text          0x00835630       0x4c ../teste_sock_bsp/\libucosii_bsp.a(tcpport.o)
                0x00835630                tcpinit
 .text          0x0083567c      0xd20 ../teste_sock_bsp/\libucosii_bsp.a(udpsock.o)
                0x0083567c                udp_lookup
                0x008356ec                udp_soinput
                0x008358a4                udp_usrreq
                0x00835b28                udp4_sockbind
                0x00835e64                udp4_socksend
                0x00836240                udp4_sockaddr
 .text          0x0083639c      0x154 ../teste_sock_bsp/\libucosii_bsp.a(alt_alarm_start.o)
                0x0083639c                alt_alarm_start
 .text          0x008364f0      0x14c ../teste_sock_bsp/\libucosii_bsp.a(alt_busy_sleep.o)
                0x008364f0                alt_busy_sleep
 .text          0x0083663c      0x15c ../teste_sock_bsp/\libucosii_bsp.a(alt_close.o)
                0x0083663c                alt_close
 .text          0x00836798       0x78 ../teste_sock_bsp/\libucosii_bsp.a(alt_dcache_flush.o)
                0x00836798                alt_dcache_flush
 .text          0x00836810       0x2c ../teste_sock_bsp/\libucosii_bsp.a(alt_dev.o)
 .text          0x0083683c      0x114 ../teste_sock_bsp/\libucosii_bsp.a(alt_dev_llist_insert.o)
                0x0083683c                alt_dev_llist_insert
 .text          0x00836950       0x64 ../teste_sock_bsp/\libucosii_bsp.a(alt_do_ctors.o)
                0x00836950                _do_ctors
 .text          0x008369b4       0x64 ../teste_sock_bsp/\libucosii_bsp.a(alt_do_dtors.o)
                0x008369b4                _do_dtors
 .text          0x00836a18        0x0 ../teste_sock_bsp/\libucosii_bsp.a(alt_errno.o)
 .text          0x00836a18       0x94 ../teste_sock_bsp/\libucosii_bsp.a(alt_find_dev.o)
                0x00836a18                alt_find_dev
 .text          0x00836aac      0x1d4 ../teste_sock_bsp/\libucosii_bsp.a(alt_iic.o)
                0x00836aac                alt_ic_isr_register
                0x00836afc                alt_ic_irq_enable
                0x00836b98                alt_ic_irq_disable
                0x00836c38                alt_ic_irq_enabled
 .text          0x00836c80       0xf8 ../teste_sock_bsp/\libucosii_bsp.a(alt_iic_isr_register.o)
                0x00836c80                alt_iic_isr_register
 .text          0x00836d78      0x13c ../teste_sock_bsp/\libucosii_bsp.a(alt_io_redirect.o)
                0x00836e3c                alt_io_redirect
 .text          0x00836eb4        0x0 ../teste_sock_bsp/\libucosii_bsp.a(alt_irq_entry.o)
 .text          0x00836eb4        0x0 ../teste_sock_bsp/\libucosii_bsp.a(alt_irq_handler.o)
 .text          0x00836eb4      0x2c4 ../teste_sock_bsp/\libucosii_bsp.a(alt_open.o)
                0x00836f90                open
 .text          0x00837178      0x180 ../teste_sock_bsp/\libucosii_bsp.a(alt_read.o)
                0x00837178                alt_read
 .text          0x008372f8       0x60 ../teste_sock_bsp/\libucosii_bsp.a(alt_release_fd.o)
                0x008372f8                alt_release_fd
 .text          0x00837358       0x38 ../teste_sock_bsp/\libucosii_bsp.a(alt_remap_cached.o)
                0x00837358                alt_remap_cached
 .text          0x00837390       0x40 ../teste_sock_bsp/\libucosii_bsp.a(alt_remap_uncached.o)
                0x00837390                alt_remap_uncached
 .text          0x008373d0      0x1a8 ../teste_sock_bsp/\libucosii_bsp.a(alt_tick.o)
                0x008373d0                alt_alarm_stop
                0x00837468                alt_tick
 .text          0x00837578      0x180 ../teste_sock_bsp/\libucosii_bsp.a(alt_write.o)
                0x00837578                alt_write
 .text          0x008376f8       0x20 ../teste_sock_bsp/\libucosii_bsp.a(altera_nios2_qsys_irq.o)
                0x008376f8                altera_nios2_qsys_irq_init
 .text          0x00837718       0xd0 ../teste_sock_bsp/\libucosii_bsp.a(os_cpu_a.o)
                0x00837718                OSCtxSw
                0x00837718                OSIntCtxSw
                0x008377a4                OSStartHighRdy
                0x008377c4                OSStartTsk
 .text          0x008377e8      0x424 ../teste_sock_bsp/\libucosii_bsp.a(os_cpu_c.o)
                0x008377e8                OSTaskStkInit
                0x00837af8                OSTaskCreateHook
                0x00837b18                OSTaskDelHook
                0x00837b38                OSTaskSwHook
                0x00837b54                OSTaskStatHook
                0x00837b70                OSTimeTickHook
                0x00837b98                OSInitHookBegin
                0x00837bb4                OSInitHookEnd
                0x00837bd0                OSTaskIdleHook
                0x00837bec                OSTCBInitHook
 .text          0x00837c0c      0x460 ../teste_sock_bsp/\libucosii_bsp.a(altera_avalon_cfi_flash_amd.o)
                0x00837c0c                alt_program_amd
                0x00837c74                alt_erase_block_amd
 .text          0x0083806c      0x460 ../teste_sock_bsp/\libucosii_bsp.a(altera_avalon_cfi_flash_intel.o)
                0x0083806c                alt_program_intel
                0x008380f0                alt_erase_block_intel
 .text          0x008384cc      0x238 ../teste_sock_bsp/\libucosii_bsp.a(altera_avalon_spi.o)
                0x008384cc                alt_avalon_spi_command
 .text          0x00838704      0x444 ../teste_sock_bsp/\libucosii_bsp.a(allports.o)
                0x00838704                netmain_init
                0x00838800                icmp_port_du
                0x00838888                station_state
                0x008389ec                sysuptime
                0x00838a80                packet_check
                0x00838acc                mcastlist
                0x00838af0                prep_modules
 .text          0x00838b48      0x580 ../teste_sock_bsp/\libucosii_bsp.a(timeouts.o)
                0x00838b48                inet_timer
                0x00838e48                in_timerset
                0x00839020                in_timerkill
 .text          0x008390c8       0xa4 ../teste_sock_bsp/\libucosii_bsp.a(tk_misc.o)
                0x008390c8                create_apptasks
                0x008390ec                task_stats
 .text          0x0083916c       0xb0 ../teste_sock_bsp/\libucosii_bsp.a(alt_iniche_fcntl.o)
                0x0083916c                fcntl
 .text          0x0083921c     0x15b0 ../teste_sock_bsp/\libucosii_bsp.a(et_arp.o)
                0x0083921c                etainit
                0x00839270                et_send
                0x008393ec                arp_free_pending
                0x00839474                arp_send_pending
                0x008394e8                send_arp
                0x00839980                find_oldest_arp
                0x00839b7c                make_arp_entry
                0x00839c90                arpReply
                0x00839f24                arprcv
                0x0083a184                send_via_arp
                0x0083a354                cb_arpent_tmo
                0x0083a500                grat_arp
 .text          0x0083a7cc      0x298 ../teste_sock_bsp/\libucosii_bsp.a(iface.o)
                0x0083a7cc                if_getbynum
                0x0083a850                isbcast
                0x0083a930                reg_type
                0x0083a9cc                if_killsocks
 .text          0x0083aa64     0x22a4 ../teste_sock_bsp/\libucosii_bsp.a(ip.o)
                0x0083aa64                ip_init
                0x0083ab60                ip_bldhead
                0x0083ad04                ip_write_internal
                0x0083b484                ip_write
                0x0083b6cc                ip_write2
                0x0083ba7c                ip_raw_write
                0x0083bb54                ip_fragment_lc
                0x0083bfdc                ip_fragment
                0x0083c600                ip_mymach
                0x0083c6ac                ip_dump
                0x0083c964                iproute
                0x0083cbd0                ip_copypkt
 .text          0x0083cd08     0x1e08 ../teste_sock_bsp/\libucosii_bsp.a(ip_reasm.o)
                0x0083cd08                ip_reasm_match_frag_with_ire
                0x0083cdd8                ip_reasm_determine_type_of_frag
                0x0083cec4                ip_reasm_check_mem_useage
                0x0083cf5c                ip_reasm_incr_mem_useage
                0x0083d004                ip_reasm_decr_mem_useage
                0x0083d0a4                ip_reasm_process_first_fragment
                0x0083d384                ip_reassm
                0x0083d424                ip_reasm_compute_overlap
                0x0083d9b4                ip_reasm_process_subsequent_fragments
                0x0083df48                ip_reasm_find_ire
                0x0083dfac                ip_reasm_copy_queued_fragments_into_reassy_buffer
                0x0083e308                ip_reasm_process_timer_tick
                0x0083e428                ip_reasm_delete_ire
                0x0083e5f0                ip_reasm_mark_compact_rfq
                0x0083e738                ipr_stats
                0x0083eabc                ip_reasm_send_icmp_timex
 .text          0x0083eb10      0xe3c ../teste_sock_bsp/\libucosii_bsp.a(ipdemux.o)
                0x0083eb10                ip_rcv
                0x0083ef10                ip_rcv_phase2
                0x0083f51c                ip_demux
 .text          0x0083f94c      0x2f0 ../teste_sock_bsp/\libucosii_bsp.a(ipmc.o)
                0x0083f94c                in_addmulti
                0x0083fab4                in_delmulti
                0x0083fbcc                lookup_mcast
 .text          0x0083fc3c       0xe4 ../teste_sock_bsp/\libucosii_bsp.a(ipport.o)
                0x0083fc3c                prep_ifaces
                0x0083fcd0                netexit
                0x0083fcf8                evtmap_setup
 .text          0x0083fd20      0x550 ../teste_sock_bsp/\libucosii_bsp.a(ipraw.o)
                0x0083fd20                ip_raw_open
                0x0083fe10                ip_raw_close
                0x0083fed0                ip_raw_input
                0x00840108                ip_raw_alloc
                0x008401d4                ip_raw_free
                0x00840214                ip_raw_maxalloc
 .text          0x00840270      0x6f0 ../teste_sock_bsp/\libucosii_bsp.a(iproute.o)
                0x00840270                rt_lookup
                0x008403f4                add_route
                0x0084081c                del_route
 .text          0x00840960      0xe3c ../teste_sock_bsp/\libucosii_bsp.a(udp.o)
                0x00840960                udpdemux
                0x008411b8                udp_send
                0x00841470                udpswap
                0x008415a0                udp_socket
                0x00841670                udp_alloc
                0x00841730                udp_maxalloc
                0x0084175c                udp_free
 .text          0x0084179c      0x2e8 ../teste_sock_bsp/\libucosii_bsp.a(igmp.o)
                0x0084179c                igmpv1_input
 .text          0x00841a84      0x7c0 ../teste_sock_bsp/\libucosii_bsp.a(igmp2.o)
                0x00841a84                igmpv2_input
                0x00841be4                igmpv2_process_report
                0x00841d30                igmpv2_process_query
                0x00841f7c                igmpv2_chk_set_timer
                0x008420d4                igmpv2_chk4_rtr_alert_opt
 .text          0x00842244      0x8fc ../teste_sock_bsp/\libucosii_bsp.a(ipopt.o)
                0x00842244                IPADDR_TO_NETP
                0x0084238c                ip_setmoptions
                0x0084297c                ip_getmoptions
                0x00842abc                ip_freemoptions
 .text          0x00842b40      0x3d0 ../teste_sock_bsp/\libucosii_bsp.a(dhcsetup.o)
                0x00842b40                dhc_setup
                0x00842e0c                dhc_main_ipset
 .text          0x00842f10      0x40c ../teste_sock_bsp/\libucosii_bsp.a(memdev.o)
                0x00842f10                init_memdev
                0x00842f88                md_fopen
                0x00842fb0                md_fclose
                0x00842fd0                md_fread
                0x00843150                md_fwrite
                0x008431d0                md_fseek
                0x008431fc                md_ftell
                0x00843220                md_fgetc
                0x008432f8                md_unlink
 .text          0x0084331c      0x1cc ../teste_sock_bsp/\libucosii_bsp.a(tcpcksum.o)
                0x0084331c                tcp_cksum
 .text          0x008434e8      0x900 ../teste_sock_bsp/\libucosii_bsp.a(in_pcb.o)
                0x008434e8                in_pcballoc
                0x0084357c                in_pcbdetach
                0x008435d0                in_pcbbind
                0x00843824                in_pcbconnect
                0x00843a34                in_pcbdisconnect
                0x00843a94                in_setsockaddr
                0x00843b10                in_setpeeraddr
                0x00843b8c                in_pcblookup
 .text          0x00843de8     0x1a74 ../teste_sock_bsp/\libucosii_bsp.a(vfsfiles.o)
                0x00843de8                set_vfopen_error
                0x00843e10                get_vfopen_error
                0x00843e30                vf_alloc_and_link_vop
                0x00843eac                vf_alloc_buffer
                0x00843f84                vf_free_buffer
                0x00843fd4                vfopen_locked
                0x0084433c                vfopen
                0x0084438c                vfclose_locked
                0x00844534                vfclose
                0x00844574                vfflush
                0x008445bc                vfgets
                0x008446a0                vfeof
                0x008446f8                vunlink_flag_open_files
                0x00844754                vunlink
                0x00844974                vfread
                0x00844b20                vfwrite_locked
                0x00844f08                vfwrite
                0x00844f68                vfseek
                0x008450e4                vftell
                0x00845218                vgetc_locked
                0x00845338                vgetc
                0x00845380                vfslookup_locked
                0x008454b8                vfslookup
                0x00845500                strippath
                0x008456e8                isvfile_locked
                0x0084574c                isvfile
                0x00845794                vferror
                0x00845800                vclearerr
 .text          0x0084585c       0x24 ../teste_sock_bsp/\libucosii_bsp.a(vfsport.o)
                0x0084585c                prep_vfs
 .text          0x00845880        0x0 ../teste_sock_bsp/\libucosii_bsp.a(alt_exception_entry.o)
 .text          0x00845880      0x1b4 ../teste_sock_bsp/\libucosii_bsp.a(alt_fcntl.o)
                0x00845880                alt_fcntl
 .text          0x00845a34      0x120 ../teste_sock_bsp/\libucosii_bsp.a(alt_find_file.o)
                0x00845a34                alt_find_file
 .text          0x00845b54       0xf4 ../teste_sock_bsp/\libucosii_bsp.a(alt_get_fd.o)
                0x00845b54                alt_get_fd
 .text          0x00845c48     0x130c ../teste_sock_bsp/\libucosii_bsp.a(icmp.o)
                0x00845c48                icmprcv
                0x0084687c                icmp_destun
                0x00846bcc                icmp_timex
                0x00846f00                icmp_du
 .text          0x00846f54       0x14 d:/altera/13.0sp1/nios2eds/bin/gnu/h-i686-mingw32/bin/../lib/gcc/nios2-elf/4.1.2/../../../../nios2-elf/lib\libc.a(lib_a-atexit.o)
                0x00846f54                atexit
 .text          0x00846f68       0x1c d:/altera/13.0sp1/nios2eds/bin/gnu/h-i686-mingw32/bin/../lib/gcc/nios2-elf/4.1.2/../../../../nios2-elf/lib\libc.a(lib_a-calloc.o)
                0x00846f68                calloc
 .text          0x00846f84       0x28 d:/altera/13.0sp1/nios2eds/bin/gnu/h-i686-mingw32/bin/../lib/gcc/nios2-elf/4.1.2/../../../../nios2-elf/lib\libc.a(lib_a-malloc.o)
                0x00846f84                free
                0x00846f98                malloc
 .text          0x00846fac       0x74 d:/altera/13.0sp1/nios2eds/bin/gnu/h-i686-mingw32/bin/../lib/gcc/nios2-elf/4.1.2/../../../../nios2-elf/lib\libc.a(lib_a-memcmp.o)
                0x00846fac                memcmp
 .text          0x00847020       0x8c d:/altera/13.0sp1/nios2eds/bin/gnu/h-i686-mingw32/bin/../lib/gcc/nios2-elf/4.1.2/../../../../nios2-elf/lib\libc.a(lib_a-strcpy.o)
                0x00847020                strcpy
 .text          0x008470ac       0xf0 d:/altera/13.0sp1/nios2eds/bin/gnu/h-i686-mingw32/bin/../lib/gcc/nios2-elf/4.1.2/../../../../nios2-elf/lib\libc.a(lib_a-strncmp.o)
                0x008470ac                strncmp
 .text          0x0084719c       0xbc d:/altera/13.0sp1/nios2eds/bin/gnu/h-i686-mingw32/bin/../lib/gcc/nios2-elf/4.1.2/../../../../nios2-elf/lib\libc.a(lib_a-strncpy.o)
                0x0084719c                strncpy
 .text          0x00847258       0x34 d:/altera/13.0sp1/nios2eds/bin/gnu/h-i686-mingw32/bin/../lib/gcc/nios2-elf/4.1.2/../../../../nios2-elf/lib\libc.a(lib_a-vprintf.o)
                0x00847258                _vprintf_r
                0x0084726c                vprintf
 .text          0x0084728c       0x74 d:/altera/13.0sp1/nios2eds/bin/gnu/h-i686-mingw32/bin/../lib/gcc/nios2-elf/4.1.2/../../../../nios2-elf/lib\libc.a(lib_a-vsprintf.o)
                0x0084728c                _vsprintf_r
                0x008472dc                vsprintf
 .text          0x00847300      0x134 d:/altera/13.0sp1/nios2eds/bin/gnu/h-i686-mingw32/bin/../lib/gcc/nios2-elf/4.1.2/../../../../nios2-elf/lib\libc.a(lib_a-__atexit.o)
                0x00847300                __register_exitproc
 *(.gnu.warning.*)
 *(.fini)
                0x00847434                PROVIDE (__etext, ABSOLUTE (.))
                0x00847434                PROVIDE (_etext, ABSOLUTE (.))
                0x00847434                PROVIDE (etext, ABSOLUTE (.))
 *(.eh_frame_hdr)
                0x00847434                . = ALIGN (0x4)
                0x00847434                PROVIDE (__preinit_array_start, ABSOLUTE (.))
 *(.preinit_array)
                0x00847434                PROVIDE (__preinit_array_end, ABSOLUTE (.))
                0x00847434                PROVIDE (__init_array_start, ABSOLUTE (.))
 *(.init_array)
                0x00847434                PROVIDE (__init_array_end, ABSOLUTE (.))
                0x00847434                PROVIDE (__fini_array_start, ABSOLUTE (.))
 *(.fini_array)
                0x00847434                PROVIDE (__fini_array_end, ABSOLUTE (.))
 *(.eh_frame)
 *(.gcc_except_table)
 *(.dynamic)
                0x00847434                PROVIDE (__CTOR_LIST__, ABSOLUTE (.))
 *(.ctors)
 *(SORT(.ctors.*))
 .ctors.65535   0x00847434        0x4 d:/altera/13.0sp1/nios2eds/bin/gnu/h-i686-mingw32/bin/../lib/gcc/nios2-elf/4.1.2/../../../../nios2-elf/lib\libc.a(lib_a-__call_atexit.o)
                0x00847438                PROVIDE (__CTOR_END__, ABSOLUTE (.))
                0x00847438                PROVIDE (__DTOR_LIST__, ABSOLUTE (.))
 *(.dtors)
 *(SORT(.dtors.*))
                0x00847438                PROVIDE (__DTOR_END__, ABSOLUTE (.))
 *(.jcr)
                0x00847438                . = ALIGN (0x4)

.rodata         0x00847438     0x4314
                0x00847438                PROVIDE (__ram_rodata_start, ABSOLUTE (.))
                0x00847438                . = ALIGN (0x4)
 *(.rodata .rodata.* .gnu.linkonce.r.*)
 .rodata        0x00847438       0x60 obj/default/LCD.o
 .rodata        0x00847498       0xa8 obj/default/SSS_DE2_115.o
 .rodata        0x00847540      0xba4 obj/default/alt_error_handler.o
 .rodata        0x008480e4       0x64 obj/default/dm9000a.o
 .rodata        0x00848148      0x4c8 obj/default/iniche_init.o
 .rodata        0x00848610      0x234 obj/default/network_utilities.o
 .rodata        0x00848844      0x2e0 obj/default/simple_socket_server.o
 .rodata        0x00848b24       0x14 d:/altera/13.0sp1/nios2eds/bin/gnu/h-i686-mingw32/bin/../lib/gcc/nios2-elf/4.1.2\libgcc.a(_thenan_df.o)
                0x00848b24                __thenan_df
 .rodata        0x00848b38      0x100 d:/altera/13.0sp1/nios2eds/bin/gnu/h-i686-mingw32/bin/../lib/gcc/nios2-elf/4.1.2\libgcc.a(_clz.o)
                0x00848b38                __clz_tab
 .rodata        0x00848c38      0x281 d:/altera/13.0sp1/nios2eds/bin/gnu/h-i686-mingw32/bin/../lib/gcc/nios2-elf/4.1.2/../../../../nios2-elf/lib\libc.a(lib_a-ctype_.o)
                0x00848c38                _ctype_
 *fill*         0x00848eb9        0x3 00
 .rodata.str1.4
                0x00848ebc        0x2 d:/altera/13.0sp1/nios2eds/bin/gnu/h-i686-mingw32/bin/../lib/gcc/nios2-elf/4.1.2/../../../../nios2-elf/lib\libc.a(lib_a-impure.o)
                                  0x4 (size before relaxing)
 *fill*         0x00848ebe        0x2 00
 .rodata.str1.4
                0x00848ec0        0x3 d:/altera/13.0sp1/nios2eds/bin/gnu/h-i686-mingw32/bin/../lib/gcc/nios2-elf/4.1.2/../../../../nios2-elf/lib\libc.a(lib_a-perror.o)
                                  0x4 (size before relaxing)
 *fill*         0x00848ec3        0x1 00
 .rodata.str1.4
                0x00848ec4        0x2 d:/altera/13.0sp1/nios2eds/bin/gnu/h-i686-mingw32/bin/../lib/gcc/nios2-elf/4.1.2/../../../../nios2-elf/lib\libc.a(lib_a-puts.o)
                                  0x4 (size before relaxing)
 *fill*         0x00848ec6        0x2 00
 .rodata.str1.4
                0x00848ec8      0x7a2 d:/altera/13.0sp1/nios2eds/bin/gnu/h-i686-mingw32/bin/../lib/gcc/nios2-elf/4.1.2/../../../../nios2-elf/lib\libc.a(lib_a-strerror.o)
                                0x7a8 (size before relaxing)
 *fill*         0x0084966a        0x2 00
 .rodata.str1.4
                0x0084966c       0x5e d:/altera/13.0sp1/nios2eds/bin/gnu/h-i686-mingw32/bin/../lib/gcc/nios2-elf/4.1.2/../../../../nios2-elf/lib\libc.a(lib_a-vfprintf.o)
                                 0x60 (size before relaxing)
 .rodata        0x008496ca       0x20 d:/altera/13.0sp1/nios2eds/bin/gnu/h-i686-mingw32/bin/../lib/gcc/nios2-elf/4.1.2/../../../../nios2-elf/lib\libc.a(lib_a-vfprintf.o)
 *fill*         0x008496ea        0x2 00
 .rodata.str1.4
                0x008496ec       0x10 d:/altera/13.0sp1/nios2eds/bin/gnu/h-i686-mingw32/bin/../lib/gcc/nios2-elf/4.1.2/../../../../nios2-elf/lib\libc.a(lib_a-dtoa.o)
                                 0x14 (size before relaxing)
 .rodata.str1.4
                0x008496fc       0x10 d:/altera/13.0sp1/nios2eds/bin/gnu/h-i686-mingw32/bin/../lib/gcc/nios2-elf/4.1.2/../../../../nios2-elf/lib\libc.a(lib_a-locale.o)
                                 0x18 (size before relaxing)
 .rodata        0x0084970c       0x30 d:/altera/13.0sp1/nios2eds/bin/gnu/h-i686-mingw32/bin/../lib/gcc/nios2-elf/4.1.2/../../../../nios2-elf/lib\libc.a(lib_a-locale.o)
 .rodata        0x0084973c      0x124 d:/altera/13.0sp1/nios2eds/bin/gnu/h-i686-mingw32/bin/../lib/gcc/nios2-elf/4.1.2/../../../../nios2-elf/lib\libc.a(lib_a-mprec.o)
                0x0084973c                __mprec_tens
                0x00849804                __mprec_bigtens
                0x0084982c                __mprec_tinytens
 .rodata        0x00849860       0x14 ../teste_sock_bsp/\libucosii_bsp.a(alt_main.o)
 .rodata        0x00849874      0x120 ../teste_sock_bsp/\libucosii_bsp.a(os_core.o)
                0x00849874                OSUnMapTbl
 .rodata        0x00849994       0x60 ../teste_sock_bsp/\libucosii_bsp.a(alt_sys_init.o)
 .rodata        0x008499f4       0xd8 ../teste_sock_bsp/\libucosii_bsp.a(ipnet.o)
 .rodata        0x00849acc       0xec ../teste_sock_bsp/\libucosii_bsp.a(ipstart.o)
 .rodata        0x00849bb8      0x54c ../teste_sock_bsp/\libucosii_bsp.a(igmp_cmn.o)
 .rodata        0x0084a104       0xb8 ../teste_sock_bsp/\libucosii_bsp.a(in_utils.o)
 .rodata        0x0084a1bc       0x34 ../teste_sock_bsp/\libucosii_bsp.a(netmain.o)
 .rodata        0x0084a1f0       0x94 ../teste_sock_bsp/\libucosii_bsp.a(parseip.o)
 .rodata        0x0084a284      0x1a8 ../teste_sock_bsp/\libucosii_bsp.a(tk_crnos.o)
 .rodata        0x0084a42c        0x8 ../teste_sock_bsp/\libucosii_bsp.a(dhcpclnt.o)
 .rodata        0x0084a434      0x118 ../teste_sock_bsp/\libucosii_bsp.a(pktalloc.o)
 .rodata        0x0084a54c       0x84 ../teste_sock_bsp/\libucosii_bsp.a(udp_open.o)
 .rodata        0x0084a5d0       0x2c ../teste_sock_bsp/\libucosii_bsp.a(brdutils.o)
 .rodata        0x0084a5fc      0x26c ../teste_sock_bsp/\libucosii_bsp.a(osportco.o)
 .rodata        0x0084a868       0xa0 ../teste_sock_bsp/\libucosii_bsp.a(targnios.o)
 .rodata        0x0084a908       0x90 ../teste_sock_bsp/\libucosii_bsp.a(nptcp.o)
 .rodata        0x0084a998        0x8 ../teste_sock_bsp/\libucosii_bsp.a(sockcall.o)
 .rodata        0x0084a9a0       0x50 ../teste_sock_bsp/\libucosii_bsp.a(socket.o)
 .rodata        0x0084a9f0       0x40 ../teste_sock_bsp/\libucosii_bsp.a(socket2.o)
 .rodata        0x0084aa30       0x20 ../teste_sock_bsp/\libucosii_bsp.a(tcp_in.o)
 .rodata        0x0084aa50       0x40 ../teste_sock_bsp/\libucosii_bsp.a(tcp_out.o)
 .rodata        0x0084aa90       0x24 ../teste_sock_bsp/\libucosii_bsp.a(tcp_subr.o)
 .rodata        0x0084aab4       0x2c ../teste_sock_bsp/\libucosii_bsp.a(tcp_usr.o)
 .rodata        0x0084aae0        0xc ../teste_sock_bsp/\libucosii_bsp.a(alt_dev.o)
 .rodata        0x0084aaec        0x4 ../teste_sock_bsp/\libucosii_bsp.a(os_cpu_c.o)
 .rodata        0x0084aaf0      0x1d4 ../teste_sock_bsp/\libucosii_bsp.a(allports.o)
 .rodata        0x0084acc4       0x34 ../teste_sock_bsp/\libucosii_bsp.a(tk_misc.o)
 .rodata        0x0084acf8       0x44 ../teste_sock_bsp/\libucosii_bsp.a(et_arp.o)
 .rodata        0x0084ad3c      0x1dc ../teste_sock_bsp/\libucosii_bsp.a(ip.o)
 .rodata        0x0084af18      0x158 ../teste_sock_bsp/\libucosii_bsp.a(ip_reasm.o)
 .rodata        0x0084b070      0x120 ../teste_sock_bsp/\libucosii_bsp.a(ipdemux.o)
 .rodata        0x0084b190       0x34 ../teste_sock_bsp/\libucosii_bsp.a(ipport.o)
 .rodata        0x0084b1c4       0x24 ../teste_sock_bsp/\libucosii_bsp.a(ipraw.o)
 .rodata        0x0084b1e8       0x38 ../teste_sock_bsp/\libucosii_bsp.a(iproute.o)
 .rodata        0x0084b220       0xe8 ../teste_sock_bsp/\libucosii_bsp.a(udp.o)
 .rodata        0x0084b308       0xf8 ../teste_sock_bsp/\libucosii_bsp.a(dhcsetup.o)
 .rodata        0x0084b400       0x34 ../teste_sock_bsp/\libucosii_bsp.a(vfsfiles.o)
 .rodata        0x0084b434      0x318 ../teste_sock_bsp/\libucosii_bsp.a(icmp.o)
 *(.rodata1)
                0x0084b74c                . = ALIGN (0x4)
                0x0084b74c                PROVIDE (__ram_rodata_end, ABSOLUTE (.))
                0x00847438                PROVIDE (__flash_rodata_start, LOADADDR (.rodata))

.rwdata         0x0084b74c     0x213c
                0x0084b74c                PROVIDE (__ram_rwdata_start, ABSOLUTE (.))
                0x0084b74c                . = ALIGN (0x4)
 *(.got.plt)
 *(.got)
 *(.data1)
 *(.data .data.* .gnu.linkonce.d.*)
 .data          0x0084b74c        0x0 ../teste_sock_bsp//obj/HAL/src/crt0.o
 .data          0x0084b74c        0x0 obj/default/LCD.o
 .data          0x0084b74c        0x0 obj/default/SSS_DE2_115.o
 .data          0x0084b74c        0x0 obj/default/alt_error_handler.o
 .data          0x0084b74c        0x0 obj/default/dm9000a.o
 .data          0x0084b74c       0x18 obj/default/iniche_init.o
                0x0084b74c                ssstask
 .data          0x0084b764        0x0 obj/default/led.o
 .data          0x0084b764        0x0 obj/default/network_utilities.o
 .data          0x0084b764        0x0 obj/default/simple_socket_server.o
 .data          0x0084b764        0x0 obj/default/tse_my_system.o
 .data          0x0084b764        0x0 d:/altera/13.0sp1/nios2eds/bin/gnu/h-i686-mingw32/bin/../lib/gcc/nios2-elf/4.1.2\libgcc.a(_fixunsdfsi.o)
 .data          0x0084b764        0x0 d:/altera/13.0sp1/nios2eds/bin/gnu/h-i686-mingw32/bin/../lib/gcc/nios2-elf/4.1.2\libgcc.a(_addsub_df.o)
 .data          0x0084b764        0x0 d:/altera/13.0sp1/nios2eds/bin/gnu/h-i686-mingw32/bin/../lib/gcc/nios2-elf/4.1.2\libgcc.a(_mul_df.o)
 .data          0x0084b764        0x0 d:/altera/13.0sp1/nios2eds/bin/gnu/h-i686-mingw32/bin/../lib/gcc/nios2-elf/4.1.2\libgcc.a(_ge_df.o)
 .data          0x0084b764        0x0 d:/altera/13.0sp1/nios2eds/bin/gnu/h-i686-mingw32/bin/../lib/gcc/nios2-elf/4.1.2\libgcc.a(_df_to_si.o)
 .data          0x0084b764        0x0 d:/altera/13.0sp1/nios2eds/bin/gnu/h-i686-mingw32/bin/../lib/gcc/nios2-elf/4.1.2\libgcc.a(_thenan_df.o)
 .data          0x0084b764        0x0 d:/altera/13.0sp1/nios2eds/bin/gnu/h-i686-mingw32/bin/../lib/gcc/nios2-elf/4.1.2\libgcc.a(_usi_to_df.o)
 .data          0x0084b764        0x0 d:/altera/13.0sp1/nios2eds/bin/gnu/h-i686-mingw32/bin/../lib/gcc/nios2-elf/4.1.2\libgcc.a(_muldi3.o)
 .data          0x0084b764        0x0 d:/altera/13.0sp1/nios2eds/bin/gnu/h-i686-mingw32/bin/../lib/gcc/nios2-elf/4.1.2\libgcc.a(_clzsi2.o)
 .data          0x0084b764        0x0 d:/altera/13.0sp1/nios2eds/bin/gnu/h-i686-mingw32/bin/../lib/gcc/nios2-elf/4.1.2\libgcc.a(_pack_df.o)
 .data          0x0084b764        0x0 d:/altera/13.0sp1/nios2eds/bin/gnu/h-i686-mingw32/bin/../lib/gcc/nios2-elf/4.1.2\libgcc.a(_unpack_df.o)
 .data          0x0084b764        0x0 d:/altera/13.0sp1/nios2eds/bin/gnu/h-i686-mingw32/bin/../lib/gcc/nios2-elf/4.1.2\libgcc.a(_fpcmp_parts_df.o)
 .data          0x0084b764        0x0 d:/altera/13.0sp1/nios2eds/bin/gnu/h-i686-mingw32/bin/../lib/gcc/nios2-elf/4.1.2\libgcc.a(_clz.o)
 .data          0x0084b764        0x0 d:/altera/13.0sp1/nios2eds/bin/gnu/h-i686-mingw32/bin/../lib/gcc/nios2-elf/4.1.2/../../../../nios2-elf/lib\libc.a(lib_a-atoi.o)
 .data          0x0084b764        0x0 d:/altera/13.0sp1/nios2eds/bin/gnu/h-i686-mingw32/bin/../lib/gcc/nios2-elf/4.1.2/../../../../nios2-elf/lib\libc.a(lib_a-ctype_.o)
 .data          0x0084b764        0x0 d:/altera/13.0sp1/nios2eds/bin/gnu/h-i686-mingw32/bin/../lib/gcc/nios2-elf/4.1.2/../../../../nios2-elf/lib\libc.a(lib_a-errno.o)
 .data          0x0084b764        0x0 d:/altera/13.0sp1/nios2eds/bin/gnu/h-i686-mingw32/bin/../lib/gcc/nios2-elf/4.1.2/../../../../nios2-elf/lib\libc.a(lib_a-exit.o)
 .data          0x0084b764        0x0 d:/altera/13.0sp1/nios2eds/bin/gnu/h-i686-mingw32/bin/../lib/gcc/nios2-elf/4.1.2/../../../../nios2-elf/lib\libc.a(lib_a-fprintf.o)
 .data          0x0084b764        0x0 d:/altera/13.0sp1/nios2eds/bin/gnu/h-i686-mingw32/bin/../lib/gcc/nios2-elf/4.1.2/../../../../nios2-elf/lib\libc.a(lib_a-fwrite.o)
 .data          0x0084b764        0x0 d:/altera/13.0sp1/nios2eds/bin/gnu/h-i686-mingw32/bin/../lib/gcc/nios2-elf/4.1.2/../../../../nios2-elf/lib\libc.a(lib_a-getc.o)
 .data          0x0084b764      0x400 d:/altera/13.0sp1/nios2eds/bin/gnu/h-i686-mingw32/bin/../lib/gcc/nios2-elf/4.1.2/../../../../nios2-elf/lib\libc.a(lib_a-impure.o)
 .data          0x0084bb64        0x0 d:/altera/13.0sp1/nios2eds/bin/gnu/h-i686-mingw32/bin/../lib/gcc/nios2-elf/4.1.2/../../../../nios2-elf/lib\libc.a(lib_a-memcpy.o)
 .data          0x0084bb64        0x0 d:/altera/13.0sp1/nios2eds/bin/gnu/h-i686-mingw32/bin/../lib/gcc/nios2-elf/4.1.2/../../../../nios2-elf/lib\libc.a(lib_a-memmove.o)
 .data          0x0084bb64        0x0 d:/altera/13.0sp1/nios2eds/bin/gnu/h-i686-mingw32/bin/../lib/gcc/nios2-elf/4.1.2/../../../../nios2-elf/lib\libc.a(lib_a-memset.o)
 .data          0x0084bb64        0x0 d:/altera/13.0sp1/nios2eds/bin/gnu/h-i686-mingw32/bin/../lib/gcc/nios2-elf/4.1.2/../../../../nios2-elf/lib\libc.a(lib_a-perror.o)
 .data          0x0084bb64        0x0 d:/altera/13.0sp1/nios2eds/bin/gnu/h-i686-mingw32/bin/../lib/gcc/nios2-elf/4.1.2/../../../../nios2-elf/lib\libc.a(lib_a-printf.o)
 .data          0x0084bb64        0x0 d:/altera/13.0sp1/nios2eds/bin/gnu/h-i686-mingw32/bin/../lib/gcc/nios2-elf/4.1.2/../../../../nios2-elf/lib\libc.a(lib_a-putc.o)
 .data          0x0084bb64        0x0 d:/altera/13.0sp1/nios2eds/bin/gnu/h-i686-mingw32/bin/../lib/gcc/nios2-elf/4.1.2/../../../../nios2-elf/lib\libc.a(lib_a-putchar.o)
 .data          0x0084bb64        0x0 d:/altera/13.0sp1/nios2eds/bin/gnu/h-i686-mingw32/bin/../lib/gcc/nios2-elf/4.1.2/../../../../nios2-elf/lib\libc.a(lib_a-puts.o)
 .data          0x0084bb64        0x0 d:/altera/13.0sp1/nios2eds/bin/gnu/h-i686-mingw32/bin/../lib/gcc/nios2-elf/4.1.2/../../../../nios2-elf/lib\libc.a(lib_a-rget.o)
 .data          0x0084bb64        0x0 d:/altera/13.0sp1/nios2eds/bin/gnu/h-i686-mingw32/bin/../lib/gcc/nios2-elf/4.1.2/../../../../nios2-elf/lib\libc.a(lib_a-snprintf.o)
 .data          0x0084bb64        0x0 d:/altera/13.0sp1/nios2eds/bin/gnu/h-i686-mingw32/bin/../lib/gcc/nios2-elf/4.1.2/../../../../nios2-elf/lib\libc.a(lib_a-sprintf.o)
 .data          0x0084bb64        0x0 d:/altera/13.0sp1/nios2eds/bin/gnu/h-i686-mingw32/bin/../lib/gcc/nios2-elf/4.1.2/../../../../nios2-elf/lib\libc.a(lib_a-strchr.o)
 .data          0x0084bb64        0x0 d:/altera/13.0sp1/nios2eds/bin/gnu/h-i686-mingw32/bin/../lib/gcc/nios2-elf/4.1.2/../../../../nios2-elf/lib\libc.a(lib_a-strcmp.o)
 .data          0x0084bb64        0x0 d:/altera/13.0sp1/nios2eds/bin/gnu/h-i686-mingw32/bin/../lib/gcc/nios2-elf/4.1.2/../../../../nios2-elf/lib\libc.a(lib_a-strerror.o)
 .data          0x0084bb64        0x0 d:/altera/13.0sp1/nios2eds/bin/gnu/h-i686-mingw32/bin/../lib/gcc/nios2-elf/4.1.2/../../../../nios2-elf/lib\libc.a(lib_a-strlen.o)
 .data          0x0084bb64        0x0 d:/altera/13.0sp1/nios2eds/bin/gnu/h-i686-mingw32/bin/../lib/gcc/nios2-elf/4.1.2/../../../../nios2-elf/lib\libc.a(lib_a-strtok.o)
 .data          0x0084bb64        0x0 d:/altera/13.0sp1/nios2eds/bin/gnu/h-i686-mingw32/bin/../lib/gcc/nios2-elf/4.1.2/../../../../nios2-elf/lib\libc.a(lib_a-strtok_r.o)
 .data          0x0084bb64        0x0 d:/altera/13.0sp1/nios2eds/bin/gnu/h-i686-mingw32/bin/../lib/gcc/nios2-elf/4.1.2/../../../../nios2-elf/lib\libc.a(lib_a-strtol.o)
 .data          0x0084bb64        0x0 d:/altera/13.0sp1/nios2eds/bin/gnu/h-i686-mingw32/bin/../lib/gcc/nios2-elf/4.1.2/../../../../nios2-elf/lib\libc.a(lib_a-u_strerr.o)
 .data          0x0084bb64        0x0 d:/altera/13.0sp1/nios2eds/bin/gnu/h-i686-mingw32/bin/../lib/gcc/nios2-elf/4.1.2/../../../../nios2-elf/lib\libc.a(lib_a-vfprintf.o)
 .data          0x0084bb64        0x0 d:/altera/13.0sp1/nios2eds/bin/gnu/h-i686-mingw32/bin/../lib/gcc/nios2-elf/4.1.2/../../../../nios2-elf/lib\libc.a(lib_a-wbuf.o)
 .data          0x0084bb64        0x0 d:/altera/13.0sp1/nios2eds/bin/gnu/h-i686-mingw32/bin/../lib/gcc/nios2-elf/4.1.2/../../../../nios2-elf/lib\libc.a(lib_a-wsetup.o)
 .data          0x0084bb64        0x0 d:/altera/13.0sp1/nios2eds/bin/gnu/h-i686-mingw32/bin/../lib/gcc/nios2-elf/4.1.2/../../../../nios2-elf/lib\libc.a(lib_a-__call_atexit.o)
 .data          0x0084bb64        0x0 d:/altera/13.0sp1/nios2eds/bin/gnu/h-i686-mingw32/bin/../lib/gcc/nios2-elf/4.1.2/../../../../nios2-elf/lib\libc.a(lib_a-dtoa.o)
 .data          0x0084bb64        0x0 d:/altera/13.0sp1/nios2eds/bin/gnu/h-i686-mingw32/bin/../lib/gcc/nios2-elf/4.1.2/../../../../nios2-elf/lib\libc.a(lib_a-fflush.o)
 .data          0x0084bb64        0x0 d:/altera/13.0sp1/nios2eds/bin/gnu/h-i686-mingw32/bin/../lib/gcc/nios2-elf/4.1.2/../../../../nios2-elf/lib\libc.a(lib_a-findfp.o)
 .data          0x0084bb64        0x0 d:/altera/13.0sp1/nios2eds/bin/gnu/h-i686-mingw32/bin/../lib/gcc/nios2-elf/4.1.2/../../../../nios2-elf/lib\libc.a(lib_a-fputc.o)
 .data          0x0084bb64        0x0 d:/altera/13.0sp1/nios2eds/bin/gnu/h-i686-mingw32/bin/../lib/gcc/nios2-elf/4.1.2/../../../../nios2-elf/lib\libc.a(lib_a-fputs.o)
 .data          0x0084bb64        0x0 d:/altera/13.0sp1/nios2eds/bin/gnu/h-i686-mingw32/bin/../lib/gcc/nios2-elf/4.1.2/../../../../nios2-elf/lib\libc.a(lib_a-freer.o)
 .data          0x0084bb64        0x0 d:/altera/13.0sp1/nios2eds/bin/gnu/h-i686-mingw32/bin/../lib/gcc/nios2-elf/4.1.2/../../../../nios2-elf/lib\libc.a(lib_a-fvwrite.o)
 .data          0x0084bb64        0x0 d:/altera/13.0sp1/nios2eds/bin/gnu/h-i686-mingw32/bin/../lib/gcc/nios2-elf/4.1.2/../../../../nios2-elf/lib\libc.a(lib_a-fwalk.o)
 .data          0x0084bb64        0xc d:/altera/13.0sp1/nios2eds/bin/gnu/h-i686-mingw32/bin/../lib/gcc/nios2-elf/4.1.2/../../../../nios2-elf/lib\libc.a(lib_a-locale.o)
                0x0084bb64                __lc_ctype
 .data          0x0084bb70        0x0 d:/altera/13.0sp1/nios2eds/bin/gnu/h-i686-mingw32/bin/../lib/gcc/nios2-elf/4.1.2/../../../../nios2-elf/lib\libc.a(lib_a-makebuf.o)
 .data          0x0084bb70      0x408 d:/altera/13.0sp1/nios2eds/bin/gnu/h-i686-mingw32/bin/../lib/gcc/nios2-elf/4.1.2/../../../../nios2-elf/lib\libc.a(lib_a-mallocr.o)
                0x0084bb70                __malloc_av_
 .data          0x0084bf78        0x0 d:/altera/13.0sp1/nios2eds/bin/gnu/h-i686-mingw32/bin/../lib/gcc/nios2-elf/4.1.2/../../../../nios2-elf/lib\libc.a(lib_a-memchr.o)
 .data          0x0084bf78        0x0 d:/altera/13.0sp1/nios2eds/bin/gnu/h-i686-mingw32/bin/../lib/gcc/nios2-elf/4.1.2/../../../../nios2-elf/lib\libc.a(lib_a-mprec.o)