Archive member included because of file (symbol)

d:/altera/13.0sp1/nios2eds/bin/gnu/h-i686-mingw32/bin/../lib/gcc/nios2-elf/4.1.2/../../../../nios2-elf/lib\libc.a(lib_a-printf.o)
                              obj/default/hello_world.o (printf)
d:/altera/13.0sp1/nios2eds/bin/gnu/h-i686-mingw32/bin/../lib/gcc/nios2-elf/4.1.2/../../../../nios2-elf/lib\libc.a(lib_a-puts.o)
                              obj/default/hello_world.o (puts)
d:/altera/13.0sp1/nios2eds/bin/gnu/h-i686-mingw32/bin/../lib/gcc/nios2-elf/4.1.2/../../../../nios2-elf/lib\libc.a(lib_a-strlen.o)
                              d:/altera/13.0sp1/nios2eds/bin/gnu/h-i686-mingw32/bin/../lib/gcc/nios2-elf/4.1.2/../../../../nios2-elf/lib\libc.a(lib_a-puts.o) (strlen)
d:/altera/13.0sp1/nios2eds/bin/gnu/h-i686-mingw32/bin/../lib/gcc/nios2-elf/4.1.2/../../../../nios2-elf/lib\libc.a(lib_a-vfprintf.o)
                              d:/altera/13.0sp1/nios2eds/bin/gnu/h-i686-mingw32/bin/../lib/gcc/nios2-elf/4.1.2/../../../../nios2-elf/lib\libc.a(lib_a-printf.o) (___vfprintf_internal_r)
d:/altera/13.0sp1/nios2eds/bin/gnu/h-i686-mingw32/bin/../lib/gcc/nios2-elf/4.1.2/../../../../nios2-elf/lib\libc.a(lib_a-wsetup.o)
                              d:/altera/13.0sp1/nios2eds/bin/gnu/h-i686-mingw32/bin/../lib/gcc/nios2-elf/4.1.2/../../../../nios2-elf/lib\libc.a(lib_a-vfprintf.o) (__swsetup_r)
d:/altera/13.0sp1/nios2eds/bin/gnu/h-i686-mingw32/bin/../lib/gcc/nios2-elf/4.1.2/../../../../nios2-elf/lib\libc.a(lib_a-dtoa.o)
                              d:/altera/13.0sp1/nios2eds/bin/gnu/h-i686-mingw32/bin/../lib/gcc/nios2-elf/4.1.2/../../../../nios2-elf/lib\libc.a(lib_a-vfprintf.o) (_dtoa_r)
d:/altera/13.0sp1/nios2eds/bin/gnu/h-i686-mingw32/bin/../lib/gcc/nios2-elf/4.1.2/../../../../nios2-elf/lib\libc.a(lib_a-fflush.o)
                              d:/altera/13.0sp1/nios2eds/bin/gnu/h-i686-mingw32/bin/../lib/gcc/nios2-elf/4.1.2/../../../../nios2-elf/lib\libc.a(lib_a-vfprintf.o) (_fflush_r)
d:/altera/13.0sp1/nios2eds/bin/gnu/h-i686-mingw32/bin/../lib/gcc/nios2-elf/4.1.2/../../../../nios2-elf/lib\libc.a(lib_a-findfp.o)
                              d:/altera/13.0sp1/nios2eds/bin/gnu/h-i686-mingw32/bin/../lib/gcc/nios2-elf/4.1.2/../../../../nios2-elf/lib\libc.a(lib_a-vfprintf.o) (__sinit)
d:/altera/13.0sp1/nios2eds/bin/gnu/h-i686-mingw32/bin/../lib/gcc/nios2-elf/4.1.2/../../../../nios2-elf/lib\libc.a(lib_a-freer.o)
                              d:/altera/13.0sp1/nios2eds/bin/gnu/h-i686-mingw32/bin/../lib/gcc/nios2-elf/4.1.2/../../../../nios2-elf/lib\libc.a(lib_a-wsetup.o) (_free_r)
d:/altera/13.0sp1/nios2eds/bin/gnu/h-i686-mingw32/bin/../lib/gcc/nios2-elf/4.1.2/../../../../nios2-elf/lib\libc.a(lib_a-fvwrite.o)
                              d:/altera/13.0sp1/nios2eds/bin/gnu/h-i686-mingw32/bin/../lib/gcc/nios2-elf/4.1.2/../../../../nios2-elf/lib\libc.a(lib_a-puts.o) (__sfvwrite_r)
d:/altera/13.0sp1/nios2eds/bin/gnu/h-i686-mingw32/bin/../lib/gcc/nios2-elf/4.1.2/../../../../nios2-elf/lib\libc.a(lib_a-fwalk.o)
                              d:/altera/13.0sp1/nios2eds/bin/gnu/h-i686-mingw32/bin/../lib/gcc/nios2-elf/4.1.2/../../../../nios2-elf/lib\libc.a(lib_a-fflush.o) (_fwalk_reent)
d:/altera/13.0sp1/nios2eds/bin/gnu/h-i686-mingw32/bin/../lib/gcc/nios2-elf/4.1.2/../../../../nios2-elf/lib\libc.a(lib_a-impure.o)
                              d:/altera/13.0sp1/nios2eds/bin/gnu/h-i686-mingw32/bin/../lib/gcc/nios2-elf/4.1.2/../../../../nios2-elf/lib\libc.a(lib_a-printf.o) (_impure_ptr)
d:/altera/13.0sp1/nios2eds/bin/gnu/h-i686-mingw32/bin/../lib/gcc/nios2-elf/4.1.2/../../../../nios2-elf/lib\libc.a(lib_a-locale.o)
                              d:/altera/13.0sp1/nios2eds/bin/gnu/h-i686-mingw32/bin/../lib/gcc/nios2-elf/4.1.2/../../../../nios2-elf/lib\libc.a(lib_a-vfprintf.o) (_localeconv_r)
d:/altera/13.0sp1/nios2eds/bin/gnu/h-i686-mingw32/bin/../lib/gcc/nios2-elf/4.1.2/../../../../nios2-elf/lib\libc.a(lib_a-makebuf.o)
                              d:/altera/13.0sp1/nios2eds/bin/gnu/h-i686-mingw32/bin/../lib/gcc/nios2-elf/4.1.2/../../../../nios2-elf/lib\libc.a(lib_a-wsetup.o) (__smakebuf_r)
d:/altera/13.0sp1/nios2eds/bin/gnu/h-i686-mingw32/bin/../lib/gcc/nios2-elf/4.1.2/../../../../nios2-elf/lib\libc.a(lib_a-mallocr.o)
                              d:/altera/13.0sp1/nios2eds/bin/gnu/h-i686-mingw32/bin/../lib/gcc/nios2-elf/4.1.2/../../../../nios2-elf/lib\libc.a(lib_a-findfp.o) (_malloc_r)
d:/altera/13.0sp1/nios2eds/bin/gnu/h-i686-mingw32/bin/../lib/gcc/nios2-elf/4.1.2/../../../../nios2-elf/lib\libc.a(lib_a-memchr.o)
                              d:/altera/13.0sp1/nios2eds/bin/gnu/h-i686-mingw32/bin/../lib/gcc/nios2-elf/4.1.2/../../../../nios2-elf/lib\libc.a(lib_a-vfprintf.o) (memchr)
d:/altera/13.0sp1/nios2eds/bin/gnu/h-i686-mingw32/bin/../lib/gcc/nios2-elf/4.1.2/../../../../nios2-elf/lib\libc.a(lib_a-memcpy.o)
                              d:/altera/13.0sp1/nios2eds/bin/gnu/h-i686-mingw32/bin/../lib/gcc/nios2-elf/4.1.2/../../../../nios2-elf/lib\libc.a(lib_a-dtoa.o) (memcpy)
[...]
Memory Configuration

Name             Origin             Length             Attributes
sdram_0_BEFORE_EXCEPTION 0x00800000         0x00000020
sdram_0          0x00800020         0x007fffe0
reset            0x01400000         0x00000020
cfi_flash_0      0x01400020         0x003fffe0
sram_0           0x01a00000         0x00080000
epcs_controller  0x01a81800         0x00000800
*default*        0x00000000         0xffffffff

Linker script and memory map

LOAD ../teste_bsp//obj/HAL/src/crt0.o
LOAD obj/default/hello_world.o
LOAD d:/altera/13.0sp1/nios2eds/bin/gnu/h-i686-mingw32/bin/../lib/gcc/nios2-elf/4.1.2/../../../../nios2-elf/lib\libstdc++.a
LOAD d:/altera/13.0sp1/nios2eds/bin/gnu/h-i686-mingw32/bin/../lib/gcc/nios2-elf/4.1.2/../../../../nios2-elf/lib\libm.a
LOAD d:/altera/13.0sp1/nios2eds/bin/gnu/h-i686-mingw32/bin/../lib/gcc/nios2-elf/4.1.2\libgcc.a
START GROUP
LOAD d:/altera/13.0sp1/nios2eds/bin/gnu/h-i686-mingw32/bin/../lib/gcc/nios2-elf/4.1.2/../../../../nios2-elf/lib\libc.a
LOAD d:/altera/13.0sp1/nios2eds/bin/gnu/h-i686-mingw32/bin/../lib/gcc/nios2-elf/4.1.2\libgcc.a
LOAD ../teste_bsp/\libhal_bsp.a
END GROUP
LOAD d:/altera/13.0sp1/nios2eds/bin/gnu/h-i686-mingw32/bin/../lib/gcc/nios2-elf/4.1.2\libgcc.a
                0x00800000                __alt_mem_sdram_0 = 0x800000
                0x01400000                __alt_mem_cfi_flash_0 = 0x1400000
                0x01a00000                __alt_mem_sram_0 = 0x1a00000
                0x01a81800                __alt_mem_epcs_controller = 0x1a81800

.entry          0x01400000        0x0
 *(.entry)
 .entry         0x01400000        0x0 ../teste_bsp//obj/HAL/src/crt0.o
                0x01400000                __reset

.exceptions     0x00800020      0x194
                0x00800020                PROVIDE (__ram_exceptions_start, ABSOLUTE (.))
                0x00800020                . = ALIGN (0x20)
 *(.irq)
 *(.exceptions.entry.label)
 .exceptions.entry.label
                0x00800020        0x0 ../teste_bsp/\libhal_bsp.a(alt_irq_entry.o)
                0x00800020                alt_irq_entry
 .exceptions.entry.label
                0x00800020        0x0 ../teste_bsp/\libhal_bsp.a(alt_exception_entry.o)
                0x00800020                alt_exception
 *(.exceptions.entry.user)
 *(.exceptions.entry)
 .exceptions.entry
                0x00800020       0x54 ../teste_bsp/\libhal_bsp.a(alt_exception_entry.o)
 *(.exceptions.irqtest.user)
 *(.exceptions.irqtest)
 .exceptions.irqtest
                0x00800074       0x10 ../teste_bsp/\libhal_bsp.a(alt_irq_entry.o)
 *(.exceptions.irqhandler.user)
 *(.exceptions.irqhandler)
 .exceptions.irqhandler
                0x00800084        0x4 ../teste_bsp/\libhal_bsp.a(alt_irq_entry.o)
 *(.exceptions.irqreturn.user)
 *(.exceptions.irqreturn)
 .exceptions.irqreturn
                0x00800088        0x4 ../teste_bsp/\libhal_bsp.a(alt_irq_entry.o)
 *(.exceptions.notirq.label)
 .exceptions.notirq.label
                0x0080008c        0x0 ../teste_bsp/\libhal_bsp.a(alt_irq_entry.o)
 *(.exceptions.notirq.user)
 *(.exceptions.notirq)
 .exceptions.notirq
                0x0080008c        0x8 ../teste_bsp/\libhal_bsp.a(alt_exception_entry.o)
 *(.exceptions.soft.user)
 *(.exceptions.soft)
 *(.exceptions.unknown.user)
 *(.exceptions.unknown)
 .exceptions.unknown
                0x00800094        0x4 ../teste_bsp/\libhal_bsp.a(alt_exception_entry.o)
 *(.exceptions.exit.label)
 .exceptions.exit.label
                0x00800098        0x0 ../teste_bsp/\libhal_bsp.a(alt_irq_entry.o)
 .exceptions.exit.label
                0x00800098        0x0 ../teste_bsp/\libhal_bsp.a(alt_exception_entry.o)
 *(.exceptions.exit.user)
 *(.exceptions.exit)
 .exceptions.exit
                0x00800098       0x54 ../teste_bsp/\libhal_bsp.a(alt_exception_entry.o)
 *(.exceptions)
 .exceptions    0x008000ec       0xc8 ../teste_bsp/\libhal_bsp.a(alt_irq_handler.o)
                0x008000ec                alt_irq_handler
                0x008001b4                PROVIDE (__ram_exceptions_end, ABSOLUTE (.))
                0x00800020                PROVIDE (__flash_exceptions_start, LOADADDR (.exceptions))

.text           0x008001b4    0x11690
                0x008001b4                PROVIDE (stext, ABSOLUTE (.))
 *(.interp)
 *(.hash)
 *(.dynsym)
 *(.dynstr)
 *(.gnu.version)
 *(.gnu.version_d)
 *(.gnu.version_r)
 *(.rel.init)
 *(.rela.init)
 *(.rel.text .rel.text.* .rel.gnu.linkonce.t.*)
 *(.rela.text .rela.text.* .rela.gnu.linkonce.t.*)
 *(.rel.fini)
 *(.rela.fini)
 *(.rel.rodata .rel.rodata.* .rel.gnu.linkonce.r.*)
 *(.rela.rodata .rela.rodata.* .rela.gnu.linkonce.r.*)
 *(.rel.data .rel.data.* .rel.gnu.linkonce.d.*)
 *(.rela.data .rela.data.* .rela.gnu.linkonce.d.*)
 *(.rel.tdata .rel.tdata.* .rel.gnu.linkonce.td.*)
 *(.rela.tdata .rela.tdata.* .rela.gnu.linkonce.td.*)
 *(.rel.tbss .rel.tbss.* .rel.gnu.linkonce.tb.*)
 *(.rela.tbss .rela.tbss.* .rela.gnu.linkonce.tb.*)
 *(.rel.ctors)
 *(.rela.ctors)
 *(.rel.dtors)
 *(.rela.dtors)
 *(.rel.got)
 *(.rela.got)
 *(.rel.sdata .rel.sdata.* .rel.gnu.linkonce.s.*)
 *(.rela.sdata .rela.sdata.* .rela.gnu.linkonce.s.*)
 *(.rel.sbss .rel.sbss.* .rel.gnu.linkonce.sb.*)
 *(.rela.sbss .rela.sbss.* .rela.gnu.linkonce.sb.*)
 *(.rel.sdata2 .rel.sdata2.* .rel.gnu.linkonce.s2.*)
 *(.rela.sdata2 .rela.sdata2.* .rela.gnu.linkonce.s2.*)
 *(.rel.sbss2 .rel.sbss2.* .rel.gnu.linkonce.sb2.*)
 *(.rela.sbss2 .rela.sbss2.* .rela.gnu.linkonce.sb2.*)
 *(.rel.bss .rel.bss.* .rel.gnu.linkonce.b.*)
 *(.rela.bss .rela.bss.* .rela.gnu.linkonce.b.*)
 *(.rel.plt)
 *(.rela.plt)
 *(.rel.dyn)
 *(.init)
 *(.plt)
 *(.text .stub .text.* .gnu.linkonce.t.*)
 .text          0x008001b4       0x48 ../teste_bsp//obj/HAL/src/crt0.o
                0x008001b4                _start
 .text          0x008001fc      0x140 obj/default/hello_world.o
                0x008001fc                main
 .text          0x0080033c       0x78 d:/altera/13.0sp1/nios2eds/bin/gnu/h-i686-mingw32/bin/../lib/gcc/nios2-elf/4.1.2/../../../../nios2-elf/lib\libc.a(lib_a-printf.o)
                0x0080033c                printf
                0x00800380                _printf_r
 .text          0x008003b4       0xb4 d:/altera/13.0sp1/nios2eds/bin/gnu/h-i686-mingw32/bin/../lib/gcc/nios2-elf/4.1.2/../../../../nios2-elf/lib\libc.a(lib_a-puts.o)
                0x008003b4                _puts_r
                0x00800454                puts
 .text          0x00800468       0x74 d:/altera/13.0sp1/nios2eds/bin/gnu/h-i686-mingw32/bin/../lib/gcc/nios2-elf/4.1.2/../../../../nios2-elf/lib\libc.a(lib_a-strlen.o)
                0x00800468                strlen
 .text          0x008004dc     0x1f28 d:/altera/13.0sp1/nios2eds/bin/gnu/h-i686-mingw32/bin/../lib/gcc/nios2-elf/4.1.2/../../../../nios2-elf/lib\libc.a(lib_a-vfprintf.o)
                0x00800534                ___vfprintf_internal_r
                0x008023e0                __vfprintf_internal
 .text          0x00802404      0x13c d:/altera/13.0sp1/nios2eds/bin/gnu/h-i686-mingw32/bin/../lib/gcc/nios2-elf/4.1.2/../../../../nios2-elf/lib\libc.a(lib_a-wsetup.o)
                0x00802404                __swsetup_r
 .text          0x00802540     0x17cc d:/altera/13.0sp1/nios2eds/bin/gnu/h-i686-mingw32/bin/../lib/gcc/nios2-elf/4.1.2/../../../../nios2-elf/lib\libc.a(lib_a-dtoa.o)
                0x00802758                _dtoa_r
 .text          0x00803d0c      0x230 d:/altera/13.0sp1/nios2eds/bin/gnu/h-i686-mingw32/bin/../lib/gcc/nios2-elf/4.1.2/../../../../nios2-elf/lib\libc.a(lib_a-fflush.o)
                0x00803d0c                _fflush_r
                0x00803f08                fflush
 .text          0x00803f3c      0x2c0 d:/altera/13.0sp1/nios2eds/bin/gnu/h-i686-mingw32/bin/../lib/gcc/nios2-elf/4.1.2/../../../../nios2-elf/lib\libc.a(lib_a-findfp.o)
                0x00803f94                __sfp_lock_acquire
                0x00803f98                __sfp_lock_release
                0x00803f9c                __sinit_lock_acquire
                0x00803fa0                __sinit_lock_release
                0x00803fa4                __sinit
                0x00804058                __fp_unlock_all
                0x00804070                __fp_lock_all
                0x00804088                _cleanup_r
                0x00804094                _cleanup
                0x008040a4                __sfmoreglue
                0x0080410c                __sfp
 .text          0x008041fc      0x440 d:/altera/13.0sp1/nios2eds/bin/gnu/h-i686-mingw32/bin/../lib/gcc/nios2-elf/4.1.2/../../../../nios2-elf/lib\libc.a(lib_a-freer.o)
                0x008041fc                _malloc_trim_r
                0x00804328                _free_r
 .text          0x0080463c      0x49c d:/altera/13.0sp1/nios2eds/bin/gnu/h-i686-mingw32/bin/../lib/gcc/nios2-elf/4.1.2/../../../../nios2-elf/lib\libc.a(lib_a-fvwrite.o)
                0x0080463c                __sfvwrite_r
 .text          0x00804ad8      0x180 d:/altera/13.0sp1/nios2eds/bin/gnu/h-i686-mingw32/bin/../lib/gcc/nios2-elf/4.1.2/../../../../nios2-elf/lib\libc.a(lib_a-fwalk.o)
                0x00804ad8                _fwalk_reent
                0x00804ba0                _fwalk
 .text          0x00804c58        0x0 d:/altera/13.0sp1/nios2eds/bin/gnu/h-i686-mingw32/bin/../lib/gcc/nios2-elf/4.1.2/../../../../nios2-elf/lib\libc.a(lib_a-impure.o)
 .text          0x00804c58       0xc4 d:/altera/13.0sp1/nios2eds/bin/gnu/h-i686-mingw32/bin/../lib/gcc/nios2-elf/4.1.2/../../../../nios2-elf/lib\libc.a(lib_a-locale.o)
                0x00804c58                __locale_charset
                0x00804c60                _localeconv_r
                0x00804c6c                localeconv
                0x00804c7c                _setlocale_r
                0x00804d00                setlocale
 .text          0x00804d1c      0x194 d:/altera/13.0sp1/nios2eds/bin/gnu/h-i686-mingw32/bin/../lib/gcc/nios2-elf/4.1.2/../../../../nios2-elf/lib\libc.a(lib_a-makebuf.o)
                0x00804d1c                __smakebuf_r
 .text          0x00804eb0      0x740 d:/altera/13.0sp1/nios2eds/bin/gnu/h-i686-mingw32/bin/../lib/gcc/nios2-elf/4.1.2/../../../../nios2-elf/lib\libc.a(lib_a-mallocr.o)
                0x00804eb0                _malloc_r
 .text          0x008055f0       0xe4 d:/altera/13.0sp1/nios2eds/bin/gnu/h-i686-mingw32/bin/../lib/gcc/nios2-elf/4.1.2/../../../../nios2-elf/lib\libc.a(lib_a-memchr.o)
                0x008055f0                memchr
 .text          0x008056d4       0xa0 d:/altera/13.0sp1/nios2eds/bin/gnu/h-i686-mingw32/bin/../lib/gcc/nios2-elf/4.1.2/../../../../nios2-elf/lib\libc.a(lib_a-memcpy.o)
                0x008056d4                memcpy
 .text          0x00805774       0xe0 d:/altera/13.0sp1/nios2eds/bin/gnu/h-i686-mingw32/bin/../lib/gcc/nios2-elf/4.1.2/../../../../nios2-elf/lib\libc.a(lib_a-memmove.o)
                0x00805774                memmove
 .text          0x00805854       0x98 d:/altera/13.0sp1/nios2eds/bin/gnu/h-i686-mingw32/bin/../lib/gcc/nios2-elf/4.1.2/../../../../nios2-elf/lib\libc.a(lib_a-memset.o)
                0x00805854                memset
 .text          0x008058ec      0xff4 d:/altera/13.0sp1/nios2eds/bin/gnu/h-i686-mingw32/bin/../lib/gcc/nios2-elf/4.1.2/../../../../nios2-elf/lib\libc.a(lib_a-mprec.o)
                0x008058ec                _Bfree
                0x00805914                __hi0bits
                0x00805984                __lo0bits
                0x00805a48                __mcmp
                0x00805aa8                __ulp
                0x00805b28                __b2d
                0x00805c48                __ratio
                0x00805cf8                _mprec_log10
                0x00805d8c                __copybits
                0x00805de4                __any_on
                0x00805e6c                _Balloc
                0x00805f28                __d2b
                0x008060a4                __mdiff
                0x00806230                __lshift
                0x0080637c                __multiply
                0x00806564                __i2b
                0x008065a0                __multadd
                0x008066a0                __pow5mult
                0x008067c0                __s2b
 .text          0x008068e0      0x5f4 d:/altera/13.0sp1/nios2eds/bin/gnu/h-i686-mingw32/bin/../lib/gcc/nios2-elf/4.1.2/../../../../nios2-elf/lib\libc.a(lib_a-reallocr.o)
                0x008068e0                _realloc_r
 .text          0x00806ed4       0x40 d:/altera/13.0sp1/nios2eds/bin/gnu/h-i686-mingw32/bin/../lib/gcc/nios2-elf/4.1.2/../../../../nios2-elf/lib\libc.a(lib_a-s_isinfd.o)
                0x00806ed4                __isinfd
 .text          0x00806f14       0x30 d:/altera/13.0sp1/nios2eds/bin/gnu/h-i686-mingw32/bin/../lib/gcc/nios2-elf/4.1.2/../../../../nios2-elf/lib\libc.a(lib_a-s_isnand.o)
                0x00806f14                __isnand
 .text          0x00806f44       0x70 d:/altera/13.0sp1/nios2eds/bin/gnu/h-i686-mingw32/bin/../lib/gcc/nios2-elf/4.1.2/../../../../nios2-elf/lib\libc.a(lib_a-sbrkr.o)
                0x00806f44                _sbrk_r
 .text          0x00806fb4      0x14c d:/altera/13.0sp1/nios2eds/bin/gnu/h-i686-mingw32/bin/../lib/gcc/nios2-elf/4.1.2/../../../../nios2-elf/lib\libc.a(lib_a-stdio.o)
                0x00806fb4                __sclose
                0x00806fbc                __sseek
                0x00807024                __swrite
                0x008070a0                __sread
 .text          0x00807100       0xbc d:/altera/13.0sp1/nios2eds/bin/gnu/h-i686-mingw32/bin/../lib/gcc/nios2-elf/4.1.2/../../../../nios2-elf/lib\libc.a(lib_a-strcmp.o)
                0x00807100                strcmp
 .text          0x008071bc       0x78 d:/altera/13.0sp1/nios2eds/bin/gnu/h-i686-mingw32/bin/../lib/gcc/nios2-elf/4.1.2/../../../../nios2-elf/lib\libc.a(lib_a-writer.o)
                0x008071bc                _write_r
 .text          0x00807234       0xb4 d:/altera/13.0sp1/nios2eds/bin/gnu/h-i686-mingw32/bin/../lib/gcc/nios2-elf/4.1.2/../../../../nios2-elf/lib\libc.a(lib_a-callocr.o)
                0x00807234                _calloc_r
 .text          0x008072e8       0x70 d:/altera/13.0sp1/nios2eds/bin/gnu/h-i686-mingw32/bin/../lib/gcc/nios2-elf/4.1.2/../../../../nios2-elf/lib\libc.a(lib_a-closer.o)
                0x008072e8                _close_r
 .text          0x00807358      0x124 d:/altera/13.0sp1/nios2eds/bin/gnu/h-i686-mingw32/bin/../lib/gcc/nios2-elf/4.1.2/../../../../nios2-elf/lib\libc.a(lib_a-fclose.o)
                0x00807358                _fclose_r
                0x00807468                fclose
 .text          0x0080747c       0x74 d:/altera/13.0sp1/nios2eds/bin/gnu/h-i686-mingw32/bin/../lib/gcc/nios2-elf/4.1.2/../../../../nios2-elf/lib\libc.a(lib_a-fstatr.o)
                0x0080747c                _fstat_r
 .text          0x008074f0        0x0 d:/altera/13.0sp1/nios2eds/bin/gnu/h-i686-mingw32/bin/../lib/gcc/nios2-elf/4.1.2/../../../../nios2-elf/lib\libc.a(lib_a-int_errno.o)
 .text          0x008074f0       0x70 d:/altera/13.0sp1/nios2eds/bin/gnu/h-i686-mingw32/bin/../lib/gcc/nios2-elf/4.1.2/../../../../nios2-elf/lib\libc.a(lib_a-isattyr.o)
                0x008074f0                _isatty_r
 .text          0x00807560       0x78 d:/altera/13.0sp1/nios2eds/bin/gnu/h-i686-mingw32/bin/../lib/gcc/nios2-elf/4.1.2/../../../../nios2-elf/lib\libc.a(lib_a-lseekr.o)
                0x00807560                _lseek_r
 .text          0x008075d8       0x78 d:/altera/13.0sp1/nios2eds/bin/gnu/h-i686-mingw32/bin/../lib/gcc/nios2-elf/4.1.2/../../../../nios2-elf/lib\libc.a(lib_a-readr.o)
                0x008075d8                _read_r
 .text          0x00807650      0x5dc d:/altera/13.0sp1/nios2eds/bin/gnu/h-i686-mingw32/bin/../lib/gcc/nios2-elf/4.1.2\libgcc.a(_udivdi3.o)
                0x00807650                __udivdi3
 .text          0x00807c2c      0x5b0 d:/altera/13.0sp1/nios2eds/bin/gnu/h-i686-mingw32/bin/../lib/gcc/nios2-elf/4.1.2\libgcc.a(_umoddi3.o)
                0x00807c2c                __umoddi3
 .text          0x008081dc      0x504 d:/altera/13.0sp1/nios2eds/bin/gnu/h-i686-mingw32/bin/../lib/gcc/nios2-elf/4.1.2\libgcc.a(_addsub_df.o)
                0x008085ec                __subdf3
                0x0080866c                __adddf3
 .text          0x008086e0      0x3c4 d:/altera/13.0sp1/nios2eds/bin/gnu/h-i686-mingw32/bin/../lib/gcc/nios2-elf/4.1.2\libgcc.a(_mul_df.o)
                0x008086e0                __muldf3
 .text          0x00808aa4      0x258 d:/altera/13.0sp1/nios2eds/bin/gnu/h-i686-mingw32/bin/../lib/gcc/nios2-elf/4.1.2\libgcc.a(_div_df.o)
                0x00808aa4                __divdf3
 .text          0x00808cfc       0x88 d:/altera/13.0sp1/nios2eds/bin/gnu/h-i686-mingw32/bin/../lib/gcc/nios2-elf/4.1.2\libgcc.a(_eq_df.o)
                0x00808cfc                __eqdf2
 .text          0x00808d84       0x88 d:/altera/13.0sp1/nios2eds/bin/gnu/h-i686-mingw32/bin/../lib/gcc/nios2-elf/4.1.2\libgcc.a(_ne_df.o)
                0x00808d84                __nedf2
 .text          0x00808e0c       0x88 d:/altera/13.0sp1/nios2eds/bin/gnu/h-i686-mingw32/bin/../lib/gcc/nios2-elf/4.1.2\libgcc.a(_gt_df.o)
                0x00808e0c                __gtdf2
 .text          0x00808e94       0x88 d:/altera/13.0sp1/nios2eds/bin/gnu/h-i686-mingw32/bin/../lib/gcc/nios2-elf/4.1.2\libgcc.a(_ge_df.o)
                0x00808e94                __gedf2
 .text          0x00808f1c       0x88 d:/altera/13.0sp1/nios2eds/bin/gnu/h-i686-mingw32/bin/../lib/gcc/nios2-elf/4.1.2\libgcc.a(_lt_df.o)
                0x00808f1c                __ltdf2
 .text          0x00808fa4       0xf8 d:/altera/13.0sp1/nios2eds/bin/gnu/h-i686-mingw32/bin/../lib/gcc/nios2-elf/4.1.2\libgcc.a(_si_to_df.o)
                0x00808fa4                __floatsidf
 .text          0x0080909c       0xd8 d:/altera/13.0sp1/nios2eds/bin/gnu/h-i686-mingw32/bin/../lib/gcc/nios2-elf/4.1.2\libgcc.a(_df_to_si.o)
                0x0080909c                __fixdfsi
 .text          0x00809174        0x0 d:/altera/13.0sp1/nios2eds/bin/gnu/h-i686-mingw32/bin/../lib/gcc/nios2-elf/4.1.2\libgcc.a(_thenan_df.o)
 .text          0x00809174      0x194 d:/altera/13.0sp1/nios2eds/bin/gnu/h-i686-mingw32/bin/../lib/gcc/nios2-elf/4.1.2\libgcc.a(_usi_to_df.o)
                0x00809174                __floatunsidf
 .text          0x00809308      0x14c d:/altera/13.0sp1/nios2eds/bin/gnu/h-i686-mingw32/bin/../lib/gcc/nios2-elf/4.1.2\libgcc.a(lib2-divmod.o)
                0x00809384                __divsi3
                0x008093e4                __modsi3
                0x00809444                __udivsi3
                0x0080944c                __umodsi3
 .text          0x00809454       0x98 d:/altera/13.0sp1/nios2eds/bin/gnu/h-i686-mingw32/bin/../lib/gcc/nios2-elf/4.1.2\libgcc.a(_muldi3.o)
                0x00809454                __muldi3
 .text          0x008094ec        0x0 d:/altera/13.0sp1/nios2eds/bin/gnu/h-i686-mingw32/bin/../lib/gcc/nios2-elf/4.1.2\libgcc.a(_clz.o)
 .text          0x008094ec       0x80 d:/altera/13.0sp1/nios2eds/bin/gnu/h-i686-mingw32/bin/../lib/gcc/nios2-elf/4.1.2\libgcc.a(_clzsi2.o)
                0x008094ec                __clzsi2
 .text          0x0080956c      0x314 d:/altera/13.0sp1/nios2eds/bin/gnu/h-i686-mingw32/bin/../lib/gcc/nios2-elf/4.1.2\libgcc.a(_pack_df.o)
                0x0080956c                __pack_d
 .text          0x00809880      0x138 d:/altera/13.0sp1/nios2eds/bin/gnu/h-i686-mingw32/bin/../lib/gcc/nios2-elf/4.1.2\libgcc.a(_unpack_df.o)
                0x00809880                __unpack_d
 .text          0x008099b8       0xc8 d:/altera/13.0sp1/nios2eds/bin/gnu/h-i686-mingw32/bin/../lib/gcc/nios2-elf/4.1.2\libgcc.a(_fpcmp_parts_df.o)
                0x008099b8                __fpcmp_parts_d
 .text          0x00809a80      0x15c ../teste_bsp/\libhal_bsp.a(alt_close.o)
                0x00809a80                close
 .text          0x00809bdc       0x2c ../teste_bsp/\libhal_bsp.a(alt_dev.o)
 .text          0x00809c08        0x0 ../teste_bsp/\libhal_bsp.a(alt_errno.o)
 .text          0x00809c08      0x134 ../teste_bsp/\libhal_bsp.a(alt_fstat.o)
                0x00809c08                fstat
 .text          0x00809d3c      0x120 ../teste_bsp/\libhal_bsp.a(alt_isatty.o)
                0x00809d3c                isatty
 .text          0x00809e5c      0x150 ../teste_bsp/\libhal_bsp.a(alt_lseek.o)
                0x00809e5c                lseek
 .text          0x00809fac       0x6c ../teste_bsp/\libhal_bsp.a(alt_main.o)
                0x00809fac                alt_main
 .text          0x0080a018       0x40 ../teste_bsp/\libhal_bsp.a(alt_malloc_lock.o)
                0x0080a018                __malloc_lock
                0x0080a038                __malloc_unlock
 .text          0x0080a058      0x180 ../teste_bsp/\libhal_bsp.a(alt_read.o)
                0x0080a058                read
 .text          0x0080a1d8       0x60 ../teste_bsp/\libhal_bsp.a(alt_release_fd.o)
                0x0080a1d8                alt_release_fd
 .text          0x0080a238       0xbc ../teste_bsp/\libhal_bsp.a(alt_sbrk.o)
                0x0080a238                sbrk
 .text          0x0080a2f4       0x30 ../teste_bsp/\libhal_bsp.a(alt_usleep.o)
                0x0080a2f4                usleep
 .text          0x0080a324      0x180 ../teste_bsp/\libhal_bsp.a(alt_write.o)
                0x0080a324                write
 .text          0x0080a4a4      0x118 ../teste_bsp/\libhal_bsp.a(alt_sys_init.o)
                0x0080a4a4                alt_irq_init
                0x0080a4d8                alt_sys_init
 .text          0x0080a5bc      0x8c8 ../teste_bsp/\libhal_bsp.a(altera_avalon_cfi_flash.o)
                0x0080a5bc                alt_flash_cfi_init
                0x0080a690                alt_flash_cfi_write
                0x0080a950                alt_flash_cfi_get_info
                0x0080a9e0                alt_flash_cfi_read
                0x0080aa48                alt_write_value_to_flash
                0x0080abac                alt_flash_program_block
 .text          0x0080ae84     0x14a8 ../teste_bsp/\libhal_bsp.a(altera_avalon_cfi_flash_table.o)
                0x0080ae84                alt_read_query_entry_8bit
                0x0080aec4                alt_read_query_entry_16bit
                0x0080af08                alt_read_query_entry_32bit
                0x0080af50                alt_write_flash_command_8bit_device_8bit_mode
                0x0080af8c                alt_write_flash_command_16bit_device_8bit_mode
                0x0080b008                alt_write_flash_command_32bit_device_8bit_mode
                0x0080b050                alt_write_flash_command_16bit_device_16bit_mode
                0x0080b094                alt_write_flash_command_32bit_device_16bit_mode
                0x0080b0dc                alt_write_flash_command_32bit_device_32bit_mode
                0x0080b124                alt_write_native_8bit
                0x0080b158                alt_write_native_16bit
                0x0080b18c                alt_write_native_32bit
                0x0080b1bc                alt_set_flash_width_func
                0x0080b39c                alt_set_flash_algorithm_func
                0x0080b4c4                alt_read_cfi_table
                0x0080baa4                alt_read_cfi_width
                0x0080c250                alt_check_primary_table
 .text          0x0080c32c      0x9e4 ../teste_bsp/\libhal_bsp.a(altera_avalon_epcs_flash_controller.o)
                0x0080c32c                alt_epcs_flash_init
                0x0080c748                alt_epcs_flash_write
                0x0080c9c8                alt_epcs_flash_get_info
                0x0080ca58                alt_epcs_flash_erase_block
                0x0080cb5c                alt_epcs_flash_write_block
                0x0080cc78                alt_epcs_flash_read
 .text          0x0080cd10      0x148 ../teste_bsp/\libhal_bsp.a(altera_avalon_jtag_uart_fd.o)
                0x0080cd10                altera_avalon_jtag_uart_read_fd
                0x0080cd68                altera_avalon_jtag_uart_write_fd
                0x0080cdc0                altera_avalon_jtag_uart_close_fd
                0x0080ce08                altera_avalon_jtag_uart_ioctl_fd
 .text          0x0080ce58      0x40c ../teste_bsp/\libhal_bsp.a(altera_avalon_jtag_uart_init.o)
                0x0080ce58                altera_avalon_jtag_uart_init
                0x0080d1f0                altera_avalon_jtag_uart_close
 .text          0x0080d264       0xf4 ../teste_bsp/\libhal_bsp.a(altera_avalon_jtag_uart_ioctl.o)
                0x0080d264                altera_avalon_jtag_uart_ioctl
 .text          0x0080d358      0x224 ../teste_bsp/\libhal_bsp.a(altera_avalon_jtag_uart_read.o)
                0x0080d358                altera_avalon_jtag_uart_read
 .text          0x0080d57c      0x240 ../teste_bsp/\libhal_bsp.a(altera_avalon_jtag_uart_write.o)
                0x0080d57c                altera_avalon_jtag_uart_write
 .text          0x0080d7bc      0xee8 ../teste_bsp/\libhal_bsp.a(altera_avalon_lcd_16207.o)
                0x0080df90                altera_avalon_lcd_16207_write
                0x0080e568                altera_avalon_lcd_16207_init
 .text          0x0080e6a4       0x58 ../teste_bsp/\libhal_bsp.a(altera_avalon_lcd_16207_fd.o)
                0x0080e6a4                altera_avalon_lcd_16207_write_fd
 .text          0x0080e6fc      0x100 ../teste_bsp/\libhal_bsp.a(altera_avalon_timer_sc.o)
                0x0080e76c                alt_avalon_timer_sc_init
 .text          0x0080e7fc       0xf8 ../teste_bsp/\libhal_bsp.a(altera_avalon_uart_fd.o)
                0x0080e7fc                altera_avalon_uart_read_fd
                0x0080e854                altera_avalon_uart_write_fd
                0x0080e8ac                altera_avalon_uart_close_fd
 .text          0x0080e8f4      0x400 ../teste_bsp/\libhal_bsp.a(altera_avalon_uart_init.o)
                0x0080e8f4                altera_avalon_uart_init
                0x0080ec94                altera_avalon_uart_close
 .text          0x0080ecf4      0x290 ../teste_bsp/\libhal_bsp.a(altera_avalon_uart_read.o)
                0x0080ecf4                altera_avalon_uart_read
 .text          0x0080ef84      0x228 ../teste_bsp/\libhal_bsp.a(altera_avalon_uart_write.o)
                0x0080ef84                altera_avalon_uart_write
 .text          0x0080f1ac      0x6d4 ../teste_bsp/\libhal_bsp.a(epcs_commands.o)
                0x0080f1ac                epcs_read_status_register
                0x0080f20c                epcs_sector_erase
                0x0080f374                epcs_read_buffer
                0x0080f4c0                epcs_write_enable
                0x0080f510                epcs_write_status_register
                0x0080f574                epcs_write_buffer
                0x0080f6e4                epcs_read_electronic_signature
                0x0080f750                epcs_read_device_id
                0x0080f7d0                epcs_enter_4_bytes_mode
                0x0080f828                epcs_exit_4_bytes_mode
 .text          0x0080f880      0x154 ../teste_bsp/\libhal_bsp.a(alt_alarm_start.o)
                0x0080f880                alt_alarm_start
 .text          0x0080f9d4      0x14c ../teste_bsp/\libhal_bsp.a(alt_busy_sleep.o)
                0x0080f9d4                alt_busy_sleep
 .text          0x0080fb20       0x78 ../teste_bsp/\libhal_bsp.a(alt_dcache_flush.o)
                0x0080fb20                alt_dcache_flush
 .text          0x0080fb98      0x114 ../teste_bsp/\libhal_bsp.a(alt_dev_llist_insert.o)
                0x0080fb98                alt_dev_llist_insert
 .text          0x0080fcac       0x64 ../teste_bsp/\libhal_bsp.a(alt_do_ctors.o)
                0x0080fcac                _do_ctors
 .text          0x0080fd10       0x64 ../teste_bsp/\libhal_bsp.a(alt_do_dtors.o)
                0x0080fd10                _do_dtors
 .text          0x0080fd74       0xd0 ../teste_bsp/\libhal_bsp.a(alt_flash_dev.o)
                0x0080fd74                alt_flash_open_dev
                0x0080fdf0                alt_flash_close_dev
 .text          0x0080fe44      0x1d4 ../teste_bsp/\libhal_bsp.a(alt_iic.o)
                0x0080fe44                alt_ic_isr_register
                0x0080fe94                alt_ic_irq_enable
                0x0080ff30                alt_ic_irq_disable
                0x0080ffd0                alt_ic_irq_enabled
 .text          0x00810018       0xf8 ../teste_bsp/\libhal_bsp.a(alt_iic_isr_register.o)
                0x00810018                alt_iic_isr_register
 .text          0x00810110      0x13c ../teste_bsp/\libhal_bsp.a(alt_io_redirect.o)
                0x008101d4                alt_io_redirect
 .text          0x0081024c        0x0 ../teste_bsp/\libhal_bsp.a(alt_irq_entry.o)
 .text          0x0081024c        0x0 ../teste_bsp/\libhal_bsp.a(alt_irq_handler.o)
 .text          0x0081024c        0x0 ../teste_bsp/\libhal_bsp.a(alt_irq_vars.o)
 .text          0x0081024c      0x2c4 ../teste_bsp/\libhal_bsp.a(alt_open.o)
                0x00810328                open
 .text          0x00810510      0x1a4 ../teste_bsp/\libhal_bsp.a(alt_tick.o)
                0x00810510                alt_alarm_stop
                0x008105a8                alt_tick
 .text          0x008106b4       0x20 ../teste_bsp/\libhal_bsp.a(altera_nios2_qsys_irq.o)
                0x008106b4                altera_nios2_qsys_irq_init
 .text          0x008106d4      0x460 ../teste_bsp/\libhal_bsp.a(altera_avalon_cfi_flash_amd.o)
                0x008106d4                alt_program_amd
                0x0081073c                alt_erase_block_amd
 .text          0x00810b34      0x460 ../teste_bsp/\libhal_bsp.a(altera_avalon_cfi_flash_intel.o)
                0x00810b34                alt_program_intel
                0x00810bb8                alt_erase_block_intel
 .text          0x00810f94      0x238 ../teste_bsp/\libhal_bsp.a(altera_avalon_spi.o)
                0x00810f94                alt_avalon_spi_command
 .text          0x008111cc        0x0 ../teste_bsp/\libhal_bsp.a(alt_exception_entry.o)
 .text          0x008111cc       0x94 ../teste_bsp/\libhal_bsp.a(alt_find_dev.o)
                0x008111cc                alt_find_dev
 .text          0x00811260      0x120 ../teste_bsp/\libhal_bsp.a(alt_find_file.o)
                0x00811260                alt_find_file
 .text          0x00811380       0xb8 ../teste_bsp/\libhal_bsp.a(alt_get_fd.o)
                0x00811380                alt_get_fd
 .text          0x00811438       0x14 d:/altera/13.0sp1/nios2eds/bin/gnu/h-i686-mingw32/bin/../lib/gcc/nios2-elf/4.1.2/../../../../nios2-elf/lib\libc.a(lib_a-atexit.o)
                0x00811438                atexit
 .text          0x0081144c        0x0 d:/altera/13.0sp1/nios2eds/bin/gnu/h-i686-mingw32/bin/../lib/gcc/nios2-elf/4.1.2/../../../../nios2-elf/lib\libc.a(lib_a-ctype_.o)
 .text          0x0081144c       0x38 d:/altera/13.0sp1/nios2eds/bin/gnu/h-i686-mingw32/bin/../lib/gcc/nios2-elf/4.1.2/../../../../nios2-elf/lib\libc.a(lib_a-exit.o)
                0x0081144c                exit
 .text          0x00811484       0x74 d:/altera/13.0sp1/nios2eds/bin/gnu/h-i686-mingw32/bin/../lib/gcc/nios2-elf/4.1.2/../../../../nios2-elf/lib\libc.a(lib_a-memcmp.o)
                0x00811484                memcmp
 .text          0x008114f8      0x134 d:/altera/13.0sp1/nios2eds/bin/gnu/h-i686-mingw32/bin/../lib/gcc/nios2-elf/4.1.2/../../../../nios2-elf/lib\libc.a(lib_a-__atexit.o)
                0x008114f8                __register_exitproc
 .text          0x0081162c      0x1b4 d:/altera/13.0sp1/nios2eds/bin/gnu/h-i686-mingw32/bin/../lib/gcc/nios2-elf/4.1.2/../../../../nios2-elf/lib\libc.a(lib_a-__call_atexit.o)
                0x00811630                __call_exitprocs
 .text          0x008117e0       0x60 ../teste_bsp/\libhal_bsp.a(alt_exit.o)
                0x00811820                _exit
 *(.gnu.warning.*)
 *(.fini)
                0x00811840                PROVIDE (__etext, ABSOLUTE (.))
                0x00811840                PROVIDE (_etext, ABSOLUTE (.))
                0x00811840                PROVIDE (etext, ABSOLUTE (.))
 *(.eh_frame_hdr)
                0x00811840                . = ALIGN (0x4)
                0x00811840                PROVIDE (__preinit_array_start, ABSOLUTE (.))
 *(.preinit_array)
                0x00811840                PROVIDE (__preinit_array_end, ABSOLUTE (.))
                0x00811840                PROVIDE (__init_array_start, ABSOLUTE (.))
 *(.init_array)
                0x00811840                PROVIDE (__init_array_end, ABSOLUTE (.))
                0x00811840                PROVIDE (__fini_array_start, ABSOLUTE (.))
 *(.fini_array)
                0x00811840                PROVIDE (__fini_array_end, ABSOLUTE (.))
 *(.eh_frame)
 *(.gcc_except_table)
 *(.dynamic)
                0x00811840                PROVIDE (__CTOR_LIST__, ABSOLUTE (.))
 *(.ctors)
 *(SORT(.ctors.*))
 .ctors.65535   0x00811840        0x4 d:/altera/13.0sp1/nios2eds/bin/gnu/h-i686-mingw32/bin/../lib/gcc/nios2-elf/4.1.2/../../../../nios2-elf/lib\libc.a(lib_a-__call_atexit.o)
                0x00811844                PROVIDE (__CTOR_END__, ABSOLUTE (.))
                0x00811844                PROVIDE (__DTOR_LIST__, ABSOLUTE (.))
 *(.dtors)
 *(SORT(.dtors.*))
                0x00811844                PROVIDE (__DTOR_END__, ABSOLUTE (.))
 *(.jcr)
                0x00811844                . = ALIGN (0x4)

.rodata         0x00811844      0x66c
                0x00811844                PROVIDE (__ram_rodata_start, ABSOLUTE (.))
                0x00811844                . = ALIGN (0x4)
 *(.rodata .rodata.* .gnu.linkonce.r.*)
 .rodata        0x00811844       0x58 obj/default/hello_world.o
 .rodata.str1.4
                0x0081189c        0x2 d:/altera/13.0sp1/nios2eds/bin/gnu/h-i686-mingw32/bin/../lib/gcc/nios2-elf/4.1.2/../../../../nios2-elf/lib\libc.a(lib_a-puts.o)
                                  0x4 (size before relaxing)
 *fill*         0x0081189e        0x2 00
 .rodata.str1.4
                0x008118a0       0x5e d:/altera/13.0sp1/nios2eds/bin/gnu/h-i686-mingw32/bin/../lib/gcc/nios2-elf/4.1.2/../../../../nios2-elf/lib\libc.a(lib_a-vfprintf.o)
                                 0x60 (size before relaxing)
 .rodata        0x008118fe       0x20 d:/altera/13.0sp1/nios2eds/bin/gnu/h-i686-mingw32/bin/../lib/gcc/nios2-elf/4.1.2/../../../../nios2-elf/lib\libc.a(lib_a-vfprintf.o)
 *fill*         0x0081191e        0x2 00
 .rodata.str1.4
                0x00811920       0x10 d:/altera/13.0sp1/nios2eds/bin/gnu/h-i686-mingw32/bin/../lib/gcc/nios2-elf/4.1.2/../../../../nios2-elf/lib\libc.a(lib_a-dtoa.o)
                                 0x14 (size before relaxing)
 .rodata.str1.4
                0x00811930        0x2 d:/altera/13.0sp1/nios2eds/bin/gnu/h-i686-mingw32/bin/../lib/gcc/nios2-elf/4.1.2/../../../../nios2-elf/lib\libc.a(lib_a-impure.o)
                                  0x4 (size before relaxing)
 *fill*         0x00811932        0x2 00
 .rodata.str1.4
                0x00811934       0x10 d:/altera/13.0sp1/nios2eds/bin/gnu/h-i686-mingw32/bin/../lib/gcc/nios2-elf/4.1.2/../../../../nios2-elf/lib\libc.a(lib_a-locale.o)
                                 0x18 (size before relaxing)
 .rodata        0x00811944       0x30 d:/altera/13.0sp1/nios2eds/bin/gnu/h-i686-mingw32/bin/../lib/gcc/nios2-elf/4.1.2/../../../../nios2-elf/lib\libc.a(lib_a-locale.o)
 .rodata        0x00811974      0x124 d:/altera/13.0sp1/nios2eds/bin/gnu/h-i686-mingw32/bin/../lib/gcc/nios2-elf/4.1.2/../../../../nios2-elf/lib\libc.a(lib_a-mprec.o)
                0x00811974                __mprec_tens
                0x00811a3c                __mprec_bigtens
                0x00811a64                __mprec_tinytens
 .rodata        0x00811a98       0x14 d:/altera/13.0sp1/nios2eds/bin/gnu/h-i686-mingw32/bin/../lib/gcc/nios2-elf/4.1.2\libgcc.a(_thenan_df.o)
                0x00811a98                __thenan_df
 .rodata        0x00811aac      0x100 d:/altera/13.0sp1/nios2eds/bin/gnu/h-i686-mingw32/bin/../lib/gcc/nios2-elf/4.1.2\libgcc.a(_clz.o)
                0x00811aac                __clz_tab
 .rodata        0x00811bac        0xc ../teste_bsp/\libhal_bsp.a(alt_dev.o)
 .rodata        0x00811bb8       0x14 ../teste_bsp/\libhal_bsp.a(alt_main.o)
 .rodata        0x00811bcc       0x60 ../teste_bsp/\libhal_bsp.a(alt_sys_init.o)
 .rodata        0x00811c2c      0x281 d:/altera/13.0sp1/nios2eds/bin/gnu/h-i686-mingw32/bin/../lib/gcc/nios2-elf/4.1.2/../../../../nios2-elf/lib\libc.a(lib_a-ctype_.o)
                0x00811c2c                _ctype_
 *(.rodata1)
                0x00811eb0                . = ALIGN (0x4)
 *fill*         0x00811ead        0x3 00
                0x00811eb0                PROVIDE (__ram_rodata_end, ABSOLUTE (.))
                0x00811844                PROVIDE (__flash_rodata_start, LOADADDR (.rodata))

.rwdata         0x00811eb0     0x1df0
                0x00811eb0                PROVIDE (__ram_rwdata_start, ABSOLUTE (.))
                0x00811eb0                . = ALIGN (0x4)
 *(.got.plt)
 *(.got)
 *(.data1)
 *(.data .data.* .gnu.linkonce.d.*)
 .data          0x00811eb0        0x0 ../teste_bsp//obj/HAL/src/crt0.o
 .data          0x00811eb0        0x0 obj/default/hello_world.o
 .data          0x00811eb0        0x0 d:/altera/13.0sp1/nios2eds/bin/gnu/h-i686-mingw32/bin/../lib/gcc/nios2-elf/4.1.2/../../../../nios2-elf/lib\libc.a(lib_a-printf.o)
 .data          0x00811eb0        0x0 d:/altera/13.0sp1/nios2eds/bin/gnu/h-i686-mingw32/bin/../lib/gcc/nios2-elf/4.1.2/../../../../nios2-elf/lib\libc.a(lib_a-puts.o)
 .data          0x00811eb0        0x0 d:/altera/13.0sp1/nios2eds/bin/gnu/h-i686-mingw32/bin/../lib/gcc/nios2-elf/4.1.2/../../../../nios2-elf/lib\libc.a(lib_a-strlen.o)
 .data          0x00811eb0        0x0 d:/altera/13.0sp1/nios2eds/bin/gnu/h-i686-mingw32/bin/../lib/gcc/nios2-elf/4.1.2/../../../../nios2-elf/lib\libc.a(lib_a-vfprintf.o)
 .data          0x00811eb0        0x0 d:/altera/13.0sp1/nios2eds/bin/gnu/h-i686-mingw32/bin/../lib/gcc/nios2-elf/4.1.2/../../../../nios2-elf/lib\libc.a(lib_a-wsetup.o)
 .data          0x00811eb0        0x0 d:/altera/13.0sp1/nios2eds/bin/gnu/h-i686-mingw32/bin/../lib/gcc/nios2-elf/4.1.2/../../../../nios2-elf/lib\libc.a(lib_a-dtoa.o)
 .data          0x00811eb0        0x0 d:/altera/13.0sp1/nios2eds/bin/gnu/h-i686-mingw32/bin/../lib/gcc/nios2-elf/4.1.2/../../../../nios2-elf/lib\libc.a(lib_a-fflush.o)
 .data          0x00811eb0        0x0 d:/altera/13.0sp1/nios2eds/bin/gnu/h-i686-mingw32/bin/../lib/gcc/nios2-elf/4.1.2/../../../../nios2-elf/lib\libc.a(lib_a-findfp.o)
 .data          0x00811eb0        0x0 d:/altera/13.0sp1/nios2eds/bin/gnu/h-i686-mingw32/bin/../lib/gcc/nios2-elf/4.1.2/../../../../nios2-elf/lib\libc.a(lib_a-freer.o)
 .data          0x00811eb0        0x0 d:/altera/13.0sp1/nios2eds/bin/gnu/h-i686-mingw32/bin/../lib/gcc/nios2-elf/4.1.2/../../../../nios2-elf/lib\libc.a(lib_a-fvwrite.o)
 .data          0x00811eb0        0x0 d:/altera/13.0sp1/nios2eds/bin/gnu/h-i686-mingw32/bin/../lib/gcc/nios2-elf/4.1.2/../../../../nios2-elf/lib\libc.a(lib_a-fwalk.o)
 .data          0x00811eb0      0x400 d:/altera/13.0sp1/nios2eds/bin/gnu/h-i686-mingw32/bin/../lib/gcc/nios2-elf/4.1.2/../../../../nios2-elf/lib\libc.a(lib_a-impure.o)
 .data          0x008122b0        0xc d:/altera/13.0sp1/nios2eds/bin/gnu/h-i686-mingw32/bin/../lib/gcc/nios2-elf/4.1.2/../../../../nios2-elf/lib\libc.a(lib_a-locale.o)
                0x008122b0                __lc_ctype
 .data          0x008122bc        0x0 d:/altera/13.0sp1/nios2eds/bin/gnu/h-i686-mingw32/bin/../lib/gcc/nios2-elf/4.1.2/../../../../nios2-elf/lib\libc.a(lib_a-makebuf.o)
 .data          0x008122bc      0x408 d:/altera/13.0sp1/nios2eds/bin/gnu/h-i686-mingw32/bin/../lib/gcc/nios2-elf/4.1.2/../../../../nios2-elf/lib\libc.a(lib_a-mallocr.o)
                0x008122bc                __malloc_av_
 .data          0x008126c4        0x0 d:/altera/13.0sp1/nios2eds/bin/gnu/h-i686-mingw32/bin/../lib/gcc/nios2-elf/4.1.2/../../../../nios2-elf/lib\libc.a(lib_a-memchr.o)
 .data          0x008126c4        0x0 d:/altera/13.0sp1/nios2eds/bin/gnu/h-i686-mingw32/bin/../lib/gcc/nios2-elf/4.1.2/../../../../nios2-elf/lib\libc.a(lib_a-memcpy.o)
 .data          0x008126c4        0x0 d:/altera/13.0sp1/nios2eds/bin/gnu/h-i686-mingw32/bin/../lib/gcc/nios2-elf/4.1.2/../../../../nios2-elf/lib\libc.a(lib_a-memmove.o)
 .data          0x008126c4        0x0 d:/altera/13.0sp1/nios2eds/bin/gnu/h-i686-mingw32/bin/../lib/gcc/nios2-elf/4.1.2/../../../../nios2-elf/lib\libc.a(lib_a-memset.o)
 .data          0x008126c4        0x0 d:/altera/13.0sp1/nios2eds/bin/gnu/h-i686-mingw32/bin/../lib/gcc/nios2-elf/4.1.2/../../../../nios2-elf/lib\libc.a(lib_a-mprec.o)
 .data          0x008126c4        0x0 d:/altera/13.0sp1/nios2eds/bin/gnu/h-i686-mingw32/bin/../lib/gcc/nios2-elf/4.1.2/../../../../nios2-elf/lib\libc.a(lib_a-reallocr.o)
 .data          0x008126c4        0x0 d:/altera/13.0sp1/nios2eds/bin/gnu/h-i686-mingw32/bin/../lib/gcc/nios2-elf/4.1.2/../../../../nios2-elf/lib\libc.a(lib_a-s_isinfd.o)
 .data          0x008126c4        0x0 d:/altera/13.0sp1/nios2eds/bin/gnu/h-i686-mingw32/bin/../lib/gcc/nios2-elf/4.1.2/../../../../nios2-elf/lib\libc.a(lib_a-s_isnand.o)
 .data          0x008126c4        0x0 d:/altera/13.0sp1/nios2eds/bin/gnu/h-i686-mingw32/bin/../lib/gcc/nios2-elf/4.1.2/../../../../nios2-elf/lib\libc.a(lib_a-sbrkr.o)
 .data          0x008126c4        0x0 d:/altera/13.0sp1/nios2eds/bin/gnu/h-i686-mingw32/bin/../lib/gcc/nios2-elf/4.1.2/../../../../nios2-elf/lib\libc.a(lib_a-stdio.o)
 .data          0x008126c4        0x0 d:/altera/13.0sp1/nios2eds/bin/gnu/h-i686-mingw32/bin/../lib/gcc/nios2-elf/4.1.2/../../../../nios2-elf/lib\libc.a(lib_a-strcmp.o)
 .data          0x008126c4        0x0 d:/altera/13.0sp1/nios2eds/bin/gnu/h-i686-mingw32/bin/../lib/gcc/nios2-elf/4.1.2/../../../../nios2-elf/lib\libc.a(lib_a-writer.o)
 .data          0x008126c4        0x0 d:/altera/13.0sp1/nios2eds/bin/gnu/h-i686-mingw32/bin/../lib/gcc/nios2-elf/4.1.2/../../../../nios2-elf/lib\libc.a(lib_a-callocr.o)
 .data          0x008126c4        0x0 d:/altera/13.0sp1/nios2eds/bin/gnu/h-i686-mingw32/bin/../lib/gcc/nios2-elf/4.1.2/../../../../nios2-elf/lib\libc.a(lib_a-closer.o)
 .data          0x008126c4        0x0 d:/altera/13.0sp1/nios2eds/bin/gnu/h-i686-mingw32/bin/../lib/gcc/nios2-elf/4.1.2/../../../../nios2-elf/lib\libc.a(lib_a-fclose.o)
 .data          0x008126c4        0x0 d:/altera/13.0sp1/nios2eds/bin/gnu/h-i686-mingw32/bin/../lib/gcc/nios2-elf/4.1.2/../../../../nios2-elf/lib\libc.a(lib_a-fstatr.o)
 .data          0x008126c4        0x0 d:/altera/13.0sp1/nios2eds/bin/gnu/h-i686-mingw32/bin/../lib/gcc/nios2-elf/4.1.2/../../../../nios2-elf/lib\libc.a(lib_a-int_errno.o)
 .data          0x008126c4        0x0 d:/altera/13.0sp1/nios2eds/bin/gnu/h-i686-mingw32/bin/../lib/gcc/nios2-elf/4.1.2/../../../../nios2-elf/lib\libc.a(lib_a-isattyr.o)
 .data          0x008126c4        0x0 d:/altera/13.0sp1/nios2eds/bin/gnu/h-i686-mingw32/bin/../lib/gcc/nios2-elf/4.1.2/../../../../nios2-elf/lib\libc.a(lib_a-lseekr.o)
 .data          0x008126c4        0x0 d:/altera/13.0sp1/nios2eds/bin/gnu/h-i686-mingw32/bin/../lib/gcc/nios2-elf/4.1.2/../../../../nios2-elf/lib\libc.a(lib_a-readr.o)
 .data          0x008126c4        0x0 d:/altera/13.0sp1/nios2eds/bin/gnu/h-i686-mingw32/bin/../lib/gcc/nios2-elf/4.1.2\libgcc.a(_udivdi3.o)
 .data          0x008126c4        0x0 d:/altera/13.0sp1/nios2eds/bin/gnu/h-i686-mingw32/bin/../lib/gcc/nios2-elf/4.1.2\libgcc.a(_umoddi3.o)
 .data          0x008126c4        0x0 d:/altera/13.0sp1/nios2eds/bin/gnu/h-i686-mingw32/bin/../lib/gcc/nios2-elf/4.1.2\libgcc.a(_addsub_df.o)
 .data          0x008126c4        0x0 d:/altera/13.0sp1/nios2eds/bin/gnu/h-i686-mingw32/bin/../lib/gcc/nios2-elf/4.1.2\libgcc.a(_mul_df.o)
 .data          0x008126c4        0x0 d:/altera/13.0sp1/nios2eds/bin/gnu/h-i686-mingw32/bin/../lib/gcc/nios2-elf/4.1.2\libgcc.a(_div_df.o)
 .data          0x008126c4        0x0 d:/altera/13.0sp1/nios2eds/bin/gnu/h-i686-mingw32/bin/../lib/gcc/nios2-elf/4.1.2\libgcc.a(_eq_df.o)
 .data          0x008126c4        0x0 d:/altera/13.0sp1/nios2eds/bin/gnu/h-i686-mingw32/bin/../lib/gcc/nios2-elf/4.1.2\libgcc.a(_ne_df.o)
 .data          0x008126c4        0x0 d:/altera/13.0sp1/nios2eds/bin/gnu/h-i686-mingw32/bin/../lib/gcc/nios2-elf/4.1.2\libgcc.a(_gt_df.o)
 .data          0x008126c4        0x0 d:/altera/13.0sp1/nios2eds/bin/gnu/h-i686-mingw32/bin/../lib/gcc/nios2-elf/4.1.2\libgcc.a(_ge_df.o)
 .data          0x008126c4        0x0 d:/altera/13.0sp1/nios2eds/bin/gnu/h-i686-mingw32/bin/../lib/gcc/nios2-elf/4.1.2\libgcc.a(_lt_df.o)
 .data          0x008126c4        0x0 d:/altera/13.0sp1/nios2eds/bin/gnu/h-i686-mingw32/bin/../lib/gcc/nios2-elf/4.1.2\libgcc.a(_si_to_df.o)
 .data          0x008126c4        0x0 d:/altera/13.0sp1/nios2eds/bin/gnu/h-i686-mingw32/bin/../lib/gcc/nios2-elf/4.1.2\libgcc.a(_df_to_si.o)
 .data          0x008126c4        0x0 d:/altera/13.0sp1/nios2eds/bin/gnu/h-i686-mingw32/bin/../lib/gcc/nios2-elf/4.1.2\libgcc.a(_thenan_df.o)
 .data          0x008126c4        0x0 d:/altera/13.0sp1/nios2eds/bin/gnu/h-i686-mingw32/bin/../lib/gcc/nios2-elf/4.1.2\libgcc.a(_usi_to_df.o)
 .data          0x008126c4        0x0 d:/altera/13.0sp1/nios2eds/bin/gnu/h-i686-mingw32/bin/../lib/gcc/nios2-elf/4.1.2\libgcc.a(lib2-divmod.o)
 .data          0x008126c4        0x0 d:/altera/13.0sp1/nios2eds/bin/gnu/h-i686-mingw32/bin/../lib/gcc/nios2-elf/4.1.2\libgcc.a(_muldi3.o)
 .data          0x008126c4        0x0 d:/altera/13.0sp1/nios2eds/bin/gnu/h-i686-mingw32/bin/../lib/gcc/nios2-elf/4.1.2\libgcc.a(_clz.o)
 .data          0x008126c4        0x0 d:/altera/13.0sp1/nios2eds/bin/gnu/h-i686-mingw32/bin/../lib/gcc/nios2-elf/4.1.2\libgcc.a(_clzsi2.o)
 .data          0x008126c4        0x0 d:/altera/13.0sp1/nios2eds/bin/gnu/h-i686-mingw32/bin/../lib/gcc/nios2-elf/4.1.2\libgcc.a(_pack_df.o)
 .data          0x008126c4        0x0 d:/altera/13.0sp1/nios2eds/bin/gnu/h-i686-mingw32/bin/../lib/gcc/nios2-elf/4.1.2\libgcc.a(_unpack_df.o)
 .data          0x008126c4        0x0 d:/altera/13.0sp1/nios2eds/bin/gnu/h-i686-mingw32/bin/../lib/gcc/nios2-elf/4.1.2\libgcc.a(_fpcmp_parts_df.o)
 .data          0x008126c4        0x0 ../teste_bsp/\libhal_bsp.a(alt_close.o)
 .data          0x008126c4      0x1a8 ../teste_bsp/\libhal_bsp.a(alt_dev.o)
                0x008126c4                alt_dev_null
                0x008126ec                alt_fd_list
 .data          0x0081286c        0x0 ../teste_bsp/\libhal_bsp.a(alt_errno.o)
 .data          0x0081286c        0x0 ../teste_bsp/\libhal_bsp.a(alt_fstat.o)
 .data          0x0081286c        0x0 ../teste_bsp/\libhal_bsp.a(alt_isatty.o)
 .data          0x0081286c        0x0 ../teste_bsp/\libhal_bsp.a(alt_lseek.o)
 .data          0x0081286c        0x0 ../teste_bsp/\libhal_bsp.a(alt_main.o)
 .data          0x0081286c        0x0 ../teste_bsp/\libhal_bsp.a(alt_malloc_lock.o)
 .data          0x0081286c        0x0 ../teste_bsp/\libhal_bsp.a(alt_read.o)
 .data          0x0081286c        0x0 ../teste_bsp/\libhal_bsp.a(alt_release_fd.o)
 .data          0x0081286c        0x0 ../teste_bsp/\libhal_bsp.a(alt_sbrk.o)
 .data          0x0081286c        0x0 ../teste_bsp/\libhal_bsp.a(alt_usleep.o)
 .data          0x0081286c        0x0 ../teste_bsp/\libhal_bsp.a(alt_write.o)
 .data          0x0081286c     0x13e4 ../teste_bsp/\libhal_bsp.a(alt_sys_init.o)
 .data          0x00813c50        0x0 ../teste_bsp/\libhal_bsp.a(altera_avalon_cfi_flash.o)
 .data          0x00813c50        0x0 ../teste_bsp/\libhal_bsp.a(altera_avalon_cfi_flash_table.o)
 .data          0x00813c50        0x0 ../teste_bsp/\libhal_bsp.a(altera_avalon_epcs_flash_controller.o)
 .data          0x00813c50        0x0 ../teste_bsp/\libhal_bsp.a(altera_avalon_jtag_uart_fd.o)
 .data          0x00813c50        0x0 ../teste_bsp/\libhal_bsp.a(altera_avalon_jtag_uart_init.o)
 .data          0x00813c50        0x0 ../teste_bsp/\libhal_bsp.a(altera_avalon_jtag_uart_ioctl.o)
 .data          0x00813c50        0x0 ../teste_bsp/\libhal_bsp.a(altera_avalon_jtag_uart_read.o)
 .data          0x00813c50        0x0 ../teste_bsp/\libhal_bsp.a(altera_avalon_jtag_uart_write.o)
 .data          0x00813c50        0x0 ../teste_bsp/\libhal_bsp.a(altera_avalon_lcd_16207.o)
 .data          0x00813c50        0x0 ../teste_bsp/\libhal_bsp.a(altera_avalon_lcd_16207_fd.o)
 .data          0x00813c50        0x0 ../teste_bsp/\libhal_bsp.a(altera_avalon_timer_sc.o)
 .data          0x00813c50        0x0 ../teste_bsp/\libhal_bsp.a(altera_avalon_uart_fd.o)
 .data          0x00813c50        0x0 ../teste_bsp/\libhal_bsp.a(altera_avalon_uart_init.o)
 .data          0x00813c50        0x0 ../teste_bsp/\libhal_bsp.a(altera_avalon_uart_read.o)
 .data          0x00813c50        0x0 ../teste_bsp/\libhal_bsp.a(altera_avalon_uart_write.o)
 .data          0x00813c50        0x0 ../teste_bsp/\libhal_bsp.a(epcs_commands.o)
 .data          0x00813c50        0x0 ../teste_bsp/\libhal_bsp.a(alt_alarm_start.o)
 .data          0x00813c50        0x0 ../teste_bsp/\libhal_bsp.a(alt_busy_sleep.o)
 .data          0x00813c50        0x0 ../teste_bsp/\libhal_bsp.a(alt_dcache_flush.o)
 .data          0x00813c50        0x0 ../teste_bsp/\libhal_bsp.a(alt_dev_llist_insert.o)
 .data          0x00813c50        0x0 ../teste_bsp/\libhal_bsp.a(alt_do_ctors.o)
 .data          0x00813c50        0x0 ../teste_bsp/\libhal_bsp.a(alt_do_dtors.o)
 .data          0x00813c50        0x0 ../teste_bsp/\libhal_bsp.a(alt_flash_dev.o)
 .data          0x00813c50        0x0 ../teste_bsp/\libhal_bsp.a(alt_iic.o)
 .data          0x00813c50        0x0 ../teste_bsp/\libhal_bsp.a(alt_iic_isr_register.o)
 .data          0x00813c50        0x0 ../teste_bsp/\libhal_bsp.a(alt_io_redirect.o)
 .data          0x00813c50        0x0 ../teste_bsp/\libhal_bsp.a(alt_irq_entry.o)
 .data          0x00813c50        0x0 ../teste_bsp/\libhal_bsp.a(alt_irq_handler.o)
 .data          0x00813c50        0x0 ../teste_bsp/\libhal_bsp.a(alt_irq_vars.o)
 .data          0x00813c50        0x0 ../teste_bsp/\libhal_bsp.a(alt_open.o)
 .data          0x00813c50        0x0 ../teste_bsp/\libhal_bsp.a(alt_tick.o)
 .data          0x00813c50        0x0 ../teste_bsp/\libhal_bsp.a(altera_nios2_qsys_irq.o)
 .data          0x00813c50        0x0 ../teste_bsp/\libhal_bsp.a(altera_avalon_cfi_flash_amd.o)
 .data          0x00813c50        0x0 ../teste_bsp/\libhal_bsp.a(altera_avalon_cfi_flash_intel.o)
 .data          0x00813c50        0x0 ../teste_bsp/\libhal_bsp.a(altera_avalon_spi.o)
 .data          0x00813c50        0x0 ../teste_bsp/\libhal_bsp.a(alt_exception_entry.o)
 .data          0x00813c50        0x0 ../teste_bsp/\libhal_bsp.a(alt_find_dev.o)
 .data          0x00813c50        0x0 ../teste_bsp/\libhal_bsp.a(alt_find_file.o)
 .data          0x00813c50        0x0 ../teste_bsp/\libhal_bsp.a(alt_get_fd.o)
 .data          0x00813c50        0x0 d:/altera/13.0sp1/nios2eds/bin/gnu/h-i686-mingw32/bin/../lib/gcc/nios2-elf/4.1.2/../../../../nios2-elf/lib\libc.a(lib_a-atexit.o)
 .data          0x00813c50        0x0 d:/altera/13.0sp1/nios2eds/bin/gnu/h-i686-mingw32/bin/../lib/gcc/nios2-elf/4.1.2/../../../../nios2-elf/lib\libc.a(lib_a-ctype_.o)
 .data          0x00813c50        0x0 d:/altera/13.0sp1/nios2eds/bin/gnu/h-i686-mingw32/bin/../lib/gcc/nios2-elf/4.1.2/../../../../nios2-elf/lib\libc.a(lib_a-exit.o)
 .data          0x00813c50        0x0 d:/altera/13.0sp1/nios2eds/bin/gnu/h-i686-mingw32/bin/../lib/gcc/nios2-elf/4.1.2/../../../../nios2-elf/lib\libc.a(lib_a-memcmp.o)
 .data          0x00813c50        0x0 d:/altera/13.0sp1/nios2eds/bin/gnu/h-i686-mingw32/bin/../lib/gcc/nios2-elf/4.1.2/../../../../nios2-elf/lib\libc.a(lib_a-__atexit.o)
 .data          0x00813c50        0x0 d:/altera/13.0sp1/nios2eds/bin/gnu/h-i686-mingw32/bin/../lib/gcc/nios2-elf/4.1.2/../../../../nios2-elf/lib\libc.a(lib_a-__call_atexit.o)
 .data          0x00813c50        0x0 ../teste_bsp/\libhal_bsp.a(alt_exit.o)
                0x0081bc50                _gp = ABSOLUTE ((. + 0x8000))
                0x0081bc50                PROVIDE (gp, _gp)
 *(.rwdata .rwdata.*)
 *(.sdata .sdata.* .gnu.linkonce.s.*)
 .sdata         0x00813c50        0x8 d:/altera/13.0sp1/nios2eds/bin/gnu/h-i686-mingw32/bin/../lib/gcc/nios2-elf/4.1.2/../../../../nios2-elf/lib\libc.a(lib_a-impure.o)
                0x00813c50                _impure_ptr
                0x00813c54                _global_impure_ptr
 .sdata         0x00813c58        0x8 d:/altera/13.0sp1/nios2eds/bin/gnu/h-i686-mingw32/bin/../lib/gcc/nios2-elf/4.1.2/../../../../nios2-elf/lib\libc.a(lib_a-locale.o)
                0x00813c58                __mb_cur_max
 .sdata         0x00813c60        0x8 d:/altera/13.0sp1/nios2eds/bin/gnu/h-i686-mingw32/bin/../lib/gcc/nios2-elf/4.1.2/../../../../nios2-elf/lib\libc.a(lib_a-mallocr.o)
                0x00813c60                __malloc_trim_threshold
                0x00813c64                __malloc_sbrk_base
 .sdata         0x00813c68       0x14 ../teste_bsp/\libhal_bsp.a(alt_dev.o)
                0x00813c68                alt_fs_list
                0x00813c70                alt_dev_list
                0x00813c78                alt_max_fd
 .sdata         0x00813c7c        0x4 ../teste_bsp/\libhal_bsp.a(alt_errno.o)
                0x00813c7c                alt_errno
 .sdata         0x00813c80        0x4 ../teste_bsp/\libhal_bsp.a(alt_sbrk.o)
 .sdata         0x00813c84        0x4 ../teste_bsp/\libhal_bsp.a(altera_avalon_lcd_16207.o)
 .sdata         0x00813c88        0x8 ../teste_bsp/\libhal_bsp.a(alt_flash_dev.o)
                0x00813c88                alt_flash_dev_list
 .sdata         0x00813c90        0x4 ../teste_bsp/\libhal_bsp.a(alt_irq_vars.o)
                0x00813c90                alt_priority_mask
 .sdata         0x00813c94        0x8 ../teste_bsp/\libhal_bsp.a(alt_tick.o)
                0x00813c94                alt_alarm_list
 .sdata         0x00813c9c        0x4 d:/altera/13.0sp1/nios2eds/bin/gnu/h-i686-mingw32/bin/../lib/gcc/nios2-elf/4.1.2/../../../../nios2-elf/lib\libc.a(lib_a-ctype_.o)
                0x00813c9c                __ctype_ptr
 *(.sdata2 .sdata2.* .gnu.linkonce.s2.*)
                0x00813ca0                . = ALIGN (0x4)
                0x00813ca0                _edata = ABSOLUTE (.)
                0x00813ca0                PROVIDE (edata, ABSOLUTE (.))
                0x00813ca0                PROVIDE (__ram_rwdata_end, ABSOLUTE (.))
                0x00811eb0                PROVIDE (__flash_rwdata_start, LOADADDR (.rwdata))

.bss            0x00813ca0      0x2ec
                0x00813ca0                __bss_start = ABSOLUTE (.)
                0x00813ca0                PROVIDE (__sbss_start, ABSOLUTE (.))
                0x00813ca0                PROVIDE (___sbss_start, ABSOLUTE (.))
 *(.dynsbss)
 *(.sbss .sbss.* .gnu.linkonce.sb.*)
 .sbss          0x00813ca0        0xc d:/altera/13.0sp1/nios2eds/bin/gnu/h-i686-mingw32/bin/../lib/gcc/nios2-elf/4.1.2/../../../../nios2-elf/lib\libc.a(lib_a-locale.o)
                0x00813ca0                __nlocale_changed
                0x00813ca4                __mlocale_changed
                0x00813ca8                _PathLocale
 .sbss          0x00813cac        0xc d:/altera/13.0sp1/nios2eds/bin/gnu/h-i686-mingw32/bin/../lib/gcc/nios2-elf/4.1.2/../../../../nios2-elf/lib\libc.a(lib_a-mallocr.o)
                0x00813cac                __malloc_top_pad
                0x00813cb0                __malloc_max_sbrked_mem
                0x00813cb4                __malloc_max_total_mem
 .sbss          0x00813cb8        0x4 d:/altera/13.0sp1/nios2eds/bin/gnu/h-i686-mingw32/bin/../lib/gcc/nios2-elf/4.1.2/../../../../nios2-elf/lib\libc.a(lib_a-int_errno.o)
                0x00813cb8                errno
 .sbss          0x00813cbc        0xc ../teste_bsp/\libhal_bsp.a(alt_main.o)
                0x00813cbc                alt_argc
                0x00813cc0                alt_argv
                0x00813cc4                alt_envp
 .sbss          0x00813cc8        0x4 ../teste_bsp/\libhal_bsp.a(alt_irq_vars.o)
                0x00813cc8                alt_irq_active
 .sbss          0x00813ccc        0x8 ../teste_bsp/\libhal_bsp.a(alt_tick.o)
                0x00813ccc                _alt_tick_rate
                0x00813cd0                _alt_nticks
 *(.sbss2 .sbss2.* .gnu.linkonce.sb2.*)
 *(.scommon)
                0x00813cd4                PROVIDE (__sbss_end, ABSOLUTE (.))
                0x00813cd4                PROVIDE (___sbss_end, ABSOLUTE (.))
 *(.dynbss)
 *(.bss .bss.* .gnu.linkonce.b.*)
 .bss           0x00813cd4        0x0 ../teste_bsp//obj/HAL/src/crt0.o
 .bss           0x00813cd4        0x0 obj/default/hello_world.o
 .bss           0x00813cd4        0x0 d:/altera/13.0sp1/nios2eds/bin/gnu/h-i686-mingw32/bin/../lib/gcc/nios2-elf/4.1.2/../../../../nios2-elf/lib\libc.a(lib_a-printf.o)
 .bss           0x00813cd4        0x0 d:/altera/13.0sp1/nios2eds/bin/gnu/h-i686-mingw32/bin/../lib/gcc/nios2-elf/4.1.2/../../../../nios2-elf/lib\libc.a(lib_a-puts.o)
 .bss           0x00813cd4        0x0 d:/altera/13.0sp1/nios2eds/bin/gnu/h-i686-mingw32/bin/../lib/gcc/nios2-elf/4.1.2/../../../../nios2-elf/lib\libc.a(lib_a-strlen.o)
 .bss           0x00813cd4        0x0 d:/altera/13.0sp1/nios2eds/bin/gnu/h-i686-mingw32/bin/../lib/gcc/nios2-elf/4.1.2/../../../../nios2-elf/lib\libc.a(lib_a-vfprintf.o)
 .bss           0x00813cd4        0x0 d:/altera/13.0sp1/nios2eds/bin/gnu/h-i686-mingw32/bin/../lib/gcc/nios2-elf/4.1.2/../../../../nios2-elf/lib\libc.a(lib_a-wsetup.o)
 .bss           0x00813cd4        0x0 d:/altera/13.0sp1/nios2eds/bin/gnu/h-i686-mingw32/bin/../lib/gcc/nios2-elf/4.1.2/../../../../nios2-elf/lib\libc.a(lib_a-dtoa.o)
 .bss           0x00813cd4        0x0 d:/altera/13.0sp1/nios2eds/bin/gnu/h-i686-mingw32/bin/../lib/gcc/nios2-elf/4.1.2/../../../../nios2-elf/lib\libc.a(lib_a-fflush.o)
 .bss           0x00813cd4        0x0 d:/altera/13.0sp1/nios2eds/bin/gnu/h-i686-mingw32/bin/../lib/gcc/nios2-elf/4.1.2/../../../../nios2-elf/lib\libc.a(lib_a-findfp.o)
 .bss           0x00813cd4        0x0 d:/altera/13.0sp1/nios2eds/bin/gnu/h-i686-mingw32/bin/../lib/gcc/nios2-elf/4.1.2/../../../../nios2-elf/lib\libc.a(lib_a-freer.o)
 .bss           0x00813cd4        0x0 d:/altera/13.0sp1/nios2eds/bin/gnu/h-i686-mingw32/bin/../lib/gcc/nios2-elf/4.1.2/../../../../nios2-elf/lib\libc.a(lib_a-fvwrite.o)
 .bss           0x00813cd4        0x0 d:/altera/13.0sp1/nios2eds/bin/gnu/h-i686-mingw32/bin/../lib/gcc/nios2-elf/4.1.2/../../../../nios2-elf/lib\libc.a(lib_a-fwalk.o)
 .bss           0x00813cd4        0x0 d:/altera/13.0sp1/nios2eds/bin/gnu/h-i686-mingw32/bin/../lib/gcc/nios2-elf/4.1.2/../../../../nios2-elf/lib\libc.a(lib_a-impure.o)
 .bss           0x00813cd4        0x0 d:/altera/13.0sp1/nios2eds/bin/gnu/h-i686-mingw32/bin/../lib/gcc/nios2-elf/4.1.2/../../../../nios2-elf/lib\libc.a(lib_a-locale.o)
 .bss           0x00813cd4        0x0 d:/altera/13.0sp1/nios2eds/bin/gnu/h-i686-mingw32/bin/../lib/gcc/nios2-elf/4.1.2/../../../../nios2-elf/lib\libc.a(lib_a-makebuf.o)
 .bss           0x00813cd4       0x28 d:/altera/13.0sp1/nios2eds/bin/gnu/h-i686-mingw32/bin/../lib/gcc/nios2-elf/4.1.2/../../../../nios2-elf/lib\libc.a(lib_a-mallocr.o)
                0x00813cd4                __malloc_current_mallinfo
 .bss           0x00813cfc        0x0 d:/altera/13.0sp1/nios2eds/bin/gnu/h-i686-mingw32/bin/../lib/gcc/nios2-elf/4.1.2/../../../../nios2-elf/lib\libc.a(lib_a-memchr.o)
 .bss           0x00813cfc        0x0 d:/altera/13.0sp1/nios2eds/bin/gnu/h-i686-mingw32/bin/../lib/gcc/nios2-elf/4.1.2/../../../../nios2-elf/lib\libc.a(lib_a-memcpy.o)
 .bss           0x00813cfc        0x0 d:/altera/13.0sp1/nios2eds/bin/gnu/h-i686-mingw32/bin/../lib/gcc/nios2-elf/4.1.2/../../../../nios2-elf/lib\libc.a(lib_a-memmove.o)
 .bss           0x00813cfc        0x0 d:/altera/13.0sp1/nios2eds/bin/gnu/h-i686-mingw32/bin/../lib/gcc/nios2-elf/4.1.2/../../../../nios2-elf/lib\libc.a(lib_a-memset.o)
 .bss           0x00813cfc        0x0 d:/altera/13.0sp1/nios2eds/bin/gnu/h-i686-mingw32/bin/../lib/gcc/nios2-elf/4.1.2/../../../../nios2-elf/lib\libc.a(lib_a-mprec.o)
 .bss           0x00813cfc        0x0 d:/altera/13.0sp1/nios2eds/bin/gnu/h-i686-mingw32/bin/../lib/gcc/nios2-elf/4.1.2/../../../../nios2-elf/lib\libc.a(lib_a-reallocr.o)
 .bss           0x00813cfc        0x0 d:/altera/13.0sp1/nios2eds/bin/gnu/h-i686-mingw32/bin/../lib/gcc/nios2-elf/4.1.2/../../../../nios2-elf/lib\libc.a(lib_a-s_isinfd.o)
 .bss           0x00813cfc        0x0 d:/altera/13.0sp1/nios2eds/bin/gnu/h-i686-mingw32/bin/../lib/gcc/nios2-elf/4.1.2/../../../../nios2-elf/lib\libc.a(lib_a-s_isnand.o)
 .bss           0x00813cfc        0x0 d:/altera/13.0sp1/nios2eds/bin/gnu/h-i686-mingw32/bin/../lib/gcc/nios2-elf/4.1.2/../../../../nios2-elf/lib\libc.a(lib_a-sbrkr.o)
 .bss           0x00813cfc        0x0 d:/altera/13.0sp1/nios2eds/bin/gnu/h-i686-mingw32/bin/../lib/gcc/nios2-elf/4.1.2/../../../../nios2-elf/lib\libc.a(lib_a-stdio.o)
 .bss           0x00813cfc        0x0 d:/altera/13.0sp1/nios2eds/bin/gnu/h-i686-mingw32/bin/../lib/gcc/nios2-elf/4.1.2/../../../../nios2-elf/lib\libc.a(lib_a-strcmp.o)
 .bss           0x00813cfc        0x0 d:/altera/13.0sp1/nios2eds/bin/gnu/h-i686-mingw32/bin/../lib/gcc/nios2-elf/4.1.2/../../../../nios2-elf/lib\libc.a(lib_a-writer.o)
 .bss           0x00813cfc        0x0 d:/altera/13.0sp1/nios2eds/bin/gnu/h-i686-mingw32/bin/../lib/gcc/nios2-elf/4.1.2/../../../../nios2-elf/lib\libc.a(lib_a-callocr.o)
 .bss           0x00813cfc        0x0 d:/altera/13.0sp1/nios2eds/bin/gnu/h-i686-mingw32/bin/../lib/gcc/nios2-elf/4.1.2/../../../../nios2-elf/lib\libc.a(lib_a-closer.o)
 .bss           0x00813cfc        0x0 d:/altera/13.0sp1/nios2eds/bin/gnu/h-i686-mingw32/bin/../lib/gcc/nios2-elf/4.1.2/../../../../nios2-elf/lib\libc.a(lib_a-fclose.o)
 .bss           0x00813cfc        0x0 d:/altera/13.0sp1/nios2eds/bin/gnu/h-i686-mingw32/bin/../lib/gcc/nios2-elf/4.1.2/../../../../nios2-elf/lib\libc.a(lib_a-fstatr.o)
 .bss           0x00813cfc        0x0 d:/altera/13.0sp1/nios2eds/bin/gnu/h-i686-mingw32/bin/../lib/gcc/nios2-elf/4.1.2/../../../../nios2-elf/lib\libc.a(lib_a-int_errno.o)
 .bss           0x00813cfc        0x0 d:/altera/13.0sp1/nios2eds/bin/gnu/h-i686-mingw32/bin/../lib/gcc/nios2-elf/4.1.2/../../../../nios2-elf/lib\libc.a(lib_a-isattyr.o)
 .bss           0x00813cfc        0x0 d:/altera/13.0sp1/nios2eds/bin/gnu/h-i686-mingw32/bin/../lib/gcc/nios2-elf/4.1.2/../../../../nios2-elf/lib\libc.a(lib_a-lseekr.o)
 .bss           0x00813cfc        0x0 d:/altera/13.0sp1/nios2eds/bin/gnu/h-i686-mingw32/bin/../lib/gcc/nios2-elf/4.1.2/../../../../nios2-elf/lib\libc.a(lib_a-readr.o)
 .bss           0x00813cfc        0x0 d:/altera/13.0sp1/nios2eds/bin/gnu/h-i686-mingw32/bin/../lib/gcc/nios2-elf/4.1.2\libgcc.a(_udivdi3.o)
 .bss           0x00813cfc        0x0 d:/altera/13.0sp1/nios2eds/bin/gnu/h-i686-mingw32/bin/../lib/gcc/nios2-elf/4.1.2\libgcc.a(_umoddi3.o)
 .bss           0x00813cfc        0x0 d:/altera/13.0sp1/nios2eds/bin/gnu/h-i686-mingw32/bin/../lib/gcc/nios2-elf/4.1.2\libgcc.a(_addsub_df.o)
 .bss           0x00813cfc        0x0 d:/altera/13.0sp1/nios2eds/bin/gnu/h-i686-mingw32/bin/../lib/gcc/nios2-elf/4.1.2\libgcc.a(_mul_df.o)
 .bss           0x00813cfc        0x0 d:/altera/13.0sp1/nios2eds/bin/gnu/h-i686-mingw32/bin/../lib/gcc/nios2-elf/4.1.2\libgcc.a(_div_df.o)
 .bss           0x00813cfc        0x0 d:/altera/13.0sp1/nios2eds/bin/gnu/h-i686-mingw32/bin/../lib/gcc/nios2-elf/4.1.2\libgcc.a(_eq_df.o)
 .bss           0x00813cfc        0x0 d:/altera/13.0sp1/nios2eds/bin/gnu/h-i686-mingw32/bin/../lib/gcc/nios2-elf/4.1.2\libgcc.a(_ne_df.o)
 .bss           0x00813cfc        0x0 d:/altera/13.0sp1/nios2eds/bin/gnu/h-i686-mingw32/bin/../lib/gcc/nios2-elf/4.1.2\libgcc.a(_gt_df.o)
 .bss           0x00813cfc        0x0 d:/altera/13.0sp1/nios2eds/bin/gnu/h-i686-mingw32/bin/../lib/gcc/nios2-elf/4.1.2\libgcc.a(_ge_df.o)
 .bss           0x00813cfc        0x0 d:/altera/13.0sp1/nios2eds/bin/gnu/h-i686-mingw32/bin/../lib/gcc/nios2-elf/4.1.2\libgcc.a(_lt_df.o)
 .bss           0x00813cfc        0x0 d:/altera/13.0sp1/nios2eds/bin/gnu/h-i686-mingw32/bin/../lib/gcc/nios2-elf/4.1.2\libgcc.a(_si_to_df.o)
 .bss           0x00813cfc        0x0 d:/altera/13.0sp1/nios2eds/bin/gnu/h-i686-mingw32/bin/../lib/gcc/nios2-elf/4.1.2\libgcc.a(_df_to_si.o)
 .bss           0x00813cfc        0x0 d:/altera/13.0sp1/nios2eds/bin/gnu/h-i686-mingw32/bin/../lib/gcc/nios2-elf/4.1.2\libgcc.a(_thenan_df.o)
 .bss           0x00813cfc        0x0 d:/altera/13.0sp1/nios2eds/bin/gnu/h-i686-mingw32/bin/../lib/gcc/nios2-elf/4.1.2\libgcc.a(_usi_to_df.o)
 .bss           0x00813cfc        0x0 d:/altera/13.0sp1/nios2eds/bin/gnu/h-i686-mingw32/bin/../lib/gcc/nios2-elf/4.1.2\libgcc.a(lib2-divmod.o)
 .bss           0x00813cfc        0x0 d:/altera/13.0sp1/nios2eds/bin/gnu/h-i686-mingw32/bin/../lib/gcc/nios2-elf/4.1.2\libgcc.a(_muldi3.o)
 .bss           0x00813cfc        0x0 d:/altera/13.0sp1/nios2eds/bin/gnu/h-i686-mingw32/bin/../lib/gcc/nios2-elf/4.1.2\libgcc.a(_clz.o)
 .bss           0x00813cfc        0x0 d:/altera/13.0sp1/nios2eds/bin/gnu/h-i686-mingw32/bin/../lib/gcc/nios2-elf/4.1.2\libgcc.a(_clzsi2.o)
 .bss           0x00813cfc        0x0 d:/altera/13.0sp1/nios2eds/bin/gnu/h-i686-mingw32/bin/../lib/gcc/nios2-elf/4.1.2\libgcc.a(_pack_df.o)
 .bss           0x00813cfc        0x0 d:/altera/13.0sp1/nios2eds/bin/gnu/h-i686-mingw32/bin/../lib/gcc/nios2-elf/4.1.2\libgcc.a(_unpack_df.o)
 .bss           0x00813cfc        0x0 d:/altera/13.0sp1/nios2eds/bin/gnu/h-i686-mingw32/bin/../lib/gcc/nios2-elf/4.1.2\libgcc.a(_fpcmp_parts_df.o)
 .bss           0x00813cfc        0x0 ../teste_bsp/\libhal_bsp.a(alt_close.o)
 .bss           0x00813cfc        0x0 ../teste_bsp/\libhal_bsp.a(alt_dev.o)
 .bss           0x00813cfc        0x0 ../teste_bsp/\libhal_bsp.a(alt_errno.o)
 .bss           0x00813cfc        0x0 ../teste_bsp/\libhal_bsp.a(alt_fstat.o)
 .bss           0x00813cfc        0x0 ../teste_bsp/\libhal_bsp.a(alt_isatty.o)
 .bss           0x00813cfc        0x0 ../teste_bsp/\libhal_bsp.a(alt_lseek.o)
 .bss           0x00813cfc        0x0 ../teste_bsp/\libhal_bsp.a(alt_main.o)
 .bss           0x00813cfc        0x0 ../teste_bsp/\libhal_bsp.a(alt_malloc_lock.o)
 .bss           0x00813cfc        0x0 ../teste_bsp/\libhal_bsp.a(alt_read.o)
 .bss           0x00813cfc        0x0 ../teste_bsp/\libhal_bsp.a(alt_release_fd.o)
 .bss           0x00813cfc        0x0 ../teste_bsp/\libhal_bsp.a(alt_sbrk.o)
 .bss           0x00813cfc        0x0 ../teste_bsp/\libhal_bsp.a(alt_usleep.o)
 .bss           0x00813cfc        0x0 ../teste_bsp/\libhal_bsp.a(alt_write.o)
 .bss           0x00813cfc        0x0 ../teste_bsp/\libhal_bsp.a(alt_sys_init.o)
 .bss           0x00813cfc        0x0 ../teste_bsp/\libhal_bsp.a(altera_avalon_cfi_flash.o)
 .bss           0x00813cfc        0x0 ../teste_bsp/\libhal_bsp.a(altera_avalon_cfi_flash_table.o)
 .bss           0x00813cfc        0x0 ../teste_bsp/\libhal_bsp.a(altera_avalon_epcs_flash_controller.o)
 .bss           0x00813cfc        0x0 ../teste_bsp/\libhal_bsp.a(altera_avalon_jtag_uart_fd.o)
 .bss           0x00813cfc        0x0 ../teste_bsp/\libhal_bsp.a(altera_avalon_jtag_uart_init.o)
 .bss           0x00813cfc        0x0 ../teste_bsp/\libhal_bsp.a(altera_avalon_jtag_uart_ioctl.o)
 .bss           0x00813cfc        0x0 ../teste_bsp/\libhal_bsp.a(altera_avalon_jtag_uart_read.o)
 .bss           0x00813cfc        0x0 ../teste_bsp/\libhal_bsp.a(altera_avalon_jtag_uart_write.o)
 .bss           0x00813cfc        0x0 ../teste_bsp/\libhal_bsp.a(altera_avalon_lcd_16207.o)
 .bss           0x00813cfc        0x0 ../teste_bsp/\libhal_bsp.a(altera_avalon_lcd_16207_fd.o)
 .bss           0x00813cfc        0x0 ../teste_bsp/\libhal_bsp.a(altera_avalon_timer_sc.o)
 .bss           0x00813cfc        0x0 ../teste_bsp/\libhal_bsp.a(altera_avalon_uart_fd.o)
 .bss           0x00813cfc        0x0 ../teste_bsp/\libhal_bsp.a(altera_avalon_uart_init.o)
 .bss           0x00813cfc        0x0 ../teste_bsp/\libhal_bsp.a(altera_avalon_uart_read.o)
 .bss           0x00813cfc        0x0 ../teste_bsp/\libhal_bsp.a(altera_avalon_uart_write.o)
 .bss           0x00813cfc        0x0 ../teste_bsp/\libhal_bsp.a(epcs_commands.o)
 .bss           0x00813cfc        0x0 ../teste_bsp/\libhal_bsp.a(alt_alarm_start.o)
 .bss           0x00813cfc        0x0 ../teste_bsp/\libhal_bsp.a(alt_busy_sleep.o)
 .bss           0x00813cfc        0x0 ../teste_bsp/\libhal_bsp.a(alt_dcache_flush.o)
 .bss           0x00813cfc        0x0 ../teste_bsp/\libhal_bsp.a(alt_dev_llist_insert.o)
 .bss           0x00813cfc        0x0 ../teste_bsp/\libhal_bsp.a(alt_do_ctors.o)
 .bss           0x00813cfc        0x0 ../teste_bsp/\libhal_bsp.a(alt_do_dtors.o)
 .bss           0x00813cfc        0x0 ../teste_bsp/\libhal_bsp.a(alt_flash_dev.o)
 .bss           0x00813cfc        0x0 ../teste_bsp/\libhal_bsp.a(alt_iic.o)
 .bss           0x00813cfc        0x0 ../teste_bsp/\libhal_bsp.a(alt_iic_isr_register.o)
 .bss           0x00813cfc        0x0 ../teste_bsp/\libhal_bsp.a(alt_io_redirect.o)
 .bss           0x00813cfc        0x0 ../teste_bsp/\libhal_bsp.a(alt_irq_entry.o)
 .bss           0x00813cfc        0x0 ../teste_bsp/\libhal_bsp.a(alt_irq_handler.o)
 .bss           0x00813cfc        0x0 ../teste_bsp/\libhal_bsp.a(alt_irq_vars.o)
 .bss           0x00813cfc        0x0 ../teste_bsp/\libhal_bsp.a(alt_open.o)
 .bss           0x00813cfc        0x0 ../teste_bsp/\libhal_bsp.a(alt_tick.o)
 .bss           0x00813cfc        0x0 ../teste_bsp/\libhal_bsp.a(altera_nios2_qsys_irq.o)
 .bss           0x00813cfc        0x0 ../teste_bsp/\libhal_bsp.a(altera_avalon_cfi_flash_amd.o)
 .bss           0x00813cfc        0x0 ../teste_bsp/\libhal_bsp.a(altera_avalon_cfi_flash_intel.o)
 .bss           0x00813cfc        0x0 ../teste_bsp/\libhal_bsp.a(altera_avalon_spi.o)
 .bss           0x00813cfc        0x0 ../teste_bsp/\libhal_bsp.a(alt_exception_entry.o)
 .bss           0x00813cfc        0x0 ../teste_bsp/\libhal_bsp.a(alt_find_dev.o)
 .bss           0x00813cfc        0x0 ../teste_bsp/\libhal_bsp.a(alt_find_file.o)
 .bss           0x00813cfc        0x0 ../teste_bsp/\libhal_bsp.a(alt_get_fd.o)
 .bss           0x00813cfc        0x0 d:/altera/13.0sp1/nios2eds/bin/gnu/h-i686-mingw32/bin/../lib/gcc/nios2-elf/4.1.2/../../../../nios2-elf/lib\libc.a(lib_a-atexit.o)
 .bss           0x00813cfc        0x0 d:/altera/13.0sp1/nios2eds/bin/gnu/h-i686-mingw32/bin/../lib/gcc/nios2-elf/4.1.2/../../../../nios2-elf/lib\libc.a(lib_a-ctype_.o)
 .bss           0x00813cfc        0x0 d:/altera/13.0sp1/nios2eds/bin/gnu/h-i686-mingw32/bin/../lib/gcc/nios2-elf/4.1.2/../../../../nios2-elf/lib\libc.a(lib_a-exit.o)
 .bss           0x00813cfc        0x0 d:/altera/13.0sp1/nios2eds/bin/gnu/h-i686-mingw32/bin/../lib/gcc/nios2-elf/4.1.2/../../../../nios2-elf/lib\libc.a(lib_a-memcmp.o)
 .bss           0x00813cfc        0x0 d:/altera/13.0sp1/nios2eds/bin/gnu/h-i686-mingw32/bin/../lib/gcc/nios2-elf/4.1.2/../../../../nios2-elf/lib\libc.a(lib_a-__atexit.o)
 .bss           0x00813cfc        0x0 d:/altera/13.0sp1/nios2eds/bin/gnu/h-i686-mingw32/bin/../lib/gcc/nios2-elf/4.1.2/../../../../nios2-elf/lib\libc.a(lib_a-__call_atexit.o)
 .bss           0x00813cfc        0x0 ../teste_bsp/\libhal_bsp.a(alt_exit.o)
 *(COMMON)
 COMMON         0x00813cfc      0x100 ../teste_bsp/\libhal_bsp.a(alt_irq_handler.o)
                0x00813cfc                alt_irq
 COMMON         0x00813dfc      0x190 d:/altera/13.0sp1/nios2eds/bin/gnu/h-i686-mingw32/bin/../lib/gcc/nios2-elf/4.1.2/../../../../nios2-elf/lib\libc.a(lib_a-atexit.o)
                0x00813dfc                _atexit0
                0x00813f8c                . = ALIGN (0x4)
                0x00813f8c                __bss_end = ABSOLUTE (.)

.sdram_0        0x00813f8c        0x0
                0x00813f8c                PROVIDE (_alt_partition_sdram_0_start, ABSOLUTE (.))
 *(.sdram_0. sdram_0.*)
                0x00813f8c                . = ALIGN (0x4)
                0x00813f8c                PROVIDE (_alt_partition_sdram_0_end, ABSOLUTE (.))
                0x00813f8c                _end = ABSOLUTE (.)
                0x00813f8c                end = ABSOLUTE (.)
                0x00813f8c                __alt_stack_base = ABSOLUTE (.)
                0x00813f8c                PROVIDE (_alt_partition_sdram_0_load_addr, LOADADDR (.sdram_0))

.cfi_flash_0    0x01400020        0x0
                0x01400020                PROVIDE (_alt_partition_cfi_flash_0_start, ABSOLUTE (.))
 *(.cfi_flash_0. cfi_flash_0.*)
                0x01400020                . = ALIGN (0x4)
                0x01400020                PROVIDE (_alt_partition_cfi_flash_0_end, ABSOLUTE (.))
                0x01400020                PROVIDE (_alt_partition_cfi_flash_0_load_addr, LOADADDR (.cfi_flash_0))

.sram_0         0x01a00000        0x0
                0x01a00000                PROVIDE (_alt_partition_sram_0_start, ABSOLUTE (.))
 *(.sram_0. sram_0.*)
                0x01a00000                . = ALIGN (0x4)
                0x01a00000                PROVIDE (_alt_partition_sram_0_end, ABSOLUTE (.))
                0x01a00000                PROVIDE (_alt_partition_sram_0_load_addr, LOADADDR (.sram_0))

.epcs_controller
                0x01a81800        0x0
                0x01a81800                PROVIDE (_alt_partition_epcs_controller_start, ABSOLUTE (.))
 *(.epcs_controller. epcs_controller.*)
                0x01a81800                . = ALIGN (0x4)
                0x01a81800                PROVIDE (_alt_partition_epcs_controller_end, ABSOLUTE (.))
                0x01a81800                PROVIDE (_alt_partition_epcs_controller_load_addr, LOADADDR (.epcs_controller))

.stab
 *(.stab)

.stabstr
 *(.stabstr)

.stab.excl
 *(.stab.excl)

.stab.exclstr
 *(.stab.exclstr)

.stab.index
 *(.stab.index)

.stab.indexstr
 *(.stab.indexstr)

.comment        0x00000000       0x26
 *(.comment)
 .comment       0x00000000       0x26 obj/default/hello_world.o
                                 0x27 (size before relaxing)
 .comment       0x00000000       0x27 d:/altera/13.0sp1/nios2eds/bin/gnu/h-i686-mingw32/bin/../lib/gcc/nios2-elf/4.1.2/../../../../nios2-elf/lib\libc.a(lib_a-printf.o)
 .comment       0x00000000       0x27 d:/altera/13.0sp1/nios2eds/bin/gnu/h-i686-mingw32/bin/../lib/gcc/nios2-elf/4.1.2/../../../../nios2-elf/lib\libc.a(lib_a-puts.o)
 .comment       0x00000000       0x27 d:/altera/13.0sp1/nios2eds/bin/gnu/h-i686-mingw32/bin/../lib/gcc/nios2-elf/4.1.2/../../../../nios2-elf/lib\libc.a(lib_a-strlen.o)
 .comment       0x00000000       0x27 d:/altera/13.0sp1/nios2eds/bin/gnu/h-i686-mingw32/bin/../lib/gcc/nios2-elf/4.1.2/../../../../nios2-elf/lib\libc.a(lib_a-vfprintf.o)
 .comment       0x00000000       0x27 d:/altera/13.0sp1/nios2eds/bin/gnu/h-i686-mingw32/bin/../lib/gcc/nios2-elf/4.1.2/../../../../nios2-elf/lib\libc.a(lib_a-wsetup.o)
 .comment       0x00000000       0x27 d:/altera/13.0sp1/nios2eds/bin/gnu/h-i686-mingw32/bin/../lib/gcc/nios2-elf/4.1.2/../../../../nios2-elf/lib\libc.a(lib_a-dtoa.o)
 .comment       0x00000000       0x27 d:/altera/13.0sp1/nios2eds/bin/gnu/h-i686-mingw32/bin/../lib/gcc/nios2-elf/4.1.2/../../../../nios2-elf/lib\libc.a(lib_a-fflush.o)
 .comment       0x00000000       0x27 d:/altera/13.0sp1/nios2eds/bin/gnu/h-i686-mingw32/bin/../lib/gcc/nios2-elf/4.1.2/../../../../nios2-elf/lib\libc.a(lib_a-findfp.o)
 .comment       0x00000000       0x27 d:/altera/13.0sp1/nios2eds/bin/gnu/h-i686-mingw32/bin/../lib/gcc/nios2-elf/4.1.2/../../../../nios2-elf/lib\libc.a(lib_a-freer.o)
 .comment       0x00000000       0x27 d:/altera/13.0sp1/nios2eds/bin/gnu/h-i686-mingw32/bin/../lib/gcc/nios2-elf/4.1.2/../../../../nios2-elf/lib\libc.a(lib_a-fvwrite.o)
 .comment       0x00000000       0x27 d:/altera/13.0sp1/nios2eds/bin/gnu/h-i686-mingw32/bin/../lib/gcc/nios2-elf/4.1.2/../../../../nios2-elf/lib\libc.a(lib_a-fwalk.o)
 .comment       0x00000000       0x27 d:/altera/13.0sp1/nios2eds/bin/gnu/h-i686-mingw32/bin/../lib/gcc/nios2-elf/4.1.2/../../../../nios2-elf/lib\libc.a(lib_a-impure.o)
 .comment       0x00000000       0x27 d:/altera/13.0sp1/nios2eds/bin/gnu/h-i686-mingw32/bin/../lib/gcc/nios2-elf/4.1.2/../../../../nios2-elf/lib\libc.a(lib_a-locale.o)
 .comment       0x00000000       0x27 d:/altera/13.0sp1/nios2eds/bin/gnu/h-i686-mingw32/bin/../lib/gcc/nios2-elf/4.1.2/../../../../nios2-elf/lib\libc.a(lib_a-makebuf.o)
 .comment       0x00000000       0x27 d:/altera/13.0sp1/nios2eds/bin/gnu/h-i686-mingw32/bin/../lib/gcc/nios2-elf/4.1.2/../../../../nios2-elf/lib\libc.a(lib_a-mallocr.o)
 .comment       0x00000000       0x27 d:/altera/13.0sp1/nios2eds/bin/gnu/h-i686-mingw32/bin/../lib/gcc/nios2-elf/4.1.2/../../../../nios2-elf/lib\libc.a(lib_a-memchr.o)
 .comment       0x00000000       0x27 d:/altera/13.0sp1/nios2eds/bin/gnu/h-i686-mingw32/bin/../lib/gcc/nios2-elf/4.1.2/../../../../nios2-elf/lib\libc.a(lib_a-memcpy.o)
 .comment       0x00000000       0x27 d:/altera/13.0sp1/nios2eds/bin/gnu/h-i686-mingw32/bin/../lib/gcc/nios2-elf/4.1.2/../../../../nios2-elf/lib\libc.a(lib_a-memmove.o)
 .comment       0x00000000       0x27 d:/altera/13.0sp1/nios2eds/bin/gnu/h-i686-mingw32/bin/../lib/gcc/nios2-elf/4.1.2/../../../../nios2-elf/lib\libc.a(lib_a-memset.o)
 .comment       0x00000000       0x27 d:/altera/13.0sp1/nios2eds/bin/gnu/h-i686-mingw32/bin/../lib/gcc/nios2-elf/4.1.2/../../../../nios2-elf/lib\libc.a(lib_a-mprec.o)
 .comment       0x00000000       0x27 d:/altera/13.0sp1/nios2eds/bin/gnu/h-i686-mingw32/bin/../lib/gcc/nios2-elf/4.1.2/../../../../nios2-elf/lib\libc.a(lib_a-reallocr.o)
 .comment       0x00000000       0x27 d:/altera/13.0sp1/nios2eds/bin/gnu/h-i686-mingw32/bin/../lib/gcc/nios2-elf/4.1.2/../../../../nios2-elf/lib\libc.a(lib_a-s_isinfd.o)
 .comment       0x00000000       0x27 d:/altera/13.0sp1/nios2eds/bin/gnu/h-i686-mingw32/bin/../lib/gcc/nios2-elf/4.1.2/../../../../nios2-elf/lib\libc.a(lib_a-s_isnand.o)
 .comment       0x00000000       0x27 d:/altera/13.0sp1/nios2eds/bin/gnu/h-i686-mingw32/bin/../lib/gcc/nios2-elf/4.1.2/../../../../nios2-elf/lib\libc.a(lib_a-sbrkr.o)
 .comment       0x00000000       0x27 d:/altera/13.0sp1/nios2eds/bin/gnu/h-i686-mingw32/bin/../lib/gcc/nios2-elf/4.1.2/../../../../nios2-elf/lib\libc.a(lib_a-stdio.o)
 .comment       0x00000000       0x27 d:/altera/13.0sp1/nios2eds/bin/gnu/h-i686-mingw32/bin/../lib/gcc/nios2-elf/4.1.2/../../../../nios2-elf/lib\libc.a(lib_a-strcmp.o)
 .comment       0x00000000       0x27 d:/altera/13.0sp1/nios2eds/bin/gnu/h-i686-mingw32/bin/../lib/gcc/nios2-elf/4.1.2/../../../../nios2-elf/lib\libc.a(lib_a-writer.o)
 .comment       0x00000000       0x27 d:/altera/13.0sp1/nios2eds/bin/gnu/h-i686-mingw32/bin/../lib/gcc/nios2-elf/4.1.2/../../../../nios2-elf/lib\libc.a(lib_a-callocr.o)
 .comment       0x00000000       0x27 d:/altera/13.0sp1/nios2eds/bin/gnu/h-i686-mingw32/bin/../lib/gcc/nios2-elf/4.1.2/../../../../nios2-elf/lib\libc.a(lib_a-closer.o)
 .comment       0x00000000       0x27 d:/altera/13.0sp1/nios2eds/bin/gnu/h-i686-mingw32/bin/../lib/gcc/nios2-elf/4.1.2/../../../../nios2-elf/lib\libc.a(lib_a-fclose.o)
 .comment       0x00000000       0x27 d:/altera/13.0sp1/nios2eds/bin/gnu/h-i686-mingw32/bin/../lib/gcc/nios2-elf/4.1.2/../../../../nios2-elf/lib\libc.a(lib_a-fstatr.o)
 .comment       0x00000000       0x27 d:/altera/13.0sp1/nios2eds/bin/gnu/h-i686-mingw32/bin/../lib/gcc/nios2-elf/4.1.2/../../../../nios2-elf/lib\libc.a(lib_a-int_errno.o)
 .comment       0x00000000       0x27 d:/altera/13.0sp1/nios2eds/bin/gnu/h-i686-mingw32/bin/../lib/gcc/nios2-elf/4.1.2/../../../../nios2-elf/lib\libc.a(lib_a-isattyr.o)
 .comment       0x00000000       0x27 d:/altera/13.0sp1/nios2eds/bin/gnu/h-i686-mingw32/bin/../lib/gcc/nios2-elf/4.1.2/../../../../nios2-elf/lib\libc.a(lib_a-lseekr.o)
 .comment       0x00000000       0x27 d:/altera/13.0sp1/nios2eds/bin/gnu/h-i686-mingw32/bin/../lib/gcc/nios2-elf/4.1.2/../../../../nios2-elf/lib\libc.a(lib_a-readr.o)
 .comment       0x00000000       0x27 d:/altera/13.0sp1/nios2eds/bin/gnu/h-i686-mingw32/bin/../lib/gcc/nios2-elf/4.1.2\libgcc.a(_udivdi3.o)
 .comment       0x00000000       0x27 d:/altera/13.0sp1/nios2eds/bin/gnu/h-i686-mingw32/bin/../lib/gcc/nios2-elf/4.1.2\libgcc.a(_umoddi3.o)
 .comment       0x00000000       0x27 d:/altera/13.0sp1/nios2eds/bin/gnu/h-i686-mingw32/bin/../lib/gcc/nios2-elf/4.1.2\libgcc.a(_addsub_df.o)
 .comment       0x00000000       0x27 d:/altera/13.0sp1/nios2eds/bin/gnu/h-i686-mingw32/bin/../lib/gcc/nios2-elf/4.1.2\libgcc.a(_mul_df.o)
 .comment       0x00000000       0x27 d:/altera/13.0sp1/nios2eds/bin/gnu/h-i686-mingw32/bin/../lib/gcc/nios2-elf/4.1.2\libgcc.a(_div_df.o)
 .comment       0x00000000       0x27 d:/altera/13.0sp1/nios2eds/bin/gnu/h-i686-mingw32/bin/../lib/gcc/nios2-elf/4.1.2\libgcc.a(_eq_df.o)
 .comment       0x00000000       0x27 d:/altera/13.0sp1/nios2eds/bin/gnu/h-i686-mingw32/bin/../lib/gcc/nios2-elf/4.1.2\libgcc.a(_ne_df.o)
 .comment       0x00000000       0x27 d:/altera/13.0sp1/nios2eds/bin/gnu/h-i686-mingw32/bin/../lib/gcc/nios2-elf/4.1.2\libgcc.a(_gt_df.o)
 .comment       0x00000000       0x27 d:/altera/13.0sp1/nios2eds/bin/gnu/h-i686-mingw32/bin/../lib/gcc/nios2-elf/4.1.2\libgcc.a(_ge_df.o)
 .comment       0x00000000       0x27 d:/altera/13.0sp1/nios2eds/bin/gnu/h-i686-mingw32/bin/../lib/gcc/nios2-elf/4.1.2\libgcc.a(_lt_df.o)
 .comment       0x00000000       0x27 d:/altera/13.0sp1/nios2eds/bin/gnu/h-i686-mingw32/bin/../lib/gcc/nios2-elf/4.1.2\libgcc.a(_si_to_df.o)
 .comment       0x00000000       0x27 d:/altera/13.0sp1/nios2eds/bin/gnu/h-i686-mingw32/bin/../lib/gcc/nios2-elf/4.1.2\libgcc.a(_df_to_si.o)
 .comment       0x00000000       0x27 d:/altera/13.0sp1/nios2eds/bin/gnu/h-i686-mingw32/bin/../lib/gcc/nios2-elf/4.1.2\libgcc.a(_thenan_df.o)
 .comment       0x00000000       0x27 d:/altera/13.0sp1/nios2eds/bin/gnu/h-i686-mingw32/bin/../lib/gcc/nios2-elf/4.1.2\libgcc.a(_usi_to_df.o)
 .comment       0x00000000       0x27 d:/altera/13.0sp1/nios2eds/bin/gnu/h-i686-mingw32/bin/../lib/gcc/nios2-elf/4.1.2\libgcc.a(lib2-divmod.o)
 .comment       0x00000000       0x27 d:/altera/13.0sp1/nios2eds/bin/gnu/h-i686-mingw32/bin/../lib/gcc/nios2-elf/4.1.2\libgcc.a(_muldi3.o)
 .comment       0x00000000       0x27 d:/altera/13.0sp1/nios2eds/bin/gnu/h-i686-mingw32/bin/../lib/gcc/nios2-elf/4.1.2\libgcc.a(_clz.o)
 .comment       0x00000000       0x27 d:/altera/13.0sp1/nios2eds/bin/gnu/h-i686-mingw32/bin/../lib/gcc/nios2-elf/4.1.2\libgcc.a(_clzsi2.o)
 .comment       0x00000000       0x27 d:/altera/13.0sp1/nios2eds/bin/gnu/h-i686-mingw32/bin/../lib/gcc/nios2-elf/4.1.2\libgcc.a(_pack_df.o)
 .comment       0x00000000       0x27 d:/altera/13.0sp1/nios2eds/bin/gnu/h-i686-mingw32/bin/../lib/gcc/nios2-elf/4.1.2\libgcc.a(_unpack_df.o)
 .comment       0x00000000       0x27 d:/altera/13.0sp1/nios2eds/bin/gnu/h-i686-mingw32/bin/../lib/gcc/nios2-elf/4.1.2\libgcc.a(_fpcmp_parts_df.o)
 .comment       0x00000000       0x27 ../teste_bsp/\libhal_bsp.a(alt_close.o)
 .comment       0x00000000       0x27 ../teste_bsp/\libhal_bsp.a(alt_dev.o)
 .comment       0x00000000       0x27 ../teste_bsp/\libhal_bsp.a(alt_errno.o)
 .comment       0x00000000       0x27 ../teste_bsp/\libhal_bsp.a(alt_fstat.o)
 .comment       0x00000000       0x27 ../teste_bsp/\libhal_bsp.a(alt_isatty.o)
 .comment       0x00000000       0x27 ../teste_bsp/\libhal_bsp.a(alt_lseek.o)
 .comment       0x00000000       0x27 ../teste_bsp/\libhal_bsp.a(alt_main.o)
 .comment       0x00000000       0x27 ../teste_bsp/\libhal_bsp.a(alt_malloc_lock.o)
 .comment       0x00000000       0x27 ../teste_bsp/\libhal_bsp.a(alt_read.o)
 .comment       0x00000000       0x27 ../teste_bsp/\libhal_bsp.a(alt_release_fd.o)
 .comment       0x00000000       0x27 ../teste_bsp/\libhal_bsp.a(alt_sbrk.o)
 .comment       0x00000000       0x27 ../teste_bsp/\libhal_bsp.a(alt_usleep.o)
 .comment       0x00000000       0x27 ../teste_bsp/\libhal_bsp.a(alt_write.o)
 .comment       0x00000000       0x27 ../teste_bsp/\libhal_bsp.a(alt_sys_init.o)
 .comment       0x00000000       0x27 ../teste_bsp/\libhal_bsp.a(altera_avalon_cfi_flash.o)
 .comment       0x00000000       0x27 ../teste_bsp/\libhal_bsp.a(altera_avalon_cfi_flash_table.o)
 .comment       0x00000000       0x27 ../teste_bsp/\libhal_bsp.a(altera_avalon_epcs_flash_controller.o)
 .comment       0x00000000       0x27 ../teste_bsp/\libhal_bsp.a(altera_avalon_jtag_uart_fd.o)
 .comment       0x00000000       0x27 ../teste_bsp/\libhal_bsp.a(altera_avalon_jtag_uart_init.o)
 .comment       0x00000000       0x27 ../teste_bsp/\libhal_bsp.a(altera_avalon_jtag_uart_ioctl.o)
 .comment       0x00000000       0x27 ../teste_bsp/\libhal_bsp.a(altera_avalon_jtag_uart_read.o)
 .comment       0x00000000       0x27 ../teste_bsp/\libhal_bsp.a(altera_avalon_jtag_uart_write.o)
 .comment       0x00000000       0x27 ../teste_bsp/\libhal_bsp.a(altera_avalon_lcd_16207.o)
 .comment       0x00000000       0x27 ../teste_bsp/\libhal_bsp.a(altera_avalon_lcd_16207_fd.o)
 .comment       0x00000000       0x27 ../teste_bsp/\libhal_bsp.a(altera_avalon_timer_sc.o)
 .comment       0x00000000       0x27 ../teste_bsp/\libhal_bsp.a(altera_avalon_uart_fd.o)
 .comment       0x00000000       0x27 ../teste_bsp/\libhal_bsp.a(altera_avalon_uart_init.o)
 .comment       0x00000000       0x27 ../teste_bsp/\libhal_bsp.a(altera_avalon_uart_read.o)
 .comment       0x00000000       0x27 ../teste_bsp/\libhal_bsp.a(altera_avalon_uart_write.o)
 .comment       0x00000000       0x27 ../teste_bsp/\libhal_bsp.a(epcs_commands.o)
 .comment       0x00000000       0x27 ../teste_bsp/\libhal_bsp.a(alt_alarm_start.o)
 .comment       0x00000000       0x27 ../teste_bsp/\libhal_bsp.a(alt_busy_sleep.o)
 .comment       0x00000000       0x27 ../teste_bsp/\libhal_bsp.a(alt_dcache_flush.o)
 .comment       0x00000000       0x27 ../teste_bsp/\libhal_bsp.a(alt_dev_llist_insert.o)
 .comment       0x00000000       0x27 ../teste_bsp/\libhal_bsp.a(alt_do_ctors.o)
 .comment       0x00000000       0x27 ../teste_bsp/\libhal_bsp.a(alt_do_dtors.o)
 .comment       0x00000000       0x27 ../teste_bsp/\libhal_bsp.a(alt_flash_dev.o)
 .comment       0x00000000       0x27 ../teste_bsp/\libhal_bsp.a(alt_iic.o)
 .comment       0x00000000       0x27 ../teste_bsp/\libhal_bsp.a(alt_iic_isr_register.o)
 .comment       0x00000000       0x27 ../teste_bsp/\libhal_bsp.a(alt_io_redirect.o)
 .comment       0x00000000       0x27 ../teste_bsp/\libhal_bsp.a(alt_irq_handler.o)
 .comment       0x00000000       0x27 ../teste_bsp/\libhal_bsp.a(alt_irq_vars.o)
 .comment       0x00000000       0x27 ../teste_bsp/\libhal_bsp.a(alt_open.o)
 .comment       0x00000000       0x27 ../teste_bsp/\libhal_bsp.a(alt_tick.o)
 .comment       0x00000000       0x27 ../teste_bsp/\libhal_bsp.a(altera_nios2_qsys_irq.o)
 .comment       0x00000000       0x27 ../teste_bsp/\libhal_bsp.a(altera_avalon_cfi_flash_amd.o)
 .comment       0x00000000       0x27 ../teste_bsp/\libhal_bsp.a(altera_avalon_cfi_flash_intel.o)
 .comment       0x00000000       0x27 ../teste_bsp/\libhal_bsp.a(altera_avalon_spi.o)
 .comment       0x00000000       0x27 ../teste_bsp/\libhal_bsp.a(alt_find_dev.o)
 .comment       0x00000000       0x27 ../teste_bsp/\libhal_bsp.a(alt_find_file.o)
 .comment       0x00000000       0x27 ../teste_bsp/\libhal_bsp.a(alt_get_fd.o)
 .comment       0x00000000       0x27 d:/altera/13.0sp1/nios2eds/bin/gnu/h-i686-mingw32/bin/../lib/gcc/nios2-elf/4.1.2/../../../../nios2-elf/lib\libc.a(lib_a-atexit.o)
 .comment       0x00000000       0x27 d:/altera/13.0sp1/nios2eds/bin/gnu/h-i686-mingw32/bin/../lib/gcc/nios2-elf/4.1.2/../../../../nios2-elf/lib\libc.a(lib_a-ctype_.o)
 .comment       0x00000000       0x27 d:/altera/13.0sp1/nios2eds/bin/gnu/h-i686-mingw32/bin/../lib/gcc/nios2-elf/4.1.2/../../../../nios2-elf/lib\libc.a(lib_a-exit.o)
 .comment       0x00000000       0x27 d:/altera/13.0sp1/nios2eds/bin/gnu/h-i686-mingw32/bin/../lib/gcc/nios2-elf/4.1.2/../../../../nios2-elf/lib\libc.a(lib_a-memcmp.o)
 .comment       0x00000000       0x27 d:/altera/13.0sp1/nios2eds/bin/gnu/h-i686-mingw32/bin/../lib/gcc/nios2-elf/4.1.2/../../../../nios2-elf/lib\libc.a(lib_a-__atexit.o)
 .comment       0x00000000       0x27 d:/altera/13.0sp1/nios2eds/bin/gnu/h-i686-mingw32/bin/../lib/gcc/nios2-elf/4.1.2/../../../../nios2-elf/lib\libc.a(lib_a-__call_atexit.o)
 .comment       0x00000000       0x27 ../teste_bsp/\libhal_bsp.a(alt_exit.o)

.debug
 *(.debug)

.line
 *(.line)

.debug_srcinfo
 *(.debug_srcinfo)

.debug_sfnames
 *(.debug_sfnames)

.debug_aranges  0x00000000      0xe10
 *(.debug_aranges)
 .debug_aranges
                0x00000000       0x20 ../teste_bsp//obj/HAL/src/crt0.o
 .debug_aranges
                0x00000020       0x20 obj/default/hello_world.o
 .debug_aranges
                0x00000040       0x20 d:/altera/13.0sp1/nios2eds/bin/gnu/h-i686-mingw32/bin/../lib/gcc/nios2-elf/4.1.2/../../../../nios2-elf/lib\libc.a(lib_a-printf.o)
 .debug_aranges
                0x00000060       0x20 d:/altera/13.0sp1/nios2eds/bin/gnu/h-i686-mingw32/bin/../lib/gcc/nios2-elf/4.1.2/../../../../nios2-elf/lib\libc.a(lib_a-puts.o)
 .debug_aranges
                0x00000080       0x20 d:/altera/13.0sp1/nios2eds/bin/gnu/h-i686-mingw32/bin/../lib/gcc/nios2-elf/4.1.2/../../../../nios2-elf/lib\libc.a(lib_a-strlen.o)
 .debug_aranges
                0x000000a0       0x20 d:/altera/13.0sp1/nios2eds/bin/gnu/h-i686-mingw32/bin/../lib/gcc/nios2-elf/4.1.2/../../../../nios2-elf/lib\libc.a(lib_a-vfprintf.o)
 .debug_aranges
                0x000000c0       0x20 d:/altera/13.0sp1/nios2eds/bin/gnu/h-i686-mingw32/bin/../lib/gcc/nios2-elf/4.1.2/../../../../nios2-elf/lib\libc.a(lib_a-wsetup.o)
 .debug_aranges
                0x000000e0       0x20 d:/altera/13.0sp1/nios2eds/bin/gnu/h-i686-mingw32/bin/../lib/gcc/nios2-elf/4.1.2/../../../../nios2-elf/lib\libc.a(lib_a-dtoa.o)
 .debug_aranges
                0x00000100       0x20 d:/altera/13.0sp1/nios2eds/bin/gnu/h-i686-mingw32/bin/../lib/gcc/nios2-elf/4.1.2/../../../../nios2-elf/lib\libc.a(lib_a-fflush.o)
 .debug_aranges
                0x00000120       0x20 d:/altera/13.0sp1/nios2eds/bin/gnu/h-i686-mingw32/bin/../lib/gcc/nios2-elf/4.1.2/../../../../nios2-elf/lib\libc.a(lib_a-findfp.o)
 .debug_aranges
                0x00000140       0x20 d:/altera/13.0sp1/nios2eds/bin/gnu/h-i686-mingw32/bin/../lib/gcc/nios2-elf/4.1.2/../../../../nios2-elf/lib\libc.a(lib_a-freer.o)
 .debug_aranges
                0x00000160       0x20 d:/altera/13.0sp1/nios2eds/bin/gnu/h-i686-mingw32/bin/../lib/gcc/nios2-elf/4.1.2/../../../../nios2-elf/lib\libc.a(lib_a-fvwrite.o)
 .debug_aranges
                0x00000180       0x20 d:/altera/13.0sp1/nios2eds/bin/gnu/h-i686-mingw32/bin/../lib/gcc/nios2-elf/4.1.2/../../../../nios2-elf/lib\libc.a(lib_a-fwalk.o)
 .debug_aranges
                0x000001a0       0x20 d:/altera/13.0sp1/nios2eds/bin/gnu/h-i686-mingw32/bin/../lib/gcc/nios2-elf/4.1.2/../../../../nios2-elf/lib\libc.a(lib_a-locale.o)
 .debug_aranges
                0x000001c0       0x20 d:/altera/13.0sp1/nios2eds/bin/gnu/h-i686-mingw32/bin/../lib/gcc/nios2-elf/4.1.2/../../../../nios2-elf/lib\libc.a(lib_a-makebuf.o)
 .debug_aranges
                0x000001e0       0x20 d:/altera/13.0sp1/nios2eds/bin/gnu/h-i686-mingw32/bin/../lib/gcc/nios2-elf/4.1.2/../../../../nios2-elf/lib\libc.a(lib_a-mallocr.o)
 .debug_aranges
                0x00000200       0x20 d:/altera/13.0sp1/nios2eds/bin/gnu/h-i686-mingw32/bin/../lib/gcc/nios2-elf/4.1.2/../../../../nios2-elf/lib\libc.a(lib_a-memchr.o)
 .debug_aranges
                0x00000220       0x20 d:/altera/13.0sp1/nios2eds/bin/gnu/h-i686-mingw32/bin/../lib/gcc/nios2-elf/4.1.2/../../../../nios2-elf/lib\libc.a(lib_a-memcpy.o)
 .debug_aranges
                0x00000240       0x20 d:/altera/13.0sp1/nios2eds/bin/gnu/h-i686-mingw32/bin/../lib/gcc/nios2-elf/4.1.2/../../../../nios2-elf/lib\libc.a(lib_a-memmove.o)
 .debug_aranges
                0x00000260       0x20 d:/altera/13.0sp1/nios2eds/bin/gnu/h-i686-mingw32/bin/../lib/gcc/nios2-elf/4.1.2/../../../../nios2-elf/lib\libc.a(lib_a-memset.o)
 .debug_aranges
                0x00000280       0x20 d:/altera/13.0sp1/nios2eds/bin/gnu/h-i686-mingw32/bin/../lib/gcc/nios2-elf/4.1.2/../../../../nios2-elf/lib\libc.a(lib_a-mprec.o)
 .debug_aranges
                0x000002a0       0x20 d:/altera/13.0sp1/nios2eds/bin/gnu/h-i686-mingw32/bin/../lib/gcc/nios2-elf/4.1.2/../../../../nios2-elf/lib\libc.a(lib_a-reallocr.o)
 .debug_aranges
                0x000002c0       0x20 d:/altera/13.0sp1/nios2eds/bin/gnu/h-i686-mingw32/bin/../lib/gcc/nios2-elf/4.1.2/../../../../nios2-elf/lib\libc.a(lib_a-s_isinfd.o)
 .debug_aranges
                0x000002e0       0x20 d:/altera/13.0sp1/nios2eds/bin/gnu/h-i686-mingw32/bin/../lib/gcc/nios2-elf/4.1.2/../../../../nios2-elf/lib\libc.a(lib_a-s_isnand.o)
 .debug_aranges
                0x00000300       0x20 d:/altera/13.0sp1/nios2eds/bin/gnu/h-i686-mingw32/bin/../lib/gcc/nios2-elf/4.1.2/../../../../nios2-elf/lib\libc.a(lib_a-sbrkr.o)
 .debug_aranges
                0x00000320       0x20 d:/altera/13.0sp1/nios2eds/bin/gnu/h-i686-mingw32/bin/../lib/gcc/nios2-elf/4.1.2/../../../../nios2-elf/lib\libc.a(lib_a-stdio.o)
 .debug_aranges
                0x00000340       0x20 d:/altera/13.0sp1/nios2eds/bin/gnu/h-i686-mingw32/bin/../lib/gcc/nios2-elf/4.1.2/../../../../nios2-elf/lib\libc.a(lib_a-strcmp.o)
 .debug_aranges
                0x00000360       0x20 d:/altera/13.0sp1/nios2eds/bin/gnu/h-i686-mingw32/bin/../lib/gcc/nios2-elf/4.1.2/../../../../nios2-elf/lib\libc.a(lib_a-writer.o)
 .debug_aranges
                0x00000380       0x20 d:/altera/13.0sp1/nios2eds/bin/gnu/h-i686-mingw32/bin/../lib/gcc/nios2-elf/4.1.2/../../../../nios2-elf/lib\libc.a(lib_a-callocr.o)
 .debug_aranges
                0x000003a0       0x20 d:/altera/13.0sp1/nios2eds/bin/gnu/h-i686-mingw32/bin/../lib/gcc/nios2-elf/4.1.2/../../../../nios2-elf/lib\libc.a(lib_a-closer.o)
 .debug_aranges
                0x000003c0       0x20 d:/altera/13.0sp1/nios2eds/bin/gnu/h-i686-mingw32/bin/../lib/gcc/nios2-elf/4.1.2/../../../../nios2-elf/lib\libc.a(lib_a-fclose.o)
 .debug_aranges
                0x000003e0       0x20 d:/altera/13.0sp1/nios2eds/bin/gnu/h-i686-mingw32/bin/../lib/gcc/nios2-elf/4.1.2/../../../../nios2-elf/lib\libc.a(lib_a-fstatr.o)
 .debug_aranges
                0x00000400       0x20 d:/altera/13.0sp1/nios2eds/bin/gnu/h-i686-mingw32/bin/../lib/gcc/nios2-elf/4.1.2/../../../../nios2-elf/lib\libc.a(lib_a-isattyr.o)
 .debug_aranges
                0x00000420       0x20 d:/altera/13.0sp1/nios2eds/bin/gnu/h-i686-mingw32/bin/../lib/gcc/nios2-elf/4.1.2/../../../../nios2-elf/lib\libc.a(lib_a-lseekr.o)
 .debug_aranges
                0x00000440       0x20 d:/altera/13.0sp1/nios2eds/bin/gnu/h-i686-mingw32/bin/../lib/gcc/nios2-elf/4.1.2/../../../../nios2-elf/lib\libc.a(lib_a-readr.o)
 .debug_aranges